[16:23:11] === run start · seed13 · seed 13 · hash 0fa6dd4941cf ===
[16:23:11] stages ['diagnosis'] · device cuda · dataset cmapss:FD001
[16:23:11] --- stage: diagnosis ---
[16:23:11]   data: FleetPair(cmapss:FD001: train=100 units, test=100 units, C=15, regimes=1, cap=125)  (0.1s)
[16:23:11]   task: {'kind': 'ad', 'n_train': 3882, 'n_val': 1408, 'n_test': 4639, 'd': 300, 'window': 20, 'n_channels': 15, 'anomaly_rate': 0.12976934015750885, 'kind_counts': {'normal': 4037, 'offset': 120, 'drift': 97, 'desync': 107, 'spike': 129, 'decouple': 97, 'organic': 52}, 'train_units': 100, 'val_units': 30, 'test_units': 100, 'n_val_windows': 1408, 'n_regimes': 1, 'seed': 13, 'per_regime_norm': False, 'official_test_fleet': True, 'dataset': 'cmapss:FD001', 'cap': 125.0, 'subset': 'FD001', 'dropped_constant_sensors': 6, 'source': 'NASA C-MAPSS (real)', 'source_name': 'cmapss', 'source_kind': 'fleet'}
[16:23:11]   caveat: Ships no anomaly annotations: detection anomalies are injected.
    [pc] epoch   0  nll  356.991  val  291.060
    [pc] epoch  22  nll   56.697  val   56.859
    [pc] epoch  44  nll   27.976  val   29.383
    [pc] epoch  66  nll   22.591  val   24.108
    fit channel_blocked K=8: 69/180 (38%) · 2.29 it/s · elapsed 00:30 · ETA 00:48
    [pc] epoch  88  nll   20.632  val   22.728
    [pc] epoch 110  nll   18.390  val   20.981
    fit channel_blocked K=8: 123/180 (68%) · 2.04 it/s · elapsed 01:00 · ETA 00:27
    [pc] epoch 132  nll   17.038  val   19.990
    [pc] epoch 154  nll   16.189  val   19.192
    [pc] epoch 176  nll   15.568  val   19.361
    fit channel_blocked K=8: done 180/180 in 01:27
[16:25:17]   pc_train_nll: first=356.9912 last=15.1916 (180 epochs)
[16:25:17]   pc_train_objective: first=356.9912 last=15.1916 (180 epochs)
[16:25:17]   pc_selection_loss: first=291.0598 last=18.7841 (180 epochs)
[16:25:17]   pc_val_nll: first=291.0598 last=18.7841 (180 epochs)
[16:25:17]   pc: fit 125.9s · 171,372 params · score sd 16.701 · device cuda · layered · 5,549 win/s
[16:25:17]   pc: validation on 496 windows from explicit subset of held-out units · best epoch 179 of 180 · val nll 18.784
[16:25:18]   shortcut audit: target-channel-only AUROC 0.569 (0.5 = no marginal shortcut)
[16:25:18]   diagnosis: full (15.0 observed on average), 844 paired windows, 1 method(s)
[16:25:21]   diagnosis: random1:1 (14.0 observed on average), 844 paired windows, 1 method(s)
[16:25:24]   diagnosis: random3:5-8-14 (12.0 observed on average), 844 paired windows, 1 method(s)
[16:25:26]   diagnosis: random7:3-4-8-10-11-12-14 (8.0 observed on average), 844 paired windows, 1 method(s)
[16:25:29]   diagnosis: bank0:0-1-2-4-5-7-8 (8.0 observed on average), 844 paired windows, 1 method(s)
[16:25:32]   diagnosis: bank1:3 (14.0 observed on average), 844 paired windows, 1 method(s)
[16:25:35]   diagnosis: bank2:6-10 (13.0 observed on average), 844 paired windows, 1 method(s)
[16:25:38]   diagnosis: single_sensor_0 (1.0 observed on average), 844 paired windows, 1 method(s)
[16:25:40]   Diagnosis completed on validation engines only; no confirmatory PASS/FAIL inferred.
[16:25:41] --- stage diagnosis done in 149.9s ---
[16:25:41] === run ok · 149.9s · peak RSS 1.794 GB ===
