[16:25:49] === run start · seed25 · seed 25 · hash bf51a63be81d ===
[16:25:49] stages ['diagnosis'] · device cuda · dataset cmapss:FD001
[16:25:49] --- stage: diagnosis ---
[16:25:50]   data: FleetPair(cmapss:FD001: train=100 units, test=100 units, C=15, regimes=1, cap=125)  (0.1s)
[16:25:50]   task: {'kind': 'ad', 'n_train': 3721, 'n_val': 1569, 'n_test': 4639, 'd': 300, 'window': 20, 'n_channels': 15, 'anomaly_rate': 0.12955377995967865, 'kind_counts': {'normal': 4038, 'decouple': 102, 'offset': 125, 'desync': 114, 'spike': 111, 'drift': 97, 'organic': 52}, 'train_units': 100, 'val_units': 30, 'test_units': 100, 'n_val_windows': 1569, 'n_regimes': 1, 'seed': 25, 'per_regime_norm': False, 'official_test_fleet': True, 'dataset': 'cmapss:FD001', 'cap': 125.0, 'subset': 'FD001', 'dropped_constant_sensors': 6, 'source': 'NASA C-MAPSS (real)', 'source_name': 'cmapss', 'source_kind': 'fleet'}
[16:25:50]   caveat: Ships no anomaly annotations: detection anomalies are injected.
    [pc] epoch   0  nll  497.582  val  324.321
    fit chow_liu K=8: 61/600 (10%) · 2.02 it/s · elapsed 00:30 · ETA 04:27
    [pc] epoch  75  nll   44.756  val   43.538
    fit chow_liu K=8: 112/600 (19%) · 1.84 it/s · elapsed 01:00 · ETA 04:25
    [pc] epoch 150  nll   36.884  val   37.814
    fit chow_liu K=8: 172/600 (29%) · 1.88 it/s · elapsed 01:31 · ETA 03:47
    [pc] restored epoch 129 (selected by nll; val nll 35.973, last 37.299)
[16:28:01]   pc_train_nll: first=497.5818 last=34.5356 (190 epochs)
[16:28:01]   pc_train_objective: first=497.5818 last=34.5356 (190 epochs)
[16:28:01]   pc_selection_loss: first=324.3211 last=37.2994 (190 epochs)
[16:28:01]   pc_val_nll: first=324.3211 last=37.2994 (190 epochs)
[16:28:01]   pc: fit 131.1s · 195,840 params · score sd 21.408 · device cuda · layered · 5,394 win/s
[16:28:01]   pc: validation on 620 windows from explicit subset of held-out units · best epoch 129 of 600 · val nll 35.973
[16:28:02]   shortcut audit: target-channel-only AUROC 0.559 (0.5 = no marginal shortcut)
[16:28:02]   baseline gaussian_fitted: fit 0.29s · 45,450 params · selection {'shrinkage': 0.01}
[16:28:03]   detection comparators: ['mahalanobis_refit', 'mahalanobis_impute', 'gmm_refit', 'gmm_impute', 'knn_refit', 'knn_impute']
[16:28:03]   diagnosis: full (15.0 observed on average), 894 paired windows, 2 method(s)
[16:28:07]   diagnosis: random1:1 (14.0 observed on average), 894 paired windows, 2 method(s)
[16:28:12]   diagnosis: random3:5-8-14 (12.0 observed on average), 894 paired windows, 2 method(s)
[16:28:17]   diagnosis: random7:3-4-8-10-11-12-14 (8.0 observed on average), 894 paired windows, 2 method(s)
[16:28:19]   diagnosis: bank0:0-1-2-4-5-7-8 (8.0 observed on average), 894 paired windows, 2 method(s)
[16:28:22]   diagnosis: bank1:3 (14.0 observed on average), 894 paired windows, 2 method(s)
[16:28:26]   diagnosis: bank2:6-10 (13.0 observed on average), 894 paired windows, 2 method(s)
[16:28:33]   diagnosis: single_sensor_0 (1.0 observed on average), 894 paired windows, 2 method(s)
[16:28:35]   Diagnosis completed on validation engines only; no confirmatory PASS/FAIL inferred.
[16:28:35] --- stage diagnosis done in 165.2s ---
[16:28:35] === run ok · 165.3s · peak RSS 2.34 GB ===
