[15:57:34] === run start · seed0 · seed 0 · hash d008a7a9cff9 ===
[15:57:34] stages ['ad'] · device cuda · dataset cmapss:FD001
[15:57:34] --- stage: ad ---
[15:57:34]   data: FleetPair(cmapss:FD001: train=100 units, test=100 units, C=15, regimes=3, cap=125)  (0.1s)
[15:57:34]   task: {'kind': 'ad', 'n_train': 5290, 'n_test': 4608, 'd': 300, 'window': 20, 'n_channels': 15, 'anomaly_rate': 0.1317274272441864, 'kind_counts': {'normal': 4001, 'spike': 130, 'offset': 113, 'drift': 102, 'desync': 111, 'decouple': 105, 'organic': 46}, 'train_units': 100, 'test_units': 100, 'n_regimes': 3, 'seed': 0, 'per_regime_norm': True, 'official_test_fleet': True, 'dataset': 'cmapss:FD001', 'cap': 125.0, 'subset': 'FD001', 'dropped_constant_sensors': 6, 'source': 'NASA C-MAPSS (real)'}
    [pc] epoch   0  nll 11948.866
    [pc] epoch   6  nll  231.367
    [pc] epoch  12  nll  172.094
    [pc] epoch  18  nll  162.671
    [pc] epoch  24  nll  142.108
    [pc] epoch  30  nll  135.082
    [pc] epoch  36  nll  133.145
    [pc] epoch  42  nll  132.293
    [pc] epoch  48  nll  127.795
[15:57:53]   pc_train_nll: first=11948.8661 last=127.1269 (50 epochs)
[15:57:53]   pc: fit 19.2s · 138,240 params · score sd 21.620 · device cuda · layered · 13,808 win/s
[15:57:57]   typed decomposition (mean worst-channel surprise):
[15:57:57]        normal  n= 4001  marginal    26.98  conditional    22.69  structural     1.08
[15:57:57]      decouple  n=  105  marginal    28.10  conditional    22.77  structural     1.21
[15:57:57]        desync  n=  111  marginal    27.27  conditional    35.16  structural    14.46
[15:57:57]         drift  n=  102  marginal   493.12  conditional   515.00  structural    57.14
[15:57:57]        offset  n=  113  marginal   338.61  conditional   365.29  structural    57.52
[15:57:57]       organic  n=   46  marginal   142.71  conditional   104.07  structural    -0.14
[15:57:57]         spike  n=  130  marginal    74.97  conditional    71.06  structural     2.14
[15:57:57] --- stage ad done in 23.3s ---
[15:57:57] === run ok · 23.4s · peak RSS 1.719 GB ===
[15:04:59] === run start · seed0 · seed 0 · hash e175f6124b46 ===
[15:04:59] stages ['ad'] · device cuda · dataset cmapss:FD001
[15:04:59] --- stage: ad ---
[15:04:59]   data: FleetPair(cmapss:FD001: train=100 units, test=100 units, C=15, regimes=1, cap=125)  (0.1s)
[15:04:59]   task: {'kind': 'ad', 'n_train': 5290, 'n_test': 4608, 'd': 300, 'window': 20, 'n_channels': 15, 'anomaly_rate': 0.1317274272441864, 'kind_counts': {'normal': 4001, 'spike': 130, 'offset': 113, 'drift': 102, 'desync': 111, 'decouple': 105, 'organic': 46}, 'train_units': 100, 'test_units': 100, 'n_regimes': 1, 'seed': 0, 'per_regime_norm': False, 'official_test_fleet': True, 'dataset': 'cmapss:FD001', 'cap': 125.0, 'subset': 'FD001', 'dropped_constant_sensors': 6, 'source': 'NASA C-MAPSS (real)', 'source_name': 'cmapss', 'source_kind': 'fleet'}
[15:04:59]   caveat: Ships no anomaly annotations: detection anomalies are injected.
    [pc] epoch   0  nll 30871.449
    [pc] epoch   6  nll  159.657
    [pc] epoch  12  nll  102.511
    [pc] epoch  18  nll   84.654
    [pc] epoch  24  nll   77.092
    [pc] epoch  30  nll   82.030
    [pc] epoch  36  nll   78.578
    [pc] epoch  42  nll   81.550
    fit chain_grouped K=8: 46/50 (92%) · 1.50 it/s · elapsed 00:30 · ETA 00:02
    [pc] epoch  48  nll   86.458
    fit chain_grouped K=8: done 50/50 in 00:33
[15:05:39]   pc_train_nll: first=30871.4492 last=87.8667 (50 epochs)
[15:05:40]   pc: fit 40.0s · 138,240 params · score sd 22.719 · device cuda · layered · 6,606 win/s
[15:05:49]   typed decomposition (mean worst-channel surprise):
[15:05:49]        normal  n= 4001  marginal    26.97  conditional    22.83  structural     1.61
[15:05:49]      decouple  n=  105  marginal    28.09  conditional    23.01  structural     1.69
[15:05:49]        desync  n=  111  marginal    27.11  conditional    34.45  structural    13.80
[15:05:49]         drift  n=  102  marginal 141085.83  conditional 141098.70  structural    50.04
[15:05:49]        offset  n=  113  marginal 63170.43  conditional 63192.95  structural    52.08
[15:05:49]       organic  n=   46  marginal   139.34  conditional   103.85  structural    -0.18
[15:05:49]         spike  n=  130  marginal  9131.41  conditional  9127.78  structural     2.36
[15:05:49] --- stage ad done in 49.5s ---
[15:05:49] === run ok · 49.5s · peak RSS 1.716 GB ===
[18:04:45] === run start · seed0 · seed 0 · hash 95fdf904faeb ===
[18:04:45] stages ['ad'] · device cpu · dataset cmapss:FD001
[18:04:45] --- stage: ad ---
[18:04:45]   data: FleetPair(cmapss:FD001: train=100 units, test=100 units, C=15, regimes=1, cap=125)  (0.1s)
[18:04:45]   task: {'kind': 'ad', 'n_train': 5290, 'n_test': 4608, 'd': 300, 'window': 20, 'n_channels': 15, 'anomaly_rate': 0.1317274272441864, 'kind_counts': {'normal': 4001, 'spike': 130, 'offset': 113, 'drift': 102, 'desync': 111, 'decouple': 105, 'organic': 46}, 'train_units': 100, 'test_units': 100, 'n_regimes': 1, 'seed': 0, 'per_regime_norm': False, 'official_test_fleet': True, 'dataset': 'cmapss:FD001', 'cap': 125.0, 'subset': 'FD001', 'dropped_constant_sensors': 6, 'source': 'NASA C-MAPSS (real)', 'source_name': 'cmapss', 'source_kind': 'fleet'}
[18:04:45]   caveat: Ships no anomaly annotations: detection anomalies are injected.
    [pc] epoch   0  nll 31415.802
    fit chain_grouped K=8: 6/50 (12%) · 0.20 it/s · elapsed 00:30 · ETA 03:44
    [pc] epoch   6  nll  156.265
    fit chain_grouped K=8: 12/50 (24%) · 0.19 it/s · elapsed 01:04 · ETA 03:22
    [pc] epoch  12  nll   98.453
    fit chain_grouped K=8: 18/50 (36%) · 0.18 it/s · elapsed 01:37 · ETA 02:54
    [pc] epoch  18  nll   84.661
    fit chain_grouped K=8: 24/50 (48%) · 0.18 it/s · elapsed 02:09 · ETA 02:20
    [pc] epoch  24  nll   85.157
    fit chain_grouped K=8: 30/50 (60%) · 0.18 it/s · elapsed 02:42 · ETA 01:48
    [pc] epoch  30  nll   84.977
    fit chain_grouped K=8: 36/50 (72%) · 0.18 it/s · elapsed 03:18 · ETA 01:17
    [pc] epoch  36  nll   84.739
    fit chain_grouped K=8: 42/50 (84%) · 0.18 it/s · elapsed 03:53 · ETA 00:44
    [pc] epoch  42  nll   99.814
    fit chain_grouped K=8: 48/50 (96%) · 0.18 it/s · elapsed 04:27 · ETA 00:11
    [pc] epoch  48  nll  110.517
    fit chain_grouped K=8: done 50/50 in 04:38
[18:09:25]   pc_train_nll: first=31415.8016 last=95.6801 (50 epochs)
[18:09:26]   pc: fit 280.7s · 138,240 params · score sd 22.184 · device cpu · layered · 942 win/s
    typed decomposition (per channel): 4/15 (27%) · 0.12 it/s · elapsed 00:33 · ETA 01:30
    typed decomposition (per channel): 8/15 (53%) · 0.12 it/s · elapsed 01:07 · ETA 00:58
    typed decomposition (per channel): 12/15 (80%) · 0.12 it/s · elapsed 01:42 · ETA 00:25
    typed decomposition (per channel): done 15/15 in 02:08
[18:11:38]   typed decomposition (mean worst-channel surprise):
[18:11:38]        normal  n= 4001  marginal    26.80  conditional    22.71  structural     1.27
[18:11:38]      decouple  n=  105  marginal    27.83  conditional    22.98  structural     1.40
[18:11:38]        desync  n=  111  marginal    27.01  conditional    34.55  structural    13.88
[18:11:38]         drift  n=  102  marginal 137992.55  conditional 138006.69  structural    51.39
[18:11:38]        offset  n=  113  marginal 59355.02  conditional 59379.23  structural    53.69
[18:11:38]       organic  n=   46  marginal   151.42  conditional   112.92  structural    -0.28
[18:11:38]         spike  n=  130  marginal  9040.24  conditional  9036.46  structural     2.13
[18:11:38] --- stage ad done in 414.0s ---
[18:11:38] === run ok · 414.0s · peak RSS 1.275 GB ===
