[11:35:48] === run start · seed2 · seed 2 · hash c25c36e0b5c3 ===
[11:35:48] stages ['explain'] · device cuda · dataset cmapss:FD002
[11:35:48] --- stage: explain ---
[11:35:49]   data: FleetPair(cmapss:FD002: train=260 units, test=259 units, C=21, regimes=3, cap=125)  (0.3s)
[11:35:49]   task: {'kind': 'ad', 'n_train': 13817, 'n_test': 11812, 'd': 420, 'window': 20, 'n_channels': 21, 'anomaly_rate': 0.16686420142650604, 'kind_counts': {'normal': 9841, 'offset': 367, 'drift': 340, 'spike': 351, 'decouple': 333, 'desync': 379, 'organic': 201}, 'train_units': 260, 'test_units': 259, 'n_regimes': 3, 'seed': 2, 'per_regime_norm': True, 'official_test_fleet': True, 'dataset': 'cmapss:FD002', 'cap': 125.0, 'subset': 'FD002', 'dropped_constant_sensors': 0, 'source': 'NASA C-MAPSS (real)'}
[11:35:49]   explain: capped test set to 1500 windows
    [pc] epoch   0  nll 1403966308.099
    [pc] epoch   6  nll 21320.432
    [pc] epoch  12  nll  841.623
    [pc] epoch  18  nll  443.714
    [pc] epoch  24  nll  423.619
    [pc] epoch  30  nll  412.532
    [pc] epoch  36  nll  382.178
    [pc] epoch  42  nll  374.636
    [pc] epoch  48  nll  360.758
[11:36:11]   pc_train_nll: first=1403966308.0995 last=361.4691 (50 epochs)
[11:36:11]   pc: fit 22.5s · 17,280 params · score sd 81.953 · device cuda · layered · 30,735 win/s
[11:36:23]   attribution cost: PC exact (all views) 2.6s · AE sampling-SHAP (one view) 5.2s
[11:36:26]   completeness: max residual 4.40e+12 nats, mean 4.01e+11
[11:36:27]   deletion curves scored with the circuit's own scorer — PC attributions have home-field advantage here, the localisation columns do not
[11:36:27]   worked examples (median-scoring window of each kind):
[11:36:30]    [normal]
[11:36:30]   anomaly score 10183808637856645120.0 nats
[11:36:30]      ch18  out of range         marginal 9178085901685751808.00  structural 549755813888.00  worst at t=4
[11:36:30]      ch17  out of range         marginal 1005722117695602688.00  structural 618475290624.00  worst at t=19
[11:36:30]      ch10  out of range         marginal 14778.99  structural -14778.99  worst at t=0
[11:36:34]    [spike]
[11:36:34]   anomaly score 12175623429596119040.0 nats   [injected: spike, channels [7]]
[11:36:34]      ch18  out of range         marginal 11202168610921381888.00  structural 1099511627776.00  worst at t=14  <- miss
[11:36:34]      ch17  out of range         marginal 973453169407295488.00  structural 1649267441664.00  worst at t=16  <- miss
[11:36:34]      ch10  out of range         marginal 14268.48  structural -14268.48  worst at t=0  <- miss
[11:36:38]    [offset]
[11:36:38]   anomaly score 10063668300824444928.0 nats   [injected: offset, channels [0, 4, 7, 12, 17, 19]]
[11:36:38]      ch18  out of range         marginal 9429829534225530880.00  structural 1099511627776.00  worst at t=4  <- miss
[11:36:38]      ch17  out of range         marginal 633837873245716480.00  structural 893353197568.00  worst at t=7  <- CORRECT
[11:36:38]      ch10  out of range         marginal 9973.37  structural -9973.37  worst at t=0  <- miss
[11:36:41]    [drift]
[11:36:41]   anomaly score 12103284360581480448.0 nats   [injected: drift, channels [2, 3, 18]]
[11:36:41]      ch18  out of range         marginal 11232937344313065472.00  structural 1099511627776.00  worst at t=15  <- CORRECT
[11:36:41]      ch17  out of range         marginal 870346122915217408.00  structural 893353197568.00  worst at t=6  <- miss
[11:36:41]      ch10  out of range         marginal 12569.46  structural -12569.46  worst at t=0  <- miss
[11:36:45]    [decouple]
[11:36:45]   anomaly score 9525474951214137344.0 nats   [injected: decouple, channels [11]]
[11:36:45]      ch18  out of range         marginal 9049148372119715840.00  structural -549755813888.00  worst at t=4  <- miss
[11:36:45]      ch17  out of range         marginal 476326853972328448.00  structural -274877906944.00  worst at t=16  <- miss
[11:36:45]      ch10  out of range         marginal 6965.24  structural -6965.24  worst at t=0  <- miss
[11:36:48]    [desync]
[11:36:48]   anomaly score 11824450410800742400.0 nats   [injected: desync, channels [6, 12, 14]]
[11:36:48]      ch18  out of range         marginal 10971986951158104064.00  structural    0.00  worst at t=4  <- miss
[11:36:48]      ch17  out of range         marginal 852463322203684864.00  structural 137438953472.00  worst at t=19  <- miss
[11:36:48]      ch10  out of range         marginal 13381.23  structural -13381.23  worst at t=0  <- miss
[11:36:49] --- stage explain done in 60.4s ---
[11:36:49] === run ok · 60.4s · peak RSS 2.002 GB ===
[15:20:54] === run start · seed2 · seed 2 · hash 53302df00549 ===
[15:20:54] stages ['explain'] · device cuda · dataset cmapss:FD002
[15:20:54] --- stage: explain ---
[15:20:54]   data: FleetPair(cmapss:FD002: train=260 units, test=259 units, C=21, regimes=3, cap=125)  (0.4s)
[15:20:54]   task: {'kind': 'ad', 'n_train': 13817, 'n_test': 11812, 'd': 420, 'window': 20, 'n_channels': 21, 'anomaly_rate': 0.16686420142650604, 'kind_counts': {'normal': 9841, 'offset': 367, 'drift': 340, 'spike': 351, 'decouple': 333, 'desync': 379, 'organic': 201}, 'train_units': 260, 'test_units': 259, 'n_regimes': 3, 'seed': 2, 'per_regime_norm': True, 'official_test_fleet': True, 'dataset': 'cmapss:FD002', 'cap': 125.0, 'subset': 'FD002', 'dropped_constant_sensors': 0, 'source': 'NASA C-MAPSS (real)'}
[15:20:54]   explain: capped test set to 1500 windows
    [pc] epoch   0  nll 11157.585
    [pc] epoch   6  nll  321.767
    [pc] epoch  12  nll  326.906
    [pc] epoch  18  nll  315.743
    [pc] epoch  24  nll  298.387
    [pc] epoch  30  nll  274.124
    [pc] epoch  36  nll  267.848
    [pc] epoch  42  nll  259.184
    fit chain K=8: 47/50 (94%) · 1.55 it/s · elapsed 00:30 · ETA 00:01
    [pc] epoch  48  nll  256.540
    fit chain K=8: done 50/50 in 00:32
[15:21:30]   pc_train_nll: first=11157.5852 last=255.0624 (50 epochs)
[15:21:30]   pc: fit 35.7s · 17,280 params · score sd 74.280 · device cuda · layered · 19,329 win/s
[15:21:46]   attribution cost: PC exact (all views) 3.5s · AE sampling-SHAP (one view) 6.7s
[15:21:50]   completeness: max residual 4.40e+12 nats, mean 3.24e+11
[15:21:50]   deletion curves scored with the circuit's own scorer — PC attributions have home-field advantage here, the localisation columns do not
[15:21:51]   worked examples (median-scoring window of each kind):
[15:21:55]    [normal]
[15:21:55]   anomaly score 10072727177125691392.0 nats
[15:21:55]      ch18  out of range         marginal 9172504230907346944.00  structural 549755813888.00  worst at t=18
[15:21:55]      ch17  out of range         marginal 900222259023577088.00  structural 687194767360.00  worst at t=13
[15:21:55]      ch10  out of range         marginal 5193.11  structural -5193.11  worst at t=0
[15:22:00]    [spike]
[15:22:00]   anomaly score 9919243050469556224.0 nats   [injected: spike, channels [8, 11]]
[15:22:00]      ch18  out of range         marginal 9006452686345732096.00  structural    0.00  worst at t=8  <- miss
[15:22:00]      ch17  out of range         marginal 912790639001731072.00  structural -274877906944.00  worst at t=10  <- miss
[15:22:00]      ch10  out of range         marginal 5533.38  structural -5533.38  worst at t=0  <- miss
[15:22:04]    [offset]
[15:22:04]   anomaly score 10480626199821287424.0 nats   [injected: offset, channels [1, 6, 11]]
[15:22:04]      ch18  out of range         marginal 9267279934198382592.00  structural 2199023255552.00  worst at t=3  <- miss
[15:22:04]      ch17  out of range         marginal 1213344341477556224.00  structural 1924145348608.00  worst at t=13  <- miss
[15:22:04]      ch10  out of range         marginal 7820.09  structural -7820.09  worst at t=0  <- miss
[15:22:08]    [drift]
[15:22:08]   anomaly score 12390565858198421504.0 nats   [injected: drift, channels [0, 3, 14]]
[15:22:08]      ch18  out of range         marginal 11052503088148512768.00  structural 2199023255552.00  worst at t=3  <- miss
[15:22:08]      ch17  out of range         marginal 1338060845904560128.00  structural 1924145348608.00  worst at t=9  <- miss
[15:22:08]      ch10  out of range         marginal 9534.11  structural -9534.11  worst at t=0  <- miss
[15:22:12]    [decouple]
[15:22:12]   anomaly score 9320370952657174528.0 nats   [injected: decouple, channels [2, 4]]
[15:22:12]      ch18  out of range         marginal 7734331476904247296.00  structural 1649267441664.00  worst at t=8  <- miss
[15:22:12]      ch17  out of range         marginal 1586037963924439040.00  structural 1511828488192.00  worst at t=9  <- miss
[15:22:12]      ch10  out of range         marginal 7719.02  structural -7719.02  worst at t=0  <- miss
[15:22:16]    [desync]
[15:22:16]   anomaly score 10743312721836507136.0 nats   [injected: desync, channels [6, 19]]
[15:22:16]      ch18  out of range         marginal 8848195579713421312.00  structural 1099511627776.00  worst at t=4  <- miss
[15:22:16]      ch17  out of range         marginal 1895116180050411520.00  structural 962072674304.00  worst at t=13  <- miss
[15:22:16]      ch10  out of range         marginal 7748.45  structural -7748.45  worst at t=0  <- miss
[15:22:16] --- stage explain done in 82.1s ---
[15:22:16] === run ok · 82.1s · peak RSS 2.037 GB ===
