[16:18:10] === run start · seed12 · seed 12 · hash 77bb8a1643d9 ===
[16:18:10] stages ['diagnosis'] · device cuda · dataset cmapss:FD001
[16:18:10] --- stage: diagnosis ---
[16:18:10]   data: FleetPair(cmapss:FD001: train=100 units, test=100 units, C=15, regimes=1, cap=125)  (0.1s)
[16:18:10]   task: {'kind': 'ad', 'n_train': 3753, 'n_val': 1537, 'n_test': 4639, 'd': 300, 'window': 20, 'n_channels': 15, 'anomaly_rate': 0.12416469305753708, 'kind_counts': {'decouple': 113, 'normal': 4063, 'spike': 89, 'offset': 117, 'desync': 103, 'drift': 102, 'organic': 52}, 'train_units': 100, 'val_units': 30, 'test_units': 100, 'n_val_windows': 1537, 'n_regimes': 1, 'seed': 12, 'per_regime_norm': False, 'official_test_fleet': True, 'dataset': 'cmapss:FD001', 'cap': 125.0, 'subset': 'FD001', 'dropped_constant_sensors': 6, 'source': 'NASA C-MAPSS (real)', 'source_name': 'cmapss', 'source_kind': 'fleet'}
[16:18:10]   caveat: Ships no anomaly annotations: detection anomalies are injected.
[16:18:10]   donors: matched 100.0% of 415 recipients on ['regime', 'health'] within caliper 0.25
    [pc] epoch   0  nll  359.574  val  335.460
    [pc] epoch  22  nll   68.812  val   80.118
    [pc] epoch  44  nll   46.957  val   57.925
    [pc] epoch  66  nll   39.548  val   49.494
    fit channel_blocked K=8: 78/180 (43%) · 2.60 it/s · elapsed 00:30 · ETA 00:39
    [pc] epoch  88  nll   33.203  val   42.233
    [pc] epoch 110  nll   29.865  val   38.894
    [pc] epoch 132  nll   28.857  val   38.134
    [pc] epoch 154  nll   29.248  val   37.750
    fit channel_blocked K=8: 162/180 (90%) · 2.68 it/s · elapsed 01:00 · ETA 00:06
    [pc] epoch 176  nll   26.860  val   36.084
    fit channel_blocked K=8: done 180/180 in 01:14
[16:19:27]   pc_train_nll: first=359.5738 last=26.7530 (180 epochs)
[16:19:27]   pc_train_objective: first=359.5738 last=26.7530 (180 epochs)
[16:19:27]   pc_selection_loss: first=335.4602 last=35.8824 (180 epochs)
[16:19:27]   pc_val_nll: first=335.4602 last=35.8824 (180 epochs)
[16:19:27]   pc: fit 77.2s · 174,240 params · score sd 20.214 · device cuda · layered · 8,749 win/s
[16:19:27]   pc: validation on 650 windows from explicit subset of held-out units · best epoch 179 of 180 · val nll 35.882
[16:19:28]   shortcut audit: target-channel-only AUROC 0.547 (0.5 = no marginal shortcut)
[16:19:29]   baseline gaussian_fitted: fit 0.29s · 45,450 params · selection {'shrinkage': 0.01}
[16:20:12]   baseline gmm_fitted: fit 43.87s · 181,803 params · selection {'components': 4, 'reg': 0.0001}
[16:20:12]   diagnosis: full (15.0 observed on average), 830 paired windows, 3 method(s)
[16:20:22]   diagnosis: random1:1 (14.0 observed on average), 830 paired windows, 3 method(s)
[16:20:29]   diagnosis: random3:5-8-14 (12.0 observed on average), 830 paired windows, 3 method(s)
[16:20:35]   diagnosis: random7:3-4-8-10-11-12-14 (8.0 observed on average), 830 paired windows, 3 method(s)
[16:20:40]   diagnosis: bank0:0-1-2-4-5-7-8 (8.0 observed on average), 830 paired windows, 3 method(s)
[16:20:45]   diagnosis: bank1:3 (14.0 observed on average), 830 paired windows, 3 method(s)
[16:20:52]   diagnosis: bank2:6-10 (13.0 observed on average), 830 paired windows, 3 method(s)
[16:20:59]   diagnosis: single_sensor_0 (1.0 observed on average), 830 paired windows, 3 method(s)
[16:21:02]   Diagnosis completed on validation engines only; no confirmatory PASS/FAIL inferred.
[16:21:02] --- stage diagnosis done in 171.8s ---
[16:21:02] === run ok · 171.8s · peak RSS 4.403 GB ===
