[11:25:54] === run start · seed11 · seed 11 · hash bb8fadcac7cf ===
[11:25:54] stages ['diagnosis'] · device cpu · dataset synthetic
[11:25:54] --- stage: diagnosis ---
    [pc] epoch   0  nll   26.069  val   24.648
    [pc] epoch  18  nll   21.553  val   21.168
    [pc] epoch  36  nll   20.625  val   20.411
    [pc] epoch  54  nll   20.447  val   20.255
    [pc] epoch  72  nll   20.384  val   20.237
    [pc] epoch  90  nll   20.336  val   20.237
    [pc] epoch 108  nll   20.306  val   20.232
    [pc] restored epoch 98 (selected by nll; val nll 20.218, last 20.247)
[11:25:57]   pc_train_nll: first=26.0685 last=20.2690 (124 epochs)
[11:25:57]   pc_train_objective: first=26.0685 last=20.2690 (124 epochs)
[11:25:57]   pc_selection_loss: first=24.6480 last=20.2473 (124 epochs)
[11:25:57]   pc_val_nll: first=24.6480 last=20.2473 (124 epochs)
[11:25:57]   pc: fit 3.3s · 2,688 params · score sd 2.799 · device cpu · layered · 38,436 win/s
[11:25:57]   pc: validation on 200 windows from explicit subset of held-out units · best epoch 98 of 150 · val nll 20.218
[11:25:57]   shortcut audit: target-channel-only AUROC 0.491 (0.5 = no marginal shortcut)
[11:25:57]   diagnosis: full (4.0 observed on average), 400 paired windows, 1 method(s)
[11:25:57]   diagnosis: random1:0 (3.0 observed on average), 400 paired windows, 1 method(s)
[11:25:57]   diagnosis: random2:1-2 (2.0 observed on average), 400 paired windows, 1 method(s)
[11:25:57]   diagnosis: random3:1-2-3 (1.0 observed on average), 400 paired windows, 1 method(s)
[11:25:57]   diagnosis: bank0:0-1 (2.0 observed on average), 400 paired windows, 1 method(s)
[11:25:57]   diagnosis: single_sensor_0 (1.0 observed on average), 400 paired windows, 1 method(s)
[11:25:57]   Diagnosis completed on validation engines only; no confirmatory PASS/FAIL inferred.
[11:25:57] --- stage diagnosis done in 3.8s ---
[11:25:57] === run ok · 3.9s · peak RSS 0.356 GB ===
[11:46:28] === run start · seed11 · seed 11 · hash 181aa40be3bf ===
[11:46:28] stages ['diagnosis'] · device cpu · dataset synthetic
[11:46:28] --- stage: diagnosis ---
    [pc] epoch   0  nll   26.069  val   24.648
    [pc] epoch  18  nll   21.553  val   21.168
    [pc] epoch  36  nll   20.625  val   20.411
    [pc] epoch  54  nll   20.447  val   20.255
    [pc] epoch  72  nll   20.384  val   20.237
    [pc] epoch  90  nll   20.336  val   20.237
    [pc] epoch 108  nll   20.306  val   20.232
    [pc] restored epoch 98 (selected by nll; val nll 20.218, last 20.247)
[11:46:33]   pc_train_nll: first=26.0685 last=20.2690 (124 epochs)
[11:46:33]   pc_train_objective: first=26.0685 last=20.2690 (124 epochs)
[11:46:33]   pc_selection_loss: first=24.6480 last=20.2473 (124 epochs)
[11:46:33]   pc_val_nll: first=24.6480 last=20.2473 (124 epochs)
[11:46:33]   pc: fit 4.3s · 2,688 params · score sd 2.799 · device cpu · layered · 29,547 win/s
[11:46:33]   pc: validation on 200 windows from explicit subset of held-out units · best epoch 98 of 150 · val nll 20.218
[11:46:33]   shortcut audit: target-channel-only AUROC 0.491 (0.5 = no marginal shortcut)
[11:46:33]   diagnosis: full (4.0 observed on average), 400 paired windows, 2 method(s)
[11:46:33]   diagnosis: random1:0 (3.0 observed on average), 400 paired windows, 2 method(s)
[11:46:33]   diagnosis: random2:1-2 (2.0 observed on average), 400 paired windows, 2 method(s)
[11:46:33]   diagnosis: random3:1-2-3 (1.0 observed on average), 400 paired windows, 2 method(s)
[11:46:33]   diagnosis: bank0:0-1 (2.0 observed on average), 400 paired windows, 2 method(s)
[11:46:34]   diagnosis: single_sensor_0 (1.0 observed on average), 400 paired windows, 2 method(s)
[11:46:34]   Diagnosis completed on validation engines only; no confirmatory PASS/FAIL inferred.
[11:46:34] --- stage diagnosis done in 5.3s ---
[11:46:34] === run ok · 5.3s · peak RSS 0.357 GB ===
[20:00:58] === run start · seed11 · seed 11 · hash 452104c754cf ===
[20:00:58] stages ['diagnosis'] · device cpu · dataset synthetic
[20:00:58] --- stage: diagnosis ---
    [pc] epoch   0  nll   26.069  val   24.648
    [pc] epoch  18  nll   21.553  val   21.168
    [pc] epoch  36  nll   20.625  val   20.411
    [pc] epoch  54  nll   20.447  val   20.255
    [pc] epoch  72  nll   20.384  val   20.237
    [pc] epoch  90  nll   20.336  val   20.237
    [pc] epoch 108  nll   20.306  val   20.232
    [pc] restored epoch 98 (selected by nll; val nll 20.218, last 20.247)
[20:01:00]   pc_train_nll: first=26.0685 last=20.2690 (124 epochs)
[20:01:00]   pc_train_objective: first=26.0685 last=20.2690 (124 epochs)
[20:01:00]   pc_selection_loss: first=24.6480 last=20.2473 (124 epochs)
[20:01:00]   pc_val_nll: first=24.6480 last=20.2473 (124 epochs)
[20:01:00]   pc: fit 2.7s · 2,688 params · score sd 2.799 · device cpu · layered · 46,191 win/s
[20:01:00]   pc: validation on 200 windows from explicit subset of held-out units · best epoch 98 of 150 · val nll 20.218
[20:01:00]   shortcut audit: target-channel-only AUROC 0.491 (0.5 = no marginal shortcut)
[20:01:00]   diagnosis: full (4.0 observed on average), 400 paired windows, 2 method(s)
[20:01:01]   diagnosis: random1:0 (3.0 observed on average), 400 paired windows, 2 method(s)
[20:01:01]   diagnosis: random2:1-2 (2.0 observed on average), 400 paired windows, 2 method(s)
[20:01:01]   diagnosis: random3:1-2-3 (1.0 observed on average), 400 paired windows, 2 method(s)
[20:01:01]   diagnosis: bank0:0-1 (2.0 observed on average), 400 paired windows, 2 method(s)
[20:01:01]   diagnosis: single_sensor_0 (1.0 observed on average), 400 paired windows, 2 method(s)
[20:01:01]   Diagnosis completed on validation engines only; no confirmatory PASS/FAIL inferred.
[20:01:01] --- stage diagnosis done in 3.4s ---
[20:01:01] === run ok · 3.5s · peak RSS 0.353 GB ===
