[16:39:57] === run start · seed2 · seed 2 · hash 0557aca74f7b ===
[16:39:57] stages ['ad'] · device cuda · dataset cmapss:FD001
[16:39:57] --- stage: ad ---
[16:39:57]   data: FleetPair(cmapss:FD001: train=100 units, test=100 units, C=15, regimes=3, cap=125)  (0.1s)
[16:39:57]   task: {'kind': 'ad', 'n_train': 5290, 'n_test': 4608, 'd': 300, 'window': 20, 'n_channels': 15, 'anomaly_rate': 0.1265190988779068, 'kind_counts': {'normal': 4025, 'offset': 105, 'drift': 102, 'spike': 111, 'decouple': 94, 'desync': 125, 'organic': 46}, 'train_units': 100, 'test_units': 100, 'n_regimes': 3, 'seed': 2, 'per_regime_norm': True, 'official_test_fleet': True, 'dataset': 'cmapss:FD001', 'cap': 125.0, 'subset': 'FD001', 'dropped_constant_sensors': 6, 'source': 'NASA C-MAPSS (real)'}
    [pc] epoch   0  nll 12299.011
    [pc] epoch   6  nll  143.801
    [pc] epoch  12  nll  139.786
    [pc] epoch  18  nll  138.636
    [pc] epoch  24  nll  137.597
    [pc] epoch  30  nll  137.008
    [pc] epoch  36  nll  136.715
    [pc] epoch  42  nll  136.792
    [pc] epoch  48  nll  136.623
[16:40:05]   pc_train_nll: first=12299.0106 last=136.5536 (50 epochs)
[16:40:05]   pc: fit 8.3s · 15,360 params · score sd 21.332 · device cuda · layered · 31,818 win/s
[16:40:07]   typed decomposition (mean worst-channel surprise):
[16:40:07]        normal  n= 4025  marginal    23.49  conditional    23.31  structural     5.68
[16:40:07]      decouple  n=   94  marginal    23.30  conditional    22.88  structural     4.96
[16:40:07]        desync  n=  125  marginal    23.42  conditional    38.05  structural    23.44
[16:40:07]         drift  n=  102  marginal   652.20  conditional   718.32  structural    88.38
[16:40:07]        offset  n=  105  marginal   451.33  conditional   525.24  structural   101.81
[16:40:07]       organic  n=   46  marginal   116.53  conditional   149.07  structural    70.87
[16:40:07]         spike  n=  111  marginal    54.45  conditional    64.39  structural    14.74
[16:40:07] --- stage ad done in 9.8s ---
[16:40:07] === run ok · 9.8s · peak RSS 1.597 GB ===
[16:00:36] === run start · seed2 · seed 2 · hash 2a90e0bd4464 ===
[16:00:36] stages ['ad'] · device cuda · dataset cmapss:FD001
[16:00:36] --- stage: ad ---
[16:00:36]   data: FleetPair(cmapss:FD001: train=100 units, test=100 units, C=15, regimes=1, cap=125)  (0.1s)
[16:00:36]   task: {'kind': 'ad', 'n_train': 5290, 'n_test': 4608, 'd': 300, 'window': 20, 'n_channels': 15, 'anomaly_rate': 0.1265190988779068, 'kind_counts': {'normal': 4025, 'offset': 105, 'drift': 102, 'spike': 111, 'decouple': 94, 'desync': 125, 'organic': 46}, 'train_units': 100, 'test_units': 100, 'n_regimes': 1, 'seed': 2, 'per_regime_norm': False, 'official_test_fleet': True, 'dataset': 'cmapss:FD001', 'cap': 125.0, 'subset': 'FD001', 'dropped_constant_sensors': 6, 'source': 'NASA C-MAPSS (real)', 'source_name': 'cmapss', 'source_kind': 'fleet'}
[16:00:36]   caveat: Ships no anomaly annotations: detection anomalies are injected.
    [pc] epoch   0  nll 31858.692
    [pc] epoch   6  nll  176.365
    [pc] epoch  12  nll  173.093
    [pc] epoch  18  nll  172.732
    [pc] epoch  24  nll  176.960
    [pc] epoch  30  nll  171.651
    [pc] epoch  36  nll  175.354
    [pc] epoch  42  nll  177.558
    [pc] epoch  48  nll  177.670
[16:00:51]   pc_train_nll: first=31858.6921 last=176.4668 (50 epochs)
[16:00:51]   pc: fit 15.5s · 15,360 params · score sd 58.436 · device cuda · layered · 17,039 win/s
[16:00:54]   typed decomposition (mean worst-channel surprise):
[16:00:54]        normal  n= 4025  marginal    26.85  conditional    26.80  structural    20.78
[16:00:54]      decouple  n=   94  marginal    27.20  conditional    27.09  structural    22.96
[16:00:54]        desync  n=  125  marginal    27.67  conditional    28.13  structural    15.38
[16:00:54]         drift  n=  102  marginal 161388.67  conditional 161424.84  structural    47.03
[16:00:54]        offset  n=  105  marginal 96999.73  conditional 97039.25  structural    49.16
[16:00:54]       organic  n=   46  marginal   114.56  conditional   114.21  structural    33.80
[16:00:54]         spike  n=  111  marginal 11865.44  conditional 11870.22  structural    21.71
[16:00:54] --- stage ad done in 18.4s ---
[16:00:54] === run ok · 18.4s · peak RSS 1.603 GB ===
[18:09:52] === run start · seed2 · seed 2 · hash c28ec58bd256 ===
[18:09:52] stages ['ad'] · device cpu · dataset cmapss:FD001
[18:09:52] --- stage: ad ---
[18:09:52]   data: FleetPair(cmapss:FD001: train=100 units, test=100 units, C=15, regimes=1, cap=125)  (0.1s)
[18:09:52]   task: {'kind': 'ad', 'n_train': 5290, 'n_test': 4608, 'd': 300, 'window': 20, 'n_channels': 15, 'anomaly_rate': 0.1265190988779068, 'kind_counts': {'normal': 4025, 'offset': 105, 'drift': 102, 'spike': 111, 'decouple': 94, 'desync': 125, 'organic': 46}, 'train_units': 100, 'test_units': 100, 'n_regimes': 1, 'seed': 2, 'per_regime_norm': False, 'official_test_fleet': True, 'dataset': 'cmapss:FD001', 'cap': 125.0, 'subset': 'FD001', 'dropped_constant_sensors': 6, 'source': 'NASA C-MAPSS (real)', 'source_name': 'cmapss', 'source_kind': 'fleet'}
[18:09:52]   caveat: Ships no anomaly annotations: detection anomalies are injected.
    [pc] epoch   0  nll 31630.877
    [pc] epoch   6  nll  178.735
    [pc] epoch  12  nll  175.637
    [pc] epoch  18  nll  179.526
    [pc] epoch  24  nll  175.919
    [pc] epoch  30  nll  178.725
    [pc] epoch  36  nll  173.472
    [pc] epoch  42  nll  177.349
    [pc] epoch  48  nll  173.480
[18:10:10]   pc_train_nll: first=31630.8774 last=177.6010 (50 epochs)
[18:10:10]   pc: fit 18.5s · 15,360 params · score sd 58.596 · device cpu · layered · 14,269 win/s
[18:10:15]   typed decomposition (mean worst-channel surprise):
[18:10:15]        normal  n= 4025  marginal    26.96  conditional    26.90  structural    18.77
[18:10:15]      decouple  n=   94  marginal    27.32  conditional    27.21  structural    20.45
[18:10:15]        desync  n=  125  marginal    27.61  conditional    27.75  structural    13.17
[18:10:15]         drift  n=  102  marginal 155240.23  conditional 155273.02  structural    42.41
[18:10:15]        offset  n=  105  marginal 95012.34  conditional 95049.77  structural    44.88
[18:10:15]       organic  n=   46  marginal   109.03  conditional   108.55  structural    12.60
[18:10:15]         spike  n=  111  marginal 11960.49  conditional 11964.87  structural    19.43
[18:10:15] --- stage ad done in 23.8s ---
[18:10:15] === run ok · 23.8s · peak RSS 0.914 GB ===
