[15:53:27] === run start · seed0 · seed 0 · hash 40d5c9744028 ===
[15:53:27] stages ['explain'] · device cuda · dataset synthetic
[15:53:27] --- stage: explain ---
[15:53:27]   data: FleetPair(synthetic: train=60 units, C=14, regimes=3, cap=130)  (0.1s)
[15:53:27]   task: {'kind': 'ad', 'n_train': 2016, 'n_test': 1625, 'd': 112, 'window': 8, 'n_channels': 14, 'anomaly_rate': 0.21415384113788605, 'kind_counts': {'normal': 1277, 'offset': 42, 'decouple': 38, 'drift': 29, 'spike': 35, 'desync': 30, 'organic': 174}, 'train_units': 36, 'test_units': 24, 'n_regimes': 3, 'seed': 0, 'dataset': 'synthetic', 'cap': 130.0, 'source': 'synthetic simulator', 'units': 60}
[15:53:27]   explain: capped test set to 1500 windows
    [pc] epoch   0  nll  206.370
    [pc] epoch   5  nll   49.049
    [pc] epoch  10  nll   35.647
    [pc] epoch  15  nll   32.623
    [pc] epoch  20  nll   32.005
    [pc] epoch  25  nll   31.804
    [pc] epoch  30  nll   31.631
    [pc] epoch  35  nll   31.617
[15:53:28]   pc_train_nll: first=206.3699 last=31.5714 (40 epochs)
[15:53:28]   pc: fit 1.7s · 2,964 params · score sd 16.178 · device cuda · layered · 47,017 win/s
[15:53:29]   attribution cost: PC exact (all views) 0.2s · AE sampling-SHAP (one view) 0.3s
[15:53:29]   completeness: max residual 3.05e-05 nats, mean 1.45e-06
[15:53:29]   deletion curves scored with the circuit's own scorer — PC attributions have home-field advantage here, the localisation columns do not
[15:53:30]   worked examples (median-scoring window of each kind):
[15:53:30]    [normal]
[15:53:30]   anomaly score 29.1 nats
[15:53:30]      ch13  out of range         marginal   12.59  structural   -0.49  worst at t=3
[15:53:30]       ch0  out of range         marginal   10.11  structural   -1.66  worst at t=2
[15:53:30]       ch8  out of range         marginal    7.59  structural   -1.06  worst at t=7
[15:53:30]    [spike]
[15:53:30]   anomaly score 226.8 nats   [injected: spike, channels [10]]
[15:53:30]      ch10  broken relationship  marginal   82.26  structural  124.63  worst at t=2  <- CORRECT
[15:53:30]       ch9  broken relationship  marginal   -2.84  structural   61.95  worst at t=2  <- miss
[15:53:30]       ch7  broken relationship  marginal   -2.73  structural   29.98  worst at t=2  <- miss
[15:53:31]    [offset]
[15:53:31]   anomaly score 278.4 nats   [injected: offset, channels [1, 2, 11]]
[15:53:31]      ch11  out of range         marginal  145.56  structural   30.94  worst at t=5  <- CORRECT
[15:53:31]       ch1  broken relationship  marginal    7.50  structural   43.31  worst at t=7  <- CORRECT
[15:53:31]       ch2  broken relationship  marginal    6.99  structural   25.01  worst at t=3  <- CORRECT
[15:53:31]    [drift]
[15:53:31]   anomaly score 498.0 nats   [injected: drift, channels [1, 7, 8, 9, 10]]
[15:53:31]      ch10  broken relationship  marginal   53.27  structural  161.40  worst at t=7  <- CORRECT
[15:53:31]       ch9  out of range         marginal  113.29  structural   13.83  worst at t=7  <- CORRECT
[15:53:31]       ch7  broken relationship  marginal   59.68  structural   37.83  worst at t=7  <- CORRECT
[15:53:31]    [decouple]
[15:53:31]   anomaly score 32.2 nats   [injected: decouple, channels [2, 11]]
[15:53:31]      ch13  broken relationship  marginal    8.41  structural    6.61  worst at t=7  <- miss
[15:53:31]       ch8  out of range         marginal    8.46  structural   -0.44  worst at t=3  <- miss
[15:53:31]       ch1  out of range         marginal    6.24  structural   -0.82  worst at t=7  <- miss
[15:53:32]    [desync]
[15:53:32]   anomaly score 56.8 nats   [injected: desync, channels [2]]
[15:53:32]       ch2  broken relationship  marginal    3.73  structural   17.59  worst at t=7  <- CORRECT
[15:53:32]      ch13  broken relationship  marginal    8.75  structural    8.40  worst at t=2  <- miss
[15:53:32]       ch5  out of range         marginal    9.41  structural    1.61  worst at t=6  <- miss
[15:53:32] --- stage explain done in 5.4s ---
[15:53:32] === run ok · 5.5s · peak RSS 1.674 GB ===
