[15:53:04] === run start · seed1 · seed 1 · hash 354e3f6aec28 ===
[15:53:04] stages ['ad'] · device cuda · dataset cmapss:FD001
[15:53:04] --- stage: ad ---
[15:53:05]   data: FleetPair(cmapss:FD001: train=100 units, test=100 units, C=15, regimes=1, cap=125)  (0.1s)
[15:53:05]   task: {'kind': 'ad', 'n_train': 5290, 'n_test': 4608, 'd': 300, 'window': 20, 'n_channels': 15, 'anomaly_rate': 0.1228298619389534, 'kind_counts': {'normal': 4042, 'desync': 102, 'drift': 102, 'offset': 103, 'decouple': 102, 'spike': 111, 'organic': 46}, 'train_units': 100, 'test_units': 100, 'n_regimes': 1, 'seed': 1, 'per_regime_norm': False, 'official_test_fleet': True, 'dataset': 'cmapss:FD001', 'cap': 125.0, 'subset': 'FD001', 'dropped_constant_sensors': 6, 'source': 'NASA C-MAPSS (real)', 'source_name': 'cmapss', 'source_kind': 'fleet'}
[15:53:05]   caveat: Ships no anomaly annotations: detection anomalies are injected.
    [pc] epoch   0  nll  243.077
    [pc] epoch   6  nll  107.309
    [pc] epoch  12  nll   98.173
    [pc] epoch  18  nll   97.442
    [pc] epoch  24  nll  111.628
    [pc] epoch  30  nll  120.209
    [pc] epoch  36  nll  108.241
    [pc] epoch  42  nll   99.081
    [pc] epoch  48  nll   96.702
[15:53:12]   pc_train_nll: first=243.0770 last=96.9915 (50 epochs)
[15:53:12]   pc: fit 7.5s · 32,160 params · score sd 23.600 · device cuda · layered · 35,200 win/s
[15:53:13]   typed decomposition (mean worst-channel surprise):
[15:53:13]        normal  n= 4042  marginal    23.63  conditional    23.66  structural     5.73
[15:53:13]      decouple  n=  102  marginal    23.54  conditional    23.75  structural     5.61
[15:53:13]        desync  n=  102  marginal    24.05  conditional    34.06  structural    17.75
[15:53:13]         drift  n=  102  marginal   234.41  conditional   291.57  structural    69.71
[15:53:13]        offset  n=  103  marginal   152.82  conditional   198.06  structural    64.75
[15:53:13]       organic  n=   46  marginal   115.79  conditional   134.58  structural    53.74
[15:53:13]         spike  n=  111  marginal    53.59  conditional    58.29  structural    10.22
[15:53:13] --- stage ad done in 8.7s ---
[15:53:13] === run ok · 8.7s · peak RSS 1.603 GB ===
