[16:43:05] === run start · seed11 · seed 11 · hash 368c0c50bcb7 ===
[16:43:05] stages ['diagnosis'] · device cuda · dataset cmapss:FD001
[16:43:05] --- stage: diagnosis ---
[16:43:05]   data: FleetPair(cmapss:FD001: train=100 units, test=100 units, C=15, regimes=1, cap=125)  (0.1s)
[16:43:05]   task: {'kind': 'ad', 'n_train': 3711, 'n_val': 1579, 'n_test': 4639, 'd': 300, 'window': 20, 'n_channels': 15, 'anomaly_rate': 0.12869152426719666, 'kind_counts': {'normal': 4042, 'desync': 107, 'offset': 109, 'spike': 98, 'drift': 113, 'decouple': 118, 'organic': 52}, 'train_units': 100, 'val_units': 30, 'test_units': 100, 'n_val_windows': 1579, 'n_regimes': 1, 'seed': 11, 'per_regime_norm': False, 'official_test_fleet': True, 'dataset': 'cmapss:FD001', 'cap': 125.0, 'subset': 'FD001', 'dropped_constant_sensors': 6, 'source': 'NASA C-MAPSS (real)', 'source_name': 'cmapss', 'source_kind': 'fleet'}
[16:43:05]   caveat: Ships no anomaly annotations: detection anomalies are injected.
    [pc] epoch   0  nll  360.691  val  287.360
    [pc] epoch  22  nll  103.187  val  110.646
    [pc] epoch  44  nll   83.030  val   92.637
    [pc] epoch  66  nll   76.060  val   87.303
    [pc] epoch  88  nll   72.082  val   83.780
    [pc] epoch 110  nll   63.203  val   77.933
    [pc] epoch 132  nll   57.171  val   70.850
    fit random K=8: 137/180 (76%) · 4.55 it/s · elapsed 00:30 · ETA 00:09
    [pc] epoch 154  nll   52.629  val   66.513
    [pc] epoch 176  nll   48.511  val   62.070
    fit random K=8: done 180/180 in 00:39
    [pc] restored epoch 178 (selected by nll; val nll 60.979, last 61.773)
[16:43:47]   pc_train_nll: first=360.6910 last=47.3256 (180 epochs)
[16:43:47]   pc_train_objective: first=360.6910 last=47.3256 (180 epochs)
[16:43:47]   pc_selection_loss: first=287.3595 last=61.7734 (180 epochs)
[16:43:47]   pc_val_nll: first=287.3595 last=61.7734 (180 epochs)
[16:43:47]   pc: fit 41.7s · 174,240 params · score sd 26.698 · device cuda · layered · 16,001 win/s
[16:43:47]   pc: validation on 546 windows from explicit subset of held-out units · best epoch 178 of 180 · val nll 60.979
[16:43:48]   shortcut audit: target-channel-only AUROC 0.559 (0.5 = no marginal shortcut)
[16:43:48]   diagnosis: full (15.0 observed on average), 940 paired windows, 1 method(s)
[16:43:49]   diagnosis: random1:1 (14.0 observed on average), 940 paired windows, 1 method(s)
[16:43:50]   diagnosis: random3:5-8-14 (12.0 observed on average), 940 paired windows, 1 method(s)
[16:43:51]   diagnosis: random7:3-4-8-10-11-12-14 (8.0 observed on average), 940 paired windows, 1 method(s)
[16:43:52]   diagnosis: bank0:0-1-2-4-5-7-8 (8.0 observed on average), 940 paired windows, 1 method(s)
[16:43:53]   diagnosis: bank1:3 (14.0 observed on average), 940 paired windows, 1 method(s)
[16:43:54]   diagnosis: bank2:6-10 (13.0 observed on average), 940 paired windows, 1 method(s)
[16:43:55]   diagnosis: single_sensor_0 (1.0 observed on average), 940 paired windows, 1 method(s)
[16:43:56]   Diagnosis completed on validation engines only; no confirmatory PASS/FAIL inferred.
[16:43:56] --- stage diagnosis done in 50.6s ---
[16:43:56] === run ok · 50.6s · peak RSS 1.879 GB ===
