[16:37:10] === run start · seed2 · seed 2 · hash 113240c93ceb ===
[16:37:10] stages ['ad'] · device cuda · dataset cmapss:FD001
[16:37:10] --- stage: ad ---
[16:37:10]   data: FleetPair(cmapss:FD001: train=100 units, test=100 units, C=15, regimes=3, cap=125)  (0.1s)
[16:37:10]   task: {'kind': 'ad', 'n_train': 5290, 'n_test': 4608, 'd': 300, 'window': 20, 'n_channels': 15, 'anomaly_rate': 0.1265190988779068, 'kind_counts': {'normal': 4025, 'offset': 105, 'drift': 102, 'spike': 111, 'decouple': 94, 'desync': 125, 'organic': 46}, 'train_units': 100, 'test_units': 100, 'n_regimes': 3, 'seed': 2, 'per_regime_norm': True, 'official_test_fleet': True, 'dataset': 'cmapss:FD001', 'cap': 125.0, 'subset': 'FD001', 'dropped_constant_sensors': 6, 'source': 'NASA C-MAPSS (real)'}
    [pc] epoch   0  nll 12326.667
    [pc] epoch   6  nll  230.937
    [pc] epoch  12  nll  227.890
    [pc] epoch  18  nll  227.052
    [pc] epoch  24  nll  227.047
    [pc] epoch  30  nll  226.763
    [pc] epoch  36  nll  226.564
    [pc] epoch  42  nll  226.469
    [pc] epoch  48  nll  226.552
[16:37:17]   pc_train_nll: first=12326.6667 last=226.5386 (50 epochs)
[16:37:18]   pc: fit 7.2s · 1,428 params · score sd 62.042 · device cuda · layered · 36,743 win/s
[16:37:19]   typed decomposition (mean worst-channel surprise):
[16:37:19]        normal  n= 4025  marginal    27.23  conditional    29.13  structural    17.90
[16:37:19]      decouple  n=   94  marginal    27.60  conditional    28.80  structural    19.67
[16:37:19]        desync  n=  125  marginal    28.06  conditional    28.89  structural    12.33
[16:37:19]         drift  n=  102  marginal   557.38  conditional   608.35  structural    63.30
[16:37:19]        offset  n=  105  marginal   380.49  conditional   419.27  structural    49.96
[16:37:19]       organic  n=   46  marginal   112.79  conditional   112.24  structural     0.12
[16:37:19]         spike  n=  111  marginal    45.94  conditional    49.00  structural    18.02
[16:37:19] --- stage ad done in 8.6s ---
[16:37:19] === run ok · 8.7s · peak RSS 1.573 GB ===
[15:56:03] === run start · seed2 · seed 2 · hash 4b9047890e87 ===
[15:56:03] stages ['ad'] · device cuda · dataset cmapss:FD001
[15:56:03] --- stage: ad ---
[15:56:03]   data: FleetPair(cmapss:FD001: train=100 units, test=100 units, C=15, regimes=1, cap=125)  (0.1s)
[15:56:03]   task: {'kind': 'ad', 'n_train': 5290, 'n_test': 4608, 'd': 300, 'window': 20, 'n_channels': 15, 'anomaly_rate': 0.1265190988779068, 'kind_counts': {'normal': 4025, 'offset': 105, 'drift': 102, 'spike': 111, 'decouple': 94, 'desync': 125, 'organic': 46}, 'train_units': 100, 'test_units': 100, 'n_regimes': 1, 'seed': 2, 'per_regime_norm': False, 'official_test_fleet': True, 'dataset': 'cmapss:FD001', 'cap': 125.0, 'subset': 'FD001', 'dropped_constant_sensors': 6, 'source': 'NASA C-MAPSS (real)', 'source_name': 'cmapss', 'source_kind': 'fleet'}
[15:56:03]   caveat: Ships no anomaly annotations: detection anomalies are injected.
    [pc] epoch   0  nll 33506.352
    [pc] epoch   6  nll  176.692
    [pc] epoch  12  nll  176.196
    [pc] epoch  18  nll  174.265
    [pc] epoch  24  nll  174.976
    [pc] epoch  30  nll  179.590
    [pc] epoch  36  nll  174.755
    [pc] epoch  42  nll  180.873
    [pc] epoch  48  nll  180.284
[15:56:12]   pc_train_nll: first=33506.3525 last=183.7585 (50 epochs)
[15:56:12]   pc: fit 9.3s · 1,428 params · score sd 61.044 · device cuda · layered · 28,593 win/s
[15:56:15]   typed decomposition (mean worst-channel surprise):
[15:56:15]        normal  n= 4025  marginal    27.07  conditional    27.07  structural    21.05
[15:56:15]      decouple  n=   94  marginal    27.45  conditional    27.34  structural    23.24
[15:56:15]        desync  n=  125  marginal    27.84  conditional    28.05  structural    14.80
[15:56:15]         drift  n=  102  marginal 280607.34  conditional 280648.34  structural    51.31
[15:56:15]        offset  n=  105  marginal 170389.77  conditional 170432.70  structural    53.40
[15:56:15]       organic  n=   46  marginal   113.49  conditional   113.05  structural     0.13
[15:56:15]         spike  n=  111  marginal 12160.49  conditional 12164.28  structural    20.93
[15:56:15] --- stage ad done in 11.8s ---
[15:56:15] === run ok · 11.8s · peak RSS 1.577 GB ===
[18:03:54] === run start · seed2 · seed 2 · hash a03e8808f334 ===
[18:03:54] stages ['ad'] · device cpu · dataset cmapss:FD001
[18:03:54] --- stage: ad ---
[18:03:54]   data: FleetPair(cmapss:FD001: train=100 units, test=100 units, C=15, regimes=1, cap=125)  (0.1s)
[18:03:54]   task: {'kind': 'ad', 'n_train': 5290, 'n_test': 4608, 'd': 300, 'window': 20, 'n_channels': 15, 'anomaly_rate': 0.1265190988779068, 'kind_counts': {'normal': 4025, 'offset': 105, 'drift': 102, 'spike': 111, 'decouple': 94, 'desync': 125, 'organic': 46}, 'train_units': 100, 'test_units': 100, 'n_regimes': 1, 'seed': 2, 'per_regime_norm': False, 'official_test_fleet': True, 'dataset': 'cmapss:FD001', 'cap': 125.0, 'subset': 'FD001', 'dropped_constant_sensors': 6, 'source': 'NASA C-MAPSS (real)', 'source_name': 'cmapss', 'source_kind': 'fleet'}
[18:03:54]   caveat: Ships no anomaly annotations: detection anomalies are injected.
    [pc] epoch   0  nll 33884.609
    [pc] epoch   6  nll  178.854
    [pc] epoch  12  nll  174.404
    [pc] epoch  18  nll  175.954
    [pc] epoch  24  nll  177.018
    [pc] epoch  30  nll  175.082
    [pc] epoch  36  nll  176.258
    [pc] epoch  42  nll  173.950
    [pc] epoch  48  nll  176.369
[18:04:01]   pc_train_nll: first=33884.6089 last=177.0458 (50 epochs)
[18:04:01]   pc: fit 6.4s · 1,428 params · score sd 60.992 · device cpu · layered · 41,095 win/s
[18:04:02]   typed decomposition (mean worst-channel surprise):
[18:04:02]        normal  n= 4025  marginal    27.18  conditional    27.22  structural    22.46
[18:04:02]      decouple  n=   94  marginal    27.60  conditional    27.56  structural    25.04
[18:04:02]        desync  n=  125  marginal    27.79  conditional    28.02  structural    15.98
[18:04:02]         drift  n=  102  marginal 289028.06  conditional 289072.50  structural    55.90
[18:04:02]        offset  n=  105  marginal 171850.72  conditional 171891.91  structural    52.35
[18:04:02]       organic  n=   46  marginal   109.84  conditional   109.41  structural     0.13
[18:04:02]         spike  n=  111  marginal 13235.30  conditional 13239.27  structural    22.35
[18:04:02] --- stage ad done in 8.0s ---
[18:04:02] === run ok · 8.0s · peak RSS 0.81 GB ===
