[11:22:47] === run start · seed12 · seed 12 · hash b0d604071bd1 ===
[11:22:47] stages ['diagnosis'] · device cpu · dataset synthetic
[11:22:47] --- stage: diagnosis ---
    [pc] epoch   0  nll   26.024  val   23.720
    [pc] epoch  18  nll   21.360  val   20.775
    [pc] epoch  36  nll   19.955  val   19.884
    [pc] epoch  54  nll   19.307  val   19.436
    [pc] epoch  72  nll   19.226  val   19.395
    [pc] epoch  90  nll   19.188  val   19.395
    [pc] epoch 108  nll   19.156  val   19.379
    [pc] epoch 126  nll   19.118  val   19.326
    [pc] epoch 144  nll   19.090  val   19.316
    [pc] restored epoch 128 (selected by nll; val nll 19.305, last 19.307)
[11:22:51]   pc_train_nll: first=26.0239 last=19.0897 (150 epochs)
[11:22:51]   pc_train_objective: first=26.0239 last=19.0897 (150 epochs)
[11:22:51]   pc_selection_loss: first=23.7202 last=19.3068 (150 epochs)
[11:22:51]   pc_val_nll: first=23.7202 last=19.3068 (150 epochs)
[11:22:51]   pc: fit 3.7s · 2,688 params · score sd 4.906 · device cpu · layered · 41,838 win/s
[11:22:51]   pc: validation on 200 windows from explicit subset of held-out units · best epoch 128 of 150 · val nll 19.305
[11:22:51]   shortcut audit: target-channel-only AUROC 0.456 (0.5 = no marginal shortcut)
[11:22:51]   diagnosis: full (4.0 observed on average), 400 paired windows, 1 method(s)
[11:22:51]   diagnosis: random1:0 (3.0 observed on average), 400 paired windows, 1 method(s)
[11:22:51]   diagnosis: random2:1-2 (2.0 observed on average), 400 paired windows, 1 method(s)
[11:22:51]   diagnosis: random3:1-2-3 (1.0 observed on average), 400 paired windows, 1 method(s)
[11:22:52]   diagnosis: bank0:0-1 (2.0 observed on average), 400 paired windows, 1 method(s)
[11:22:52]   diagnosis: single_sensor_0 (1.0 observed on average), 400 paired windows, 1 method(s)
[11:22:52]   Diagnosis completed on validation engines only; no confirmatory PASS/FAIL inferred.
[11:22:52] --- stage diagnosis done in 4.2s ---
[11:22:52] === run ok · 4.3s · peak RSS 0.33 GB ===
[11:41:02] === run start · seed12 · seed 12 · hash 1252b12c7f09 ===
[11:41:02] stages ['diagnosis'] · device cpu · dataset synthetic
[11:41:02] --- stage: diagnosis ---
    [pc] epoch   0  nll   26.024  val   23.720
    [pc] epoch  18  nll   21.360  val   20.775
    [pc] epoch  36  nll   19.955  val   19.884
    [pc] epoch  54  nll   19.307  val   19.436
    [pc] epoch  72  nll   19.226  val   19.395
    [pc] epoch  90  nll   19.188  val   19.395
    [pc] epoch 108  nll   19.156  val   19.379
    [pc] epoch 126  nll   19.118  val   19.326
    [pc] epoch 144  nll   19.090  val   19.316
    [pc] restored epoch 128 (selected by nll; val nll 19.305, last 19.307)
[11:41:09]   pc_train_nll: first=26.0239 last=19.0897 (150 epochs)
[11:41:09]   pc_train_objective: first=26.0239 last=19.0897 (150 epochs)
[11:41:09]   pc_selection_loss: first=23.7202 last=19.3068 (150 epochs)
[11:41:09]   pc_val_nll: first=23.7202 last=19.3068 (150 epochs)
[11:41:09]   pc: fit 6.8s · 2,688 params · score sd 4.906 · device cpu · layered · 22,436 win/s
[11:41:09]   pc: validation on 200 windows from explicit subset of held-out units · best epoch 128 of 150 · val nll 19.305
[11:41:09]   shortcut audit: target-channel-only AUROC 0.456 (0.5 = no marginal shortcut)
[11:41:09]   diagnosis: full (4.0 observed on average), 400 paired windows, 2 method(s)
[11:41:09]   diagnosis: random1:0 (3.0 observed on average), 400 paired windows, 2 method(s)
[11:41:09]   diagnosis: random2:1-2 (2.0 observed on average), 400 paired windows, 2 method(s)
[11:41:09]   diagnosis: random3:1-2-3 (1.0 observed on average), 400 paired windows, 2 method(s)
[11:41:10]   diagnosis: bank0:0-1 (2.0 observed on average), 400 paired windows, 2 method(s)
[11:41:10]   diagnosis: single_sensor_0 (1.0 observed on average), 400 paired windows, 2 method(s)
[11:41:10]   Diagnosis completed on validation engines only; no confirmatory PASS/FAIL inferred.
[11:41:10] --- stage diagnosis done in 8.2s ---
[11:41:10] === run ok · 8.2s · peak RSS 0.36 GB ===
[19:54:13] === run start · seed12 · seed 12 · hash 8f6ba95c1f52 ===
[19:54:13] stages ['diagnosis'] · device cpu · dataset synthetic
[19:54:13] --- stage: diagnosis ---
    [pc] epoch   0  nll   26.024  val   23.720
    [pc] epoch  18  nll   21.360  val   20.775
    [pc] epoch  36  nll   19.955  val   19.884
    fit channel_blocked K=4: 43/150 (29%) · 1.29 it/s · elapsed 00:33 · ETA 01:22
    [pc] epoch  54  nll   19.307  val   19.436
    [pc] epoch  72  nll   19.226  val   19.395
    [pc] epoch  90  nll   19.188  val   19.395
    [pc] epoch 108  nll   19.156  val   19.379
    [pc] epoch 126  nll   19.118  val   19.326
    [pc] epoch 144  nll   19.090  val   19.316
    fit channel_blocked K=4: done 150/150 in 00:38
    [pc] restored epoch 128 (selected by nll; val nll 19.305, last 19.307)
[19:54:51]   pc_train_nll: first=26.0239 last=19.0897 (150 epochs)
[19:54:51]   pc_train_objective: first=26.0239 last=19.0897 (150 epochs)
[19:54:51]   pc_selection_loss: first=23.7202 last=19.3068 (150 epochs)
[19:54:51]   pc_val_nll: first=23.7202 last=19.3068 (150 epochs)
[19:54:51]   pc: fit 38.4s · 2,688 params · score sd 4.906 · device cpu · layered · 3,995 win/s
[19:54:51]   pc: validation on 200 windows from explicit subset of held-out units · best epoch 128 of 150 · val nll 19.305
[19:54:51]   shortcut audit: target-channel-only AUROC 0.456 (0.5 = no marginal shortcut)
[19:54:51]   diagnosis: full (4.0 observed on average), 400 paired windows, 2 method(s)
[19:54:51]   diagnosis: random1:0 (3.0 observed on average), 400 paired windows, 2 method(s)
[19:54:51]   diagnosis: random2:1-2 (2.0 observed on average), 400 paired windows, 2 method(s)
[19:54:51]   diagnosis: random3:1-2-3 (1.0 observed on average), 400 paired windows, 2 method(s)
[19:54:52]   diagnosis: bank0:0-1 (2.0 observed on average), 400 paired windows, 2 method(s)
[19:54:52]   diagnosis: single_sensor_0 (1.0 observed on average), 400 paired windows, 2 method(s)
[19:54:52]   Diagnosis completed on validation engines only; no confirmatory PASS/FAIL inferred.
[19:54:52] --- stage diagnosis done in 39.1s ---
[19:54:52] === run ok · 39.2s · peak RSS 0.366 GB ===
