[16:03:33] === run start · seed21 · seed 21 · hash bf51a63be81d ===
[16:03:33] stages ['diagnosis'] · device cuda · dataset cmapss:FD001
[16:03:33] --- stage: diagnosis ---
[16:03:33]   data: FleetPair(cmapss:FD001: train=100 units, test=100 units, C=15, regimes=1, cap=125)  (0.6s)
[16:03:33]   task: {'kind': 'ad', 'n_train': 3559, 'n_val': 1731, 'n_test': 4639, 'd': 300, 'window': 20, 'n_channels': 15, 'anomaly_rate': 0.12200905382633209, 'kind_counts': {'normal': 4073, 'desync': 134, 'spike': 79, 'decouple': 120, 'drift': 98, 'offset': 83, 'organic': 52}, 'train_units': 100, 'val_units': 30, 'test_units': 100, 'n_val_windows': 1731, 'n_regimes': 1, 'seed': 21, 'per_regime_norm': False, 'official_test_fleet': True, 'dataset': 'cmapss:FD001', 'cap': 125.0, 'subset': 'FD001', 'dropped_constant_sensors': 6, 'source': 'NASA C-MAPSS (real)', 'source_name': 'cmapss', 'source_kind': 'fleet'}
[16:03:33]   caveat: Ships no anomaly annotations: detection anomalies are injected.
    [pc] epoch   0  nll  506.510  val  292.830
    fit chow_liu K=8: 42/600 (7%) · 1.38 it/s · elapsed 00:30 · ETA 06:43
    [pc] epoch  75  nll   47.307  val   45.800
    fit chow_liu K=8: 85/600 (14%) · 1.40 it/s · elapsed 01:00 · ETA 06:09
    fit chow_liu K=8: 128/600 (21%) · 1.40 it/s · elapsed 01:31 · ETA 05:37
    [pc] epoch 150  nll   38.204  val   38.839
    fit chow_liu K=8: 171/600 (28%) · 1.40 it/s · elapsed 02:02 · ETA 05:06
    [pc] epoch 225  nll   38.785  val   37.254
    fit chow_liu K=8: 234/600 (39%) · 1.53 it/s · elapsed 02:32 · ETA 03:58
    fit chow_liu K=8: 300/600 (50%) · 1.64 it/s · elapsed 03:02 · ETA 03:02
    [pc] epoch 300  nll   30.018  val   30.496
    fit chow_liu K=8: 350/600 (58%) · 1.65 it/s · elapsed 03:32 · ETA 02:31
    [pc] epoch 375  nll   29.098  val   29.440
    fit chow_liu K=8: 411/600 (68%) · 1.69 it/s · elapsed 04:02 · ETA 01:51
    [pc] epoch 450  nll   27.018  val   26.033
    fit chow_liu K=8: 462/600 (77%) · 1.69 it/s · elapsed 04:32 · ETA 01:21
    [pc] restored epoch 435 (selected by nll; val nll 25.699, last 26.193)
[16:08:35]   pc_train_nll: first=506.5101 last=25.5507 (496 epochs)
[16:08:35]   pc_train_objective: first=506.5101 last=25.5507 (496 epochs)
[16:08:35]   pc_selection_loss: first=292.8302 last=26.1928 (496 epochs)
[16:08:35]   pc_val_nll: first=292.8302 last=26.1928 (496 epochs)
[16:08:35]   pc: fit 301.7s · 195,840 params · score sd 19.537 · device cuda · layered · 5,852 win/s
[16:08:35]   pc: validation on 624 windows from explicit subset of held-out units · best epoch 435 of 600 · val nll 25.699
[16:08:36]   shortcut audit: target-channel-only AUROC 0.546 (0.5 = no marginal shortcut)
[16:08:37]   baseline gaussian_fitted: fit 0.30s · 45,450 params · selection {'shrinkage': 0.01}
[16:08:38]   detection comparators: ['mahalanobis_refit', 'mahalanobis_impute', 'gmm_refit', 'gmm_impute', 'knn_refit', 'knn_impute']
[16:08:38]   diagnosis: full (15.0 observed on average), 1000 paired windows, 2 method(s)
[16:08:42]   diagnosis: random1:1 (14.0 observed on average), 1000 paired windows, 2 method(s)
[16:08:46]   diagnosis: random3:5-8-14 (12.0 observed on average), 1000 paired windows, 2 method(s)
[16:08:51]   diagnosis: random7:3-4-8-10-11-12-14 (8.0 observed on average), 1000 paired windows, 2 method(s)
[16:08:54]   diagnosis: bank0:0-1-2-4-5-7-8 (8.0 observed on average), 1000 paired windows, 2 method(s)
[16:08:57]   diagnosis: bank1:3 (14.0 observed on average), 1000 paired windows, 2 method(s)
[16:09:02]   diagnosis: bank2:6-10 (13.0 observed on average), 1000 paired windows, 2 method(s)
[16:09:08]   diagnosis: single_sensor_0 (1.0 observed on average), 1000 paired windows, 2 method(s)
[16:09:09]   Diagnosis completed on validation engines only; no confirmatory PASS/FAIL inferred.
[16:09:09] --- stage diagnosis done in 336.6s ---
[16:09:09] === run ok · 336.6s · peak RSS 2.302 GB ===
