[15:51:06] === run start · seed2 · seed 2 · hash 7b6c65c88fea ===
[15:51:06] stages ['ad'] · device cuda · dataset cmapss:FD001
[15:51:06] --- stage: ad ---
[15:51:06]   data: FleetPair(cmapss:FD001: train=100 units, test=100 units, C=15, regimes=1, cap=125)  (0.1s)
[15:51:06]   task: {'kind': 'ad', 'n_train': 5290, 'n_test': 4608, 'd': 300, 'window': 20, 'n_channels': 15, 'anomaly_rate': 0.1265190988779068, 'kind_counts': {'normal': 4025, 'offset': 105, 'drift': 102, 'spike': 111, 'decouple': 94, 'desync': 125, 'organic': 46}, 'train_units': 100, 'test_units': 100, 'n_regimes': 1, 'seed': 2, 'per_regime_norm': False, 'official_test_fleet': True, 'dataset': 'cmapss:FD001', 'cap': 125.0, 'subset': 'FD001', 'dropped_constant_sensors': 6, 'source': 'NASA C-MAPSS (real)', 'source_name': 'cmapss', 'source_kind': 'fleet'}
[15:51:06]   caveat: Ships no anomaly annotations: detection anomalies are injected.
    [pc] epoch   0  nll 31858.692
    [pc] epoch   6  nll  176.365
    [pc] epoch  12  nll  173.093
    [pc] epoch  18  nll  172.732
    [pc] epoch  24  nll  176.960
    [pc] epoch  30  nll  171.651
    [pc] epoch  36  nll  175.354
    [pc] epoch  42  nll  177.558
    [pc] epoch  48  nll  177.670
[15:51:14]   pc_train_nll: first=31858.6921 last=176.4668 (50 epochs)
[15:51:14]   pc: fit 7.2s · 15,360 params · score sd 58.436 · device cuda · layered · 36,737 win/s
[15:51:15]   typed decomposition (mean worst-channel surprise):
[15:51:15]        normal  n= 4025  marginal    26.85  conditional    26.80  structural    20.78
[15:51:15]      decouple  n=   94  marginal    27.20  conditional    27.09  structural    22.96
[15:51:15]        desync  n=  125  marginal    27.67  conditional    28.13  structural    15.38
[15:51:15]         drift  n=  102  marginal 161388.67  conditional 161424.84  structural    47.03
[15:51:15]        offset  n=  105  marginal 96999.73  conditional 97039.25  structural    49.16
[15:51:15]       organic  n=   46  marginal   114.56  conditional   114.21  structural    33.80
[15:51:15]         spike  n=  111  marginal 11865.44  conditional 11870.22  structural    21.71
[15:51:15] --- stage ad done in 8.3s ---
[15:51:15] === run ok · 8.3s · peak RSS 1.594 GB ===
