[16:01:08] === run start · seed1 · seed 1 · hash 2b739dd84ad6 ===
[16:01:08] stages ['ad'] · device cuda · dataset cmapss:FD001
[16:01:08] --- stage: ad ---
[16:01:09]   data: FleetPair(cmapss:FD001: train=100 units, test=100 units, C=15, regimes=3, cap=125)  (0.1s)
[16:01:09]   task: {'kind': 'ad', 'n_train': 5290, 'n_test': 4608, 'd': 300, 'window': 20, 'n_channels': 15, 'anomaly_rate': 0.1228298619389534, 'kind_counts': {'normal': 4042, 'desync': 102, 'drift': 102, 'offset': 103, 'decouple': 102, 'spike': 111, 'organic': 46}, 'train_units': 100, 'test_units': 100, 'n_regimes': 3, 'seed': 1, 'per_regime_norm': True, 'official_test_fleet': True, 'dataset': 'cmapss:FD001', 'cap': 125.0, 'subset': 'FD001', 'dropped_constant_sensors': 6, 'source': 'NASA C-MAPSS (real)'}
    [pc] epoch   0  nll 42787.261
    [pc] epoch   6  nll  220.727
    [pc] epoch  12  nll  163.003
    [pc] epoch  18  nll  131.956
    [pc] epoch  24  nll  117.276
    [pc] epoch  30  nll  113.702
    [pc] epoch  36  nll  118.982
    [pc] epoch  42  nll  121.457
    [pc] epoch  48  nll  118.635
[16:01:26]   pc_train_nll: first=42787.2615 last=117.6032 (50 epochs)
[16:01:26]   pc: fit 17.4s · 157,440 params · score sd 23.133 · device cuda · layered · 15,232 win/s
[16:01:29]   typed decomposition (mean worst-channel surprise):
[16:01:29]        normal  n= 4042  marginal    23.39  conditional    23.26  structural     4.15
[16:01:29]      decouple  n=  102  marginal    23.42  conditional    23.06  structural     4.52
[16:01:29]        desync  n=  102  marginal    23.97  conditional    34.81  structural    18.83
[16:01:29]         drift  n=  102  marginal   767.12  conditional   787.56  structural    40.90
[16:01:29]        offset  n=  103  marginal   369.39  conditional   391.92  structural    47.32
[16:01:29]       organic  n=   46  marginal   128.05  conditional   130.93  structural    28.60
[16:01:29]         spike  n=  111  marginal    60.53  conditional    60.42  structural     4.73
[16:01:29] --- stage ad done in 20.6s ---
[16:01:29] === run ok · 20.6s · peak RSS 1.735 GB ===
[15:14:11] === run start · seed1 · seed 1 · hash b18acc2e5ee4 ===
[15:14:11] stages ['ad'] · device cuda · dataset cmapss:FD001
[15:14:11] --- stage: ad ---
[15:14:11]   data: FleetPair(cmapss:FD001: train=100 units, test=100 units, C=15, regimes=1, cap=125)  (0.1s)
[15:14:11]   task: {'kind': 'ad', 'n_train': 5290, 'n_test': 4608, 'd': 300, 'window': 20, 'n_channels': 15, 'anomaly_rate': 0.1228298619389534, 'kind_counts': {'normal': 4042, 'desync': 102, 'drift': 102, 'offset': 103, 'decouple': 102, 'spike': 111, 'organic': 46}, 'train_units': 100, 'test_units': 100, 'n_regimes': 1, 'seed': 1, 'per_regime_norm': False, 'official_test_fleet': True, 'dataset': 'cmapss:FD001', 'cap': 125.0, 'subset': 'FD001', 'dropped_constant_sensors': 6, 'source': 'NASA C-MAPSS (real)', 'source_name': 'cmapss', 'source_kind': 'fleet'}
[15:14:11]   caveat: Ships no anomaly annotations: detection anomalies are injected.
    [pc] epoch   0  nll 31706.803
    [pc] epoch   6  nll  136.460
    [pc] epoch  12  nll   90.367
    [pc] epoch  18  nll   69.424
    [pc] epoch  24  nll   62.053
    [pc] epoch  30  nll   55.779
    [pc] epoch  36  nll   55.371
    [pc] epoch  42  nll   53.240
    fit random K=8: 46/50 (92%) · 1.52 it/s · elapsed 00:30 · ETA 00:02
    [pc] epoch  48  nll   55.114
    fit random K=8: done 50/50 in 00:32
[15:14:49]   pc_train_nll: first=31706.8030 last=55.0720 (50 epochs)
[15:14:50]   pc: fit 38.7s · 157,440 params · score sd 21.866 · device cuda · layered · 6,837 win/s
[15:14:56]   typed decomposition (mean worst-channel surprise):
[15:14:56]        normal  n= 4042  marginal    23.27  conditional    23.36  structural     4.59
[15:14:56]      decouple  n=  102  marginal    23.32  conditional    23.22  structural     4.75
[15:14:56]        desync  n=  102  marginal    23.75  conditional    35.24  structural    20.09
[15:14:56]         drift  n=  102  marginal 159104.45  conditional 159119.78  structural    43.45
[15:14:56]        offset  n=  103  marginal 48847.20  conditional 48868.82  structural    49.90
[15:14:56]       organic  n=   46  marginal   135.73  conditional   136.08  structural    32.16
[15:14:56]         spike  n=  111  marginal 14096.71  conditional 14096.57  structural     5.13
[15:14:56] --- stage ad done in 45.5s ---
[15:14:56] === run ok · 45.5s · peak RSS 1.733 GB ===
[19:05:57] === run start · seed1 · seed 1 · hash 55a6e2807abf ===
[19:05:57] stages ['ad'] · device cpu · dataset cmapss:FD001
[19:05:57] --- stage: ad ---
[19:05:58]   data: FleetPair(cmapss:FD001: train=100 units, test=100 units, C=15, regimes=1, cap=125)  (0.1s)
[19:05:58]   task: {'kind': 'ad', 'n_train': 5290, 'n_test': 4608, 'd': 300, 'window': 20, 'n_channels': 15, 'anomaly_rate': 0.1228298619389534, 'kind_counts': {'normal': 4042, 'desync': 102, 'drift': 102, 'offset': 103, 'decouple': 102, 'spike': 111, 'organic': 46}, 'train_units': 100, 'test_units': 100, 'n_regimes': 1, 'seed': 1, 'per_regime_norm': False, 'official_test_fleet': True, 'dataset': 'cmapss:FD001', 'cap': 125.0, 'subset': 'FD001', 'dropped_constant_sensors': 6, 'source': 'NASA C-MAPSS (real)', 'source_name': 'cmapss', 'source_kind': 'fleet'}
[19:05:58]   caveat: Ships no anomaly annotations: detection anomalies are injected.
    [pc] epoch   0  nll 31506.175
    [pc] epoch   6  nll  125.264
    fit random K=8: 7/50 (14%) · 0.22 it/s · elapsed 00:31 · ETA 03:16
    [pc] epoch  12  nll   95.162
    fit random K=8: 14/50 (28%) · 0.22 it/s · elapsed 01:04 · ETA 02:44
    [pc] epoch  18  nll   78.591
    fit random K=8: 21/50 (42%) · 0.22 it/s · elapsed 01:36 · ETA 02:13
    [pc] epoch  24  nll   61.310
    fit random K=8: 28/50 (56%) · 0.22 it/s · elapsed 02:09 · ETA 01:42
    [pc] epoch  30  nll   58.758
    fit random K=8: 35/50 (70%) · 0.22 it/s · elapsed 02:42 · ETA 01:09
    [pc] epoch  36  nll   59.094
    fit random K=8: 42/50 (84%) · 0.21 it/s · elapsed 03:15 · ETA 00:37
    [pc] epoch  42  nll   56.805
    [pc] epoch  48  nll   65.248
    fit random K=8: 49/50 (98%) · 0.21 it/s · elapsed 03:48 · ETA 00:04
    fit random K=8: done 50/50 in 03:53
[19:09:53]   pc_train_nll: first=31506.1749 last=58.7741 (50 epochs)
[19:09:54]   pc: fit 235.2s · 157,440 params · score sd 24.841 · device cpu · layered · 1,125 win/s
    typed decomposition (per channel): 6/15 (40%) · 0.17 it/s · elapsed 00:34 · ETA 00:51
    typed decomposition (per channel): 12/15 (80%) · 0.18 it/s · elapsed 01:08 · ETA 00:17
    typed decomposition (per channel): done 15/15 in 01:25
[19:11:22]   typed decomposition (mean worst-channel surprise):
[19:11:22]        normal  n= 4042  marginal    23.27  conditional    23.13  structural     4.20
[19:11:22]      decouple  n=  102  marginal    23.25  conditional    22.96  structural     4.61
[19:11:22]        desync  n=  102  marginal    23.69  conditional    34.86  structural    19.56
[19:11:22]         drift  n=  102  marginal 159741.22  conditional 159757.59  structural    42.85
[19:11:22]        offset  n=  103  marginal 49025.26  conditional 49047.06  structural    49.47
[19:11:22]       organic  n=   46  marginal   123.45  conditional   122.80  structural    34.54
[19:11:22]         spike  n=  111  marginal 14317.42  conditional 14317.60  structural     4.51
[19:11:22] --- stage ad done in 324.5s ---
[19:11:22] === run ok · 324.5s · peak RSS 1.613 GB ===
