[16:42:53] === run start · seed0 · seed 0 · hash 74ad65f28f96 ===
[16:42:53] stages ['ad'] · device cuda · dataset cmapss:FD001
[16:42:53] --- stage: ad ---
[16:42:54]   data: FleetPair(cmapss:FD001: train=100 units, test=100 units, C=15, regimes=3, cap=125)  (0.6s)
[16:42:54]   task: {'kind': 'ad', 'n_train': 5290, 'n_test': 4608, 'd': 300, 'window': 20, 'n_channels': 15, 'anomaly_rate': 0.1317274272441864, 'kind_counts': {'normal': 4001, 'spike': 130, 'offset': 113, 'drift': 102, 'desync': 111, 'decouple': 105, 'organic': 46}, 'train_units': 100, 'test_units': 100, 'n_regimes': 3, 'seed': 0, 'per_regime_norm': True, 'official_test_fleet': True, 'dataset': 'cmapss:FD001', 'cap': 125.0, 'subset': 'FD001', 'dropped_constant_sensors': 6, 'source': 'NASA C-MAPSS (real)'}
    [pc] epoch   0  nll  282.568
    [pc] epoch   6  nll  144.189
    [pc] epoch  12  nll  132.067
    [pc] epoch  18  nll  129.469
    [pc] epoch  24  nll  126.713
    [pc] epoch  30  nll  123.395
    [pc] epoch  36  nll  120.389
    [pc] epoch  42  nll  118.179
    [pc] epoch  48  nll  116.306
[16:43:11]   pc_train_nll: first=282.5675 last=116.4029 (50 epochs)
[16:43:11]   pc: fit 16.7s · 122,304 params · score sd 22.696 · device cuda · layered · 15,832 win/s
[16:43:13]   typed decomposition (mean worst-channel surprise):
[16:43:13]        normal  n= 4001  marginal    23.21  conditional    23.31  structural     9.60
[16:43:13]      decouple  n=  105  marginal    23.87  conditional    23.40  structural     9.73
[16:43:13]        desync  n=  111  marginal    23.13  conditional    35.39  structural    23.59
[16:43:13]         drift  n=  102  marginal    97.85  conditional   137.74  structural    68.79
[16:43:13]        offset  n=  113  marginal   100.98  conditional   150.75  structural    71.26
[16:43:13]       organic  n=   46  marginal   110.35  conditional   134.66  structural    66.46
[16:43:13]         spike  n=  130  marginal    45.59  conditional    53.39  structural    14.89
[16:43:13] --- stage ad done in 20.0s ---
[16:43:13] === run ok · 20.0s · peak RSS 1.666 GB ===
[16:05:59] === run start · seed0 · seed 0 · hash 6238a48a0d20 ===
[16:05:59] stages ['ad'] · device cuda · dataset cmapss:FD001
[16:05:59] --- stage: ad ---
[16:05:59]   data: FleetPair(cmapss:FD001: train=100 units, test=100 units, C=15, regimes=1, cap=125)  (0.1s)
[16:05:59]   task: {'kind': 'ad', 'n_train': 5290, 'n_test': 4608, 'd': 300, 'window': 20, 'n_channels': 15, 'anomaly_rate': 0.1317274272441864, 'kind_counts': {'normal': 4001, 'spike': 130, 'offset': 113, 'drift': 102, 'desync': 111, 'decouple': 105, 'organic': 46}, 'train_units': 100, 'test_units': 100, 'n_regimes': 1, 'seed': 0, 'per_regime_norm': False, 'official_test_fleet': True, 'dataset': 'cmapss:FD001', 'cap': 125.0, 'subset': 'FD001', 'dropped_constant_sensors': 6, 'source': 'NASA C-MAPSS (real)', 'source_name': 'cmapss', 'source_kind': 'fleet'}
[16:05:59]   caveat: Ships no anomaly annotations: detection anomalies are injected.
    [pc] epoch   0  nll  241.615
    [pc] epoch   6  nll  110.366
    [pc] epoch  12  nll   94.092
    [pc] epoch  18  nll   97.685
    [pc] epoch  24  nll  101.080
    [pc] epoch  30  nll  103.180
    [pc] epoch  36  nll   93.505
    [pc] epoch  42  nll   95.816
    [pc] epoch  48  nll   83.964
[16:06:23]   pc_train_nll: first=241.6149 last=82.9279 (50 epochs)
[16:06:23]   pc: fit 23.5s · 122,304 params · score sd 24.581 · device cuda · layered · 11,272 win/s
[16:06:26]   typed decomposition (mean worst-channel surprise):
[16:06:26]        normal  n= 4001  marginal    23.34  conditional    23.41  structural     8.16
[16:06:26]      decouple  n=  105  marginal    24.08  conditional    23.61  structural     8.66
[16:06:26]        desync  n=  111  marginal    23.16  conditional    33.47  structural    21.74
[16:06:26]         drift  n=  102  marginal   233.20  conditional   301.89  structural    85.19
[16:06:26]        offset  n=  113  marginal   155.16  conditional   211.24  structural    76.50
[16:06:26]       organic  n=   46  marginal   110.87  conditional   130.73  structural    58.54
[16:06:26]         spike  n=  130  marginal    46.41  conditional    54.87  structural    14.15
[16:06:26] --- stage ad done in 26.8s ---
[16:06:26] === run ok · 26.8s · peak RSS 1.674 GB ===
[18:22:51] === run start · seed0 · seed 0 · hash 3a9911598444 ===
[18:22:51] stages ['ad'] · device cpu · dataset cmapss:FD001
[18:22:51] --- stage: ad ---
[18:22:52]   data: FleetPair(cmapss:FD001: train=100 units, test=100 units, C=15, regimes=1, cap=125)  (0.1s)
[18:22:52]   task: {'kind': 'ad', 'n_train': 5290, 'n_test': 4608, 'd': 300, 'window': 20, 'n_channels': 15, 'anomaly_rate': 0.1317274272441864, 'kind_counts': {'normal': 4001, 'spike': 130, 'offset': 113, 'drift': 102, 'desync': 111, 'decouple': 105, 'organic': 46}, 'train_units': 100, 'test_units': 100, 'n_regimes': 1, 'seed': 0, 'per_regime_norm': False, 'official_test_fleet': True, 'dataset': 'cmapss:FD001', 'cap': 125.0, 'subset': 'FD001', 'dropped_constant_sensors': 6, 'source': 'NASA C-MAPSS (real)', 'source_name': 'cmapss', 'source_kind': 'fleet'}
[18:22:52]   caveat: Ships no anomaly annotations: detection anomalies are injected.
    [pc] epoch   0  nll  242.398
    [pc] epoch   6  nll  107.958
    [pc] epoch  12  nll   89.862
    fit chain K=16: 18/50 (36%) · 0.58 it/s · elapsed 00:31 · ETA 00:55
    [pc] epoch  18  nll   95.387
    [pc] epoch  24  nll   98.624
    [pc] epoch  30  nll   92.725
    fit chain K=16: 36/50 (72%) · 0.58 it/s · elapsed 01:02 · ETA 00:24
    [pc] epoch  36  nll   91.426
    [pc] epoch  42  nll   83.182
    [pc] epoch  48  nll   80.415
    fit chain K=16: done 50/50 in 01:26
[18:24:20]   pc_train_nll: first=242.3980 last=80.1541 (50 epochs)
[18:24:21]   pc: fit 88.7s · 122,304 params · score sd 24.307 · device cpu · layered · 2,981 win/s
    typed decomposition (per channel): 15/15 (100%) · 0.48 it/s · elapsed 00:31 · ETA 00:00
    typed decomposition (per channel): done 15/15 in 00:31
[18:24:53]   typed decomposition (mean worst-channel surprise):
[18:24:53]        normal  n= 4001  marginal    23.45  conditional    23.51  structural     9.01
[18:24:53]      decouple  n=  105  marginal    24.28  conditional    23.76  structural     9.14
[18:24:53]        desync  n=  111  marginal    23.22  conditional    33.09  structural    21.39
[18:24:53]         drift  n=  102  marginal   226.49  conditional   294.95  structural    85.30
[18:24:53]        offset  n=  113  marginal   156.41  conditional   213.15  structural    76.50
[18:24:53]       organic  n=   46  marginal   114.77  conditional   136.36  structural    49.50
[18:24:53]         spike  n=  130  marginal    49.35  conditional    56.83  structural    14.27
[18:24:53] --- stage ad done in 121.5s ---
[18:24:53] === run ok · 121.5s · peak RSS 1.228 GB ===
