[16:32:53] === run start · seed11 · seed 11 · hash 40c0ee4dfa4a ===
[16:32:53] stages ['diagnosis'] · device cuda · dataset cmapss:FD001
[16:32:53] --- stage: diagnosis ---
[16:32:53]   data: FleetPair(cmapss:FD001: train=100 units, test=100 units, C=15, regimes=1, cap=125)  (0.1s)
[16:32:53]   task: {'kind': 'ad', 'n_train': 3711, 'n_val': 1579, 'n_test': 4639, 'd': 300, 'window': 20, 'n_channels': 15, 'anomaly_rate': 0.12869152426719666, 'kind_counts': {'normal': 4042, 'desync': 107, 'offset': 109, 'spike': 98, 'drift': 113, 'decouple': 118, 'organic': 52}, 'train_units': 100, 'val_units': 30, 'test_units': 100, 'n_val_windows': 1579, 'n_regimes': 1, 'seed': 11, 'per_regime_norm': False, 'official_test_fleet': True, 'dataset': 'cmapss:FD001', 'cap': 125.0, 'subset': 'FD001', 'dropped_constant_sensors': 6, 'source': 'NASA C-MAPSS (real)', 'source_name': 'cmapss', 'source_kind': 'fleet'}
[16:32:53]   caveat: Ships no anomaly annotations: detection anomalies are injected.
[16:32:53]   donors: matched 100.0% of 470 recipients on ['regime', 'health'] within caliper 0.1
    [pc] epoch   0  nll  360.857  val  287.712
    [pc] epoch  22  nll   75.112  val   79.618
    [pc] epoch  44  nll   54.352  val   60.430
    [pc] epoch  66  nll   46.458  val   52.573
    fit channel_blocked K=8: 76/180 (42%) · 2.51 it/s · elapsed 00:30 · ETA 00:41
    [pc] epoch  88  nll   41.803  val   47.767
    [pc] epoch 110  nll   39.377  val   44.530
    [pc] epoch 132  nll   38.589  val   44.045
    fit channel_blocked K=8: 152/180 (84%) · 2.52 it/s · elapsed 01:00 · ETA 00:11
    [pc] epoch 154  nll   37.810  val   43.958
    [pc] epoch 176  nll   36.128  val   41.847
    fit channel_blocked K=8: done 180/180 in 01:11
    [pc] restored epoch 175 (selected by nll; val nll 41.131, last 41.591)
[16:34:22]   pc_train_nll: first=360.8570 last=36.0267 (180 epochs)
[16:34:22]   pc_train_objective: first=360.8570 last=36.0267 (180 epochs)
[16:34:22]   pc_selection_loss: first=287.7118 last=41.5910 (180 epochs)
[16:34:22]   pc_val_nll: first=287.7118 last=41.5910 (180 epochs)
[16:34:22]   pc: fit 89.2s · 174,240 params · score sd 21.870 · device cuda · layered · 7,487 win/s
[16:34:22]   pc: validation on 546 windows from explicit subset of held-out units · best epoch 175 of 180 · val nll 41.131
[16:34:23]   shortcut audit: target-channel-only AUROC 0.550 (0.5 = no marginal shortcut)
[16:34:24]   baseline gaussian_fitted: fit 0.22s · 45,450 params · selection {'shrinkage': 0.01}
[16:34:53]   baseline gmm_fitted: fit 29.25s · 90,901 params · selection {'components': 2, 'reg': 0.0001}
[16:34:53]   diagnosis: full (15.0 observed on average), 940 paired windows, 3 method(s)
[16:34:59]   diagnosis: random1:1 (14.0 observed on average), 940 paired windows, 3 method(s)
[16:35:04]   diagnosis: random3:5-8-14 (12.0 observed on average), 940 paired windows, 3 method(s)
[16:35:09]   diagnosis: random7:3-4-8-10-11-12-14 (8.0 observed on average), 940 paired windows, 3 method(s)
[16:35:12]   diagnosis: bank0:0-1-2-4-5-7-8 (8.0 observed on average), 940 paired windows, 3 method(s)
[16:35:15]   diagnosis: bank1:3 (14.0 observed on average), 940 paired windows, 3 method(s)
[16:35:21]   diagnosis: bank2:6-10 (13.0 observed on average), 940 paired windows, 3 method(s)
[16:35:25]   diagnosis: single_sensor_0 (1.0 observed on average), 940 paired windows, 3 method(s)
[16:35:28]   Diagnosis completed on validation engines only; no confirmatory PASS/FAIL inferred.
[16:35:28] --- stage diagnosis done in 155.1s ---
[16:35:28] === run ok · 155.1s · peak RSS 4.509 GB ===
