[16:25:41] === run start · seed11 · seed 11 · hash fc0a8487cf8f ===
[16:25:41] stages ['diagnosis'] · device cuda · dataset cmapss:FD001
[16:25:41] --- stage: diagnosis ---
[16:25:41]   data: FleetPair(cmapss:FD001: train=100 units, test=100 units, C=15, regimes=1, cap=125)  (0.1s)
[16:25:41]   task: {'kind': 'ad', 'n_train': 3711, 'n_val': 1579, 'n_test': 4639, 'd': 300, 'window': 20, 'n_channels': 15, 'anomaly_rate': 0.12869152426719666, 'kind_counts': {'normal': 4042, 'desync': 107, 'offset': 109, 'spike': 98, 'drift': 113, 'decouple': 118, 'organic': 52}, 'train_units': 100, 'val_units': 30, 'test_units': 100, 'n_val_windows': 1579, 'n_regimes': 1, 'seed': 11, 'per_regime_norm': False, 'official_test_fleet': True, 'dataset': 'cmapss:FD001', 'cap': 125.0, 'subset': 'FD001', 'dropped_constant_sensors': 6, 'source': 'NASA C-MAPSS (real)', 'source_name': 'cmapss', 'source_kind': 'fleet'}
[16:25:41]   caveat: Ships no anomaly annotations: detection anomalies are injected.
    [pc] epoch   0  nll  361.718  val  289.532
    fit channel_blocked K=8: 16/180 (9%) · 0.51 it/s · elapsed 00:31 · ETA 05:19
    [pc] epoch  22  nll   88.794  val   94.164
    fit channel_blocked K=8: 31/180 (17%) · 0.49 it/s · elapsed 01:03 · ETA 05:03
    fit channel_blocked K=8: 43/180 (24%) · 0.45 it/s · elapsed 01:35 · ETA 05:04
    [pc] epoch  44  nll   59.798  val   65.815
    fit channel_blocked K=8: 60/180 (33%) · 0.48 it/s · elapsed 02:06 · ETA 04:12
    [pc] epoch  66  nll   51.404  val   56.942
    fit channel_blocked K=8: 74/180 (41%) · 0.47 it/s · elapsed 02:37 · ETA 03:45
    [pc] epoch  88  nll   44.960  val   50.535
    fit channel_blocked K=8: 89/180 (49%) · 0.47 it/s · elapsed 03:08 · ETA 03:12
    [pc] epoch 110  nll   41.923  val   44.731
    fit channel_blocked K=8: 117/180 (65%) · 0.54 it/s · elapsed 03:38 · ETA 01:57
    [pc] epoch 132  nll   40.637  val   43.979
    fit channel_blocked K=8: 153/180 (85%) · 0.62 it/s · elapsed 04:08 · ETA 00:43
    [pc] epoch 154  nll   38.033  val   42.053
    [pc] epoch 176  nll   36.743  val   42.622
    fit channel_blocked K=8: done 180/180 in 04:36
    [pc] restored epoch 169 (selected by objective; val nll 40.340, last 41.256)
[16:30:37]   pc_train_nll: first=361.7177 last=37.1378 (180 epochs)
[16:30:37]   pc_train_objective: first=425.6285 last=59.7562 (180 epochs)
[16:30:37]   pc_selection_loss: first=347.4389 last=49.5224 (180 epochs)
[16:30:37]   pc_val_nll: first=289.5324 last=41.2562 (180 epochs)
[16:30:38]   pc: fit 296.8s · 174,240 params · score sd 21.848 · device cuda · layered · 2,251 win/s
[16:30:38]   pc: validation on 546 windows from explicit subset of held-out units · best epoch 169 of 180 · val nll 40.340
[16:30:39]   shortcut audit: target-channel-only AUROC 0.559 (0.5 = no marginal shortcut)
[16:30:39]   diagnosis: full (15.0 observed on average), 940 paired windows, 1 method(s)
[16:30:42]   diagnosis: random1:1 (14.0 observed on average), 940 paired windows, 1 method(s)
[16:30:45]   diagnosis: random3:5-8-14 (12.0 observed on average), 940 paired windows, 1 method(s)
[16:30:47]   diagnosis: random7:3-4-8-10-11-12-14 (8.0 observed on average), 940 paired windows, 1 method(s)
[16:30:50]   diagnosis: bank0:0-1-2-4-5-7-8 (8.0 observed on average), 940 paired windows, 1 method(s)
[16:30:53]   diagnosis: bank1:3 (14.0 observed on average), 940 paired windows, 1 method(s)
[16:30:56]   diagnosis: bank2:6-10 (13.0 observed on average), 940 paired windows, 1 method(s)
[16:30:58]   diagnosis: single_sensor_0 (1.0 observed on average), 940 paired windows, 1 method(s)
[16:31:01]   Diagnosis completed on validation engines only; no confirmatory PASS/FAIL inferred.
[16:31:01] --- stage diagnosis done in 320.7s ---
[16:31:01] === run ok · 320.7s · peak RSS 1.794 GB ===
