[12:06:09] === run start · seed13 · seed 13 · hash 5208e3a40d05 ===
[12:06:09] stages ['diagnosis'] · device cpu · dataset synthetic
[12:06:09] --- stage: diagnosis ---
    [pc] epoch   0  nll   26.223  val   25.939
    [pc] epoch  18  nll   19.848  val   20.169
    [pc] epoch  36  nll   17.591  val   18.154
    [pc] epoch  54  nll   17.250  val   17.865
    [pc] epoch  72  nll   17.070  val   17.731
    [pc] epoch  90  nll   16.695  val   17.304
    [pc] epoch 108  nll   16.503  val   17.164
    [pc] epoch 126  nll   16.459  val   17.142
    [pc] epoch 144  nll   16.443  val   17.141
[12:06:13]   pc_train_nll: first=26.2231 last=16.4213 (150 epochs)
[12:06:13]   pc_train_objective: first=26.2231 last=16.4213 (150 epochs)
[12:06:13]   pc_selection_loss: first=25.9387 last=17.0857 (150 epochs)
[12:06:13]   pc_val_nll: first=25.9387 last=17.0857 (150 epochs)
[12:06:13]   pc: fit 4.8s · 1,488 params · score sd 3.737 · device cpu · layered · 32,194 win/s
[12:06:13]   pc: validation on 200 windows from explicit subset of held-out units · best epoch 149 of 150 · val nll 17.086
[12:06:13]   shortcut audit: target-channel-only AUROC 0.498 (0.5 = no marginal shortcut)
[12:06:13]   baseline gaussian_fitted: fit 0.00s · 152 params · selection {'shrinkage': 0.001}
[12:06:14]   baseline lowrank_fitted: fit 0.05s · 160 params · selection {'rank': 8}
[12:06:14]   baseline gmm_fitted: fit 0.33s · 152 params · selection {'components': 1, 'reg': 0.0001}
[12:06:14]   diagnosis: full (4.0 observed on average), 400 paired windows, 5 method(s)
[12:06:14]   diagnosis: random1:0 (3.0 observed on average), 400 paired windows, 5 method(s)
[12:06:14]   diagnosis: random2:1-2 (2.0 observed on average), 400 paired windows, 5 method(s)
[12:06:15]   diagnosis: random3:1-2-3 (1.0 observed on average), 400 paired windows, 5 method(s)
[12:06:15]   diagnosis: bank0:0-1 (2.0 observed on average), 400 paired windows, 5 method(s)
[12:06:15]   diagnosis: single_sensor_0 (1.0 observed on average), 400 paired windows, 5 method(s)
[12:06:15]   Diagnosis completed on validation engines only; no confirmatory PASS/FAIL inferred.
[12:06:15] --- stage diagnosis done in 6.7s ---
[12:06:15] === run ok · 6.9s · peak RSS 0.33 GB ===
[20:46:18] === run start · seed13 · seed 13 · hash 4f789696f9b7 ===
[20:46:18] stages ['diagnosis'] · device cpu · dataset synthetic
[20:46:18] --- stage: diagnosis ---
    [pc] epoch   0  nll   26.223  val   25.939
    [pc] epoch  18  nll   19.848  val   20.169
    [pc] epoch  36  nll   17.591  val   18.154
    [pc] epoch  54  nll   17.250  val   17.865
    [pc] epoch  72  nll   17.070  val   17.731
    [pc] epoch  90  nll   16.695  val   17.304
    [pc] epoch 108  nll   16.503  val   17.164
    [pc] epoch 126  nll   16.459  val   17.142
    [pc] epoch 144  nll   16.443  val   17.141
[20:46:22]   pc_train_nll: first=26.2231 last=16.4213 (150 epochs)
[20:46:22]   pc_train_objective: first=26.2231 last=16.4213 (150 epochs)
[20:46:22]   pc_selection_loss: first=25.9387 last=17.0857 (150 epochs)
[20:46:22]   pc_val_nll: first=25.9387 last=17.0857 (150 epochs)
[20:46:22]   pc: fit 4.0s · 1,488 params · score sd 3.737 · device cpu · layered · 38,398 win/s
[20:46:22]   pc: validation on 200 windows from explicit subset of held-out units · best epoch 149 of 150 · val nll 17.086
[20:46:22]   shortcut audit: target-channel-only AUROC 0.498 (0.5 = no marginal shortcut)
[20:46:22]   baseline gaussian_fitted: fit 0.00s · 152 params · selection {'shrinkage': 0.001}
[20:46:22]   baseline lowrank_fitted: fit 0.03s · 160 params · selection {'rank': 8}
[20:46:23]   baseline gmm_fitted: fit 0.27s · 152 params · selection {'components': 1, 'reg': 0.0001}
[20:46:23]   diagnosis: full (4.0 observed on average), 400 paired windows, 5 method(s)
[20:46:23]   diagnosis: random1:0 (3.0 observed on average), 400 paired windows, 5 method(s)
[20:46:23]   diagnosis: random2:1-2 (2.0 observed on average), 400 paired windows, 5 method(s)
[20:46:23]   diagnosis: random3:1-2-3 (1.0 observed on average), 400 paired windows, 5 method(s)
[20:46:23]   diagnosis: bank0:0-1 (2.0 observed on average), 400 paired windows, 5 method(s)
[20:46:23]   diagnosis: single_sensor_0 (1.0 observed on average), 400 paired windows, 5 method(s)
[20:46:24]   Diagnosis completed on validation engines only; no confirmatory PASS/FAIL inferred.
[20:46:24] --- stage diagnosis done in 5.3s ---
[20:46:24] === run ok · 5.4s · peak RSS 0.367 GB ===
