[16:41:00] === run start · seed2 · seed 2 · hash 4b1759820913 ===
[16:41:00] stages ['ad'] · device cuda · dataset cmapss:FD001
[16:41:00] --- stage: ad ---
[16:41:00]   data: FleetPair(cmapss:FD001: train=100 units, test=100 units, C=15, regimes=3, cap=125)  (0.1s)
[16:41:00]   task: {'kind': 'ad', 'n_train': 5290, 'n_test': 4608, 'd': 300, 'window': 20, 'n_channels': 15, 'anomaly_rate': 0.1265190988779068, 'kind_counts': {'normal': 4025, 'offset': 105, 'drift': 102, 'spike': 111, 'decouple': 94, 'desync': 125, 'organic': 46}, 'train_units': 100, 'test_units': 100, 'n_regimes': 3, 'seed': 2, 'per_regime_norm': True, 'official_test_fleet': True, 'dataset': 'cmapss:FD001', 'cap': 125.0, 'subset': 'FD001', 'dropped_constant_sensors': 6, 'source': 'NASA C-MAPSS (real)'}
    [pc] epoch   0  nll 12304.467
    [pc] epoch   6  nll  141.361
    [pc] epoch  12  nll  134.940
    [pc] epoch  18  nll  134.055
    [pc] epoch  24  nll  132.890
    [pc] epoch  30  nll  132.614
    [pc] epoch  36  nll  131.848
    [pc] epoch  42  nll  131.794
    [pc] epoch  48  nll  134.560
[16:41:09]   pc_train_nll: first=12304.4674 last=131.9456 (50 epochs)
[16:41:09]   pc: fit 9.4s · 41,328 params · score sd 18.277 · device cuda · layered · 28,084 win/s
[16:41:10]   typed decomposition (mean worst-channel surprise):
[16:41:10]        normal  n= 4025  marginal    23.45  conditional    23.16  structural     4.52
[16:41:10]      decouple  n=   94  marginal    23.27  conditional    22.86  structural     4.22
[16:41:10]        desync  n=  125  marginal    23.42  conditional    39.94  structural    25.14
[16:41:10]         drift  n=  102  marginal   391.90  conditional   463.79  structural    95.26
[16:41:10]        offset  n=  105  marginal   283.95  conditional   369.52  structural   110.61
[16:41:10]       organic  n=   46  marginal   109.20  conditional   156.08  structural    86.23
[16:41:10]         spike  n=  111  marginal    49.76  conditional    61.60  structural    16.06
[16:41:10] --- stage ad done in 10.6s ---
[16:41:10] === run ok · 10.6s · peak RSS 1.627 GB ===
[16:02:44] === run start · seed2 · seed 2 · hash 89e1c7cf8018 ===
[16:02:44] stages ['ad'] · device cuda · dataset cmapss:FD001
[16:02:44] --- stage: ad ---
[16:02:44]   data: FleetPair(cmapss:FD001: train=100 units, test=100 units, C=15, regimes=1, cap=125)  (0.1s)
[16:02:44]   task: {'kind': 'ad', 'n_train': 5290, 'n_test': 4608, 'd': 300, 'window': 20, 'n_channels': 15, 'anomaly_rate': 0.1265190988779068, 'kind_counts': {'normal': 4025, 'offset': 105, 'drift': 102, 'spike': 111, 'decouple': 94, 'desync': 125, 'organic': 46}, 'train_units': 100, 'test_units': 100, 'n_regimes': 1, 'seed': 2, 'per_regime_norm': False, 'official_test_fleet': True, 'dataset': 'cmapss:FD001', 'cap': 125.0, 'subset': 'FD001', 'dropped_constant_sensors': 6, 'source': 'NASA C-MAPSS (real)', 'source_name': 'cmapss', 'source_kind': 'fleet'}
[16:02:44]   caveat: Ships no anomaly annotations: detection anomalies are injected.
    [pc] epoch   0  nll 31735.866
    [pc] epoch   6  nll  170.558
    [pc] epoch  12  nll  170.942
    [pc] epoch  18  nll  183.192
    [pc] epoch  24  nll  175.941
    [pc] epoch  30  nll  173.347
    [pc] epoch  36  nll  178.067
    [pc] epoch  42  nll  177.706
    [pc] epoch  48  nll  172.114
[16:03:04]   pc_train_nll: first=31735.8664 last=171.7133 (50 epochs)
[16:03:05]   pc: fit 20.4s · 41,328 params · score sd 58.505 · device cuda · layered · 12,991 win/s
[16:03:07]   typed decomposition (mean worst-channel surprise):
[16:03:07]        normal  n= 4025  marginal    26.84  conditional    26.78  structural    21.28
[16:03:07]      decouple  n=   94  marginal    27.19  conditional    27.11  structural    23.57
[16:03:07]        desync  n=  125  marginal    27.67  conditional    28.09  structural    15.78
[16:03:07]         drift  n=  102  marginal 148941.38  conditional 148972.25  structural    41.80
[16:03:07]        offset  n=  105  marginal 93078.25  conditional 93115.53  structural    47.04
[16:03:07]       organic  n=   46  marginal   114.78  conditional   114.43  structural    53.00
[16:03:07]         spike  n=  111  marginal 11870.41  conditional 11875.00  structural    21.99
[16:03:07] --- stage ad done in 23.3s ---
[16:03:07] === run ok · 23.4s · peak RSS 1.634 GB ===
[18:14:06] === run start · seed2 · seed 2 · hash 5db6d437dc74 ===
[18:14:06] stages ['ad'] · device cpu · dataset cmapss:FD001
[18:14:06] --- stage: ad ---
[18:14:06]   data: FleetPair(cmapss:FD001: train=100 units, test=100 units, C=15, regimes=1, cap=125)  (0.1s)
[18:14:06]   task: {'kind': 'ad', 'n_train': 5290, 'n_test': 4608, 'd': 300, 'window': 20, 'n_channels': 15, 'anomaly_rate': 0.1265190988779068, 'kind_counts': {'normal': 4025, 'offset': 105, 'drift': 102, 'spike': 111, 'decouple': 94, 'desync': 125, 'organic': 46}, 'train_units': 100, 'test_units': 100, 'n_regimes': 1, 'seed': 2, 'per_regime_norm': False, 'official_test_fleet': True, 'dataset': 'cmapss:FD001', 'cap': 125.0, 'subset': 'FD001', 'dropped_constant_sensors': 6, 'source': 'NASA C-MAPSS (real)', 'source_name': 'cmapss', 'source_kind': 'fleet'}
[18:14:06]   caveat: Ships no anomaly annotations: detection anomalies are injected.
    [pc] epoch   0  nll 32441.924
    [pc] epoch   6  nll  179.569
    [pc] epoch  12  nll  177.127
    [pc] epoch  18  nll  173.538
    [pc] epoch  24  nll  177.318
    [pc] epoch  30  nll  178.990
    [pc] epoch  36  nll  175.410
    [pc] epoch  42  nll  185.075
    fit chain K=12: 45/50 (90%) · 1.48 it/s · elapsed 00:30 · ETA 00:03
    [pc] epoch  48  nll  174.174
    fit chain K=12: done 50/50 in 00:33
[18:14:41]   pc_train_nll: first=32441.9236 last=178.3018 (50 epochs)
[18:14:42]   pc: fit 35.1s · 41,328 params · score sd 61.755 · device cpu · layered · 7,539 win/s
[18:14:54]   typed decomposition (mean worst-channel surprise):
[18:14:54]        normal  n= 4025  marginal    27.07  conditional    27.03  structural    19.02
[18:14:54]      decouple  n=   94  marginal    27.53  conditional    27.52  structural    21.06
[18:14:54]        desync  n=  125  marginal    27.95  conditional    28.13  structural    13.51
[18:14:54]         drift  n=  102  marginal 132842.94  conditional 132994.84  structural   162.46
[18:14:54]        offset  n=  105  marginal 82830.95  conditional 82912.48  structural    89.66
[18:14:54]       organic  n=   46  marginal   114.18  conditional   114.66  structural    48.60
[18:14:54]         spike  n=  111  marginal 11351.22  conditional 11355.82  structural    20.65
[18:14:54] --- stage ad done in 47.3s ---
[18:14:54] === run ok · 47.3s · peak RSS 0.994 GB ===
