[11:22:39] === run start · seed12 · seed 12 · hash 7369149018ac ===
[11:22:39] stages ['diagnosis'] · device cpu · dataset synthetic
[11:22:39] --- stage: diagnosis ---
    [pc] epoch   0  nll   26.025  val   23.723
    [pc] epoch  18  nll   21.625  val   20.962
    [pc] epoch  36  nll   20.391  val   20.078
    [pc] epoch  54  nll   20.179  val   19.932
    [pc] epoch  72  nll   20.019  val   19.813
    [pc] epoch  90  nll   19.972  val   19.821
    [pc] epoch 108  nll   19.942  val   19.841
    [pc] restored epoch 83 (selected by nll; val nll 19.789, last 19.841)
[11:22:41]   pc_train_nll: first=26.0255 last=19.9425 (109 epochs)
[11:22:41]   pc_train_objective: first=26.0255 last=19.9425 (109 epochs)
[11:22:41]   pc_selection_loss: first=23.7227 last=19.8408 (109 epochs)
[11:22:41]   pc_val_nll: first=23.7227 last=19.8408 (109 epochs)
[11:22:41]   pc: fit 1.8s · 1,488 params · score sd 5.053 · device cpu · layered · 60,456 win/s
[11:22:41]   pc: validation on 200 windows from explicit subset of held-out units · best epoch 83 of 150 · val nll 19.789
[11:22:41]   shortcut audit: target-channel-only AUROC 0.456 (0.5 = no marginal shortcut)
[11:22:41]   diagnosis: full (4.0 observed on average), 400 paired windows, 1 method(s)
[11:22:41]   diagnosis: random1:0 (3.0 observed on average), 400 paired windows, 1 method(s)
[11:22:41]   diagnosis: random2:1-2 (2.0 observed on average), 400 paired windows, 1 method(s)
[11:22:42]   diagnosis: random3:1-2-3 (1.0 observed on average), 400 paired windows, 1 method(s)
[11:22:42]   diagnosis: bank0:0-1 (2.0 observed on average), 400 paired windows, 1 method(s)
[11:22:42]   diagnosis: single_sensor_0 (1.0 observed on average), 400 paired windows, 1 method(s)
[11:22:42]   Diagnosis completed on validation engines only; no confirmatory PASS/FAIL inferred.
[11:22:42] --- stage diagnosis done in 2.2s ---
[11:22:42] === run ok · 2.3s · peak RSS 0.33 GB ===
[11:40:46] === run start · seed12 · seed 12 · hash 0d46f114f507 ===
[11:40:46] stages ['diagnosis'] · device cpu · dataset synthetic
[11:40:46] --- stage: diagnosis ---
    [pc] epoch   0  nll   26.025  val   23.723
    [pc] epoch  18  nll   21.625  val   20.962
    [pc] epoch  36  nll   20.391  val   20.078
    [pc] epoch  54  nll   20.179  val   19.932
    [pc] epoch  72  nll   20.019  val   19.813
    [pc] epoch  90  nll   19.972  val   19.821
    [pc] epoch 108  nll   19.942  val   19.841
    [pc] restored epoch 83 (selected by nll; val nll 19.789, last 19.841)
[11:40:50]   pc_train_nll: first=26.0255 last=19.9425 (109 epochs)
[11:40:50]   pc_train_objective: first=26.0255 last=19.9425 (109 epochs)
[11:40:50]   pc_selection_loss: first=23.7227 last=19.8408 (109 epochs)
[11:40:50]   pc_val_nll: first=23.7227 last=19.8408 (109 epochs)
[11:40:50]   pc: fit 4.2s · 1,488 params · score sd 5.053 · device cpu · layered · 26,808 win/s
[11:40:50]   pc: validation on 200 windows from explicit subset of held-out units · best epoch 83 of 150 · val nll 19.789
[11:40:50]   shortcut audit: target-channel-only AUROC 0.456 (0.5 = no marginal shortcut)
[11:40:50]   diagnosis: full (4.0 observed on average), 400 paired windows, 2 method(s)
[11:40:50]   diagnosis: random1:0 (3.0 observed on average), 400 paired windows, 2 method(s)
[11:40:50]   diagnosis: random2:1-2 (2.0 observed on average), 400 paired windows, 2 method(s)
[11:40:50]   diagnosis: random3:1-2-3 (1.0 observed on average), 400 paired windows, 2 method(s)
[11:40:50]   diagnosis: bank0:0-1 (2.0 observed on average), 400 paired windows, 2 method(s)
[11:40:51]   diagnosis: single_sensor_0 (1.0 observed on average), 400 paired windows, 2 method(s)
[11:40:51]   Diagnosis completed on validation engines only; no confirmatory PASS/FAIL inferred.
[11:40:51] --- stage diagnosis done in 5.2s ---
[11:40:51] === run ok · 5.3s · peak RSS 0.343 GB ===
[19:54:02] === run start · seed12 · seed 12 · hash cf9c862207a1 ===
[19:54:02] stages ['diagnosis'] · device cpu · dataset synthetic
[19:54:02] --- stage: diagnosis ---
    [pc] epoch   0  nll   26.025  val   23.723
    [pc] epoch  18  nll   21.625  val   20.962
    [pc] epoch  36  nll   20.391  val   20.078
    [pc] epoch  54  nll   20.179  val   19.932
    [pc] epoch  72  nll   20.019  val   19.813
    [pc] epoch  90  nll   19.972  val   19.821
    [pc] epoch 108  nll   19.942  val   19.841
    [pc] restored epoch 83 (selected by nll; val nll 19.789, last 19.841)
[19:54:04]   pc_train_nll: first=26.0255 last=19.9425 (109 epochs)
[19:54:04]   pc_train_objective: first=26.0255 last=19.9425 (109 epochs)
[19:54:04]   pc_selection_loss: first=23.7227 last=19.8408 (109 epochs)
[19:54:04]   pc_val_nll: first=23.7227 last=19.8408 (109 epochs)
[19:54:04]   pc: fit 2.2s · 1,488 params · score sd 5.053 · device cpu · layered · 50,733 win/s
[19:54:04]   pc: validation on 200 windows from explicit subset of held-out units · best epoch 83 of 150 · val nll 19.789
[19:54:04]   shortcut audit: target-channel-only AUROC 0.456 (0.5 = no marginal shortcut)
[19:54:04]   diagnosis: full (4.0 observed on average), 400 paired windows, 2 method(s)
[19:54:04]   diagnosis: random1:0 (3.0 observed on average), 400 paired windows, 2 method(s)
[19:54:04]   diagnosis: random2:1-2 (2.0 observed on average), 400 paired windows, 2 method(s)
[19:54:04]   diagnosis: random3:1-2-3 (1.0 observed on average), 400 paired windows, 2 method(s)
[19:54:04]   diagnosis: bank0:0-1 (2.0 observed on average), 400 paired windows, 2 method(s)
[19:54:04]   diagnosis: single_sensor_0 (1.0 observed on average), 400 paired windows, 2 method(s)
[19:54:04]   Diagnosis completed on validation engines only; no confirmatory PASS/FAIL inferred.
[19:54:04] --- stage diagnosis done in 2.7s ---
[19:54:04] === run ok · 2.7s · peak RSS 0.34 GB ===
