[00:24:26] === run start · seed13 · seed 13 · hash ee8445f9a187 ===
[00:24:26] stages ['diagnosis'] · device cpu · dataset cmapss:FD001
[00:24:26] --- stage: diagnosis ---
[00:24:26]   data: FleetPair(cmapss:FD001: train=100 units, test=100 units, C=15, regimes=1, cap=125)  (0.1s)
[00:24:26]   task: {'kind': 'ad', 'n_train': 3882, 'n_val': 1408, 'n_test': 4639, 'd': 300, 'window': 20, 'n_channels': 15, 'anomaly_rate': 0.12976934015750885, 'kind_counts': {'normal': 4037, 'offset': 120, 'drift': 97, 'desync': 107, 'spike': 129, 'decouple': 97, 'organic': 52}, 'train_units': 100, 'val_units': 30, 'test_units': 100, 'n_val_windows': 1408, 'n_regimes': 1, 'seed': 13, 'per_regime_norm': False, 'official_test_fleet': True, 'dataset': 'cmapss:FD001', 'cap': 125.0, 'subset': 'FD001', 'dropped_constant_sensors': 6, 'source': 'NASA C-MAPSS (real)', 'source_name': 'cmapss', 'source_kind': 'fleet'}
[00:24:26]   caveat: Ships no anomaly annotations: detection anomalies are injected.
    [pc] epoch   0  nll  324.498  val  267.715
    fit channel_blocked K=8: 7/400 (2%) · 0.23 it/s · elapsed 00:30 · ETA 28:34
    fit channel_blocked K=8: 12/400 (3%) · 0.18 it/s · elapsed 01:04 · ETA 34:58
    fit channel_blocked K=8: 15/400 (4%) · 0.15 it/s · elapsed 01:40 · ETA 43:01
    fit channel_blocked K=8: 22/400 (6%) · 0.16 it/s · elapsed 02:14 · ETA 38:33
    fit channel_blocked K=8: 28/400 (7%) · 0.17 it/s · elapsed 02:46 · ETA 36:48
    fit channel_blocked K=8: 34/400 (8%) · 0.17 it/s · elapsed 03:17 · ETA 35:28
    fit channel_blocked K=8: 42/400 (10%) · 0.18 it/s · elapsed 03:50 · ETA 32:45
    fit channel_blocked K=8: 50/400 (12%) · 0.19 it/s · elapsed 04:23 · ETA 30:44
    [pc] epoch  50  nll   43.700  val   44.412
    fit channel_blocked K=8: 54/400 (14%) · 0.18 it/s · elapsed 04:55 · ETA 31:31
    fit channel_blocked K=8: 62/400 (16%) · 0.19 it/s · elapsed 05:29 · ETA 29:55
    fit channel_blocked K=8: 65/400 (16%) · 0.18 it/s · elapsed 06:00 · ETA 30:59
    fit channel_blocked K=8: 73/400 (18%) · 0.19 it/s · elapsed 06:34 · ETA 29:25
    fit channel_blocked K=8: 81/400 (20%) · 0.19 it/s · elapsed 07:07 · ETA 28:05
    fit channel_blocked K=8: 88/400 (22%) · 0.19 it/s · elapsed 07:43 · ETA 27:23
    fit channel_blocked K=8: 94/400 (24%) · 0.19 it/s · elapsed 08:14 · ETA 26:49
    [pc] epoch 100  nll   44.023  val   41.265
    fit channel_blocked K=8: 102/400 (26%) · 0.19 it/s · elapsed 08:47 · ETA 25:40
    fit channel_blocked K=8: 109/400 (27%) · 0.20 it/s · elapsed 09:18 · ETA 24:50
    fit channel_blocked K=8: 114/400 (28%) · 0.19 it/s · elapsed 09:52 · ETA 24:47
    fit channel_blocked K=8: 115/400 (29%) · 0.17 it/s · elapsed 10:57 · ETA 27:10
    fit channel_blocked K=8: 122/400 (30%) · 0.18 it/s · elapsed 11:36 · ETA 26:27
    fit channel_blocked K=8: 124/400 (31%) · 0.07 it/s · elapsed 28:29 · ETA 1:03:25
    fit channel_blocked K=8: 127/400 (32%) · 0.06 it/s · elapsed 36:45 · ETA 1:19:01
    fit channel_blocked K=8: 129/400 (32%) · 0.05 it/s · elapsed 43:45 · ETA 1:31:54
    fit channel_blocked K=8: 132/400 (33%) · 0.04 it/s · elapsed 59:51 · ETA 2:01:31
    fit channel_blocked K=8: 140/400 (35%) · 0.04 it/s · elapsed 1:00:23 · ETA 1:52:09
    fit channel_blocked K=8: 143/400 (36%) · 0.03 it/s · elapsed 1:17:42 · ETA 2:19:38
    [pc] epoch 150  nll   49.006  val   49.025
    fit channel_blocked K=8: 151/400 (38%) · 0.03 it/s · elapsed 1:18:16 · ETA 2:09:03
    fit channel_blocked K=8: 155/400 (39%) · 0.03 it/s · elapsed 1:26:14 · ETA 2:16:18
    [pc] restored epoch 96 (selected by nll; val nll 38.621, last 44.603)
[01:50:50]   pc_train_nll: first=324.4976 last=44.1152 (157 epochs)
[01:50:50]   pc_train_objective: first=324.4976 last=44.1152 (157 epochs)
[01:50:50]   pc_selection_loss: first=267.7152 last=44.6033 (157 epochs)
[01:50:50]   pc_val_nll: first=267.7152 last=44.6033 (157 epochs)
[01:50:51]   pc: fit 5184.4s · 174,240 params · score sd 21.547 · device cpu · layered · 118 win/s
[01:50:51]   pc: validation on 496 windows from explicit subset of held-out units · best epoch 96 of 400 · val nll 38.621
[01:50:52]   shortcut audit: target-channel-only AUROC 0.569 (0.5 = no marginal shortcut)
[01:50:52]   baseline gaussian_fitted: fit 0.30s · 45,450 params · selection {'shrinkage': 0.01}
[01:50:53]   detection comparators: ['knn_refit', 'knn_impute', 'mahalanobis_refit', 'mahalanobis_impute', 'gmm_refit', 'gmm_impute', 'pca_refit', 'pca_impute', 'diag_gaussian_refit', 'diag_gaussian_impute']
[01:50:53]   diagnosis: full (15.0 observed on average), 844 paired windows, 2 method(s)
[01:50:57]   diagnosis: random1:1 (14.0 observed on average), 844 paired windows, 2 method(s)
[01:51:00]   diagnosis: random3:5-8-14 (12.0 observed on average), 844 paired windows, 2 method(s)
[01:51:04]   diagnosis: random7:3-4-8-10-11-12-14 (8.0 observed on average), 844 paired windows, 2 method(s)
[01:51:07]   diagnosis: bank0:0-1-2-4-5-7-8 (8.0 observed on average), 844 paired windows, 2 method(s)
[01:51:09]   diagnosis: bank1:3 (14.0 observed on average), 844 paired windows, 2 method(s)
[01:51:13]   diagnosis: bank2:6-10 (13.0 observed on average), 844 paired windows, 2 method(s)
[01:51:16]   diagnosis: single_sensor_0 (1.0 observed on average), 844 paired windows, 2 method(s)
[01:51:18]   Diagnosis completed on validation engines only; no confirmatory PASS/FAIL inferred.
[01:51:18] --- stage diagnosis done in 5212.6s ---
[01:51:18] === run ok · 5212.7s · peak RSS 1.575 GB ===
