[11:23:23] === run start · seed13 · seed 13 · hash 11c596b08384 ===
[11:23:23] stages ['diagnosis'] · device cpu · dataset synthetic
[11:23:23] --- stage: diagnosis ---
    [pc] epoch   0  nll   26.241  val   25.977
    [pc] epoch  18  nll   21.993  val   22.354
    [pc] epoch  36  nll   20.431  val   20.658
    [pc] epoch  54  nll   19.756  val   20.079
    [pc] epoch  72  nll   19.567  val   19.922
    [pc] epoch  90  nll   19.432  val   19.837
    [pc] epoch 108  nll   19.216  val   19.696
    [pc] epoch 126  nll   19.159  val   19.675
    [pc] epoch 144  nll   19.140  val   19.679
    [pc] restored epoch 138 (selected by objective; val nll 19.653, last 19.683)
[11:23:34]   pc_train_nll: first=26.2405 last=19.1270 (150 epochs)
[11:23:34]   pc_train_objective: first=31.5223 last=22.8360 (150 epochs)
[11:23:34]   pc_selection_loss: first=31.1726 last=23.5588 (150 epochs)
[11:23:34]   pc_val_nll: first=25.9772 last=19.6830 (150 epochs)
[11:23:34]   pc: fit 11.0s · 1,488 params · score sd 4.383 · device cpu · layered · 13,928 win/s
[11:23:34]   pc: validation on 200 windows from explicit subset of held-out units · best epoch 138 of 150 · val nll 19.653
[11:23:34]   shortcut audit: target-channel-only AUROC 0.498 (0.5 = no marginal shortcut)
[11:23:34]   diagnosis: full (4.0 observed on average), 400 paired windows, 1 method(s)
[11:23:34]   diagnosis: random1:0 (3.0 observed on average), 400 paired windows, 1 method(s)
[11:23:34]   diagnosis: random2:1-2 (2.0 observed on average), 400 paired windows, 1 method(s)
[11:23:35]   diagnosis: random3:1-2-3 (1.0 observed on average), 400 paired windows, 1 method(s)
[11:23:35]   diagnosis: bank0:0-1 (2.0 observed on average), 400 paired windows, 1 method(s)
[11:23:35]   diagnosis: single_sensor_0 (1.0 observed on average), 400 paired windows, 1 method(s)
[11:23:35]   Diagnosis completed on validation engines only; no confirmatory PASS/FAIL inferred.
[11:23:35] --- stage diagnosis done in 11.4s ---
[11:23:35] === run ok · 11.5s · peak RSS 0.33 GB ===
[11:42:07] === run start · seed13 · seed 13 · hash ee340f3a3c84 ===
[11:42:07] stages ['diagnosis'] · device cpu · dataset synthetic
[11:42:07] --- stage: diagnosis ---
    [pc] epoch   0  nll   26.241  val   25.977
    [pc] epoch  18  nll   21.993  val   22.354
    [pc] epoch  36  nll   20.431  val   20.658
    [pc] epoch  54  nll   19.756  val   20.079
    [pc] epoch  72  nll   19.567  val   19.922
    [pc] epoch  90  nll   19.432  val   19.837
    [pc] epoch 108  nll   19.216  val   19.696
    [pc] epoch 126  nll   19.159  val   19.675
    [pc] epoch 144  nll   19.140  val   19.679
    [pc] restored epoch 138 (selected by objective; val nll 19.653, last 19.683)
[11:42:23]   pc_train_nll: first=26.2405 last=19.1270 (150 epochs)
[11:42:23]   pc_train_objective: first=31.5223 last=22.8360 (150 epochs)
[11:42:23]   pc_selection_loss: first=31.1726 last=23.5588 (150 epochs)
[11:42:23]   pc_val_nll: first=25.9772 last=19.6830 (150 epochs)
[11:42:23]   pc: fit 15.7s · 1,488 params · score sd 4.383 · device cpu · layered · 9,757 win/s
[11:42:23]   pc: validation on 200 windows from explicit subset of held-out units · best epoch 138 of 150 · val nll 19.653
[11:42:23]   shortcut audit: target-channel-only AUROC 0.498 (0.5 = no marginal shortcut)
[11:42:23]   diagnosis: full (4.0 observed on average), 400 paired windows, 2 method(s)
[11:42:23]   diagnosis: random1:0 (3.0 observed on average), 400 paired windows, 2 method(s)
[11:42:24]   diagnosis: random2:1-2 (2.0 observed on average), 400 paired windows, 2 method(s)
[11:42:24]   diagnosis: random3:1-2-3 (1.0 observed on average), 400 paired windows, 2 method(s)
[11:42:24]   diagnosis: bank0:0-1 (2.0 observed on average), 400 paired windows, 2 method(s)
[11:42:24]   diagnosis: single_sensor_0 (1.0 observed on average), 400 paired windows, 2 method(s)
[11:42:24]   Diagnosis completed on validation engines only; no confirmatory PASS/FAIL inferred.
[11:42:24] --- stage diagnosis done in 16.7s ---
[11:42:24] === run ok · 16.8s · peak RSS 0.362 GB ===
[19:55:26] === run start · seed13 · seed 13 · hash 5b66a15c8715 ===
[19:55:26] stages ['diagnosis'] · device cpu · dataset synthetic
[19:55:26] --- stage: diagnosis ---
    [pc] epoch   0  nll   26.241  val   25.977
    [pc] epoch  18  nll   21.993  val   22.354
    [pc] epoch  36  nll   20.431  val   20.658
    [pc] epoch  54  nll   19.756  val   20.079
    [pc] epoch  72  nll   19.567  val   19.922
    [pc] epoch  90  nll   19.432  val   19.837
    [pc] epoch 108  nll   19.216  val   19.696
    [pc] epoch 126  nll   19.159  val   19.675
    [pc] epoch 144  nll   19.140  val   19.679
    [pc] restored epoch 138 (selected by objective; val nll 19.653, last 19.683)
[19:55:36]   pc_train_nll: first=26.2405 last=19.1270 (150 epochs)
[19:55:36]   pc_train_objective: first=31.5223 last=22.8360 (150 epochs)
[19:55:36]   pc_selection_loss: first=31.1726 last=23.5588 (150 epochs)
[19:55:36]   pc_val_nll: first=25.9772 last=19.6830 (150 epochs)
[19:55:36]   pc: fit 10.4s · 1,488 params · score sd 4.383 · device cpu · layered · 14,787 win/s
[19:55:36]   pc: validation on 200 windows from explicit subset of held-out units · best epoch 138 of 150 · val nll 19.653
[19:55:36]   shortcut audit: target-channel-only AUROC 0.498 (0.5 = no marginal shortcut)
[19:55:36]   diagnosis: full (4.0 observed on average), 400 paired windows, 2 method(s)
[19:55:36]   diagnosis: random1:0 (3.0 observed on average), 400 paired windows, 2 method(s)
[19:55:36]   diagnosis: random2:1-2 (2.0 observed on average), 400 paired windows, 2 method(s)
[19:55:36]   diagnosis: random3:1-2-3 (1.0 observed on average), 400 paired windows, 2 method(s)
[19:55:36]   diagnosis: bank0:0-1 (2.0 observed on average), 400 paired windows, 2 method(s)
[19:55:37]   diagnosis: single_sensor_0 (1.0 observed on average), 400 paired windows, 2 method(s)
[19:55:37]   Diagnosis completed on validation engines only; no confirmatory PASS/FAIL inferred.
[19:55:37] --- stage diagnosis done in 10.9s ---
[19:55:37] === run ok · 10.9s · peak RSS 0.367 GB ===
