[16:41:10] === run start · seed0 · seed 0 · hash 50ab3e42d870 ===
[16:41:10] stages ['ad'] · device cuda · dataset cmapss:FD001
[16:41:10] --- stage: ad ---
[16:41:10]   data: FleetPair(cmapss:FD001: train=100 units, test=100 units, C=15, regimes=3, cap=125)  (0.1s)
[16:41:10]   task: {'kind': 'ad', 'n_train': 5290, 'n_test': 4608, 'd': 300, 'window': 20, 'n_channels': 15, 'anomaly_rate': 0.1317274272441864, 'kind_counts': {'normal': 4001, 'spike': 130, 'offset': 113, 'drift': 102, 'desync': 111, 'decouple': 105, 'organic': 46}, 'train_units': 100, 'test_units': 100, 'n_regimes': 3, 'seed': 0, 'per_regime_norm': True, 'official_test_fleet': True, 'dataset': 'cmapss:FD001', 'cap': 125.0, 'subset': 'FD001', 'dropped_constant_sensors': 6, 'source': 'NASA C-MAPSS (real)'}
    [pc] epoch   0  nll  282.759
    [pc] epoch   6  nll  143.071
    [pc] epoch  12  nll  134.956
    [pc] epoch  18  nll  132.480
    [pc] epoch  24  nll  128.702
    [pc] epoch  30  nll  126.637
    [pc] epoch  36  nll  124.844
    [pc] epoch  42  nll  122.923
    [pc] epoch  48  nll  120.835
[16:41:22]   pc_train_nll: first=282.7592 last=120.7327 (50 epochs)
[16:41:22]   pc: fit 11.2s · 66,528 params · score sd 22.593 · device cuda · layered · 23,672 win/s
[16:41:24]   typed decomposition (mean worst-channel surprise):
[16:41:24]        normal  n= 4001  marginal    23.20  conditional    23.37  structural    11.92
[16:41:24]      decouple  n=  105  marginal    23.85  conditional    23.43  structural    10.91
[16:41:24]        desync  n=  111  marginal    23.12  conditional    35.90  structural    26.80
[16:41:24]         drift  n=  102  marginal    97.57  conditional   138.35  structural    68.30
[16:41:24]        offset  n=  113  marginal   101.54  conditional   152.17  structural    73.83
[16:41:24]       organic  n=   46  marginal   112.23  conditional   141.18  structural    67.38
[16:41:24]         spike  n=  130  marginal    47.65  conditional    53.87  structural    15.80
[16:41:24] --- stage ad done in 13.8s ---
[16:41:24] === run ok · 13.8s · peak RSS 1.627 GB ===
[16:03:07] === run start · seed0 · seed 0 · hash 6061735e5faa ===
[16:03:07] stages ['ad'] · device cuda · dataset cmapss:FD001
[16:03:07] --- stage: ad ---
[16:03:07]   data: FleetPair(cmapss:FD001: train=100 units, test=100 units, C=15, regimes=1, cap=125)  (0.1s)
[16:03:07]   task: {'kind': 'ad', 'n_train': 5290, 'n_test': 4608, 'd': 300, 'window': 20, 'n_channels': 15, 'anomaly_rate': 0.1317274272441864, 'kind_counts': {'normal': 4001, 'spike': 130, 'offset': 113, 'drift': 102, 'desync': 111, 'decouple': 105, 'organic': 46}, 'train_units': 100, 'test_units': 100, 'n_regimes': 1, 'seed': 0, 'per_regime_norm': False, 'official_test_fleet': True, 'dataset': 'cmapss:FD001', 'cap': 125.0, 'subset': 'FD001', 'dropped_constant_sensors': 6, 'source': 'NASA C-MAPSS (real)', 'source_name': 'cmapss', 'source_kind': 'fleet'}
[16:03:07]   caveat: Ships no anomaly annotations: detection anomalies are injected.
    [pc] epoch   0  nll  241.865
    [pc] epoch   6  nll  110.655
    [pc] epoch  12  nll   96.428
    [pc] epoch  18  nll  102.074
    [pc] epoch  24  nll  111.853
    [pc] epoch  30  nll  111.658
    [pc] epoch  36  nll   90.895
    [pc] epoch  42  nll   90.902
    [pc] epoch  48  nll   91.147
[16:03:28]   pc_train_nll: first=241.8651 last=91.8212 (50 epochs)
[16:03:28]   pc: fit 21.0s · 66,528 params · score sd 24.743 · device cuda · layered · 12,608 win/s
[16:03:31]   typed decomposition (mean worst-channel surprise):
[16:03:31]        normal  n= 4001  marginal    23.42  conditional    23.82  structural     7.52
[16:03:31]      decouple  n=  105  marginal    24.19  conditional    24.30  structural     7.12
[16:03:31]        desync  n=  111  marginal    23.22  conditional    33.09  structural    20.19
[16:03:31]         drift  n=  102  marginal   238.98  conditional   308.98  structural    86.67
[16:03:31]        offset  n=  113  marginal   160.80  conditional   213.44  structural    74.88
[16:03:31]       organic  n=   46  marginal   111.67  conditional   133.22  structural    56.21
[16:03:31]         spike  n=  130  marginal    51.05  conditional    57.81  structural    12.27
[16:03:31] --- stage ad done in 24.1s ---
[16:03:31] === run ok · 24.1s · peak RSS 1.634 GB ===
[18:14:54] === run start · seed0 · seed 0 · hash 70fd6ba2c5eb ===
[18:14:54] stages ['ad'] · device cpu · dataset cmapss:FD001
[18:14:54] --- stage: ad ---
[18:14:54]   data: FleetPair(cmapss:FD001: train=100 units, test=100 units, C=15, regimes=1, cap=125)  (0.1s)
[18:14:54]   task: {'kind': 'ad', 'n_train': 5290, 'n_test': 4608, 'd': 300, 'window': 20, 'n_channels': 15, 'anomaly_rate': 0.1317274272441864, 'kind_counts': {'normal': 4001, 'spike': 130, 'offset': 113, 'drift': 102, 'desync': 111, 'decouple': 105, 'organic': 46}, 'train_units': 100, 'test_units': 100, 'n_regimes': 1, 'seed': 0, 'per_regime_norm': False, 'official_test_fleet': True, 'dataset': 'cmapss:FD001', 'cap': 125.0, 'subset': 'FD001', 'dropped_constant_sensors': 6, 'source': 'NASA C-MAPSS (real)', 'source_name': 'cmapss', 'source_kind': 'fleet'}
[18:14:54]   caveat: Ships no anomaly annotations: detection anomalies are injected.
    [pc] epoch   0  nll  244.867
    [pc] epoch   6  nll  111.271
    [pc] epoch  12  nll   97.474
    [pc] epoch  18  nll  101.237
    [pc] epoch  24  nll  108.200
    [pc] epoch  30  nll  106.570
    fit chain K=12: 32/50 (64%) · 1.04 it/s · elapsed 00:30 · ETA 00:17
    [pc] epoch  36  nll  102.437
    [pc] epoch  42  nll   94.949
    [pc] epoch  48  nll   99.157
    fit chain K=12: done 50/50 in 00:47
[18:15:43]   pc_train_nll: first=244.8668 last=96.3748 (50 epochs)
[18:15:43]   pc: fit 49.2s · 66,528 params · score sd 24.348 · device cpu · layered · 5,379 win/s
[18:16:04]   typed decomposition (mean worst-channel surprise):
[18:16:04]        normal  n= 4001  marginal    23.66  conditional    23.90  structural     6.13
[18:16:04]      decouple  n=  105  marginal    24.44  conditional    24.47  structural     5.52
[18:16:04]        desync  n=  111  marginal    23.39  conditional    32.57  structural    18.13
[18:16:04]         drift  n=  102  marginal   244.19  conditional   308.55  structural    80.75
[18:16:04]        offset  n=  113  marginal   156.14  conditional   204.52  structural    67.38
[18:16:04]       organic  n=   46  marginal   110.19  conditional   129.42  structural    51.72
[18:16:04]         spike  n=  130  marginal    47.70  conditional    53.00  structural    10.63
[18:16:04] --- stage ad done in 70.1s ---
[18:16:04] === run ok · 70.1s · peak RSS 1.084 GB ===
