[15:59:46] === run start · seed0 · seed 0 · hash 4f8c7906d8d8 ===
[15:59:46] stages ['ad'] · device cuda · dataset cmapss:FD001
[15:59:46] --- stage: ad ---
[15:59:46]   data: FleetPair(cmapss:FD001: train=100 units, test=100 units, C=15, regimes=3, cap=125)  (0.1s)
[15:59:46]   task: {'kind': 'ad', 'n_train': 5290, 'n_test': 4608, 'd': 300, 'window': 20, 'n_channels': 15, 'anomaly_rate': 0.1317274272441864, 'kind_counts': {'normal': 4001, 'spike': 130, 'offset': 113, 'drift': 102, 'desync': 111, 'decouple': 105, 'organic': 46}, 'train_units': 100, 'test_units': 100, 'n_regimes': 3, 'seed': 0, 'per_regime_norm': True, 'official_test_fleet': True, 'dataset': 'cmapss:FD001', 'cap': 125.0, 'subset': 'FD001', 'dropped_constant_sensors': 6, 'source': 'NASA C-MAPSS (real)'}
    [pc] epoch   0  nll 11962.810
    [pc] epoch   6  nll  182.239
    [pc] epoch  12  nll  144.441
    [pc] epoch  18  nll  134.039
    [pc] epoch  24  nll  122.266
    [pc] epoch  30  nll  115.834
    [pc] epoch  36  nll  104.408
    [pc] epoch  42  nll   97.337
    [pc] epoch  48  nll   92.330
[16:00:03]   pc_train_nll: first=11962.8102 last=92.0316 (50 epochs)
[16:00:03]   pc: fit 17.2s · 157,440 params · score sd 17.027 · device cuda · layered · 15,351 win/s
[16:00:06]   typed decomposition (mean worst-channel surprise):
[16:00:06]        normal  n= 4001  marginal    23.28  conditional    22.52  structural     0.84
[16:00:06]      decouple  n=  105  marginal    23.66  conditional    22.81  structural     0.84
[16:00:06]        desync  n=  111  marginal    23.33  conditional    23.58  structural     3.94
[16:00:06]         drift  n=  102  marginal   455.33  conditional   456.36  structural     6.70
[16:00:06]        offset  n=  113  marginal   298.24  conditional   300.55  structural     7.33
[16:00:06]       organic  n=   46  marginal   123.63  conditional   122.60  structural     1.99
[16:00:06]         spike  n=  130  marginal    65.08  conditional    64.31  structural     1.07
[16:00:06] --- stage ad done in 20.5s ---
[16:00:06] === run ok · 20.5s · peak RSS 1.735 GB ===
[15:11:09] === run start · seed0 · seed 0 · hash 08140c9fdd25 ===
[15:11:09] stages ['ad'] · device cuda · dataset cmapss:FD001
[15:11:09] --- stage: ad ---
[15:11:09]   data: FleetPair(cmapss:FD001: train=100 units, test=100 units, C=15, regimes=1, cap=125)  (0.1s)
[15:11:09]   task: {'kind': 'ad', 'n_train': 5290, 'n_test': 4608, 'd': 300, 'window': 20, 'n_channels': 15, 'anomaly_rate': 0.1317274272441864, 'kind_counts': {'normal': 4001, 'spike': 130, 'offset': 113, 'drift': 102, 'desync': 111, 'decouple': 105, 'organic': 46}, 'train_units': 100, 'test_units': 100, 'n_regimes': 1, 'seed': 0, 'per_regime_norm': False, 'official_test_fleet': True, 'dataset': 'cmapss:FD001', 'cap': 125.0, 'subset': 'FD001', 'dropped_constant_sensors': 6, 'source': 'NASA C-MAPSS (real)', 'source_name': 'cmapss', 'source_kind': 'fleet'}
[15:11:09]   caveat: Ships no anomaly annotations: detection anomalies are injected.
    [pc] epoch   0  nll 30939.466
    [pc] epoch   6  nll  106.040
    [pc] epoch  12  nll   83.712
    [pc] epoch  18  nll   69.070
    [pc] epoch  24  nll   57.870
    [pc] epoch  30  nll   53.782
    [pc] epoch  36  nll   47.042
    [pc] epoch  42  nll   57.541
    fit channel K=8: 48/50 (96%) · 1.60 it/s · elapsed 00:30 · ETA 00:01
    [pc] epoch  48  nll   61.047
    fit channel K=8: done 50/50 in 00:31
[15:11:46]   pc_train_nll: first=30939.4665 last=58.0723 (50 epochs)
[15:11:46]   pc: fit 37.5s · 157,440 params · score sd 16.584 · device cuda · layered · 7,053 win/s
[15:11:53]   typed decomposition (mean worst-channel surprise):
[15:11:53]        normal  n= 4001  marginal    23.28  conditional    22.62  structural     0.96
[15:11:53]      decouple  n=  105  marginal    23.58  conditional    22.92  structural     1.03
[15:11:53]        desync  n=  111  marginal    23.36  conditional    23.41  structural     3.33
[15:11:53]         drift  n=  102  marginal 151257.67  conditional 151259.34  structural     6.44
[15:11:53]        offset  n=  113  marginal 66665.60  conditional 66667.92  structural     6.64
[15:11:53]       organic  n=   46  marginal   110.64  conditional   109.70  structural     2.36
[15:11:53]         spike  n=  130  marginal  9001.17  conditional  9000.53  structural     1.00
[15:11:53] --- stage ad done in 44.8s ---
[15:11:53] === run ok · 44.8s · peak RSS 1.733 GB ===
[18:44:45] === run start · seed0 · seed 0 · hash f81c56e7a3e9 ===
[18:44:45] stages ['ad'] · device cpu · dataset cmapss:FD001
[18:44:45] --- stage: ad ---
[18:44:45]   data: FleetPair(cmapss:FD001: train=100 units, test=100 units, C=15, regimes=1, cap=125)  (0.1s)
[18:44:45]   task: {'kind': 'ad', 'n_train': 5290, 'n_test': 4608, 'd': 300, 'window': 20, 'n_channels': 15, 'anomaly_rate': 0.1317274272441864, 'kind_counts': {'normal': 4001, 'spike': 130, 'offset': 113, 'drift': 102, 'desync': 111, 'decouple': 105, 'organic': 46}, 'train_units': 100, 'test_units': 100, 'n_regimes': 1, 'seed': 0, 'per_regime_norm': False, 'official_test_fleet': True, 'dataset': 'cmapss:FD001', 'cap': 125.0, 'subset': 'FD001', 'dropped_constant_sensors': 6, 'source': 'NASA C-MAPSS (real)', 'source_name': 'cmapss', 'source_kind': 'fleet'}
[18:44:45]   caveat: Ships no anomaly annotations: detection anomalies are injected.
    [pc] epoch   0  nll 31294.876
    [pc] epoch   6  nll  107.966
    fit channel K=8: 7/50 (14%) · 0.23 it/s · elapsed 00:31 · ETA 03:10
    [pc] epoch  12  nll   77.258
    fit channel K=8: 14/50 (28%) · 0.23 it/s · elapsed 01:02 · ETA 02:39
    [pc] epoch  18  nll   69.543
    fit channel K=8: 21/50 (42%) · 0.23 it/s · elapsed 01:33 · ETA 02:08
    [pc] epoch  24  nll   56.579
    fit channel K=8: 28/50 (56%) · 0.23 it/s · elapsed 02:04 · ETA 01:37
    [pc] epoch  30  nll   54.972
    fit channel K=8: 35/50 (70%) · 0.22 it/s · elapsed 02:35 · ETA 01:06
    [pc] epoch  36  nll   47.442
    fit channel K=8: 42/50 (84%) · 0.22 it/s · elapsed 03:07 · ETA 00:35
    [pc] epoch  42  nll   46.468
    [pc] epoch  48  nll   50.702
    fit channel K=8: 49/50 (98%) · 0.22 it/s · elapsed 03:38 · ETA 00:04
    fit channel K=8: done 50/50 in 03:42
[18:48:29]   pc_train_nll: first=31294.8758 last=50.3242 (50 epochs)
[18:48:30]   pc: fit 224.5s · 157,440 params · score sd 17.000 · device cpu · layered · 1,178 win/s
    typed decomposition (per channel): 6/15 (40%) · 0.17 it/s · elapsed 00:35 · ETA 00:52
    typed decomposition (per channel): 12/15 (80%) · 0.17 it/s · elapsed 01:10 · ETA 00:17
    typed decomposition (per channel): done 15/15 in 01:28
[18:50:01]   typed decomposition (mean worst-channel surprise):
[18:50:01]        normal  n= 4001  marginal    23.22  conditional    22.49  structural     0.94
[18:50:01]      decouple  n=  105  marginal    23.57  conditional    22.80  structural     1.04
[18:50:01]        desync  n=  111  marginal    23.25  conditional    23.38  structural     3.61
[18:50:01]         drift  n=  102  marginal 145969.77  conditional 145971.64  structural     6.54
[18:50:01]        offset  n=  113  marginal 65247.62  conditional 65250.40  structural     6.95
[18:50:01]       organic  n=   46  marginal   115.75  conditional   115.20  structural     3.61
[18:50:01]         spike  n=  130  marginal  9085.78  conditional  9085.04  structural     1.15
[18:50:01] --- stage ad done in 316.4s ---
[18:50:01] === run ok · 316.4s · peak RSS 1.591 GB ===
