[16:02:41] === run start · seed2 · seed 2 · hash aac4eb99237a ===
[16:02:41] stages ['ad'] · device cuda · dataset cmapss:FD001
[16:02:41] --- stage: ad ---
[16:02:41]   data: FleetPair(cmapss:FD001: train=100 units, test=100 units, C=15, regimes=3, cap=125)  (0.1s)
[16:02:41]   task: {'kind': 'ad', 'n_train': 5290, 'n_test': 4608, 'd': 300, 'window': 20, 'n_channels': 15, 'anomaly_rate': 0.1265190988779068, 'kind_counts': {'normal': 4025, 'offset': 105, 'drift': 102, 'spike': 111, 'decouple': 94, 'desync': 125, 'organic': 46}, 'train_units': 100, 'test_units': 100, 'n_regimes': 3, 'seed': 2, 'per_regime_norm': True, 'official_test_fleet': True, 'dataset': 'cmapss:FD001', 'cap': 125.0, 'subset': 'FD001', 'dropped_constant_sensors': 6, 'source': 'NASA C-MAPSS (real)'}
    [pc] epoch   0  nll 12361.616
    [pc] epoch   6  nll  199.121
    [pc] epoch  12  nll  157.102
    [pc] epoch  18  nll  141.383
    [pc] epoch  24  nll  131.381
    [pc] epoch  30  nll  112.517
    [pc] epoch  36  nll  108.215
    [pc] epoch  42  nll  105.134
    [pc] epoch  48  nll  103.449
[16:03:01]   pc_train_nll: first=12361.6156 last=103.0206 (50 epochs)
[16:03:02]   pc: fit 20.6s · 157,440 params · score sd 17.748 · device cuda · layered · 12,814 win/s
[16:03:06]   typed decomposition (mean worst-channel surprise):
[16:03:06]        normal  n= 4025  marginal    23.40  conditional    22.65  structural     1.60
[16:03:06]      decouple  n=   94  marginal    23.10  conditional    22.26  structural     1.37
[16:03:06]        desync  n=  125  marginal    23.22  conditional    36.69  structural    20.36
[16:03:06]         drift  n=  102  marginal   401.84  conditional   416.74  structural    40.88
[16:03:06]        offset  n=  105  marginal   318.86  conditional   339.23  structural    49.56
[16:03:06]       organic  n=   46  marginal   124.17  conditional   110.81  structural     0.88
[16:03:06]         spike  n=  111  marginal    65.38  conditional    65.08  structural     2.06
[16:03:06] --- stage ad done in 25.3s ---
[16:03:06] === run ok · 25.3s · peak RSS 1.772 GB ===
[15:17:30] === run start · seed2 · seed 2 · hash bb1af713883c ===
[15:17:30] stages ['ad'] · device cuda · dataset cmapss:FD001
[15:17:30] --- stage: ad ---
[15:17:30]   data: FleetPair(cmapss:FD001: train=100 units, test=100 units, C=15, regimes=1, cap=125)  (0.1s)
[15:17:30]   task: {'kind': 'ad', 'n_train': 5290, 'n_test': 4608, 'd': 300, 'window': 20, 'n_channels': 15, 'anomaly_rate': 0.1265190988779068, 'kind_counts': {'normal': 4025, 'offset': 105, 'drift': 102, 'spike': 111, 'decouple': 94, 'desync': 125, 'organic': 46}, 'train_units': 100, 'test_units': 100, 'n_regimes': 1, 'seed': 2, 'per_regime_norm': False, 'official_test_fleet': True, 'dataset': 'cmapss:FD001', 'cap': 125.0, 'subset': 'FD001', 'dropped_constant_sensors': 6, 'source': 'NASA C-MAPSS (real)', 'source_name': 'cmapss', 'source_kind': 'fleet'}
[15:17:30]   caveat: Ships no anomaly annotations: detection anomalies are injected.
    [pc] epoch   0  nll 32071.719
    [pc] epoch   6  nll  129.536
    [pc] epoch  12  nll   81.862
    [pc] epoch  18  nll   73.606
    [pc] epoch  24  nll   66.375
    [pc] epoch  30  nll   72.198
    [pc] epoch  36  nll   58.656
    fit chow_liu K=8: 40/50 (80%) · 1.32 it/s · elapsed 00:30 · ETA 00:07
    [pc] epoch  42  nll   61.868
    [pc] epoch  48  nll   76.935
    fit chow_liu K=8: done 50/50 in 00:37
[15:18:14]   pc_train_nll: first=32071.7188 last=67.7429 (50 epochs)
[15:18:15]   pc: fit 43.9s · 157,440 params · score sd 15.589 · device cuda · layered · 6,019 win/s
[15:18:24]   typed decomposition (mean worst-channel surprise):
[15:18:24]        normal  n= 4025  marginal    23.26  conditional    22.77  structural     1.85
[15:18:24]      decouple  n=   94  marginal    22.98  conditional    22.19  structural     1.58
[15:18:24]        desync  n=  125  marginal    23.17  conditional    37.42  structural    21.51
[15:18:24]         drift  n=  102  marginal 139189.36  conditional 139206.86  structural    40.82
[15:18:24]        offset  n=  105  marginal 85966.34  conditional 85989.82  structural    52.80
[15:18:24]       organic  n=   46  marginal   187.29  conditional   176.79  structural     1.25
[15:18:24]         spike  n=  111  marginal 10588.93  conditional 10589.24  structural     2.36
[15:18:24] --- stage ad done in 53.3s ---
[15:18:24] === run ok · 53.3s · peak RSS 1.779 GB ===
[19:29:32] === run start · seed2 · seed 2 · hash 22581e48802f ===
[19:29:32] stages ['ad'] · device cpu · dataset cmapss:FD001
[19:29:32] --- stage: ad ---
[19:29:32]   data: FleetPair(cmapss:FD001: train=100 units, test=100 units, C=15, regimes=1, cap=125)  (0.1s)
[19:29:32]   task: {'kind': 'ad', 'n_train': 5290, 'n_test': 4608, 'd': 300, 'window': 20, 'n_channels': 15, 'anomaly_rate': 0.1265190988779068, 'kind_counts': {'normal': 4025, 'offset': 105, 'drift': 102, 'spike': 111, 'decouple': 94, 'desync': 125, 'organic': 46}, 'train_units': 100, 'test_units': 100, 'n_regimes': 1, 'seed': 2, 'per_regime_norm': False, 'official_test_fleet': True, 'dataset': 'cmapss:FD001', 'cap': 125.0, 'subset': 'FD001', 'dropped_constant_sensors': 6, 'source': 'NASA C-MAPSS (real)', 'source_name': 'cmapss', 'source_kind': 'fleet'}
[19:29:32]   caveat: Ships no anomaly annotations: detection anomalies are injected.
    [pc] epoch   0  nll 31719.169
    fit chow_liu K=8: 6/50 (12%) · 0.19 it/s · elapsed 00:31 · ETA 03:50
    [pc] epoch   6  nll  130.275
    fit chow_liu K=8: 12/50 (24%) · 0.19 it/s · elapsed 01:02 · ETA 03:18
    [pc] epoch  12  nll   95.884
    fit chow_liu K=8: 18/50 (36%) · 0.19 it/s · elapsed 01:34 · ETA 02:47
    [pc] epoch  18  nll   81.062
    fit chow_liu K=8: 24/50 (48%) · 0.19 it/s · elapsed 02:05 · ETA 02:16
    [pc] epoch  24  nll   73.478
    fit chow_liu K=8: 30/50 (60%) · 0.19 it/s · elapsed 02:37 · ETA 01:44
    [pc] epoch  30  nll   71.231
    fit chow_liu K=8: 36/50 (72%) · 0.19 it/s · elapsed 03:08 · ETA 01:13
    [pc] epoch  36  nll   69.871
    fit chow_liu K=8: 42/50 (84%) · 0.19 it/s · elapsed 03:40 · ETA 00:41
    [pc] epoch  42  nll   68.132
    fit chow_liu K=8: 48/50 (96%) · 0.19 it/s · elapsed 04:11 · ETA 00:10
    [pc] epoch  48  nll   67.862
    fit chow_liu K=8: done 50/50 in 04:22
[19:33:56]   pc_train_nll: first=31719.1687 last=73.4690 (50 epochs)
[19:33:57]   pc: fit 264.3s · 157,440 params · score sd 14.795 · device cpu · layered · 1,001 win/s
    typed decomposition (per channel): 5/15 (33%) · 0.16 it/s · elapsed 00:30 · ETA 01:01
    typed decomposition (per channel): 10/15 (67%) · 0.16 it/s · elapsed 01:01 · ETA 00:30
    typed decomposition (per channel): 15/15 (100%) · 0.16 it/s · elapsed 01:32 · ETA 00:00
    typed decomposition (per channel): done 15/15 in 01:32
[19:35:33]   typed decomposition (mean worst-channel surprise):
[19:35:33]        normal  n= 4025  marginal    23.32  conditional    22.82  structural     1.82
[19:35:33]      decouple  n=   94  marginal    23.02  conditional    22.25  structural     1.65
[19:35:33]        desync  n=  125  marginal    23.34  conditional    37.69  structural    21.70
[19:35:33]         drift  n=  102  marginal 146679.14  conditional 146698.12  structural    42.52
[19:35:33]        offset  n=  105  marginal 90768.25  conditional 90794.64  structural    53.30
[19:35:33]       organic  n=   46  marginal   119.67  conditional   110.81  structural     1.05
[19:35:33]         spike  n=  111  marginal 11766.91  conditional 11767.11  structural     2.16
[19:35:33] --- stage ad done in 360.6s ---
[19:35:33] === run ok · 360.6s · peak RSS 1.614 GB ===
