[11:22:42] === run start · seed13 · seed 13 · hash 7369149018ac ===
[11:22:42] stages ['diagnosis'] · device cpu · dataset synthetic
[11:22:42] --- stage: diagnosis ---
    [pc] epoch   0  nll   26.235  val   25.959
    [pc] epoch  18  nll   21.978  val   22.336
    [pc] epoch  36  nll   20.563  val   20.890
    [pc] epoch  54  nll   19.754  val   20.037
    [pc] epoch  72  nll   19.621  val   19.951
    [pc] epoch  90  nll   19.559  val   19.936
    [pc] epoch 108  nll   19.507  val   19.928
    [pc] epoch 126  nll   19.467  val   19.907
    [pc] epoch 144  nll   19.430  val   19.877
    [pc] restored epoch 139 (selected by nll; val nll 19.853, last 19.873)
[11:22:44]   pc_train_nll: first=26.2351 last=19.4174 (150 epochs)
[11:22:44]   pc_train_objective: first=26.2351 last=19.4174 (150 epochs)
[11:22:44]   pc_selection_loss: first=25.9590 last=19.8727 (150 epochs)
[11:22:44]   pc_val_nll: first=25.9590 last=19.8727 (150 epochs)
[11:22:44]   pc: fit 2.5s · 1,488 params · score sd 4.418 · device cpu · layered · 60,957 win/s
[11:22:44]   pc: validation on 200 windows from explicit subset of held-out units · best epoch 139 of 150 · val nll 19.853
[11:22:44]   shortcut audit: target-channel-only AUROC 0.498 (0.5 = no marginal shortcut)
[11:22:44]   diagnosis: full (4.0 observed on average), 400 paired windows, 1 method(s)
[11:22:44]   diagnosis: random1:0 (3.0 observed on average), 400 paired windows, 1 method(s)
[11:22:44]   diagnosis: random2:1-2 (2.0 observed on average), 400 paired windows, 1 method(s)
[11:22:45]   diagnosis: random3:1-2-3 (1.0 observed on average), 400 paired windows, 1 method(s)
[11:22:45]   diagnosis: bank0:0-1 (2.0 observed on average), 400 paired windows, 1 method(s)
[11:22:45]   diagnosis: single_sensor_0 (1.0 observed on average), 400 paired windows, 1 method(s)
[11:22:45]   Diagnosis completed on validation engines only; no confirmatory PASS/FAIL inferred.
[11:22:45] --- stage diagnosis done in 2.9s ---
[11:22:45] === run ok · 3.0s · peak RSS 0.33 GB ===
[11:40:51] === run start · seed13 · seed 13 · hash 0d46f114f507 ===
[11:40:51] stages ['diagnosis'] · device cpu · dataset synthetic
[11:40:51] --- stage: diagnosis ---
    [pc] epoch   0  nll   26.235  val   25.959
    [pc] epoch  18  nll   21.978  val   22.336
    [pc] epoch  36  nll   20.563  val   20.890
    [pc] epoch  54  nll   19.754  val   20.037
    [pc] epoch  72  nll   19.621  val   19.951
    [pc] epoch  90  nll   19.559  val   19.936
    [pc] epoch 108  nll   19.507  val   19.928
    [pc] epoch 126  nll   19.467  val   19.907
    [pc] epoch 144  nll   19.430  val   19.877
    [pc] restored epoch 139 (selected by nll; val nll 19.853, last 19.873)
[11:40:56]   pc_train_nll: first=26.2351 last=19.4174 (150 epochs)
[11:40:56]   pc_train_objective: first=26.2351 last=19.4174 (150 epochs)
[11:40:56]   pc_selection_loss: first=25.9590 last=19.8727 (150 epochs)
[11:40:56]   pc_val_nll: first=25.9590 last=19.8727 (150 epochs)
[11:40:56]   pc: fit 5.1s · 1,488 params · score sd 4.418 · device cpu · layered · 30,062 win/s
[11:40:56]   pc: validation on 200 windows from explicit subset of held-out units · best epoch 139 of 150 · val nll 19.853
[11:40:56]   shortcut audit: target-channel-only AUROC 0.498 (0.5 = no marginal shortcut)
[11:40:56]   diagnosis: full (4.0 observed on average), 400 paired windows, 2 method(s)
[11:40:56]   diagnosis: random1:0 (3.0 observed on average), 400 paired windows, 2 method(s)
[11:40:56]   diagnosis: random2:1-2 (2.0 observed on average), 400 paired windows, 2 method(s)
[11:40:57]   diagnosis: random3:1-2-3 (1.0 observed on average), 400 paired windows, 2 method(s)
[11:40:57]   diagnosis: bank0:0-1 (2.0 observed on average), 400 paired windows, 2 method(s)
[11:40:57]   diagnosis: single_sensor_0 (1.0 observed on average), 400 paired windows, 2 method(s)
[11:40:57]   Diagnosis completed on validation engines only; no confirmatory PASS/FAIL inferred.
[11:40:57] --- stage diagnosis done in 6.0s ---
[11:40:57] === run ok · 6.1s · peak RSS 0.345 GB ===
[19:54:04] === run start · seed13 · seed 13 · hash cf9c862207a1 ===
[19:54:04] stages ['diagnosis'] · device cpu · dataset synthetic
[19:54:04] --- stage: diagnosis ---
    [pc] epoch   0  nll   26.235  val   25.959
    [pc] epoch  18  nll   21.978  val   22.336
    [pc] epoch  36  nll   20.563  val   20.890
    [pc] epoch  54  nll   19.754  val   20.037
    [pc] epoch  72  nll   19.621  val   19.951
    [pc] epoch  90  nll   19.559  val   19.936
    [pc] epoch 108  nll   19.507  val   19.928
    [pc] epoch 126  nll   19.467  val   19.907
    [pc] epoch 144  nll   19.430  val   19.877
    [pc] restored epoch 139 (selected by nll; val nll 19.853, last 19.873)
[19:54:07]   pc_train_nll: first=26.2351 last=19.4174 (150 epochs)
[19:54:07]   pc_train_objective: first=26.2351 last=19.4174 (150 epochs)
[19:54:07]   pc_selection_loss: first=25.9590 last=19.8727 (150 epochs)
[19:54:07]   pc_val_nll: first=25.9590 last=19.8727 (150 epochs)
[19:54:07]   pc: fit 3.0s · 1,488 params · score sd 4.418 · device cpu · layered · 50,871 win/s
[19:54:07]   pc: validation on 200 windows from explicit subset of held-out units · best epoch 139 of 150 · val nll 19.853
[19:54:07]   shortcut audit: target-channel-only AUROC 0.498 (0.5 = no marginal shortcut)
[19:54:07]   diagnosis: full (4.0 observed on average), 400 paired windows, 2 method(s)
[19:54:07]   diagnosis: random1:0 (3.0 observed on average), 400 paired windows, 2 method(s)
[19:54:08]   diagnosis: random2:1-2 (2.0 observed on average), 400 paired windows, 2 method(s)
[19:54:08]   diagnosis: random3:1-2-3 (1.0 observed on average), 400 paired windows, 2 method(s)
[19:54:08]   diagnosis: bank0:0-1 (2.0 observed on average), 400 paired windows, 2 method(s)
[19:54:08]   diagnosis: single_sensor_0 (1.0 observed on average), 400 paired windows, 2 method(s)
[19:54:08]   Diagnosis completed on validation engines only; no confirmatory PASS/FAIL inferred.
[19:54:08] --- stage diagnosis done in 3.7s ---
[19:54:08] === run ok · 3.7s · peak RSS 0.341 GB ===
