[16:21:08] === run start · seed25 · seed 25 · hash e84370a44607 ===
[16:21:08] stages ['diagnosis'] · device cuda · dataset cmapss:FD001
[16:21:08] --- stage: diagnosis ---
[16:21:08]   data: FleetPair(cmapss:FD001: train=100 units, test=100 units, C=15, regimes=1, cap=125)  (0.1s)
[16:21:08]   task: {'kind': 'ad', 'n_train': 3721, 'n_val': 1569, 'n_test': 4639, 'd': 300, 'window': 20, 'n_channels': 15, 'anomaly_rate': 0.12955377995967865, 'kind_counts': {'normal': 4038, 'decouple': 102, 'offset': 125, 'desync': 114, 'spike': 111, 'drift': 97, 'organic': 52}, 'train_units': 100, 'val_units': 30, 'test_units': 100, 'n_val_windows': 1569, 'n_regimes': 1, 'seed': 25, 'per_regime_norm': False, 'official_test_fleet': True, 'dataset': 'cmapss:FD001', 'cap': 125.0, 'subset': 'FD001', 'dropped_constant_sensors': 6, 'source': 'NASA C-MAPSS (real)', 'source_name': 'cmapss', 'source_kind': 'fleet'}
[16:21:08]   caveat: Ships no anomaly annotations: detection anomalies are injected.
    [pc] epoch   0  nll  497.582  val  288.319
    [pc] epoch  75  nll   44.756  val   40.399
    fit chow_liu K=8: 117/600 (20%) · 3.90 it/s · elapsed 00:30 · ETA 02:03
    [pc] epoch 150  nll   36.884  val   35.039
    [pc] restored epoch 128 (selected by nll; val nll 33.168, last 33.913)
    [pc] epoch   0  nll  496.363  val  284.039
    [pc] epoch  75  nll   35.997  val   34.648
    fit chow_liu K=8 restart 1: 117/600 (20%) · 3.89 it/s · elapsed 00:30 · ETA 02:04
    [pc] epoch 150  nll   35.421  val   35.652
    [pc] restored epoch 144 (selected by nll; val nll 32.267, last 35.083)
    [pc] epoch   0  nll  495.225  val  286.942
    [pc] epoch  75  nll   48.806  val   47.617
    [pc] restart 2 abandoned at epoch 99 (43.319 vs 32.267 best so far)
    [pc] restored epoch 95 (selected by nll; val nll 43.319, last 46.222)
    [pc] epoch   0  nll  494.777  val  286.237
    [pc] epoch  75  nll   35.445  val   35.119
    fit chow_liu K=8 restart 3: 117/600 (20%) · 3.89 it/s · elapsed 00:30 · ETA 02:04
    [pc] epoch 150  nll   31.696  val   31.691
    [pc] epoch 225  nll   31.022  val   29.781
    fit chow_liu K=8 restart 3: 234/600 (39%) · 3.89 it/s · elapsed 01:00 · ETA 01:34
    [pc] epoch 300  nll   30.376  val   31.424
    fit chow_liu K=8 restart 3: 351/600 (58%) · 3.89 it/s · elapsed 01:30 · ETA 01:03
    [pc] epoch 375  nll   26.239  val   26.030
    [pc] epoch 450  nll   25.329  val   25.457
    fit chow_liu K=8 restart 3: 468/600 (78%) · 3.89 it/s · elapsed 02:00 · ETA 00:33
    [pc] epoch 525  nll   24.232  val   24.884
    fit chow_liu K=8 restart 3: 585/600 (98%) · 3.89 it/s · elapsed 02:30 · ETA 00:03
    fit chow_liu K=8 restart 3: done 600/600 in 02:34
    [pc] restored epoch 577 (selected by nll; val nll 23.360, last 24.330)
    [pc] restart 3 of 4 selected by nll (checkpoint losses: 33.168 32.267 43.319 23.360)
[16:25:59]   pc_train_nll: first=494.7767 last=23.4751 (600 epochs)
[16:25:59]   pc_train_objective: first=494.7767 last=23.4751 (600 epochs)
[16:25:59]   pc_selection_loss: first=286.2372 last=24.3304 (600 epochs)
[16:25:59]   pc_val_nll: first=286.2372 last=24.3304 (600 epochs)
[16:25:59]   pc: fit 290.6s · 195,840 params · score sd 16.586 · device cuda · layered · 7,682 win/s
[16:25:59]   pc: restart 0 (init seed 25) checkpoint 33.168 at epoch 128 of 189 run · stopped early
[16:25:59]   pc: restart 1 (init seed 7944) checkpoint 32.267 at epoch 144 of 205 run · stopped early
[16:25:59]   pc: restart 2 (init seed 15863) checkpoint 43.319 at epoch 95 of 100 run · abandoned
[16:25:59]   pc: restart 3 (init seed 23782) checkpoint 23.360 at epoch 577 of 600 run
[16:25:59]   pc: selected restart 3 of 4
[16:25:59]   pc: validation on 516 windows from explicit subset of held-out units · best epoch 577 of 600 · val nll 23.360
[16:26:00]   shortcut audit: target-channel-only AUROC 0.553 (0.5 = no marginal shortcut)
[16:26:00]   baseline gaussian_fitted: fit 0.19s · 45,450 params · selection {'shrinkage': 0.01}
[16:26:02]   detection comparators: ['mahalanobis_refit', 'mahalanobis_impute', 'gmm_refit', 'gmm_impute', 'knn_refit', 'knn_impute']
[16:26:02]   diagnosis: full (15.0 observed on average), 614 paired windows, 2 method(s)
[16:26:08]   diagnosis: random1:1 (14.0 observed on average), 614 paired windows, 2 method(s)
[16:26:15]   diagnosis: random3:5-8-14 (12.0 observed on average), 614 paired windows, 2 method(s)
[16:26:20]   diagnosis: random7:3-4-8-10-11-12-14 (8.0 observed on average), 614 paired windows, 2 method(s)
[16:26:23]   diagnosis: bank0:0-1-2-4-5-7-8 (8.0 observed on average), 614 paired windows, 2 method(s)
[16:26:25]   diagnosis: bank1:3 (14.0 observed on average), 614 paired windows, 2 method(s)
[16:26:30]   diagnosis: bank2:6-10 (13.0 observed on average), 614 paired windows, 2 method(s)
[16:26:36]   diagnosis: single_sensor_0 (1.0 observed on average), 614 paired windows, 2 method(s)
[16:26:38]   Diagnosis completed on validation engines only; no confirmatory PASS/FAIL inferred.
[16:26:38] --- stage diagnosis done in 329.6s ---
[16:26:38] === run ok · 329.7s · peak RSS 2.612 GB ===
