[15:41:57] === run start · seed0 · seed 0 · hash 46ddc470ac39 ===
[15:41:57] stages ['rul'] · device cuda · dataset cmapss:FD001
[15:41:57] --- stage: rul ---
[15:41:58]   data: FleetPair(cmapss:FD001: train=100 units, test=100 units, C=15, regimes=3, cap=125)  (0.6s)
[15:41:58]   task: {'kind': 'rul', 'n_train': 8810, 'n_test': 5625, 'd': 300, 'window': 20, 'n_channels': 15, 'n_bins': 25, 'cap': 125.0, 'censored_frac': 0.10397273302078247, 'train_units': 100, 'test_units': 100, 'censored_units': 16, 'n_regimes': 3, 'seed': 0, 'per_regime_norm': True, 'test_windows': 'all', 'official_test_fleet': True, 'dataset': 'cmapss:FD001', 'subset': 'FD001', 'dropped_constant_sensors': 6, 'source': 'NASA C-MAPSS (real)'}
    [surv] epoch   0  censored-NLL 6564.057
    [surv] epoch   7  censored-NLL  169.999
    [surv] epoch  14  censored-NLL  167.631
    [surv] epoch  21  censored-NLL  167.063
    [surv] epoch  28  censored-NLL  166.486
    [surv] epoch  35  censored-NLL  166.227
    [surv] epoch  42  censored-NLL  165.935
    [surv] epoch  49  censored-NLL  165.639
    [surv] epoch  56  censored-NLL  165.232
[15:42:20]   surv_dropped_nll: first=6564.0568 last=165.2490 (60 epochs)
[15:42:20]   surv_dropped: fit 21.9s · 43,356 params
    [surv] epoch   0  censored-NLL 6292.790
    [surv] epoch   7  censored-NLL  166.976
    [surv] epoch  14  censored-NLL  164.905
    [surv] epoch  21  censored-NLL  164.341
    [surv] epoch  28  censored-NLL  164.033
    [surv] epoch  35  censored-NLL  163.943
    [surv] epoch  42  censored-NLL  163.804
    survival fit (censored): 48/60 (80%) · 1.59 it/s · elapsed 00:30 · ETA 00:07
    [surv] epoch  49  censored-NLL  163.123
    [surv] epoch  56  censored-NLL  162.886
    survival fit (censored): done 60/60 in 00:37
[15:43:00]   surv_censored_nll: first=6292.7903 last=162.7316 (60 epochs)
[15:43:00]   surv_censored: fit 39.3s · 43,356 params
[15:43:05]   partial evidence (3 dead): CRPS exact-marginal 7.753 vs imputed 45.382 (full 7.619)
[15:43:05]   exact survival S(t|x), grouped by TRUE remaining life:
[15:43:05]     RUL   0-20  n=   55  S(20)=0.411  S(40)=0.119  S(60)=0.051
[15:43:05]     RUL  20-50  n=  372  S(20)=0.928  S(40)=0.665  S(60)=0.395
[15:43:05]     RUL  50-90  n=  836  S(20)=0.996  S(40)=0.931  S(60)=0.805
[15:43:05]     RUL  90-126 n= 4362  S(20)=1.000  S(40)=0.993  S(60)=0.964
[15:43:05] --- stage rul done in 68.0s ---
[15:43:05] === run ok · 68.1s · peak RSS 1.831 GB ===
