[16:14:54] === run start · seed13 · seed 13 · hash 5d704df7dd3e ===
[16:14:54] stages ['diagnosis'] · device cpu · dataset cmapss:FD001
[16:14:54] --- stage: diagnosis ---
[16:14:54]   data: FleetPair(cmapss:FD001: train=100 units, test=100 units, C=15, regimes=1, cap=125)  (0.1s)
[16:14:54]   task: {'kind': 'ad', 'n_train': 3882, 'n_val': 1408, 'n_test': 4639, 'd': 300, 'window': 20, 'n_channels': 15, 'anomaly_rate': 0.12976934015750885, 'kind_counts': {'normal': 4037, 'offset': 120, 'drift': 97, 'desync': 107, 'spike': 129, 'decouple': 97, 'organic': 52}, 'train_units': 100, 'val_units': 30, 'test_units': 100, 'n_val_windows': 1408, 'n_regimes': 1, 'seed': 13, 'per_regime_norm': False, 'official_test_fleet': True, 'dataset': 'cmapss:FD001', 'cap': 125.0, 'subset': 'FD001', 'dropped_constant_sensors': 6, 'source': 'NASA C-MAPSS (real)', 'source_name': 'cmapss', 'source_kind': 'fleet'}
[16:14:54]   caveat: Ships no anomaly annotations: detection anomalies are injected.
    [pc] epoch   0  nll  357.959  val  291.181
    fit channel_blocked K=8: 7/180 (4%) · 0.21 it/s · elapsed 00:32 · ETA 13:34
    fit channel_blocked K=8: 14/180 (8%) · 0.21 it/s · elapsed 01:07 · ETA 13:16
    fit channel_blocked K=8: 21/180 (12%) · 0.21 it/s · elapsed 01:42 · ETA 12:53
    [pc] epoch  22  nll   71.856  val   71.476
    fit channel_blocked K=8: 28/180 (16%) · 0.20 it/s · elapsed 02:17 · ETA 12:24
    fit channel_blocked K=8: 34/180 (19%) · 0.20 it/s · elapsed 02:48 · ETA 12:02
    fit channel_blocked K=8: 40/180 (22%) · 0.20 it/s · elapsed 03:22 · ETA 11:49
    [pc] epoch  44  nll   46.930  val   48.248
    fit channel_blocked K=8: 46/180 (26%) · 0.20 it/s · elapsed 03:54 · ETA 11:22
    fit channel_blocked K=8: 52/180 (29%) · 0.20 it/s · elapsed 04:25 · ETA 10:52
    fit channel_blocked K=8: 59/180 (33%) · 0.20 it/s · elapsed 04:59 · ETA 10:13
    fit channel_blocked K=8: 66/180 (37%) · 0.20 it/s · elapsed 05:33 · ETA 09:35
    [pc] epoch  66  nll   38.049  val   38.827
    fit channel_blocked K=8: 72/180 (40%) · 0.20 it/s · elapsed 06:05 · ETA 09:08
    fit channel_blocked K=8: 78/180 (43%) · 0.20 it/s · elapsed 06:36 · ETA 08:38
    fit channel_blocked K=8: 84/180 (47%) · 0.20 it/s · elapsed 07:07 · ETA 08:08
    [pc] epoch  88  nll   33.525  val   35.630
    fit channel_blocked K=8: 90/180 (50%) · 0.20 it/s · elapsed 07:37 · ETA 07:37
    fit channel_blocked K=8: 96/180 (53%) · 0.19 it/s · elapsed 08:13 · ETA 07:12
    fit channel_blocked K=8: 102/180 (57%) · 0.19 it/s · elapsed 08:48 · ETA 06:43
    fit channel_blocked K=8: 108/180 (60%) · 0.19 it/s · elapsed 09:19 · ETA 06:12
    [pc] epoch 110  nll   30.534  val   33.018
    fit channel_blocked K=8: 114/180 (63%) · 0.19 it/s · elapsed 09:52 · ETA 05:42
    fit channel_blocked K=8: 120/180 (67%) · 0.19 it/s · elapsed 10:23 · ETA 05:11
    fit channel_blocked K=8: 126/180 (70%) · 0.19 it/s · elapsed 10:58 · ETA 04:42
    fit channel_blocked K=8: 132/180 (73%) · 0.19 it/s · elapsed 11:30 · ETA 04:11
    [pc] epoch 132  nll   27.324  val   29.385
    fit channel_blocked K=8: 139/180 (77%) · 0.19 it/s · elapsed 12:05 · ETA 03:33
    fit channel_blocked K=8: 145/180 (81%) · 0.19 it/s · elapsed 12:35 · ETA 03:02
    fit channel_blocked K=8: 151/180 (84%) · 0.19 it/s · elapsed 13:08 · ETA 02:31
    [pc] epoch 154  nll   25.028  val   27.110
    fit channel_blocked K=8: 156/180 (87%) · 0.19 it/s · elapsed 13:41 · ETA 02:06
    fit channel_blocked K=8: 162/180 (90%) · 0.19 it/s · elapsed 14:15 · ETA 01:35
    fit channel_blocked K=8: 168/180 (93%) · 0.19 it/s · elapsed 14:45 · ETA 01:03
    fit channel_blocked K=8: 174/180 (97%) · 0.19 it/s · elapsed 15:16 · ETA 00:31
    [pc] epoch 176  nll   23.286  val   25.655
    fit channel_blocked K=8: 180/180 (100%) · 0.19 it/s · elapsed 15:47 · ETA 00:00
    fit channel_blocked K=8: done 180/180 in 15:47
    [pc] restored epoch 177 (selected by nll; val nll 25.361, last 26.470)
[16:30:44]   pc_train_nll: first=357.9592 last=23.6713 (180 epochs)
[16:30:44]   pc_train_objective: first=357.9592 last=23.6713 (180 epochs)
[16:30:44]   pc_selection_loss: first=291.1808 last=26.4700 (180 epochs)
[16:30:44]   pc_val_nll: first=291.1808 last=26.4700 (180 epochs)
[16:30:46]   pc: fit 949.5s · 193,968 params · score sd 18.519 · device cpu · layered · 736 win/s
[16:30:46]   pc: validation on 496 windows from explicit subset of held-out units · best epoch 177 of 180 · val nll 25.361
[16:30:47]   shortcut audit: target-channel-only AUROC 0.569 (0.5 = no marginal shortcut)
[16:30:47]   diagnosis: full (15.0 observed on average), 844 paired windows, 1 method(s)
[16:30:50]   diagnosis: random1:1 (14.0 observed on average), 844 paired windows, 1 method(s)
[16:30:52]   diagnosis: random3:5-8-14 (12.0 observed on average), 844 paired windows, 1 method(s)
[16:30:54]   diagnosis: random7:3-4-8-10-11-12-14 (8.0 observed on average), 844 paired windows, 1 method(s)
[16:30:57]   diagnosis: bank0:0-1-2-4-5-7-8 (8.0 observed on average), 844 paired windows, 1 method(s)
[16:30:59]   diagnosis: bank1:3 (14.0 observed on average), 844 paired windows, 1 method(s)
[16:31:01]   diagnosis: bank2:6-10 (13.0 observed on average), 844 paired windows, 1 method(s)
[16:31:04]   diagnosis: single_sensor_0 (1.0 observed on average), 844 paired windows, 1 method(s)
[16:31:07]   Diagnosis completed on validation engines only; no confirmatory PASS/FAIL inferred.
[16:31:07] --- stage diagnosis done in 972.7s ---
[16:31:07] === run ok · 972.8s · peak RSS 1.404 GB ===
[15:24:59] === run start · seed13 · seed 13 · hash 10b77bb6faa0 ===
[15:24:59] stages ['diagnosis'] · device cpu · dataset cmapss:FD001
[15:24:59] --- stage: diagnosis ---
[15:24:59]   data: FleetPair(cmapss:FD001: train=100 units, test=100 units, C=15, regimes=1, cap=125)  (0.1s)
[15:24:59]   task: {'kind': 'ad', 'n_train': 3882, 'n_val': 1408, 'n_test': 4639, 'd': 300, 'window': 20, 'n_channels': 15, 'anomaly_rate': 0.12976934015750885, 'kind_counts': {'normal': 4037, 'offset': 120, 'drift': 97, 'desync': 107, 'spike': 129, 'decouple': 97, 'organic': 52}, 'train_units': 100, 'val_units': 30, 'test_units': 100, 'n_val_windows': 1408, 'n_regimes': 1, 'seed': 13, 'per_regime_norm': False, 'official_test_fleet': True, 'dataset': 'cmapss:FD001', 'cap': 125.0, 'subset': 'FD001', 'dropped_constant_sensors': 6, 'source': 'NASA C-MAPSS (real)', 'source_name': 'cmapss', 'source_kind': 'fleet'}
[15:24:59]   caveat: Ships no anomaly annotations: detection anomalies are injected.
    [pc] epoch   0  nll  357.959  val  291.181
    fit channel_blocked K=8: 5/180 (3%) · 0.14 it/s · elapsed 00:35 · ETA 20:52
    fit channel_blocked K=8: 9/180 (5%) · 0.12 it/s · elapsed 01:14 · ETA 23:29
    fit channel_blocked K=8: 13/180 (7%) · 0.12 it/s · elapsed 01:50 · ETA 23:39
    fit channel_blocked K=8: 17/180 (9%) · 0.11 it/s · elapsed 02:28 · ETA 23:39
    fit channel_blocked K=8: 21/180 (12%) · 0.12 it/s · elapsed 02:59 · ETA 22:39
    [pc] epoch  22  nll   71.726  val   71.223
    fit channel_blocked K=8: 25/180 (14%) · 0.12 it/s · elapsed 03:30 · ETA 21:44
    fit channel_blocked K=8: 29/180 (16%) · 0.12 it/s · elapsed 04:01 · ETA 20:56
    fit channel_blocked K=8: 34/180 (19%) · 0.12 it/s · elapsed 04:34 · ETA 19:40
    fit channel_blocked K=8: 40/180 (22%) · 0.13 it/s · elapsed 05:06 · ETA 17:53
    [pc] epoch  44  nll   45.911  val   47.159
    fit channel_blocked K=8: 47/180 (26%) · 0.14 it/s · elapsed 05:39 · ETA 16:01
    fit channel_blocked K=8: 54/180 (30%) · 0.15 it/s · elapsed 06:11 · ETA 14:26
    fit channel_blocked K=8: 61/180 (34%) · 0.15 it/s · elapsed 06:43 · ETA 13:07
    [pc] epoch  66  nll   39.302  val   40.318
    fit channel_blocked K=8: 68/180 (38%) · 0.16 it/s · elapsed 07:18 · ETA 12:01
    fit channel_blocked K=8: 75/180 (42%) · 0.16 it/s · elapsed 07:50 · ETA 10:58
    fit channel_blocked K=8: 82/180 (46%) · 0.16 it/s · elapsed 08:21 · ETA 09:59
    [pc] epoch  88  nll   32.204  val   34.061
    fit channel_blocked K=8: 89/180 (49%) · 0.17 it/s · elapsed 08:53 · ETA 09:05
    fit channel_blocked K=8: 96/180 (53%) · 0.17 it/s · elapsed 09:26 · ETA 08:15
    fit channel_blocked K=8: 103/180 (57%) · 0.17 it/s · elapsed 09:58 · ETA 07:27
    fit channel_blocked K=8: 110/180 (61%) · 0.17 it/s · elapsed 10:30 · ETA 06:41
    [pc] epoch 110  nll   28.585  val   30.820
    fit channel_blocked K=8: 117/180 (65%) · 0.18 it/s · elapsed 11:05 · ETA 05:58
    fit channel_blocked K=8: 124/180 (69%) · 0.18 it/s · elapsed 11:40 · ETA 05:16
    fit channel_blocked K=8: 130/180 (72%) · 0.18 it/s · elapsed 12:10 · ETA 04:40
    [pc] epoch 132  nll   25.837  val   28.064
    fit channel_blocked K=8: 137/180 (76%) · 0.18 it/s · elapsed 12:44 · ETA 03:59
    fit channel_blocked K=8: 143/180 (79%) · 0.18 it/s · elapsed 13:16 · ETA 03:26
    fit channel_blocked K=8: 150/180 (83%) · 0.18 it/s · elapsed 13:50 · ETA 02:46
    [pc] epoch 154  nll   24.622  val   26.953
    fit channel_blocked K=8: 156/180 (87%) · 0.18 it/s · elapsed 14:23 · ETA 02:12
    fit channel_blocked K=8: 162/180 (90%) · 0.18 it/s · elapsed 14:54 · ETA 01:39
    fit channel_blocked K=8: 169/180 (94%) · 0.18 it/s · elapsed 15:29 · ETA 01:00
    fit channel_blocked K=8: 174/180 (97%) · 0.18 it/s · elapsed 16:00 · ETA 00:33
    [pc] epoch 176  nll   23.401  val   25.814
    fit channel_blocked K=8: 179/180 (99%) · 0.18 it/s · elapsed 16:31 · ETA 00:05
    fit channel_blocked K=8: done 180/180 in 16:36
[15:41:39]   pc_train_nll: first=357.9592 last=22.4888 (180 epochs)
[15:41:39]   pc_train_objective: first=357.9592 last=22.4888 (180 epochs)
[15:41:39]   pc_selection_loss: first=291.1808 last=24.9353 (180 epochs)
[15:41:39]   pc_val_nll: first=291.1808 last=24.9353 (180 epochs)
[15:41:41]   pc: fit 1000.3s · 193,968 params · score sd 18.821 · device cpu · layered · 699 win/s
[15:41:41]   pc: validation on 496 windows from explicit subset of held-out units · best epoch 179 of 180 · val nll 24.935
[15:41:42]   shortcut audit: target-channel-only AUROC 0.569 (0.5 = no marginal shortcut)
[15:41:42]   diagnosis: full (15.0 observed on average), 844 paired windows, 1 method(s)
[15:41:45]   diagnosis: random1:1 (14.0 observed on average), 844 paired windows, 1 method(s)
[15:41:48]   diagnosis: random3:5-8-14 (12.0 observed on average), 844 paired windows, 1 method(s)
[15:41:50]   diagnosis: random7:3-4-8-10-11-12-14 (8.0 observed on average), 844 paired windows, 1 method(s)
[15:41:53]   diagnosis: bank0:0-1-2-4-5-7-8 (8.0 observed on average), 844 paired windows, 1 method(s)
[15:41:55]   diagnosis: bank1:3 (14.0 observed on average), 844 paired windows, 1 method(s)
[15:41:58]   diagnosis: bank2:6-10 (13.0 observed on average), 844 paired windows, 1 method(s)
[15:42:00]   diagnosis: single_sensor_0 (1.0 observed on average), 844 paired windows, 1 method(s)
[15:42:02]   Diagnosis completed on validation engines only; no confirmatory PASS/FAIL inferred.
[15:42:02] --- stage diagnosis done in 1023.5s ---
[15:42:02] === run ok · 1023.7s · peak RSS 1.363 GB ===
