[15:57:57] === run start · seed1 · seed 1 · hash d008a7a9cff9 ===
[15:57:57] stages ['ad'] · device cuda · dataset cmapss:FD001
[15:57:57] --- stage: ad ---
[15:57:57]   data: FleetPair(cmapss:FD001: train=100 units, test=100 units, C=15, regimes=3, cap=125)  (0.1s)
[15:57:57]   task: {'kind': 'ad', 'n_train': 5290, 'n_test': 4608, 'd': 300, 'window': 20, 'n_channels': 15, 'anomaly_rate': 0.1228298619389534, 'kind_counts': {'normal': 4042, 'desync': 102, 'drift': 102, 'offset': 103, 'decouple': 102, 'spike': 111, 'organic': 46}, 'train_units': 100, 'test_units': 100, 'n_regimes': 3, 'seed': 1, 'per_regime_norm': True, 'official_test_fleet': True, 'dataset': 'cmapss:FD001', 'cap': 125.0, 'subset': 'FD001', 'dropped_constant_sensors': 6, 'source': 'NASA C-MAPSS (real)'}
    [pc] epoch   0  nll 42789.738
    [pc] epoch   6  nll  241.155
    [pc] epoch  12  nll  163.741
    [pc] epoch  18  nll  137.431
    [pc] epoch  24  nll  129.893
    [pc] epoch  30  nll  127.117
    [pc] epoch  36  nll  122.751
    [pc] epoch  42  nll  124.166
    [pc] epoch  48  nll  128.408
[15:58:16]   pc_train_nll: first=42789.7379 last=133.2588 (50 epochs)
[15:58:16]   pc: fit 19.3s · 138,240 params · score sd 21.972 · device cuda · layered · 13,695 win/s
[15:58:20]   typed decomposition (mean worst-channel surprise):
[15:58:20]        normal  n= 4042  marginal    26.77  conditional    22.71  structural     1.11
[15:58:20]      decouple  n=  102  marginal    26.56  conditional    22.57  structural     0.87
[15:58:20]        desync  n=  102  marginal    28.22  conditional    38.39  structural    17.34
[15:58:20]         drift  n=  102  marginal   693.24  conditional   709.98  structural    47.54
[15:58:20]        offset  n=  103  marginal   356.66  conditional   376.16  structural    52.19
[15:58:20]       organic  n=   46  marginal   142.44  conditional   105.67  structural    -0.22
[15:58:20]         spike  n=  111  marginal    69.27  conditional    65.36  structural     1.62
[15:58:20] --- stage ad done in 23.5s ---
[15:58:20] === run ok · 23.5s · peak RSS 1.719 GB ===
[15:05:49] === run start · seed1 · seed 1 · hash e175f6124b46 ===
[15:05:49] stages ['ad'] · device cuda · dataset cmapss:FD001
[15:05:49] --- stage: ad ---
[15:05:49]   data: FleetPair(cmapss:FD001: train=100 units, test=100 units, C=15, regimes=1, cap=125)  (0.1s)
[15:05:49]   task: {'kind': 'ad', 'n_train': 5290, 'n_test': 4608, 'd': 300, 'window': 20, 'n_channels': 15, 'anomaly_rate': 0.1228298619389534, 'kind_counts': {'normal': 4042, 'desync': 102, 'drift': 102, 'offset': 103, 'decouple': 102, 'spike': 111, 'organic': 46}, 'train_units': 100, 'test_units': 100, 'n_regimes': 1, 'seed': 1, 'per_regime_norm': False, 'official_test_fleet': True, 'dataset': 'cmapss:FD001', 'cap': 125.0, 'subset': 'FD001', 'dropped_constant_sensors': 6, 'source': 'NASA C-MAPSS (real)', 'source_name': 'cmapss', 'source_kind': 'fleet'}
[15:05:49]   caveat: Ships no anomaly annotations: detection anomalies are injected.
    [pc] epoch   0  nll 31870.167
    [pc] epoch   6  nll  156.365
    [pc] epoch  12  nll   98.902
    [pc] epoch  18  nll   82.501
    [pc] epoch  24  nll   73.678
    [pc] epoch  30  nll   68.081
    [pc] epoch  36  nll   68.453
    [pc] epoch  42  nll   76.910
    fit chain_grouped K=8: 45/50 (90%) · 1.49 it/s · elapsed 00:30 · ETA 00:03
    [pc] epoch  48  nll   82.111
    fit chain_grouped K=8: done 50/50 in 00:33
[15:06:29]   pc_train_nll: first=31870.1666 last=80.8791 (50 epochs)
[15:06:29]   pc: fit 40.1s · 138,240 params · score sd 22.164 · device cuda · layered · 6,588 win/s
[15:06:38]   typed decomposition (mean worst-channel surprise):
[15:06:38]        normal  n= 4042  marginal    26.73  conditional    22.64  structural     1.31
[15:06:38]      decouple  n=  102  marginal    26.64  conditional    22.57  structural     0.98
[15:06:38]        desync  n=  102  marginal    28.31  conditional    39.09  structural    17.99
[15:06:38]         drift  n=  102  marginal 151608.20  conditional 151628.22  structural    48.94
[15:06:38]        offset  n=  103  marginal 46958.04  conditional 46976.94  structural    54.52
[15:06:38]       organic  n=   46  marginal   146.82  conditional   109.48  structural    -0.33
[15:06:38]         spike  n=  111  marginal 13796.55  conditional 13793.40  structural     2.15
[15:06:38] --- stage ad done in 49.6s ---
[15:06:38] === run ok · 49.7s · peak RSS 1.716 GB ===
[18:11:39] === run start · seed1 · seed 1 · hash 95fdf904faeb ===
[18:11:39] stages ['ad'] · device cpu · dataset cmapss:FD001
[18:11:39] --- stage: ad ---
[18:11:39]   data: FleetPair(cmapss:FD001: train=100 units, test=100 units, C=15, regimes=1, cap=125)  (0.1s)
[18:11:39]   task: {'kind': 'ad', 'n_train': 5290, 'n_test': 4608, 'd': 300, 'window': 20, 'n_channels': 15, 'anomaly_rate': 0.1228298619389534, 'kind_counts': {'normal': 4042, 'desync': 102, 'drift': 102, 'offset': 103, 'decouple': 102, 'spike': 111, 'organic': 46}, 'train_units': 100, 'test_units': 100, 'n_regimes': 1, 'seed': 1, 'per_regime_norm': False, 'official_test_fleet': True, 'dataset': 'cmapss:FD001', 'cap': 125.0, 'subset': 'FD001', 'dropped_constant_sensors': 6, 'source': 'NASA C-MAPSS (real)', 'source_name': 'cmapss', 'source_kind': 'fleet'}
[18:11:39]   caveat: Ships no anomaly annotations: detection anomalies are injected.
    [pc] epoch   0  nll 31476.642
    fit chain_grouped K=8: 6/50 (12%) · 0.18 it/s · elapsed 00:33 · ETA 04:07
    [pc] epoch   6  nll  154.975
    fit chain_grouped K=8: 12/50 (24%) · 0.18 it/s · elapsed 01:08 · ETA 03:35
    [pc] epoch  12  nll  100.279
    fit chain_grouped K=8: 17/50 (34%) · 0.17 it/s · elapsed 01:38 · ETA 03:11
    [pc] epoch  18  nll   82.193
    fit chain_grouped K=8: 23/50 (46%) · 0.17 it/s · elapsed 02:13 · ETA 02:36
    [pc] epoch  24  nll   72.088
    fit chain_grouped K=8: 28/50 (56%) · 0.17 it/s · elapsed 02:44 · ETA 02:09
    [pc] epoch  30  nll   65.693
    fit chain_grouped K=8: 34/50 (68%) · 0.17 it/s · elapsed 03:20 · ETA 01:34
    [pc] epoch  36  nll   67.405
    fit chain_grouped K=8: 39/50 (78%) · 0.17 it/s · elapsed 03:52 · ETA 01:05
    [pc] epoch  42  nll   67.226
    fit chain_grouped K=8: 44/50 (88%) · 0.17 it/s · elapsed 04:25 · ETA 00:36
    [pc] epoch  48  nll   74.835
    fit chain_grouped K=8: 49/50 (98%) · 0.17 it/s · elapsed 04:55 · ETA 00:06
    fit chain_grouped K=8: done 50/50 in 05:02
[18:16:43]   pc_train_nll: first=31476.6421 last=76.0057 (50 epochs)
[18:16:44]   pc: fit 304.0s · 138,240 params · score sd 23.503 · device cpu · layered · 870 win/s
    typed decomposition (per channel): 4/15 (27%) · 0.12 it/s · elapsed 00:32 · ETA 01:28
    typed decomposition (per channel): 8/15 (53%) · 0.13 it/s · elapsed 01:03 · ETA 00:55
    typed decomposition (per channel): 12/15 (80%) · 0.13 it/s · elapsed 01:35 · ETA 00:23
    typed decomposition (per channel): done 15/15 in 01:59
[18:18:46]   typed decomposition (mean worst-channel surprise):
[18:18:46]        normal  n= 4042  marginal    26.83  conditional    22.71  structural     1.41
[18:18:46]      decouple  n=  102  marginal    26.55  conditional    22.49  structural     1.06
[18:18:46]        desync  n=  102  marginal    28.47  conditional    39.01  structural    18.11
[18:18:46]         drift  n=  102  marginal 166447.56  conditional 166459.70  structural    49.16
[18:18:46]        offset  n=  103  marginal 49991.37  conditional 50009.18  structural    54.30
[18:18:46]       organic  n=   46  marginal   155.42  conditional   119.88  structural    -0.21
[18:18:46]         spike  n=  111  marginal 14072.85  conditional 14069.79  structural     2.22
[18:18:46] --- stage ad done in 427.0s ---
[18:18:46] === run ok · 427.0s · peak RSS 1.286 GB ===
