[16:40:37] === run start · seed0 · seed 0 · hash 4b1759820913 ===
[16:40:37] stages ['ad'] · device cuda · dataset cmapss:FD001
[16:40:37] --- stage: ad ---
[16:40:38]   data: FleetPair(cmapss:FD001: train=100 units, test=100 units, C=15, regimes=3, cap=125)  (0.1s)
[16:40:38]   task: {'kind': 'ad', 'n_train': 5290, 'n_test': 4608, 'd': 300, 'window': 20, 'n_channels': 15, 'anomaly_rate': 0.1317274272441864, 'kind_counts': {'normal': 4001, 'spike': 130, 'offset': 113, 'drift': 102, 'desync': 111, 'decouple': 105, 'organic': 46}, 'train_units': 100, 'test_units': 100, 'n_regimes': 3, 'seed': 0, 'per_regime_norm': True, 'official_test_fleet': True, 'dataset': 'cmapss:FD001', 'cap': 125.0, 'subset': 'FD001', 'dropped_constant_sensors': 6, 'source': 'NASA C-MAPSS (real)'}
    [pc] epoch   0  nll 11939.598
    [pc] epoch   6  nll  142.157
    [pc] epoch  12  nll  134.941
    [pc] epoch  18  nll  133.138
    [pc] epoch  24  nll  132.598
    [pc] epoch  30  nll  132.087
    [pc] epoch  36  nll  131.824
    [pc] epoch  42  nll  131.449
    [pc] epoch  48  nll  131.091
[16:40:47]   pc_train_nll: first=11939.5976 last=131.1975 (50 epochs)
[16:40:47]   pc: fit 9.4s · 41,328 params · score sd 19.552 · device cuda · layered · 28,133 win/s
[16:40:48]   typed decomposition (mean worst-channel surprise):
[16:40:48]        normal  n= 4001  marginal    23.45  conditional    23.32  structural     5.21
[16:40:48]      decouple  n=  105  marginal    23.90  conditional    23.64  structural     4.74
[16:40:48]        desync  n=  111  marginal    23.30  conditional    36.85  structural    23.71
[16:40:48]         drift  n=  102  marginal   660.89  conditional   746.06  structural   108.09
[16:40:48]        offset  n=  113  marginal   395.80  conditional   471.71  structural    98.49
[16:40:48]       organic  n=   46  marginal   110.84  conditional   155.24  structural    88.55
[16:40:48]         spike  n=  130  marginal    52.83  conditional    66.88  structural    20.11
[16:40:48] --- stage ad done in 11.0s ---
[16:40:48] === run ok · 11.0s · peak RSS 1.614 GB ===
[16:01:57] === run start · seed0 · seed 0 · hash 89e1c7cf8018 ===
[16:01:57] stages ['ad'] · device cuda · dataset cmapss:FD001
[16:01:57] --- stage: ad ---
[16:01:57]   data: FleetPair(cmapss:FD001: train=100 units, test=100 units, C=15, regimes=1, cap=125)  (0.1s)
[16:01:57]   task: {'kind': 'ad', 'n_train': 5290, 'n_test': 4608, 'd': 300, 'window': 20, 'n_channels': 15, 'anomaly_rate': 0.1317274272441864, 'kind_counts': {'normal': 4001, 'spike': 130, 'offset': 113, 'drift': 102, 'desync': 111, 'decouple': 105, 'organic': 46}, 'train_units': 100, 'test_units': 100, 'n_regimes': 1, 'seed': 0, 'per_regime_norm': False, 'official_test_fleet': True, 'dataset': 'cmapss:FD001', 'cap': 125.0, 'subset': 'FD001', 'dropped_constant_sensors': 6, 'source': 'NASA C-MAPSS (real)', 'source_name': 'cmapss', 'source_kind': 'fleet'}
[16:01:57]   caveat: Ships no anomaly annotations: detection anomalies are injected.
    [pc] epoch   0  nll 30786.592
    [pc] epoch   6  nll  171.377
    [pc] epoch  12  nll  170.923
    [pc] epoch  18  nll  172.005
    [pc] epoch  24  nll  175.437
    [pc] epoch  30  nll  178.756
    [pc] epoch  36  nll  178.822
    [pc] epoch  42  nll  175.819
    [pc] epoch  48  nll  176.333
[16:02:18]   pc_train_nll: first=30786.5921 last=172.9860 (50 epochs)
[16:02:18]   pc: fit 20.5s · 41,328 params · score sd 59.677 · device cuda · layered · 12,909 win/s
[16:02:21]   typed decomposition (mean worst-channel surprise):
[16:02:21]        normal  n= 4001  marginal    27.10  conditional    27.36  structural    22.69
[16:02:21]      decouple  n=  105  marginal    28.22  conditional    28.36  structural    22.30
[16:02:21]        desync  n=  111  marginal    27.40  conditional    28.02  structural    20.11
[16:02:21]         drift  n=  102  marginal 142474.59  conditional 142508.17  structural    43.60
[16:02:21]        offset  n=  113  marginal 63305.79  conditional 63334.09  structural    39.01
[16:02:21]       organic  n=   46  marginal   108.33  conditional   108.01  structural    17.56
[16:02:21]         spike  n=  130  marginal  9091.88  conditional  9097.47  structural    24.70
[16:02:21] --- stage ad done in 23.5s ---
[16:02:21] === run ok · 23.5s · peak RSS 1.621 GB ===
[18:12:27] === run start · seed0 · seed 0 · hash 5db6d437dc74 ===
[18:12:27] stages ['ad'] · device cpu · dataset cmapss:FD001
[18:12:27] --- stage: ad ---
[18:12:27]   data: FleetPair(cmapss:FD001: train=100 units, test=100 units, C=15, regimes=1, cap=125)  (0.1s)
[18:12:27]   task: {'kind': 'ad', 'n_train': 5290, 'n_test': 4608, 'd': 300, 'window': 20, 'n_channels': 15, 'anomaly_rate': 0.1317274272441864, 'kind_counts': {'normal': 4001, 'spike': 130, 'offset': 113, 'drift': 102, 'desync': 111, 'decouple': 105, 'organic': 46}, 'train_units': 100, 'test_units': 100, 'n_regimes': 1, 'seed': 0, 'per_regime_norm': False, 'official_test_fleet': True, 'dataset': 'cmapss:FD001', 'cap': 125.0, 'subset': 'FD001', 'dropped_constant_sensors': 6, 'source': 'NASA C-MAPSS (real)', 'source_name': 'cmapss', 'source_kind': 'fleet'}
[18:12:27]   caveat: Ships no anomaly annotations: detection anomalies are injected.
    [pc] epoch   0  nll 31300.703
    [pc] epoch   6  nll  169.330
    [pc] epoch  12  nll  167.546
    [pc] epoch  18  nll  174.387
    [pc] epoch  24  nll  167.739
    [pc] epoch  30  nll  173.135
    [pc] epoch  36  nll  173.840
    [pc] epoch  42  nll  173.130
    fit chain K=12: 45/50 (90%) · 1.47 it/s · elapsed 00:30 · ETA 00:03
    [pc] epoch  48  nll  175.628
    fit chain K=12: done 50/50 in 00:33
[18:13:02]   pc_train_nll: first=31300.7032 last=179.5434 (50 epochs)
[18:13:02]   pc: fit 35.1s · 41,328 params · score sd 60.017 · device cpu · layered · 7,544 win/s
[18:13:14]   typed decomposition (mean worst-channel surprise):
[18:13:14]        normal  n= 4001  marginal    26.91  conditional    26.88  structural    19.77
[18:13:14]      decouple  n=  105  marginal    28.08  conditional    28.06  structural    19.70
[18:13:14]        desync  n=  111  marginal    27.30  conditional    27.79  structural    17.63
[18:13:14]         drift  n=  102  marginal 144808.38  conditional 144849.78  structural    50.50
[18:13:14]        offset  n=  113  marginal 64093.08  conditional 64122.34  structural    38.68
[18:13:14]       organic  n=   46  marginal   113.14  conditional   112.80  structural    24.28
[18:13:14]         spike  n=  130  marginal  9555.55  conditional  9560.99  structural    21.85
[18:13:14] --- stage ad done in 47.3s ---
[18:13:14] === run ok · 47.3s · peak RSS 0.973 GB ===
