[11:00:29] === run start · seed13 · seed 13 · hash a5b3141f8601 ===
[11:00:29] stages ['diagnosis'] · device cpu · dataset cmapss:FD001
[11:00:29] --- stage: diagnosis ---
[11:00:29]   data: FleetPair(cmapss:FD001: train=100 units, test=100 units, C=15, regimes=1, cap=125)  (0.1s)
[11:00:29]   task: {'kind': 'ad', 'n_train': 3882, 'n_val': 1408, 'n_test': 4639, 'd': 300, 'window': 20, 'n_channels': 15, 'anomaly_rate': 0.12976934015750885, 'kind_counts': {'normal': 4037, 'offset': 120, 'drift': 97, 'desync': 107, 'spike': 129, 'decouple': 97, 'organic': 52}, 'train_units': 100, 'val_units': 30, 'test_units': 100, 'n_val_windows': 1408, 'n_regimes': 1, 'seed': 13, 'per_regime_norm': False, 'official_test_fleet': True, 'dataset': 'cmapss:FD001', 'cap': 125.0, 'subset': 'FD001', 'dropped_constant_sensors': 6, 'source': 'NASA C-MAPSS (real)', 'source_name': 'cmapss', 'source_kind': 'fleet'}
[11:00:29]   caveat: Ships no anomaly annotations: detection anomalies are injected.
    [pc] epoch   0  nll  324.606  val  268.251
    fit chow_liu K=8: 5/400 (1%) · 0.16 it/s · elapsed 00:31 · ETA 41:29
    fit chow_liu K=8: 10/400 (2%) · 0.16 it/s · elapsed 01:03 · ETA 40:57
    fit chow_liu K=8: 15/400 (4%) · 0.16 it/s · elapsed 01:33 · ETA 40:11
    fit chow_liu K=8: 20/400 (5%) · 0.16 it/s · elapsed 02:05 · ETA 39:42
    fit chow_liu K=8: 25/400 (6%) · 0.16 it/s · elapsed 02:39 · ETA 39:55
    fit chow_liu K=8: 30/400 (8%) · 0.16 it/s · elapsed 03:13 · ETA 39:45
    fit chow_liu K=8: 35/400 (9%) · 0.15 it/s · elapsed 03:47 · ETA 39:31
    fit chow_liu K=8: 40/400 (10%) · 0.15 it/s · elapsed 04:18 · ETA 38:43
    fit chow_liu K=8: 46/400 (12%) · 0.16 it/s · elapsed 04:52 · ETA 37:29
    [pc] epoch  50  nll   60.975  val   60.322
    fit chow_liu K=8: 52/400 (13%) · 0.16 it/s · elapsed 05:25 · ETA 36:18
    fit chow_liu K=8: 58/400 (14%) · 0.16 it/s · elapsed 05:58 · ETA 35:12
    fit chow_liu K=8: 64/400 (16%) · 0.16 it/s · elapsed 06:32 · ETA 34:19
    fit chow_liu K=8: 70/400 (18%) · 0.16 it/s · elapsed 07:07 · ETA 33:33
    fit chow_liu K=8: 75/400 (19%) · 0.16 it/s · elapsed 07:39 · ETA 33:09
    fit chow_liu K=8: 80/400 (20%) · 0.16 it/s · elapsed 08:16 · ETA 33:04
    fit chow_liu K=8: 85/400 (21%) · 0.16 it/s · elapsed 08:50 · ETA 32:46
    fit chow_liu K=8: 90/400 (22%) · 0.16 it/s · elapsed 09:24 · ETA 32:26
    fit chow_liu K=8: 95/400 (24%) · 0.16 it/s · elapsed 09:59 · ETA 32:03
    fit chow_liu K=8: 100/400 (25%) · 0.16 it/s · elapsed 10:32 · ETA 31:36
    [pc] epoch 100  nll   58.025  val   59.303
    fit chow_liu K=8: 105/400 (26%) · 0.16 it/s · elapsed 11:04 · ETA 31:05
    fit chow_liu K=8: 110/400 (28%) · 0.16 it/s · elapsed 11:35 · ETA 30:34
    fit chow_liu K=8: 115/400 (29%) · 0.16 it/s · elapsed 12:07 · ETA 30:04
    fit chow_liu K=8: 120/400 (30%) · 0.16 it/s · elapsed 12:38 · ETA 29:30
    fit chow_liu K=8: 125/400 (31%) · 0.16 it/s · elapsed 13:10 · ETA 29:00
    fit chow_liu K=8: 130/400 (32%) · 0.16 it/s · elapsed 13:42 · ETA 28:29
    fit chow_liu K=8: 135/400 (34%) · 0.16 it/s · elapsed 14:17 · ETA 28:03
    fit chow_liu K=8: 140/400 (35%) · 0.16 it/s · elapsed 14:52 · ETA 27:38
    fit chow_liu K=8: 145/400 (36%) · 0.16 it/s · elapsed 15:23 · ETA 27:04
    fit chow_liu K=8: 150/400 (38%) · 0.16 it/s · elapsed 15:54 · ETA 26:30
    [pc] epoch 150  nll   63.372  val   64.819
    fit chow_liu K=8: 156/400 (39%) · 0.16 it/s · elapsed 16:28 · ETA 25:46
    fit chow_liu K=8: 162/400 (40%) · 0.16 it/s · elapsed 17:03 · ETA 25:03
    fit chow_liu K=8: 168/400 (42%) · 0.16 it/s · elapsed 17:37 · ETA 24:20
    fit chow_liu K=8: 174/400 (44%) · 0.16 it/s · elapsed 18:13 · ETA 23:40
    fit chow_liu K=8: 180/400 (45%) · 0.16 it/s · elapsed 18:48 · ETA 22:59
    fit chow_liu K=8: 185/400 (46%) · 0.16 it/s · elapsed 19:20 · ETA 22:28
    [pc] restored epoch 126 (selected by nll; val nll 56.302, last 70.527)
[11:20:05]   pc_train_nll: first=324.6059 last=68.2951 (187 epochs)
[11:20:05]   pc_train_objective: first=324.6059 last=68.2951 (187 epochs)
[11:20:05]   pc_selection_loss: first=268.2505 last=70.5273 (187 epochs)
[11:20:05]   pc_val_nll: first=268.2505 last=70.5273 (187 epochs)
[11:20:07]   pc: fit 1176.0s · 174,240 params · score sd 23.014 · device cpu · layered · 617 win/s
[11:20:07]   pc: validation on 496 windows from explicit subset of held-out units · best epoch 126 of 400 · val nll 56.302
[11:20:08]   shortcut audit: target-channel-only AUROC 0.569 (0.5 = no marginal shortcut)
[11:20:09]   baseline gaussian_fitted: fit 0.30s · 45,450 params · selection {'shrinkage': 0.01}
[11:20:09]   detection comparators: ['knn_refit', 'knn_impute', 'mahalanobis_refit', 'mahalanobis_impute', 'gmm_refit', 'gmm_impute', 'pca_refit', 'pca_impute', 'diag_gaussian_refit', 'diag_gaussian_impute']
[11:20:09]   diagnosis: full (15.0 observed on average), 844 paired windows, 2 method(s)
[11:20:29]   diagnosis: random1:1 (14.0 observed on average), 844 paired windows, 2 method(s)
[11:20:46]   diagnosis: random3:5-8-14 (12.0 observed on average), 844 paired windows, 2 method(s)
[11:21:02]   diagnosis: random7:3-4-8-10-11-12-14 (8.0 observed on average), 844 paired windows, 2 method(s)
[11:21:12]   diagnosis: bank0:0-1-2-4-5-7-8 (8.0 observed on average), 844 paired windows, 2 method(s)
[11:21:23]   diagnosis: bank1:3 (14.0 observed on average), 844 paired windows, 2 method(s)
[11:21:40]   diagnosis: bank2:6-10 (13.0 observed on average), 844 paired windows, 2 method(s)
[11:21:56]   diagnosis: single_sensor_0 (1.0 observed on average), 844 paired windows, 2 method(s)
[11:21:59]   Diagnosis completed on validation engines only; no confirmatory PASS/FAIL inferred.
[11:21:59] --- stage diagnosis done in 1290.6s ---
[11:21:59] === run ok · 1290.7s · peak RSS 1.612 GB ===
