[11:28:14] === run start · seed11 · seed 11 · hash 606f183486fb ===
[11:28:14] stages ['diagnosis'] · device cpu · dataset synthetic
[11:28:14] --- stage: diagnosis ---
    [pc] epoch   0  nll   26.078  val   24.666
    [pc] epoch  18  nll   22.313  val   21.933
    [pc] epoch  36  nll   22.175  val   21.878
    [pc] epoch  54  nll   22.126  val   21.867
    [pc] epoch  72  nll   21.811  val   21.573
    [pc] epoch  90  nll   21.536  val   21.337
    [pc] epoch 108  nll   21.479  val   21.319
    [pc] restored epoch 98 (selected by nll; val nll 21.308, last 21.336)
[11:28:17]   pc_train_nll: first=26.0778 last=21.4495 (124 epochs)
[11:28:17]   pc_train_objective: first=26.0778 last=21.4495 (124 epochs)
[11:28:17]   pc_selection_loss: first=24.6663 last=21.3359 (124 epochs)
[11:28:17]   pc_val_nll: first=24.6663 last=21.3359 (124 epochs)
[11:28:17]   pc: fit 3.2s · 1,488 params · score sd 3.131 · device cpu · layered · 39,518 win/s
[11:28:17]   pc: validation on 200 windows from explicit subset of held-out units · best epoch 98 of 150 · val nll 21.308
[11:28:17]   shortcut audit: target-channel-only AUROC 0.491 (0.5 = no marginal shortcut)
[11:28:17]   diagnosis: full (4.0 observed on average), 400 paired windows, 1 method(s)
[11:28:17]   diagnosis: random1:0 (3.0 observed on average), 400 paired windows, 1 method(s)
[11:28:17]   diagnosis: random2:1-2 (2.0 observed on average), 400 paired windows, 1 method(s)
[11:28:17]   diagnosis: random3:1-2-3 (1.0 observed on average), 400 paired windows, 1 method(s)
[11:28:17]   diagnosis: bank0:0-1 (2.0 observed on average), 400 paired windows, 1 method(s)
[11:28:17]   diagnosis: single_sensor_0 (1.0 observed on average), 400 paired windows, 1 method(s)
[11:28:17]   Diagnosis completed on validation engines only; no confirmatory PASS/FAIL inferred.
[11:28:17] --- stage diagnosis done in 3.7s ---
[11:28:17] === run ok · 3.8s · peak RSS 0.37 GB ===
[11:50:03] === run start · seed11 · seed 11 · hash 8bfc0bacd8d5 ===
[11:50:03] stages ['diagnosis'] · device cpu · dataset synthetic
[11:50:03] --- stage: diagnosis ---
    [pc] epoch   0  nll   26.078  val   24.666
    [pc] epoch  18  nll   22.313  val   21.933
    [pc] epoch  36  nll   22.175  val   21.878
    [pc] epoch  54  nll   22.126  val   21.867
    [pc] epoch  72  nll   21.811  val   21.573
    [pc] epoch  90  nll   21.536  val   21.337
    [pc] epoch 108  nll   21.479  val   21.319
    [pc] restored epoch 98 (selected by nll; val nll 21.308, last 21.336)
[11:50:07]   pc_train_nll: first=26.0778 last=21.4495 (124 epochs)
[11:50:07]   pc_train_objective: first=26.0778 last=21.4495 (124 epochs)
[11:50:07]   pc_selection_loss: first=24.6663 last=21.3359 (124 epochs)
[11:50:07]   pc_val_nll: first=24.6663 last=21.3359 (124 epochs)
[11:50:07]   pc: fit 3.5s · 1,488 params · score sd 3.131 · device cpu · layered · 36,767 win/s
[11:50:07]   pc: validation on 200 windows from explicit subset of held-out units · best epoch 98 of 150 · val nll 21.308
[11:50:07]   shortcut audit: target-channel-only AUROC 0.491 (0.5 = no marginal shortcut)
[11:50:07]   diagnosis: full (4.0 observed on average), 400 paired windows, 2 method(s)
[11:50:07]   diagnosis: random1:0 (3.0 observed on average), 400 paired windows, 2 method(s)
[11:50:07]   diagnosis: random2:1-2 (2.0 observed on average), 400 paired windows, 2 method(s)
[11:50:07]   diagnosis: random3:1-2-3 (1.0 observed on average), 400 paired windows, 2 method(s)
[11:50:07]   diagnosis: bank0:0-1 (2.0 observed on average), 400 paired windows, 2 method(s)
[11:50:08]   diagnosis: single_sensor_0 (1.0 observed on average), 400 paired windows, 2 method(s)
[11:50:08]   Diagnosis completed on validation engines only; no confirmatory PASS/FAIL inferred.
[11:50:08] --- stage diagnosis done in 4.2s ---
[11:50:08] === run ok · 4.3s · peak RSS 0.366 GB ===
[20:03:51] === run start · seed11 · seed 11 · hash 1eca7033de79 ===
[20:03:51] stages ['diagnosis'] · device cpu · dataset synthetic
[20:03:51] --- stage: diagnosis ---
    [pc] epoch   0  nll   26.078  val   24.666
    [pc] epoch  18  nll   22.313  val   21.933
    [pc] epoch  36  nll   22.175  val   21.878
    [pc] epoch  54  nll   22.126  val   21.867
    [pc] epoch  72  nll   21.811  val   21.573
    [pc] epoch  90  nll   21.536  val   21.337
    [pc] epoch 108  nll   21.479  val   21.319
    [pc] restored epoch 98 (selected by nll; val nll 21.308, last 21.336)
[20:03:53]   pc_train_nll: first=26.0778 last=21.4495 (124 epochs)
[20:03:53]   pc_train_objective: first=26.0778 last=21.4495 (124 epochs)
[20:03:53]   pc_selection_loss: first=24.6663 last=21.3359 (124 epochs)
[20:03:53]   pc_val_nll: first=24.6663 last=21.3359 (124 epochs)
[20:03:53]   pc: fit 2.7s · 1,488 params · score sd 3.131 · device cpu · layered · 47,787 win/s
[20:03:53]   pc: validation on 200 windows from explicit subset of held-out units · best epoch 98 of 150 · val nll 21.308
[20:03:53]   shortcut audit: target-channel-only AUROC 0.491 (0.5 = no marginal shortcut)
[20:03:53]   diagnosis: full (4.0 observed on average), 400 paired windows, 2 method(s)
[20:03:53]   diagnosis: random1:0 (3.0 observed on average), 400 paired windows, 2 method(s)
[20:03:54]   diagnosis: random2:1-2 (2.0 observed on average), 400 paired windows, 2 method(s)
[20:03:54]   diagnosis: random3:1-2-3 (1.0 observed on average), 400 paired windows, 2 method(s)
[20:03:54]   diagnosis: bank0:0-1 (2.0 observed on average), 400 paired windows, 2 method(s)
[20:03:54]   diagnosis: single_sensor_0 (1.0 observed on average), 400 paired windows, 2 method(s)
[20:03:54]   Diagnosis completed on validation engines only; no confirmatory PASS/FAIL inferred.
[20:03:54] --- stage diagnosis done in 3.2s ---
[20:03:54] === run ok · 3.3s · peak RSS 0.379 GB ===
