[11:34:48] === run start · seed1 · seed 1 · hash c25c36e0b5c3 ===
[11:34:48] stages ['explain'] · device cuda · dataset cmapss:FD002
[11:34:48] --- stage: explain ---
[11:34:48]   data: FleetPair(cmapss:FD002: train=260 units, test=259 units, C=21, regimes=3, cap=125)  (0.3s)
[11:34:48]   task: {'kind': 'ad', 'n_train': 13817, 'n_test': 11812, 'd': 420, 'window': 20, 'n_channels': 21, 'anomaly_rate': 0.1675414890050888, 'kind_counts': {'normal': 9833, 'desync': 349, 'offset': 380, 'drift': 361, 'decouple': 335, 'spike': 353, 'organic': 201}, 'train_units': 260, 'test_units': 259, 'n_regimes': 3, 'seed': 1, 'per_regime_norm': True, 'official_test_fleet': True, 'dataset': 'cmapss:FD002', 'cap': 125.0, 'subset': 'FD002', 'dropped_constant_sensors': 0, 'source': 'NASA C-MAPSS (real)'}
[11:34:48]   explain: capped test set to 1500 windows
    [pc] epoch   0  nll 1408701951.323
    [pc] epoch   6  nll 18302.229
    [pc] epoch  12  nll 1268.814
    [pc] epoch  18  nll  450.827
    [pc] epoch  24  nll  433.614
    [pc] epoch  30  nll  419.131
    [pc] epoch  36  nll  401.794
    [pc] epoch  42  nll  386.792
    [pc] epoch  48  nll  387.520
[11:35:11]   pc_train_nll: first=1408701951.3230 last=378.5415 (50 epochs)
[11:35:11]   pc: fit 22.4s · 17,280 params · score sd 73.458 · device cuda · layered · 30,799 win/s
[11:35:23]   attribution cost: PC exact (all views) 2.6s · AE sampling-SHAP (one view) 5.2s
[11:35:26]   completeness: max residual 3.12e-02 nats, mean 5.27e-04
[11:35:26]   deletion curves scored with the circuit's own scorer — PC attributions have home-field advantage here, the localisation columns do not
[11:35:26]   worked examples (median-scoring window of each kind):
[11:35:30]    [normal]
[11:35:30]   anomaly score 367.9 nats
[11:35:30]       ch1  out of range         marginal   29.28  structural   -0.03  worst at t=11
[11:35:30]       ch5  out of range         marginal   28.65  structural   -0.68  worst at t=0
[11:35:30]       ch2  out of range         marginal   28.22  structural   -0.33  worst at t=10
[11:35:34]    [spike]
[11:35:34]   anomaly score 376.8 nats   [injected: spike, channels [1, 10]]
[11:35:34]       ch1  out of range         marginal   37.86  structural   -0.06  worst at t=13  <- CORRECT
[11:35:34]      ch10  out of range         marginal   35.65  structural    0.39  worst at t=13  <- CORRECT
[11:35:34]       ch5  out of range         marginal   33.24  structural   -1.05  worst at t=17  <- miss
[11:35:37]    [offset]
[11:35:37]   anomaly score 19409.7 nats   [injected: offset, channels [0, 2, 6, 11, 16]]
[11:35:37]       ch0  broken relationship  marginal   40.79  structural 18964.66  worst at t=16  <- CORRECT
[11:35:37]      ch18  broken relationship  marginal  -61.57  structural 18910.62  worst at t=16  <- miss
[11:35:37]      ch16  out of range         marginal   43.11  structural    0.13  worst at t=9  <- CORRECT
[11:35:41]    [drift]
[11:35:41]   anomaly score 43804.5 nats   [injected: drift, channels [2, 4, 5, 11, 13, 14, 17, 19]]
[11:35:41]      ch18  broken relationship  marginal  -68.39  structural 43211.14  worst at t=15  <- miss
[11:35:41]       ch4  broken relationship  marginal   46.03  structural 40425.79  worst at t=15  <- CORRECT
[11:35:41]      ch19  out of range         marginal   45.74  structural    0.43  worst at t=18  <- CORRECT
[11:35:44]    [decouple]
[11:35:44]   anomaly score 396.6 nats   [injected: decouple, channels [3, 9]]
[11:35:44]       ch1  out of range         marginal   27.36  structural    0.36  worst at t=7  <- miss
[11:35:44]       ch2  out of range         marginal   26.73  structural    0.42  worst at t=11  <- miss
[11:35:44]       ch5  out of range         marginal   26.71  structural    0.37  worst at t=7  <- miss
[11:35:48]    [desync]
[11:35:48]   anomaly score 456.4 nats   [injected: desync, channels [9, 17]]
[11:35:48]      ch17  broken relationship  marginal   30.89  structural   47.89  worst at t=2  <- CORRECT
[11:35:48]       ch5  out of range         marginal   29.90  structural   -0.91  worst at t=7  <- miss
[11:35:48]       ch6  out of range         marginal   28.06  structural   -0.38  worst at t=10  <- miss
[11:35:48] --- stage explain done in 60.2s ---
[11:35:48] === run ok · 60.2s · peak RSS 2.002 GB ===
[15:19:47] === run start · seed1 · seed 1 · hash 53302df00549 ===
[15:19:47] stages ['explain'] · device cuda · dataset cmapss:FD002
[15:19:47] --- stage: explain ---
[15:19:47]   data: FleetPair(cmapss:FD002: train=260 units, test=259 units, C=21, regimes=3, cap=125)  (0.3s)
[15:19:47]   task: {'kind': 'ad', 'n_train': 13817, 'n_test': 11812, 'd': 420, 'window': 20, 'n_channels': 21, 'anomaly_rate': 0.1675414890050888, 'kind_counts': {'normal': 9833, 'desync': 349, 'offset': 380, 'drift': 361, 'decouple': 335, 'spike': 353, 'organic': 201}, 'train_units': 260, 'test_units': 259, 'n_regimes': 3, 'seed': 1, 'per_regime_norm': True, 'official_test_fleet': True, 'dataset': 'cmapss:FD002', 'cap': 125.0, 'subset': 'FD002', 'dropped_constant_sensors': 0, 'source': 'NASA C-MAPSS (real)'}
[15:19:47]   explain: capped test set to 1500 windows
    [pc] epoch   0  nll 11179.369
    [pc] epoch   6  nll  294.696
    [pc] epoch  12  nll  297.202
    [pc] epoch  18  nll  289.240
    [pc] epoch  24  nll  269.976
    [pc] epoch  30  nll  272.032
    [pc] epoch  36  nll  250.755
    [pc] epoch  42  nll  236.273
    [pc] epoch  48  nll  236.795
[15:20:09]   pc_train_nll: first=11179.3686 last=237.5799 (50 epochs)
[15:20:09]   pc: fit 22.1s · 17,280 params · score sd 76.531 · device cuda · layered · 31,317 win/s
[15:20:18]   attribution cost: PC exact (all views) 1.5s · AE sampling-SHAP (one view) 4.0s
[15:20:21]   completeness: max residual 3.12e-02 nats, mean 5.58e-04
[15:20:22]   deletion curves scored with the circuit's own scorer — PC attributions have home-field advantage here, the localisation columns do not
[15:20:22]   worked examples (median-scoring window of each kind):
[15:20:28]    [normal]
[15:20:28]   anomaly score 248.0 nats
[15:20:28]       ch9  out of range         marginal   40.39  structural   -0.71  worst at t=14
[15:20:28]      ch14  out of range         marginal   36.07  structural    1.70  worst at t=6
[15:20:28]       ch3  out of range         marginal   34.34  structural   -0.42  worst at t=18
[15:20:33]    [spike]
[15:20:33]   anomaly score 263.0 nats   [injected: spike, channels [3, 17]]
[15:20:33]       ch9  out of range         marginal   42.91  structural   -2.78  worst at t=19  <- miss
[15:20:33]       ch3  out of range         marginal   33.43  structural   -1.18  worst at t=7  <- CORRECT
[15:20:33]      ch14  out of range         marginal   29.00  structural   -0.36  worst at t=5  <- miss
[15:20:38]    [offset]
[15:20:38]   anomaly score 16358.1 nats   [injected: offset, channels [0, 6, 10, 14, 15, 16]]
[15:20:38]      ch18  broken relationship  marginal  -76.53  structural 15553.43  worst at t=16  <- miss
[15:20:38]       ch6  broken relationship  marginal   42.83  structural 1633.34  worst at t=17  <- CORRECT
[15:20:38]       ch0  broken relationship  marginal  179.95  structural  886.92  worst at t=18  <- CORRECT
[15:20:43]    [drift]
[15:20:43]   anomaly score 23246.4 nats   [injected: drift, channels [0, 2, 3, 4, 5, 7, 8, 9, 15]]
[15:20:43]      ch18  broken relationship  marginal  -74.91  structural 22336.91  worst at t=18  <- miss
[15:20:43]       ch0  broken relationship  marginal  160.73  structural 1868.24  worst at t=18  <- CORRECT
[15:20:43]       ch7  broken relationship  marginal   51.00  structural  749.12  worst at t=18  <- CORRECT
[15:20:48]    [decouple]
[15:20:48]   anomaly score 720.9 nats   [injected: decouple, channels [1, 5]]
[15:20:48]       ch1  broken relationship  marginal   23.33  structural  360.26  worst at t=17  <- CORRECT
[15:20:48]      ch18  broken relationship  marginal  -75.55  structural  333.56  worst at t=18  <- miss
[15:20:48]       ch5  broken relationship  marginal   22.10  structural   60.81  worst at t=1  <- CORRECT
[15:20:53]    [desync]
[15:20:53]   anomaly score 4787.3 nats   [injected: desync, channels [17]]
[15:20:53]      ch17  broken relationship  marginal   12.38  structural 4546.57  worst at t=7  <- CORRECT
[15:20:53]      ch18  broken relationship  marginal  -76.55  structural 4329.21  worst at t=7  <- miss
[15:20:53]      ch16  out of range         marginal   26.27  structural    0.97  worst at t=17  <- miss
[15:20:54] --- stage explain done in 67.1s ---
[15:20:54] === run ok · 67.2s · peak RSS 2.037 GB ===
