[16:03:49] === run start · seed2 · seed 2 · hash da6276b0bdb3 ===
[16:03:49] stages ['ad'] · device cuda · dataset cmapss:FD001
[16:03:49] --- stage: ad ---
[16:03:49]   data: FleetPair(cmapss:FD001: train=100 units, test=100 units, C=15, regimes=3, cap=125)  (0.1s)
[16:03:49]   task: {'kind': 'ad', 'n_train': 5290, 'n_test': 4608, 'd': 300, 'window': 20, 'n_channels': 15, 'anomaly_rate': 0.1265190988779068, 'kind_counts': {'normal': 4025, 'offset': 105, 'drift': 102, 'spike': 111, 'decouple': 94, 'desync': 125, 'organic': 46}, 'train_units': 100, 'test_units': 100, 'n_regimes': 3, 'seed': 2, 'per_regime_norm': True, 'official_test_fleet': True, 'dataset': 'cmapss:FD001', 'cap': 125.0, 'subset': 'FD001', 'dropped_constant_sensors': 6, 'source': 'NASA C-MAPSS (real)'}
    [pc] epoch   0  nll 12373.224
    [pc] epoch   6  nll  183.968
    [pc] epoch  12  nll  151.399
    [pc] epoch  18  nll  131.412
    [pc] epoch  24  nll  110.653
    [pc] epoch  30  nll  106.181
    [pc] epoch  36  nll  100.720
    [pc] epoch  42  nll   98.484
    [pc] epoch  48  nll   94.812
[16:04:08]   pc_train_nll: first=12373.2242 last=94.3339 (50 epochs)
[16:04:08]   pc: fit 18.2s · 157,440 params · score sd 15.582 · device cuda · layered · 14,525 win/s
[16:04:11]   typed decomposition (mean worst-channel surprise):
[16:04:11]        normal  n= 4025  marginal    23.23  conditional    22.62  structural     1.21
[16:04:11]      decouple  n=   94  marginal    22.92  conditional    22.19  structural     1.15
[16:04:11]        desync  n=  125  marginal    23.15  conditional    33.06  structural    15.49
[16:04:11]         drift  n=  102  marginal   531.97  conditional   544.38  structural    32.13
[16:04:11]        offset  n=  105  marginal   386.42  conditional   396.85  structural    38.34
[16:04:11]       organic  n=   46  marginal   111.62  conditional   106.25  structural     0.01
[16:04:11]         spike  n=  111  marginal    68.99  conditional    68.59  structural     1.53
[16:04:11] --- stage ad done in 21.7s ---
[16:04:11] === run ok · 21.7s · peak RSS 1.78 GB ===
[15:19:58] === run start · seed2 · seed 2 · hash a04eb583ac64 ===
[15:19:58] stages ['ad'] · device cuda · dataset cmapss:FD001
[15:19:58] --- stage: ad ---
[15:19:58]   data: FleetPair(cmapss:FD001: train=100 units, test=100 units, C=15, regimes=1, cap=125)  (0.1s)
[15:19:58]   task: {'kind': 'ad', 'n_train': 5290, 'n_test': 4608, 'd': 300, 'window': 20, 'n_channels': 15, 'anomaly_rate': 0.1265190988779068, 'kind_counts': {'normal': 4025, 'offset': 105, 'drift': 102, 'spike': 111, 'decouple': 94, 'desync': 125, 'organic': 46}, 'train_units': 100, 'test_units': 100, 'n_regimes': 1, 'seed': 2, 'per_regime_norm': False, 'official_test_fleet': True, 'dataset': 'cmapss:FD001', 'cap': 125.0, 'subset': 'FD001', 'dropped_constant_sensors': 6, 'source': 'NASA C-MAPSS (real)', 'source_name': 'cmapss', 'source_kind': 'fleet'}
[15:19:58]   caveat: Ships no anomaly annotations: detection anomalies are injected.
    [pc] epoch   0  nll 31915.821
    [pc] epoch   6  nll  110.967
    [pc] epoch  12  nll   78.149
    [pc] epoch  18  nll   65.336
    [pc] epoch  24  nll   57.628
    [pc] epoch  30  nll   61.192
    [pc] epoch  36  nll   68.519
    [pc] epoch  42  nll   63.349
    fit spectral K=8: 45/50 (90%) · 1.49 it/s · elapsed 00:30 · ETA 00:03
    [pc] epoch  48  nll   61.490
    fit spectral K=8: done 50/50 in 00:33
[15:20:39]   pc_train_nll: first=31915.8215 last=62.9188 (50 epochs)
[15:20:39]   pc: fit 40.1s · 157,440 params · score sd 15.133 · device cuda · layered · 6,588 win/s
[15:20:46]   typed decomposition (mean worst-channel surprise):
[15:20:46]        normal  n= 4025  marginal    23.28  conditional    22.67  structural     1.20
[15:20:46]      decouple  n=   94  marginal    22.97  conditional    22.28  structural     1.08
[15:20:46]        desync  n=  125  marginal    23.24  conditional    31.98  structural    14.49
[15:20:46]         drift  n=  102  marginal 147696.94  conditional 147710.89  structural    33.44
[15:20:46]        offset  n=  105  marginal 90917.91  conditional 90930.79  structural    37.26
[15:20:46]       organic  n=   46  marginal   115.80  conditional   110.33  structural    -0.13
[15:20:46]         spike  n=  111  marginal 11852.90  conditional 11852.68  structural     1.51
[15:20:46] --- stage ad done in 47.9s ---
[15:20:46] === run ok · 47.9s · peak RSS 1.779 GB ===
[19:45:26] === run start · seed2 · seed 2 · hash 29bdec29ada1 ===
[19:45:26] stages ['ad'] · device cpu · dataset cmapss:FD001
[19:45:26] --- stage: ad ---
[19:45:26]   data: FleetPair(cmapss:FD001: train=100 units, test=100 units, C=15, regimes=1, cap=125)  (0.1s)
[19:45:26]   task: {'kind': 'ad', 'n_train': 5290, 'n_test': 4608, 'd': 300, 'window': 20, 'n_channels': 15, 'anomaly_rate': 0.1265190988779068, 'kind_counts': {'normal': 4025, 'offset': 105, 'drift': 102, 'spike': 111, 'decouple': 94, 'desync': 125, 'organic': 46}, 'train_units': 100, 'test_units': 100, 'n_regimes': 1, 'seed': 2, 'per_regime_norm': False, 'official_test_fleet': True, 'dataset': 'cmapss:FD001', 'cap': 125.0, 'subset': 'FD001', 'dropped_constant_sensors': 6, 'source': 'NASA C-MAPSS (real)', 'source_name': 'cmapss', 'source_kind': 'fleet'}
[19:45:26]   caveat: Ships no anomaly annotations: detection anomalies are injected.
    [pc] epoch   0  nll 31655.973
    [pc] epoch   6  nll  111.575
    fit spectral K=8: 8/50 (16%) · 0.24 it/s · elapsed 00:32 · ETA 02:52
    [pc] epoch  12  nll   82.878
    fit spectral K=8: 16/50 (32%) · 0.24 it/s · elapsed 01:05 · ETA 02:19
    [pc] epoch  18  nll   65.959
    fit spectral K=8: 24/50 (48%) · 0.24 it/s · elapsed 01:38 · ETA 01:47
    [pc] epoch  24  nll   59.115
    [pc] epoch  30  nll   61.100
    fit spectral K=8: 32/50 (64%) · 0.24 it/s · elapsed 02:11 · ETA 01:14
    [pc] epoch  36  nll   59.643
    fit spectral K=8: 40/50 (80%) · 0.24 it/s · elapsed 02:45 · ETA 00:41
    [pc] epoch  42  nll   62.837
    fit spectral K=8: 48/50 (96%) · 0.24 it/s · elapsed 03:18 · ETA 00:08
    [pc] epoch  48  nll   60.265
    fit spectral K=8: done 50/50 in 03:26
[19:48:55]   pc_train_nll: first=31655.9727 last=55.8909 (50 epochs)
[19:48:56]   pc: fit 208.6s · 157,440 params · score sd 15.733 · device cpu · layered · 1,268 win/s
    typed decomposition (per channel): 6/15 (40%) · 0.17 it/s · elapsed 00:34 · ETA 00:51
    typed decomposition (per channel): 12/15 (80%) · 0.17 it/s · elapsed 01:09 · ETA 00:17
    typed decomposition (per channel): done 15/15 in 01:26
[19:50:25]   typed decomposition (mean worst-channel surprise):
[19:50:25]        normal  n= 4025  marginal    23.28  conditional    22.65  structural     1.05
[19:50:25]      decouple  n=   94  marginal    23.03  conditional    22.40  structural     1.06
[19:50:25]        desync  n=  125  marginal    23.29  conditional    32.04  structural    14.45
[19:50:25]         drift  n=  102  marginal 147035.39  conditional 147048.92  structural    33.82
[19:50:25]        offset  n=  105  marginal 90740.30  conditional 90753.47  structural    37.77
[19:50:25]       organic  n=   46  marginal   113.79  conditional   108.64  structural     0.43
[19:50:25]         spike  n=  111  marginal 11932.62  conditional 11932.28  structural     1.33
[19:50:25] --- stage ad done in 298.6s ---
[19:50:25] === run ok · 298.6s · peak RSS 1.68 GB ===
