[15:58:30] === run start · seed2 · seed 2 · hash 4c33f7b4d45b ===
[15:58:30] stages ['ad'] · device cuda · dataset cmapss:FD001
[15:58:30] --- stage: ad ---
[15:58:30]   data: FleetPair(cmapss:FD001: train=100 units, test=100 units, C=15, regimes=1, cap=125)  (0.1s)
[15:58:30]   task: {'kind': 'ad', 'n_train': 5290, 'n_test': 4608, 'd': 300, 'window': 20, 'n_channels': 15, 'anomaly_rate': 0.1265190988779068, 'kind_counts': {'normal': 4025, 'offset': 105, 'drift': 102, 'spike': 111, 'decouple': 94, 'desync': 125, 'organic': 46}, 'train_units': 100, 'test_units': 100, 'n_regimes': 1, 'seed': 2, 'per_regime_norm': False, 'official_test_fleet': True, 'dataset': 'cmapss:FD001', 'cap': 125.0, 'subset': 'FD001', 'dropped_constant_sensors': 6, 'source': 'NASA C-MAPSS (real)', 'source_name': 'cmapss', 'source_kind': 'fleet'}
[15:58:30]   caveat: Ships no anomaly annotations: detection anomalies are injected.
    [pc] epoch   0  nll 31917.713
    [pc] epoch   6  nll  127.948
    [pc] epoch  12  nll  100.515
    [pc] epoch  18  nll   79.497
    [pc] epoch  24  nll   72.646
    [pc] epoch  30  nll   80.943
    [pc] epoch  36  nll   69.137
    [pc] epoch  42  nll   67.391
    [pc] epoch  48  nll   74.640
[15:58:47]   pc_train_nll: first=31917.7135 last=76.5685 (50 epochs)
[15:58:47]   pc: fit 17.0s · 157,440 params · score sd 20.636 · device cuda · layered · 15,538 win/s
[15:58:50]   typed decomposition (mean worst-channel surprise):
[15:58:50]        normal  n= 4025  marginal    23.34  conditional    23.06  structural     3.79
[15:58:50]      decouple  n=   94  marginal    23.08  conditional    22.61  structural     3.57
[15:58:50]        desync  n=  125  marginal    23.21  conditional    36.32  structural    20.63
[15:58:50]         drift  n=  102  marginal 153371.92  conditional 153388.64  structural    38.55
[15:58:50]        offset  n=  105  marginal 94984.09  conditional 95010.56  structural    55.32
[15:58:50]       organic  n=   46  marginal   118.63  conditional   121.40  structural    31.13
[15:58:50]         spike  n=  111  marginal 11922.29  conditional 11922.96  structural     4.70
[15:58:50] --- stage ad done in 20.1s ---
[15:58:50] === run ok · 20.1s · peak RSS 1.77 GB ===
