[16:18:38] === run start · seed11 · seed 11 · hash 0fa6dd4941cf ===
[16:18:38] stages ['diagnosis'] · device cuda · dataset cmapss:FD001
[16:18:38] --- stage: diagnosis ---
[16:18:38]   data: FleetPair(cmapss:FD001: train=100 units, test=100 units, C=15, regimes=1, cap=125)  (0.1s)
[16:18:38]   task: {'kind': 'ad', 'n_train': 3711, 'n_val': 1579, 'n_test': 4639, 'd': 300, 'window': 20, 'n_channels': 15, 'anomaly_rate': 0.12869152426719666, 'kind_counts': {'normal': 4042, 'desync': 107, 'offset': 109, 'spike': 98, 'drift': 113, 'decouple': 118, 'organic': 52}, 'train_units': 100, 'val_units': 30, 'test_units': 100, 'n_val_windows': 1579, 'n_regimes': 1, 'seed': 11, 'per_regime_norm': False, 'official_test_fleet': True, 'dataset': 'cmapss:FD001', 'cap': 125.0, 'subset': 'FD001', 'dropped_constant_sensors': 6, 'source': 'NASA C-MAPSS (real)', 'source_name': 'cmapss', 'source_kind': 'fleet'}
[16:18:38]   caveat: Ships no anomaly annotations: detection anomalies are injected.
    [pc] epoch   0  nll  360.808  val  287.601
    [pc] epoch  22  nll   62.460  val   70.725
    [pc] epoch  44  nll   34.943  val   37.794
    fit channel_blocked K=8: 55/180 (31%) · 1.83 it/s · elapsed 00:30 · ETA 01:08
    [pc] epoch  66  nll   27.849  val   30.296
    [pc] epoch  88  nll   24.437  val   27.004
    [pc] epoch 110  nll   22.280  val   25.051
    fit channel_blocked K=8: 129/180 (72%) · 2.14 it/s · elapsed 01:00 · ETA 00:23
    [pc] epoch 132  nll   21.180  val   24.173
    [pc] epoch 154  nll   20.247  val   23.301
    [pc] epoch 176  nll   19.488  val   22.934
    fit channel_blocked K=8: done 180/180 in 01:24
[16:20:28]   pc_train_nll: first=360.8082 last=19.0952 (180 epochs)
[16:20:28]   pc_train_objective: first=360.8082 last=19.0952 (180 epochs)
[16:20:28]   pc_selection_loss: first=287.6005 last=22.6145 (180 epochs)
[16:20:28]   pc_val_nll: first=287.6005 last=22.6145 (180 epochs)
[16:20:29]   pc: fit 110.8s · 171,372 params · score sd 19.089 · device cuda · layered · 6,030 win/s
[16:20:29]   pc: validation on 546 windows from explicit subset of held-out units · best epoch 179 of 180 · val nll 22.614
[16:20:30]   shortcut audit: target-channel-only AUROC 0.559 (0.5 = no marginal shortcut)
[16:20:30]   diagnosis: full (15.0 observed on average), 940 paired windows, 1 method(s)
[16:20:33]   diagnosis: random1:1 (14.0 observed on average), 940 paired windows, 1 method(s)
[16:20:36]   diagnosis: random3:5-8-14 (12.0 observed on average), 940 paired windows, 1 method(s)
[16:20:39]   diagnosis: random7:3-4-8-10-11-12-14 (8.0 observed on average), 940 paired windows, 1 method(s)
[16:20:42]   diagnosis: bank0:0-1-2-4-5-7-8 (8.0 observed on average), 940 paired windows, 1 method(s)
[16:20:46]   diagnosis: bank1:3 (14.0 observed on average), 940 paired windows, 1 method(s)
[16:20:49]   diagnosis: bank2:6-10 (13.0 observed on average), 940 paired windows, 1 method(s)
[16:20:51]   diagnosis: single_sensor_0 (1.0 observed on average), 940 paired windows, 1 method(s)
[16:20:55]   Diagnosis completed on validation engines only; no confirmatory PASS/FAIL inferred.
[16:20:55] --- stage diagnosis done in 137.0s ---
[16:20:55] === run ok · 137.0s · peak RSS 1.794 GB ===
