[18:58:25] === run start · seed0 · seed 0 · hash 929f2e8723f2 ===
[18:58:25] stages ['structure_gate'] · device mps · dataset cmapss:FD001
[18:58:25] --- stage: structure_gate ---
[18:58:27]   data: FleetPair(cmapss:FD001: train=100 units, test=100 units, C=15, regimes=1, cap=125)  (1.6s)
[18:58:27]   task: {'kind': 'ad', 'n_train': 4160, 'n_val': 1130, 'n_test': 4639, 'd': 300, 'window': 20, 'n_channels': 15, 'anomaly_rate': 0.13257168233394623, 'kind_counts': {'drift': 102, 'normal': 4024, 'spike': 129, 'desync': 113, 'offset': 112, 'decouple': 107, 'organic': 52}, 'train_units': 100, 'val_units': 20, 'test_units': 100, 'n_val_windows': 1130, 'n_regimes': 1, 'seed': 0, 'per_regime_norm': False, 'official_test_fleet': True, 'dataset': 'cmapss:FD001', 'cap': 125.0, 'subset': 'FD001', 'dropped_constant_sensors': 6, 'source': 'NASA C-MAPSS (real)', 'source_name': 'cmapss', 'source_kind': 'fleet'}
[18:58:27]   caveat: Ships no anomaly annotations: detection anomalies are injected.
[18:58:27]   gate: 502 clean val windows for NLL/checkpoint, 628 labelled val windows (167 anomalous) for detection
[18:58:30]   gate: matching every structure to chow_liu K=8 = 174,240 parameters
    [pc] epoch   0  nll  305.575  val  297.577
    fit channel_blocked K=8: 7/60 (12%) · 0.18 it/s · elapsed 00:38 · ETA 04:48
    [pc] epoch   7  nll  136.144  val  154.866
    fit channel_blocked K=8: 11/60 (18%) · 0.16 it/s · elapsed 01:08 · ETA 05:03
    [pc] epoch  14  nll   87.380  val  105.235
    fit channel_blocked K=8: 17/60 (28%) · 0.17 it/s · elapsed 01:40 · ETA 04:13
    [pc] epoch  21  nll   74.364  val   94.801
    fit channel_blocked K=8: 24/60 (40%) · 0.18 it/s · elapsed 02:12 · ETA 03:19
    [pc] epoch  28  nll   65.221  val   83.241
    fit channel_blocked K=8: 31/60 (52%) · 0.19 it/s · elapsed 02:44 · ETA 02:33
    [pc] epoch  35  nll   66.588  val   89.269
    fit channel_blocked K=8: 38/60 (63%) · 0.19 it/s · elapsed 03:16 · ETA 01:53
    [pc] epoch  42  nll   59.730  val   76.941
    fit channel_blocked K=8: 45/60 (75%) · 0.20 it/s · elapsed 03:49 · ETA 01:16
    [pc] epoch  49  nll   59.615  val   76.106
    fit channel_blocked K=8: 52/60 (87%) · 0.20 it/s · elapsed 04:23 · ETA 00:40
    [pc] epoch  56  nll   59.983  val   71.815
    fit channel_blocked K=8: 59/60 (98%) · 0.20 it/s · elapsed 04:56 · ETA 00:05
    fit channel_blocked K=8: done 60/60 in 05:01
    [pc] restored epoch 57 (val nll 66.620 < last 69.649)
[19:04:05]   gate_channel_blocked_train_nll: first=305.5754 last=52.8975 (60 epochs)
[19:04:05]   gate_channel_blocked_val_nll: first=297.5775 last=69.6488 (60 epochs)
[19:04:07]   gate_channel_blocked: fit 310.4s · 174,240 params · score sd 29.822 · device mps · layered · 804 win/s
[19:04:07]   gate_channel_blocked: validation on 1130 windows from 20 held-out units · best epoch 57 of 60 · val nll 66.620
[19:04:12]   channel_blocked  K=8   params  174,240  val_nll   57.915  val_auroc 0.7626  dependence   3.603 nats  blocked=True
    [pc] epoch   0  nll  305.852  val  298.455
    fit channel K=8: 6/60 (10%) · 0.20 it/s · elapsed 00:30 · ETA 04:35
    [pc] epoch   7  nll  140.543  val  160.552
    fit channel K=8: 12/60 (20%) · 0.19 it/s · elapsed 01:02 · ETA 04:09
    [pc] epoch  14  nll   86.487  val  104.756
    fit channel K=8: 19/60 (32%) · 0.20 it/s · elapsed 01:35 · ETA 03:26
    [pc] epoch  21  nll   69.518  val   84.818
    fit channel K=8: 26/60 (43%) · 0.20 it/s · elapsed 02:08 · ETA 02:48
    [pc] epoch  28  nll   55.445  val   71.629
    fit channel K=8: 33/60 (55%) · 0.20 it/s · elapsed 02:41 · ETA 02:11
    [pc] epoch  35  nll   56.705  val   71.883
    fit channel K=8: 40/60 (67%) · 0.21 it/s · elapsed 03:13 · ETA 01:36
    [pc] epoch  42  nll   55.679  val   64.201
    fit channel K=8: 47/60 (78%) · 0.21 it/s · elapsed 03:47 · ETA 01:02
    [pc] epoch  49  nll   46.656  val   73.363
    fit channel K=8: 54/60 (90%) · 0.21 it/s · elapsed 04:19 · ETA 00:28
    [pc] epoch  56  nll   41.881  val   54.078
    fit channel K=8: done 60/60 in 04:48
    [pc] restored epoch 57 (val nll 53.330 < last 59.679)
[19:09:35]   gate_channel_train_nll: first=305.8525 last=45.8385 (60 epochs)
[19:09:35]   gate_channel_val_nll: first=298.4551 last=59.6795 (60 epochs)
[19:09:37]   gate_channel: fit 296.3s · 174,240 params · score sd 26.688 · device mps · layered · 843 win/s
[19:09:37]   gate_channel: validation on 1130 windows from 20 held-out units · best epoch 57 of 60 · val nll 53.330
[19:09:41]   channel          K=8   params  174,240  val_nll   45.488  val_auroc 0.7714  dependence   6.914 nats  blocked=True
    [pc] epoch   0  nll  306.096  val  298.472
    fit chow_liu K=8: 4/60 (7%) · 0.12 it/s · elapsed 00:32 · ETA 07:31
    [pc] epoch   7  nll  151.359  val  177.737
    fit chow_liu K=8: 8/60 (13%) · 0.13 it/s · elapsed 01:03 · ETA 06:53
    fit chow_liu K=8: 13/60 (22%) · 0.13 it/s · elapsed 01:39 · ETA 06:00
    [pc] epoch  14  nll   97.244  val  120.242
    fit chow_liu K=8: 18/60 (30%) · 0.13 it/s · elapsed 02:13 · ETA 05:12
    [pc] epoch  21  nll   80.096  val  101.259
    fit chow_liu K=8: 23/60 (38%) · 0.14 it/s · elapsed 02:49 · ETA 04:32
    fit chow_liu K=8: 28/60 (47%) · 0.14 it/s · elapsed 03:25 · ETA 03:54
    [pc] epoch  28  nll   74.036  val   91.395
    fit chow_liu K=8: 33/60 (55%) · 0.14 it/s · elapsed 04:02 · ETA 03:18
    [pc] epoch  35  nll   67.405  val   85.255
    fit chow_liu K=8: 37/60 (62%) · 0.14 it/s · elapsed 04:33 · ETA 02:49
    fit chow_liu K=8: 41/60 (68%) · 0.13 it/s · elapsed 05:06 · ETA 02:21
    [pc] epoch  42  nll   68.458  val   92.106
    fit chow_liu K=8: 45/60 (75%) · 0.13 it/s · elapsed 05:40 · ETA 01:53
    fit chow_liu K=8: 49/60 (82%) · 0.13 it/s · elapsed 06:13 · ETA 01:23
    [pc] epoch  49  nll   65.814  val   83.287
    fit chow_liu K=8: 53/60 (88%) · 0.13 it/s · elapsed 06:45 · ETA 00:53
    [pc] epoch  56  nll   64.859  val   80.151
    fit chow_liu K=8: 57/60 (95%) · 0.13 it/s · elapsed 07:17 · ETA 00:23
    fit chow_liu K=8: done 60/60 in 07:43
[19:18:03]   gate_chow_liu_train_nll: first=306.0956 last=61.1751 (60 epochs)
[19:18:03]   gate_chow_liu_val_nll: first=298.4717 last=78.0461 (60 epochs)
[19:18:06]   gate_chow_liu: fit 471.2s · 174,240 params · score sd 30.016 · device mps · layered · 530 win/s
[19:18:06]   gate_chow_liu: validation on 1130 windows from 20 held-out units · best epoch 59 of 60 · val nll 78.046
[19:18:14]   chow_liu         K=8   params  174,240  val_nll   67.339  val_auroc 0.7954  dependence  38.533 nats  blocked=False
    [pc] epoch   0  nll  305.487  val  297.168
    fit random K=8: 6/60 (10%) · 0.18 it/s · elapsed 00:32 · ETA 04:53
    [pc] epoch   7  nll  163.959  val  195.088
    fit random K=8: 11/60 (18%) · 0.17 it/s · elapsed 01:03 · ETA 04:42
    [pc] epoch  14  nll  115.694  val  140.831
    fit random K=8: 17/60 (28%) · 0.17 it/s · elapsed 01:38 · ETA 04:09
    [pc] epoch  21  nll   95.529  val  120.817
    fit random K=8: 23/60 (38%) · 0.17 it/s · elapsed 02:13 · ETA 03:34
    [pc] epoch  28  nll   84.989  val  112.987
    fit random K=8: 29/60 (48%) · 0.17 it/s · elapsed 02:45 · ETA 02:57
    fit random K=8: 35/60 (58%) · 0.18 it/s · elapsed 03:16 · ETA 02:20
    [pc] epoch  35  nll   77.634  val  102.784
    fit random K=8: 41/60 (68%) · 0.09 it/s · elapsed 07:16 · ETA 03:22
    [pc] epoch  42  nll   76.711  val   93.658
    [pc] epoch  49  nll   78.759  val   99.203
    fit random K=8: 53/60 (88%) · 0.11 it/s · elapsed 07:46 · ETA 01:01
    [pc] epoch  56  nll   71.606  val   88.132
    fit random K=8: done 60/60 in 08:04
    [pc] restored epoch 53 (val nll 85.631 < last 93.154)
[19:26:52]   gate_random_train_nll: first=305.4870 last=78.7749 (60 epochs)
[19:26:52]   gate_random_val_nll: first=297.1676 last=93.1545 (60 epochs)
[19:26:53]   gate_random: fit 490.9s · 174,240 params · score sd 34.015 · device mps · layered · 508 win/s
[19:26:53]   gate_random: validation on 1130 windows from 20 held-out units · best epoch 53 of 60 · val nll 85.631
[19:26:55]   random           K=8   params  174,240  val_nll   76.918  val_auroc 0.7892  dependence  22.733 nats  blocked=False
[19:26:55]   GATE (delta_auroc >= -0.02 and delta_nll_frac <= 0.05): FAIL — channel_blocked is -0.0327 AUROC and +27.32% NLL from the best unblocked structure
[19:26:55] --- stage structure_gate done in 1710.0s ---
[19:26:55] === run ok · 1710.2s · peak RSS 1.074 GB ===
