[16:12:43] === run start · seed12 · seed 12 · hash a7be5caf5177 ===
[16:12:43] stages ['diagnosis'] · device cuda · dataset cmapss:FD001
[16:12:43] --- stage: diagnosis ---
[16:12:43]   data: FleetPair(cmapss:FD001: train=100 units, test=100 units, C=15, regimes=1, cap=125)  (0.1s)
[16:12:43]   task: {'kind': 'ad', 'n_train': 3753, 'n_val': 1537, 'n_test': 4639, 'd': 300, 'window': 20, 'n_channels': 15, 'anomaly_rate': 0.12416469305753708, 'kind_counts': {'decouple': 113, 'normal': 4063, 'spike': 89, 'offset': 117, 'desync': 103, 'drift': 102, 'organic': 52}, 'train_units': 100, 'val_units': 30, 'test_units': 100, 'n_val_windows': 1537, 'n_regimes': 1, 'seed': 12, 'per_regime_norm': False, 'official_test_fleet': True, 'dataset': 'cmapss:FD001', 'cap': 125.0, 'subset': 'FD001', 'dropped_constant_sensors': 6, 'source': 'NASA C-MAPSS (real)', 'source_name': 'cmapss', 'source_kind': 'fleet'}
[16:12:43]   caveat: Ships no anomaly annotations: detection anomalies are injected.
    [pc] epoch   0  nll  359.569  val  335.479
    [pc] epoch  22  nll   69.246  val   79.680
    [pc] epoch  44  nll   42.233  val   53.730
    fit channel_blocked K=8: 58/180 (32%) · 1.90 it/s · elapsed 00:30 · ETA 01:04
    [pc] epoch  66  nll   34.356  val   44.480
    [pc] epoch  88  nll   29.145  val   38.339
    fit channel_blocked K=8: 104/180 (58%) · 1.70 it/s · elapsed 01:01 · ETA 00:44
    [pc] epoch 110  nll   25.048  val   33.894
    [pc] epoch 132  nll   23.318  val   32.004
    [pc] epoch 154  nll   22.012  val   30.691
    fit channel_blocked K=8: 158/180 (88%) · 1.73 it/s · elapsed 01:31 · ETA 00:12
    [pc] epoch 176  nll   21.629  val   30.126
    fit channel_blocked K=8: done 180/180 in 01:43
[16:14:53]   pc_train_nll: first=359.5691 last=21.1574 (180 epochs)
[16:14:53]   pc_train_objective: first=359.5691 last=21.1574 (180 epochs)
[16:14:53]   pc_selection_loss: first=335.4787 last=29.8672 (180 epochs)
[16:14:53]   pc_val_nll: first=335.4787 last=29.8672 (180 epochs)
[16:14:53]   pc: fit 129.6s · 193,968 params · score sd 19.623 · device cuda · layered · 5,214 win/s
[16:14:53]   pc: validation on 650 windows from explicit subset of held-out units · best epoch 179 of 180 · val nll 29.867
[16:14:54]   shortcut audit: target-channel-only AUROC 0.547 (0.5 = no marginal shortcut)
[16:14:54]   diagnosis: full (15.0 observed on average), 830 paired windows, 1 method(s)
[16:14:58]   diagnosis: random1:1 (14.0 observed on average), 830 paired windows, 1 method(s)
[16:15:02]   diagnosis: random3:5-8-14 (12.0 observed on average), 830 paired windows, 1 method(s)
[16:15:05]   diagnosis: random7:3-4-8-10-11-12-14 (8.0 observed on average), 830 paired windows, 1 method(s)
[16:15:10]   diagnosis: bank0:0-1-2-4-5-7-8 (8.0 observed on average), 830 paired windows, 1 method(s)
[16:15:15]   diagnosis: bank1:3 (14.0 observed on average), 830 paired windows, 1 method(s)
[16:15:20]   diagnosis: bank2:6-10 (13.0 observed on average), 830 paired windows, 1 method(s)
[16:15:25]   diagnosis: single_sensor_0 (1.0 observed on average), 830 paired windows, 1 method(s)
[16:15:29]   Diagnosis completed on validation engines only; no confirmatory PASS/FAIL inferred.
[16:15:29] --- stage diagnosis done in 166.5s ---
[16:15:29] === run ok · 166.5s · peak RSS 1.788 GB ===
