[15:56:06] === run start · seed1 · seed 1 · hash 1972bd14d6e4 ===
[15:56:06] stages ['ad'] · device cuda · dataset cmapss:FD001
[15:56:06] --- stage: ad ---
[15:56:06]   data: FleetPair(cmapss:FD001: train=100 units, test=100 units, C=15, regimes=1, cap=125)  (0.1s)
[15:56:06]   task: {'kind': 'ad', 'n_train': 5290, 'n_test': 4608, 'd': 300, 'window': 20, 'n_channels': 15, 'anomaly_rate': 0.1228298619389534, 'kind_counts': {'normal': 4042, 'desync': 102, 'drift': 102, 'offset': 103, 'decouple': 102, 'spike': 111, 'organic': 46}, 'train_units': 100, 'test_units': 100, 'n_regimes': 1, 'seed': 1, 'per_regime_norm': False, 'official_test_fleet': True, 'dataset': 'cmapss:FD001', 'cap': 125.0, 'subset': 'FD001', 'dropped_constant_sensors': 6, 'source': 'NASA C-MAPSS (real)', 'source_name': 'cmapss', 'source_kind': 'fleet'}
[15:56:06]   caveat: Ships no anomaly annotations: detection anomalies are injected.
    [pc] epoch   0  nll 31842.766
    [pc] epoch   6  nll  127.658
    [pc] epoch  12  nll   91.046
    [pc] epoch  18  nll   79.337
    [pc] epoch  24  nll   71.224
    [pc] epoch  30  nll   60.499
    [pc] epoch  36  nll   87.556
    [pc] epoch  42  nll   71.777
    [pc] epoch  48  nll   70.164
[15:56:23]   pc_train_nll: first=31842.7656 last=80.4545 (50 epochs)
[15:56:24]   pc: fit 17.3s · 157,440 params · score sd 21.748 · device cuda · layered · 15,322 win/s
[15:56:27]   typed decomposition (mean worst-channel surprise):
[15:56:27]        normal  n= 4042  marginal    23.32  conditional    23.53  structural     6.05
[15:56:27]      decouple  n=  102  marginal    23.85  conditional    23.90  structural     6.76
[15:56:27]        desync  n=  102  marginal    23.83  conditional    35.58  structural    20.99
[15:56:27]         drift  n=  102  marginal 160544.20  conditional 160565.20  structural    47.32
[15:56:27]        offset  n=  103  marginal 49314.97  conditional 49340.87  structural    54.17
[15:56:27]       organic  n=   46  marginal   112.58  conditional   131.88  structural    54.95
[15:56:27]         spike  n=  111  marginal 14175.82  conditional 14176.42  structural     6.35
[15:56:27] --- stage ad done in 20.5s ---
[15:56:27] === run ok · 20.5s · peak RSS 1.77 GB ===
