[16:10:45] === run start · seed11 · seed 11 · hash a7be5caf5177 ===
[16:10:45] stages ['diagnosis'] · device cuda · dataset cmapss:FD001
[16:10:45] --- stage: diagnosis ---
[16:10:45]   data: FleetPair(cmapss:FD001: train=100 units, test=100 units, C=15, regimes=1, cap=125)  (0.1s)
[16:10:45]   task: {'kind': 'ad', 'n_train': 3711, 'n_val': 1579, 'n_test': 4639, 'd': 300, 'window': 20, 'n_channels': 15, 'anomaly_rate': 0.12869152426719666, 'kind_counts': {'normal': 4042, 'desync': 107, 'offset': 109, 'spike': 98, 'drift': 113, 'decouple': 118, 'organic': 52}, 'train_units': 100, 'val_units': 30, 'test_units': 100, 'n_val_windows': 1579, 'n_regimes': 1, 'seed': 11, 'per_regime_norm': False, 'official_test_fleet': True, 'dataset': 'cmapss:FD001', 'cap': 125.0, 'subset': 'FD001', 'dropped_constant_sensors': 6, 'source': 'NASA C-MAPSS (real)', 'source_name': 'cmapss', 'source_kind': 'fleet'}
[16:10:45]   caveat: Ships no anomaly annotations: detection anomalies are injected.
    [pc] epoch   0  nll  360.845  val  287.665
    [pc] epoch  22  nll   69.261  val   76.738
    [pc] epoch  44  nll   46.438  val   54.838
    [pc] epoch  66  nll   38.126  val   44.270
    [pc] epoch  88  nll   33.284  val   38.012
    fit channel_blocked K=8: 95/180 (53%) · 3.12 it/s · elapsed 00:30 · ETA 00:27
    [pc] epoch 110  nll   29.803  val   35.226
    [pc] epoch 132  nll   28.360  val   33.856
    [pc] epoch 154  nll   27.759  val   33.329
    fit channel_blocked K=8: 157/180 (87%) · 2.58 it/s · elapsed 01:00 · ETA 00:08
    [pc] epoch 176  nll   26.753  val   32.601
    fit channel_blocked K=8: done 180/180 in 01:12
    [pc] restored epoch 173 (selected by nll; val nll 32.044, last 32.330)
[16:12:03]   pc_train_nll: first=360.8452 last=26.3292 (180 epochs)
[16:12:03]   pc_train_objective: first=360.8452 last=26.3292 (180 epochs)
[16:12:03]   pc_selection_loss: first=287.6654 last=32.3298 (180 epochs)
[16:12:03]   pc_val_nll: first=287.6654 last=32.3298 (180 epochs)
[16:12:03]   pc: fit 78.1s · 193,968 params · score sd 20.608 · device cuda · layered · 8,550 win/s
[16:12:03]   pc: validation on 546 windows from explicit subset of held-out units · best epoch 173 of 180 · val nll 32.044
[16:12:04]   shortcut audit: target-channel-only AUROC 0.559 (0.5 = no marginal shortcut)
[16:12:04]   diagnosis: full (15.0 observed on average), 940 paired windows, 1 method(s)
[16:12:10]   diagnosis: random1:1 (14.0 observed on average), 940 paired windows, 1 method(s)
[16:12:14]   diagnosis: random3:5-8-14 (12.0 observed on average), 940 paired windows, 1 method(s)
[16:12:19]   diagnosis: random7:3-4-8-10-11-12-14 (8.0 observed on average), 940 paired windows, 1 method(s)
[16:12:24]   diagnosis: bank0:0-1-2-4-5-7-8 (8.0 observed on average), 940 paired windows, 1 method(s)
[16:12:29]   diagnosis: bank1:3 (14.0 observed on average), 940 paired windows, 1 method(s)
[16:12:33]   diagnosis: bank2:6-10 (13.0 observed on average), 940 paired windows, 1 method(s)
[16:12:38]   diagnosis: single_sensor_0 (1.0 observed on average), 940 paired windows, 1 method(s)
[16:12:43]   Diagnosis completed on validation engines only; no confirmatory PASS/FAIL inferred.
[16:12:43] --- stage diagnosis done in 118.3s ---
[16:12:43] === run ok · 118.3s · peak RSS 1.784 GB ===
