[16:17:19] === run start · seed24 · seed 24 · hash e84370a44607 ===
[16:17:19] stages ['diagnosis'] · device cuda · dataset cmapss:FD001
[16:17:19] --- stage: diagnosis ---
[16:17:19]   data: FleetPair(cmapss:FD001: train=100 units, test=100 units, C=15, regimes=1, cap=125)  (0.1s)
[16:17:19]   task: {'kind': 'ad', 'n_train': 3663, 'n_val': 1627, 'n_test': 4639, 'd': 300, 'window': 20, 'n_channels': 15, 'anomaly_rate': 0.12933821976184845, 'kind_counts': {'normal': 4039, 'decouple': 113, 'spike': 116, 'offset': 110, 'desync': 89, 'drift': 120, 'organic': 52}, 'train_units': 100, 'val_units': 30, 'test_units': 100, 'n_val_windows': 1627, 'n_regimes': 1, 'seed': 24, 'per_regime_norm': False, 'official_test_fleet': True, 'dataset': 'cmapss:FD001', 'cap': 125.0, 'subset': 'FD001', 'dropped_constant_sensors': 6, 'source': 'NASA C-MAPSS (real)', 'source_name': 'cmapss', 'source_kind': 'fleet'}
[16:17:19]   caveat: Ships no anomaly annotations: detection anomalies are injected.
    [pc] epoch   0  nll  501.511  val  237.132
    [pc] epoch  75  nll   37.097  val   36.901
    fit chow_liu K=8: 117/600 (20%) · 3.88 it/s · elapsed 00:30 · ETA 02:04
    [pc] epoch 150  nll   34.460  val   40.854
    [pc] epoch 225  nll   30.776  val   32.427
    fit chow_liu K=8: 234/600 (39%) · 3.88 it/s · elapsed 01:00 · ETA 01:34
    [pc] epoch 300  nll   31.847  val   35.911
    fit chow_liu K=8: 351/600 (58%) · 3.87 it/s · elapsed 01:30 · ETA 01:04
    [pc] epoch 375  nll   27.881  val   31.410
    [pc] restored epoch 355 (selected by nll; val nll 28.710, last 29.314)
    [pc] epoch   0  nll  499.931  val  239.505
    [pc] epoch  75  nll   43.508  val   43.374
    [pc] restart 1 abandoned at epoch 99 (38.710 vs 28.710 best so far)
    [pc] restored epoch 85 (selected by nll; val nll 38.710, last 40.668)
    [pc] epoch   0  nll  500.102  val  236.773
    [pc] epoch  75  nll   41.449  val   40.653
    [pc] restart 2 abandoned at epoch 99 (37.653 vs 28.710 best so far)
    [pc] restored epoch 94 (selected by nll; val nll 37.653, last 38.322)
    [pc] epoch   0  nll  501.469  val  241.033
    [pc] epoch  75  nll   42.403  val   38.516
    [pc] restart 3 abandoned at epoch 99 (36.534 vs 28.710 best so far)
    [pc] restored epoch 97 (selected by nll; val nll 36.534, last 39.631)
    [pc] restart 0 of 4 selected by nll (checkpoint losses: 28.710 38.710 37.653 36.534)
[16:20:34]   pc_train_nll: first=501.5109 last=26.9468 (416 epochs)
[16:20:34]   pc_train_objective: first=501.5109 last=26.9468 (416 epochs)
[16:20:34]   pc_selection_loss: first=237.1316 last=29.3140 (416 epochs)
[16:20:34]   pc_val_nll: first=237.1316 last=29.3140 (416 epochs)
[16:20:34]   pc: fit 194.4s · 195,840 params · score sd 17.937 · device cuda · layered · 7,837 win/s
[16:20:34]   pc: restart 0 (init seed 24) checkpoint 28.710 at epoch 355 of 416 run · stopped early
[16:20:34]   pc: restart 1 (init seed 7943) checkpoint 38.710 at epoch 85 of 100 run · abandoned
[16:20:34]   pc: restart 2 (init seed 15862) checkpoint 37.653 at epoch 94 of 100 run · abandoned
[16:20:34]   pc: restart 3 (init seed 23781) checkpoint 36.534 at epoch 97 of 100 run · abandoned
[16:20:34]   pc: selected restart 0 of 4
[16:20:34]   pc: validation on 419 windows from explicit subset of held-out units · best epoch 355 of 600 · val nll 28.710
[16:20:35]   shortcut audit: target-channel-only AUROC 0.555 (0.5 = no marginal shortcut)
[16:20:35]   baseline gaussian_fitted: fit 0.15s · 45,450 params · selection {'shrinkage': 0.01}
[16:20:36]   detection comparators: ['mahalanobis_refit', 'mahalanobis_impute', 'gmm_refit', 'gmm_impute', 'knn_refit', 'knn_impute']
[16:20:36]   diagnosis: full (15.0 observed on average), 644 paired windows, 2 method(s)
[16:20:41]   diagnosis: random1:1 (14.0 observed on average), 644 paired windows, 2 method(s)
[16:20:45]   diagnosis: random3:5-8-14 (12.0 observed on average), 644 paired windows, 2 method(s)
[16:20:50]   diagnosis: random7:3-4-8-10-11-12-14 (8.0 observed on average), 644 paired windows, 2 method(s)
[16:20:52]   diagnosis: bank0:0-1-2-4-5-7-8 (8.0 observed on average), 644 paired windows, 2 method(s)
[16:20:56]   diagnosis: bank1:3 (14.0 observed on average), 644 paired windows, 2 method(s)
[16:21:01]   diagnosis: bank2:6-10 (13.0 observed on average), 644 paired windows, 2 method(s)
[16:21:06]   diagnosis: single_sensor_0 (1.0 observed on average), 644 paired windows, 2 method(s)
[16:21:08]   Diagnosis completed on validation engines only; no confirmatory PASS/FAIL inferred.
[16:21:08] --- stage diagnosis done in 228.8s ---
[16:21:08] === run ok · 228.9s · peak RSS 2.539 GB ===
