[11:53:27] === run start · seed11 · seed 11 · hash 4cf2af4b7015 ===
[11:53:27] stages ['diagnosis'] · device cpu · dataset synthetic
[11:53:27] --- stage: diagnosis ---
    [pc] epoch   0  nll   27.085  val   26.080
    [pc] epoch  37  nll   22.648  val   22.172
    [pc] epoch  74  nll   21.486  val   21.244
    [pc] epoch 111  nll   19.913  val   19.817
    [pc] epoch 148  nll   19.575  val   19.551
    [pc] epoch 185  nll   19.473  val   19.489
    [pc] epoch 222  nll   19.131  val   19.054
    [pc] epoch 259  nll   18.982  val   18.903
    [pc] epoch 296  nll   18.931  val   18.887
    [pc] restored epoch 297 (selected by nll; val nll 18.887, last 18.890)
[11:53:49]   pc_train_nll: first=27.0849 last=18.9259 (300 epochs)
[11:53:49]   pc_train_objective: first=27.0849 last=18.9259 (300 epochs)
[11:53:49]   pc_selection_loss: first=26.0804 last=18.8898 (300 epochs)
[11:53:49]   pc_val_nll: first=26.0804 last=18.8898 (300 epochs)
[11:53:49]   pc: fit 22.2s · 2,688 params · score sd 4.857 · device cpu · layered · 13,857 win/s
[11:53:49]   pc: validation on 200 windows from explicit subset of held-out units · best epoch 297 of 300 · val nll 18.887
[11:53:49]   shortcut audit: target-channel-only AUROC 0.491 (0.5 = no marginal shortcut)
[11:53:49]   diagnosis: full (4.0 observed on average), 400 paired windows, 2 method(s)
[11:53:49]   diagnosis: random1:0 (3.0 observed on average), 400 paired windows, 2 method(s)
[11:53:49]   diagnosis: random2:1-2 (2.0 observed on average), 400 paired windows, 2 method(s)
[11:53:50]   diagnosis: bank0:0-1 (2.0 observed on average), 400 paired windows, 2 method(s)
[11:53:50]   diagnosis: single_sensor_0 (1.0 observed on average), 400 paired windows, 2 method(s)
[11:53:50]   Diagnosis completed on validation engines only; no confirmatory PASS/FAIL inferred.
[11:53:50] --- stage diagnosis done in 23.5s ---
[11:53:50] === run ok · 23.8s · peak RSS 0.341 GB ===
[20:14:39] === run start · seed11 · seed 11 · hash c263636a5efa ===
[20:14:39] stages ['diagnosis'] · device cpu · dataset synthetic
[20:14:39] --- stage: diagnosis ---
    [pc] epoch   0  nll   27.085  val   26.080
    [pc] epoch  37  nll   22.648  val   22.172
    [pc] epoch  74  nll   21.486  val   21.244
    [pc] epoch 111  nll   19.913  val   19.817
    [pc] epoch 148  nll   19.575  val   19.551
    [pc] epoch 185  nll   19.473  val   19.489
    [pc] epoch 222  nll   19.131  val   19.054
    [pc] epoch 259  nll   18.982  val   18.903
    [pc] epoch 296  nll   18.931  val   18.887
    [pc] restored epoch 297 (selected by nll; val nll 18.887, last 18.890)
[20:14:52]   pc_train_nll: first=27.0849 last=18.9259 (300 epochs)
[20:14:52]   pc_train_objective: first=27.0849 last=18.9259 (300 epochs)
[20:14:52]   pc_selection_loss: first=26.0804 last=18.8898 (300 epochs)
[20:14:52]   pc_val_nll: first=26.0804 last=18.8898 (300 epochs)
[20:14:52]   pc: fit 12.3s · 2,688 params · score sd 4.857 · device cpu · layered · 24,977 win/s
[20:14:52]   pc: validation on 200 windows from explicit subset of held-out units · best epoch 297 of 300 · val nll 18.887
[20:14:52]   shortcut audit: target-channel-only AUROC 0.491 (0.5 = no marginal shortcut)
[20:14:52]   diagnosis: full (4.0 observed on average), 400 paired windows, 2 method(s)
[20:14:52]   diagnosis: random1:0 (3.0 observed on average), 400 paired windows, 2 method(s)
[20:14:52]   diagnosis: random2:1-2 (2.0 observed on average), 400 paired windows, 2 method(s)
[20:14:52]   diagnosis: bank0:0-1 (2.0 observed on average), 400 paired windows, 2 method(s)
[20:14:52]   diagnosis: single_sensor_0 (1.0 observed on average), 400 paired windows, 2 method(s)
[20:14:52]   Diagnosis completed on validation engines only; no confirmatory PASS/FAIL inferred.
[20:14:52] --- stage diagnosis done in 12.9s ---
[20:14:52] === run ok · 12.9s · peak RSS 0.348 GB ===
