[15:08:22] === run start · seed1 · seed 1 · hash 0063712cdb41 ===
[15:08:22] stages ['ad'] · device cuda · dataset cmapss:FD001
[15:08:22] --- stage: ad ---
[15:08:22]   data: FleetPair(cmapss:FD001: train=100 units, test=100 units, C=15, regimes=1, cap=125)  (0.1s)
[15:08:22]   task: {'kind': 'ad', 'n_train': 5290, 'n_test': 4608, 'd': 300, 'window': 20, 'n_channels': 15, 'anomaly_rate': 0.1228298619389534, 'kind_counts': {'normal': 4042, 'desync': 102, 'drift': 102, 'offset': 103, 'decouple': 102, 'spike': 111, 'organic': 46}, 'train_units': 100, 'test_units': 100, 'n_regimes': 1, 'seed': 1, 'per_regime_norm': False, 'official_test_fleet': True, 'dataset': 'cmapss:FD001', 'cap': 125.0, 'subset': 'FD001', 'dropped_constant_sensors': 6, 'source': 'NASA C-MAPSS (real)', 'source_name': 'cmapss', 'source_kind': 'fleet'}
[15:08:22]   caveat: Ships no anomaly annotations: detection anomalies are injected.
    [pc] epoch   0  nll 32364.504
    [pc] epoch   6  nll  176.306
    [pc] epoch  12  nll  154.940
    [pc] epoch  18  nll  149.786
    [pc] epoch  24  nll  148.445
    [pc] epoch  30  nll  152.622
    [pc] epoch  36  nll  150.402
    [pc] epoch  42  nll  145.620
    [pc] epoch  48  nll  145.652
[15:08:32]   pc_train_nll: first=32364.5038 last=146.5524 (50 epochs)
[15:08:32]   pc: fit 9.4s · 15,360 params · score sd 40.537 · device cuda · layered · 28,161 win/s
[15:08:34]   typed decomposition (mean worst-channel surprise):
[15:08:34]        normal  n= 4042  marginal    25.37  conditional    25.31  structural    13.97
[15:08:34]      decouple  n=  102  marginal    25.26  conditional    25.11  structural     9.58
[15:08:34]        desync  n=  102  marginal    26.09  conditional    30.16  structural    15.21
[15:08:34]         drift  n=  102  marginal 153721.05  conditional 153757.30  structural    46.34
[15:08:34]        offset  n=  103  marginal 45339.14  conditional 45372.98  structural    50.21
[15:08:34]       organic  n=   46  marginal   111.20  conditional   117.45  structural    34.41
[15:08:34]         spike  n=  111  marginal 13917.69  conditional 13921.71  structural    17.19
[15:08:34] --- stage ad done in 12.2s ---
[15:08:34] === run ok · 12.2s · peak RSS 1.716 GB ===
[18:28:04] === run start · seed1 · seed 1 · hash bab84ee51781 ===
[18:28:04] stages ['ad'] · device cpu · dataset cmapss:FD001
[18:28:04] --- stage: ad ---
[18:28:04]   data: FleetPair(cmapss:FD001: train=100 units, test=100 units, C=15, regimes=1, cap=125)  (0.1s)
[18:28:04]   task: {'kind': 'ad', 'n_train': 5290, 'n_test': 4608, 'd': 300, 'window': 20, 'n_channels': 15, 'anomaly_rate': 0.1228298619389534, 'kind_counts': {'normal': 4042, 'desync': 102, 'drift': 102, 'offset': 103, 'decouple': 102, 'spike': 111, 'organic': 46}, 'train_units': 100, 'test_units': 100, 'n_regimes': 1, 'seed': 1, 'per_regime_norm': False, 'official_test_fleet': True, 'dataset': 'cmapss:FD001', 'cap': 125.0, 'subset': 'FD001', 'dropped_constant_sensors': 6, 'source': 'NASA C-MAPSS (real)', 'source_name': 'cmapss', 'source_kind': 'fleet'}
[18:28:04]   caveat: Ships no anomaly annotations: detection anomalies are injected.
    [pc] epoch   0  nll 32786.445
    [pc] epoch   6  nll  191.237
    [pc] epoch  12  nll  159.571
    [pc] epoch  18  nll  155.707
    [pc] epoch  24  nll  148.588
    [pc] epoch  30  nll  148.374
    [pc] epoch  36  nll  156.419
    [pc] epoch  42  nll  149.818
    [pc] epoch  48  nll  152.998
[18:28:25]   pc_train_nll: first=32786.4445 last=147.4536 (50 epochs)
[18:28:25]   pc: fit 20.9s · 15,360 params · score sd 43.987 · device cpu · layered · 12,639 win/s
[18:28:29]   typed decomposition (mean worst-channel surprise):
[18:28:29]        normal  n= 4042  marginal    25.49  conditional    25.23  structural    12.37
[18:28:29]      decouple  n=  102  marginal    25.52  conditional    25.25  structural     8.44
[18:28:29]        desync  n=  102  marginal    26.26  conditional    30.20  structural    13.83
[18:28:29]         drift  n=  102  marginal 153075.70  conditional 153110.75  structural    44.62
[18:28:29]        offset  n=  103  marginal 42867.12  conditional 42895.12  structural    44.23
[18:28:29]       organic  n=   46  marginal   116.55  conditional   126.13  structural    39.63
[18:28:29]         spike  n=  111  marginal 15051.64  conditional 15056.02  structural    15.95
[18:28:29] --- stage ad done in 25.5s ---
[18:28:29] === run ok · 25.6s · peak RSS 1.292 GB ===
