[15:57:50] === run start · seed0 · seed 0 · hash 4c33f7b4d45b ===
[15:57:50] stages ['ad'] · device cuda · dataset cmapss:FD001
[15:57:50] --- stage: ad ---
[15:57:50]   data: FleetPair(cmapss:FD001: train=100 units, test=100 units, C=15, regimes=1, cap=125)  (0.1s)
[15:57:50]   task: {'kind': 'ad', 'n_train': 5290, 'n_test': 4608, 'd': 300, 'window': 20, 'n_channels': 15, 'anomaly_rate': 0.1317274272441864, 'kind_counts': {'normal': 4001, 'spike': 130, 'offset': 113, 'drift': 102, 'desync': 111, 'decouple': 105, 'organic': 46}, 'train_units': 100, 'test_units': 100, 'n_regimes': 1, 'seed': 0, 'per_regime_norm': False, 'official_test_fleet': True, 'dataset': 'cmapss:FD001', 'cap': 125.0, 'subset': 'FD001', 'dropped_constant_sensors': 6, 'source': 'NASA C-MAPSS (real)', 'source_name': 'cmapss', 'source_kind': 'fleet'}
[15:57:50]   caveat: Ships no anomaly annotations: detection anomalies are injected.
    [pc] epoch   0  nll 31011.025
    [pc] epoch   6  nll  132.132
    [pc] epoch  12  nll   98.967
    [pc] epoch  18  nll   86.124
    [pc] epoch  24  nll   82.582
    [pc] epoch  30  nll   77.603
    [pc] epoch  36  nll   80.049
    [pc] epoch  42  nll   75.236
    [pc] epoch  48  nll   82.353
[15:58:07]   pc_train_nll: first=31011.0254 last=80.9729 (50 epochs)
[15:58:07]   pc: fit 17.1s · 157,440 params · score sd 21.876 · device cuda · layered · 15,454 win/s
[15:58:10]   typed decomposition (mean worst-channel surprise):
[15:58:10]        normal  n= 4001  marginal    23.31  conditional    23.20  structural     4.01
[15:58:10]      decouple  n=  105  marginal    24.18  conditional    23.70  structural     3.79
[15:58:10]        desync  n=  111  marginal    23.16  conditional    32.71  structural    17.96
[15:58:10]         drift  n=  102  marginal 144476.78  conditional 144498.17  structural    46.60
[15:58:10]        offset  n=  113  marginal 64182.52  conditional 64211.52  structural    52.60
[15:58:10]       organic  n=   46  marginal   116.46  conditional   117.82  structural    29.12
[15:58:10]         spike  n=  130  marginal  9091.30  conditional  9091.42  structural     5.10
[15:58:10] --- stage ad done in 20.2s ---
[15:58:10] === run ok · 20.2s · peak RSS 1.77 GB ===
