[16:39:38] === run start · seed0 · seed 0 · hash 0557aca74f7b ===
[16:39:38] stages ['ad'] · device cuda · dataset cmapss:FD001
[16:39:38] --- stage: ad ---
[16:39:38]   data: FleetPair(cmapss:FD001: train=100 units, test=100 units, C=15, regimes=3, cap=125)  (0.2s)
[16:39:38]   task: {'kind': 'ad', 'n_train': 5290, 'n_test': 4608, 'd': 300, 'window': 20, 'n_channels': 15, 'anomaly_rate': 0.1317274272441864, 'kind_counts': {'normal': 4001, 'spike': 130, 'offset': 113, 'drift': 102, 'desync': 111, 'decouple': 105, 'organic': 46}, 'train_units': 100, 'test_units': 100, 'n_regimes': 3, 'seed': 0, 'per_regime_norm': True, 'official_test_fleet': True, 'dataset': 'cmapss:FD001', 'cap': 125.0, 'subset': 'FD001', 'dropped_constant_sensors': 6, 'source': 'NASA C-MAPSS (real)'}
    [pc] epoch   0  nll 11892.794
    [pc] epoch   6  nll  144.622
    [pc] epoch  12  nll  139.282
    [pc] epoch  18  nll  138.702
    [pc] epoch  24  nll  138.323
    [pc] epoch  30  nll  137.957
    [pc] epoch  36  nll  137.987
    [pc] epoch  42  nll  137.780
    [pc] epoch  48  nll  137.660
[16:39:46]   pc_train_nll: first=11892.7944 last=137.6767 (50 epochs)
[16:39:46]   pc: fit 8.2s · 15,360 params · score sd 20.963 · device cuda · layered · 32,235 win/s
[16:39:47]   typed decomposition (mean worst-channel surprise):
[16:39:47]        normal  n= 4001  marginal    23.55  conditional    23.36  structural     5.76
[16:39:47]      decouple  n=  105  marginal    24.07  conditional    23.79  structural     5.32
[16:39:47]        desync  n=  111  marginal    23.37  conditional    35.58  structural    21.89
[16:39:47]         drift  n=  102  marginal   625.38  conditional   706.15  structural   105.38
[16:39:47]        offset  n=  113  marginal   374.02  conditional   440.26  structural    89.05
[16:39:47]       organic  n=   46  marginal   112.72  conditional   157.36  structural    79.87
[16:39:47]         spike  n=  130  marginal    54.49  conditional    64.01  structural    15.11
[16:39:47] --- stage ad done in 9.7s ---
[16:39:47] === run ok · 9.7s · peak RSS 1.591 GB ===
[15:59:59] === run start · seed0 · seed 0 · hash 2a90e0bd4464 ===
[15:59:59] stages ['ad'] · device cuda · dataset cmapss:FD001
[15:59:59] --- stage: ad ---
[15:59:59]   data: FleetPair(cmapss:FD001: train=100 units, test=100 units, C=15, regimes=1, cap=125)  (0.1s)
[15:59:59]   task: {'kind': 'ad', 'n_train': 5290, 'n_test': 4608, 'd': 300, 'window': 20, 'n_channels': 15, 'anomaly_rate': 0.1317274272441864, 'kind_counts': {'normal': 4001, 'spike': 130, 'offset': 113, 'drift': 102, 'desync': 111, 'decouple': 105, 'organic': 46}, 'train_units': 100, 'test_units': 100, 'n_regimes': 1, 'seed': 0, 'per_regime_norm': False, 'official_test_fleet': True, 'dataset': 'cmapss:FD001', 'cap': 125.0, 'subset': 'FD001', 'dropped_constant_sensors': 6, 'source': 'NASA C-MAPSS (real)', 'source_name': 'cmapss', 'source_kind': 'fleet'}
[15:59:59]   caveat: Ships no anomaly annotations: detection anomalies are injected.
    [pc] epoch   0  nll 30881.114
    [pc] epoch   6  nll  174.734
    [pc] epoch  12  nll  175.442
    [pc] epoch  18  nll  186.927
    [pc] epoch  24  nll  176.242
    [pc] epoch  30  nll  175.419
    [pc] epoch  36  nll  177.398
    [pc] epoch  42  nll  173.919
    [pc] epoch  48  nll  174.199
[16:00:14]   pc_train_nll: first=30881.1138 last=180.7326 (50 epochs)
[16:00:14]   pc: fit 15.5s · 15,360 params · score sd 62.576 · device cuda · layered · 17,040 win/s
[16:00:17]   typed decomposition (mean worst-channel surprise):
[16:00:17]        normal  n= 4001  marginal    27.30  conditional    27.36  structural    21.56
[16:00:17]      decouple  n=  105  marginal    28.33  conditional    28.32  structural    21.76
[16:00:17]        desync  n=  111  marginal    27.64  conditional    28.14  structural    19.09
[16:00:17]         drift  n=  102  marginal 144390.61  conditional 144424.56  structural    44.74
[16:00:17]        offset  n=  113  marginal 63718.75  conditional 63745.27  structural    38.19
[16:00:17]       organic  n=   46  marginal   115.41  conditional   115.48  structural    33.58
[16:00:17]         spike  n=  130  marginal  9152.30  conditional  9157.38  structural    23.19
[16:00:17] --- stage ad done in 18.4s ---
[16:00:17] === run ok · 18.4s · peak RSS 1.599 GB ===
