[16:38:59] === run start · seed2 · seed 2 · hash 99d2ed73f121 ===
[16:38:59] stages ['ad'] · device cuda · dataset cmapss:FD001
[16:38:59] --- stage: ad ---
[16:39:00]   data: FleetPair(cmapss:FD001: train=100 units, test=100 units, C=15, regimes=3, cap=125)  (0.1s)
[16:39:00]   task: {'kind': 'ad', 'n_train': 5290, 'n_test': 4608, 'd': 300, 'window': 20, 'n_channels': 15, 'anomaly_rate': 0.1265190988779068, 'kind_counts': {'normal': 4025, 'offset': 105, 'drift': 102, 'spike': 111, 'decouple': 94, 'desync': 125, 'organic': 46}, 'train_units': 100, 'test_units': 100, 'n_regimes': 3, 'seed': 2, 'per_regime_norm': True, 'official_test_fleet': True, 'dataset': 'cmapss:FD001', 'cap': 125.0, 'subset': 'FD001', 'dropped_constant_sensors': 6, 'source': 'NASA C-MAPSS (real)'}
    [pc] epoch   0  nll 12327.418
    [pc] epoch   6  nll  150.628
    [pc] epoch  12  nll  146.199
    [pc] epoch  18  nll  145.342
    [pc] epoch  24  nll  144.985
    [pc] epoch  30  nll  144.906
    [pc] epoch  36  nll  144.739
    [pc] epoch  42  nll  144.427
    [pc] epoch  48  nll  144.096
[16:39:07]   pc_train_nll: first=12327.4179 last=144.1687 (50 epochs)
[16:39:07]   pc: fit 7.8s · 8,244 params · score sd 25.138 · device cuda · layered · 33,773 win/s
[16:39:09]   typed decomposition (mean worst-channel surprise):
[16:39:09]        normal  n= 4025  marginal    23.67  conditional    23.71  structural     6.29
[16:39:09]      decouple  n=   94  marginal    23.66  conditional    23.43  structural     5.65
[16:39:09]        desync  n=  125  marginal    23.51  conditional    37.49  structural    22.57
[16:39:09]         drift  n=  102  marginal   631.23  conditional   694.18  structural    82.02
[16:39:09]        offset  n=  105  marginal   432.36  conditional   496.63  structural    90.05
[16:39:09]       organic  n=   46  marginal   113.67  conditional   149.02  structural    67.93
[16:39:09]         spike  n=  111  marginal    51.80  conditional    60.22  structural    13.55
[16:39:09] --- stage ad done in 9.3s ---
[16:39:09] === run ok · 9.3s · peak RSS 1.586 GB ===
[15:58:48] === run start · seed2 · seed 2 · hash 993d699adf48 ===
[15:58:48] stages ['ad'] · device cuda · dataset cmapss:FD001
[15:58:48] --- stage: ad ---
[15:58:48]   data: FleetPair(cmapss:FD001: train=100 units, test=100 units, C=15, regimes=1, cap=125)  (0.1s)
[15:58:48]   task: {'kind': 'ad', 'n_train': 5290, 'n_test': 4608, 'd': 300, 'window': 20, 'n_channels': 15, 'anomaly_rate': 0.1265190988779068, 'kind_counts': {'normal': 4025, 'offset': 105, 'drift': 102, 'spike': 111, 'decouple': 94, 'desync': 125, 'organic': 46}, 'train_units': 100, 'test_units': 100, 'n_regimes': 1, 'seed': 2, 'per_regime_norm': False, 'official_test_fleet': True, 'dataset': 'cmapss:FD001', 'cap': 125.0, 'subset': 'FD001', 'dropped_constant_sensors': 6, 'source': 'NASA C-MAPSS (real)', 'source_name': 'cmapss', 'source_kind': 'fleet'}
[15:58:48]   caveat: Ships no anomaly annotations: detection anomalies are injected.
    [pc] epoch   0  nll 32010.972
    [pc] epoch   6  nll  180.069
    [pc] epoch  12  nll  178.575
    [pc] epoch  18  nll  175.222
    [pc] epoch  24  nll  177.505
    [pc] epoch  30  nll  177.227
    [pc] epoch  36  nll  177.779
    [pc] epoch  42  nll  175.699
    [pc] epoch  48  nll  176.145
[15:59:01]   pc_train_nll: first=32010.9723 last=173.0920 (50 epochs)
[15:59:01]   pc: fit 13.4s · 8,244 params · score sd 61.148 · device cuda · layered · 19,734 win/s
[15:59:04]   typed decomposition (mean worst-channel surprise):
[15:59:04]        normal  n= 4025  marginal    27.10  conditional    26.99  structural    19.67
[15:59:04]      decouple  n=   94  marginal    27.48  conditional    27.32  structural    21.53
[15:59:04]        desync  n=  125  marginal    27.88  conditional    28.04  structural    13.77
[15:59:04]         drift  n=  102  marginal 163286.70  conditional 163315.69  structural    39.07
[15:59:04]        offset  n=  105  marginal 98042.90  conditional 98078.27  structural    43.44
[15:59:04]       organic  n=   46  marginal   113.67  conditional   113.17  structural    22.90
[15:59:04]         spike  n=  111  marginal 11992.31  conditional 11996.85  structural    20.57
[15:59:04] --- stage ad done in 16.2s ---
[15:59:04] === run ok · 16.2s · peak RSS 1.592 GB ===
[18:07:05] === run start · seed2 · seed 2 · hash 28365c2c555d ===
[18:07:05] stages ['ad'] · device cpu · dataset cmapss:FD001
[18:07:05] --- stage: ad ---
[18:07:05]   data: FleetPair(cmapss:FD001: train=100 units, test=100 units, C=15, regimes=1, cap=125)  (0.1s)
[18:07:05]   task: {'kind': 'ad', 'n_train': 5290, 'n_test': 4608, 'd': 300, 'window': 20, 'n_channels': 15, 'anomaly_rate': 0.1265190988779068, 'kind_counts': {'normal': 4025, 'offset': 105, 'drift': 102, 'spike': 111, 'decouple': 94, 'desync': 125, 'organic': 46}, 'train_units': 100, 'test_units': 100, 'n_regimes': 1, 'seed': 2, 'per_regime_norm': False, 'official_test_fleet': True, 'dataset': 'cmapss:FD001', 'cap': 125.0, 'subset': 'FD001', 'dropped_constant_sensors': 6, 'source': 'NASA C-MAPSS (real)', 'source_name': 'cmapss', 'source_kind': 'fleet'}
[18:07:05]   caveat: Ships no anomaly annotations: detection anomalies are injected.
    [pc] epoch   0  nll 31796.196
    [pc] epoch   6  nll  177.887
    [pc] epoch  12  nll  177.964
    [pc] epoch  18  nll  175.568
    [pc] epoch  24  nll  180.755
    [pc] epoch  30  nll  173.029
    [pc] epoch  36  nll  175.888
    [pc] epoch  42  nll  178.416
    [pc] epoch  48  nll  176.624
[18:07:21]   pc_train_nll: first=31796.1961 last=178.6092 (50 epochs)
[18:07:21]   pc: fit 15.7s · 8,244 params · score sd 60.451 · device cpu · layered · 16,843 win/s
[18:07:25]   typed decomposition (mean worst-channel surprise):
[18:07:25]        normal  n= 4025  marginal    27.13  conditional    27.09  structural    18.40
[18:07:25]      decouple  n=   94  marginal    27.49  conditional    27.43  structural    20.08
[18:07:25]        desync  n=  125  marginal    27.87  conditional    28.08  structural    12.75
[18:07:25]         drift  n=  102  marginal 164031.58  conditional 164060.39  structural    38.59
[18:07:25]        offset  n=  105  marginal 98468.58  conditional 98502.40  structural    41.22
[18:07:25]       organic  n=   46  marginal   113.51  conditional   113.20  structural    35.30
[18:07:25]         spike  n=  111  marginal 12061.44  conditional 12065.99  structural    19.59
[18:07:25] --- stage ad done in 19.5s ---
[18:07:25] === run ok · 19.5s · peak RSS 0.867 GB ===
