[16:03:30] === run start · seed11 · seed 11 · hash 3cc1211c2e9c ===
[16:03:30] stages ['diagnosis'] · device cuda · dataset synthetic
[16:03:30] --- stage: diagnosis ---
    [pc] epoch   0  nll    8.755  val    8.519
    [pc] epoch   1  nll    8.686  val    8.582
    [pc] epoch   2  nll    8.672  val    8.658
    [pc] restored epoch 0 (selected by nll; val nll 8.519, last 8.658)
[16:03:31]   pc_train_nll: first=8.7553 last=8.6717 (3 epochs)
[16:03:31]   pc_train_objective: first=8.7553 last=8.6717 (3 epochs)
[16:03:31]   pc_selection_loss: first=8.5193 last=8.6582 (3 epochs)
[16:03:31]   pc_val_nll: first=8.5193 last=8.6582 (3 epochs)
[16:03:31]   pc: fit 1.1s · 60 params · score sd 2.854 · device cuda · layered · 174 win/s
[16:03:31]   pc: validation on 20 windows from explicit subset of held-out units · best epoch 0 of 3 · val nll 8.519
[16:03:31]   shortcut audit: target-channel-only AUROC 0.427 (0.5 = no marginal shortcut)
[16:03:31]   diagnosis: full (3.0 observed on average), 40 paired windows, 2 method(s)
[16:03:31]   diagnosis: random1:0 (2.0 observed on average), 40 paired windows, 2 method(s)
[16:03:31]   diagnosis: bank0:0 (2.0 observed on average), 40 paired windows, 2 method(s)
[16:03:31]   diagnosis: single_sensor_0 (1.0 observed on average), 40 paired windows, 2 method(s)
[16:03:31]   Diagnosis completed on validation engines only; no confirmatory PASS/FAIL inferred.
[16:03:31] --- stage diagnosis done in 1.2s ---
[16:03:31] === run ok · 1.6s · peak RSS 1.473 GB ===
