[11:26:20] === run start · seed12 · seed 12 · hash f01ae25f1809 ===
[11:26:20] stages ['diagnosis'] · device cpu · dataset synthetic
[11:26:20] --- stage: diagnosis ---
    [pc] epoch   0  nll   25.889  val   24.402
    [pc] epoch  18  nll   21.561  val   21.545
    [pc] epoch  36  nll   20.579  val   20.720
    [pc] epoch  54  nll   20.369  val   20.599
    [pc] epoch  72  nll   20.266  val   20.593
    [pc] epoch  90  nll   20.200  val   20.540
    [pc] epoch 108  nll   20.160  val   20.549
    [pc] epoch 126  nll   20.121  val   20.565
    [pc] restored epoch 101 (selected by objective; val nll 20.537, last 20.565)
[11:26:29]   pc_train_nll: first=25.8886 last=20.1214 (127 epochs)
[11:26:29]   pc_train_objective: first=31.0426 last=24.1937 (127 epochs)
[11:26:29]   pc_selection_loss: first=29.2825 last=24.6794 (127 epochs)
[11:26:29]   pc_val_nll: first=24.4021 last=20.5653 (127 epochs)
[11:26:29]   pc: fit 8.8s · 1,488 params · score sd 2.929 · device cpu · layered · 14,731 win/s
[11:26:29]   pc: validation on 200 windows from explicit subset of held-out units · best epoch 101 of 150 · val nll 20.537
[11:26:29]   shortcut audit: target-channel-only AUROC 0.456 (0.5 = no marginal shortcut)
[11:26:29]   diagnosis: full (4.0 observed on average), 400 paired windows, 1 method(s)
[11:26:29]   diagnosis: random1:0 (3.0 observed on average), 400 paired windows, 1 method(s)
[11:26:29]   diagnosis: random2:1-2 (2.0 observed on average), 400 paired windows, 1 method(s)
[11:26:29]   diagnosis: random3:1-2-3 (1.0 observed on average), 400 paired windows, 1 method(s)
[11:26:29]   diagnosis: bank0:0-1 (2.0 observed on average), 400 paired windows, 1 method(s)
[11:26:30]   diagnosis: single_sensor_0 (1.0 observed on average), 400 paired windows, 1 method(s)
[11:26:30]   Diagnosis completed on validation engines only; no confirmatory PASS/FAIL inferred.
[11:26:30] --- stage diagnosis done in 9.2s ---
[11:26:30] === run ok · 9.2s · peak RSS 0.357 GB ===
[11:47:05] === run start · seed12 · seed 12 · hash b2177a47d87a ===
[11:47:05] stages ['diagnosis'] · device cpu · dataset synthetic
[11:47:05] --- stage: diagnosis ---
    [pc] epoch   0  nll   25.889  val   24.402
    [pc] epoch  18  nll   21.561  val   21.545
    [pc] epoch  36  nll   20.579  val   20.720
    [pc] epoch  54  nll   20.369  val   20.599
    [pc] epoch  72  nll   20.266  val   20.593
    [pc] epoch  90  nll   20.200  val   20.540
    [pc] epoch 108  nll   20.160  val   20.549
    [pc] epoch 126  nll   20.121  val   20.565
    [pc] restored epoch 101 (selected by objective; val nll 20.537, last 20.565)
[11:47:16]   pc_train_nll: first=25.8886 last=20.1214 (127 epochs)
[11:47:16]   pc_train_objective: first=31.0426 last=24.1937 (127 epochs)
[11:47:16]   pc_selection_loss: first=29.2825 last=24.6794 (127 epochs)
[11:47:16]   pc_val_nll: first=24.4021 last=20.5653 (127 epochs)
[11:47:16]   pc: fit 11.2s · 1,488 params · score sd 2.929 · device cpu · layered · 11,564 win/s
[11:47:16]   pc: validation on 200 windows from explicit subset of held-out units · best epoch 101 of 150 · val nll 20.537
[11:47:16]   shortcut audit: target-channel-only AUROC 0.456 (0.5 = no marginal shortcut)
[11:47:16]   diagnosis: full (4.0 observed on average), 400 paired windows, 2 method(s)
[11:47:16]   diagnosis: random1:0 (3.0 observed on average), 400 paired windows, 2 method(s)
[11:47:16]   diagnosis: random2:1-2 (2.0 observed on average), 400 paired windows, 2 method(s)
[11:47:16]   diagnosis: random3:1-2-3 (1.0 observed on average), 400 paired windows, 2 method(s)
[11:47:16]   diagnosis: bank0:0-1 (2.0 observed on average), 400 paired windows, 2 method(s)
[11:47:17]   diagnosis: single_sensor_0 (1.0 observed on average), 400 paired windows, 2 method(s)
[11:47:17]   Diagnosis completed on validation engines only; no confirmatory PASS/FAIL inferred.
[11:47:17] --- stage diagnosis done in 12.1s ---
[11:47:17] === run ok · 12.1s · peak RSS 0.357 GB ===
[20:01:23] === run start · seed12 · seed 12 · hash ef49b55561ac ===
[20:01:23] stages ['diagnosis'] · device cpu · dataset synthetic
[20:01:23] --- stage: diagnosis ---
    [pc] epoch   0  nll   25.889  val   24.402
    [pc] epoch  18  nll   21.561  val   21.545
    [pc] epoch  36  nll   20.579  val   20.720
    [pc] epoch  54  nll   20.369  val   20.599
    [pc] epoch  72  nll   20.266  val   20.593
    [pc] epoch  90  nll   20.200  val   20.540
    [pc] epoch 108  nll   20.160  val   20.549
    [pc] epoch 126  nll   20.121  val   20.565
    [pc] restored epoch 101 (selected by objective; val nll 20.537, last 20.565)
[20:01:31]   pc_train_nll: first=25.8886 last=20.1214 (127 epochs)
[20:01:31]   pc_train_objective: first=31.0426 last=24.1937 (127 epochs)
[20:01:31]   pc_selection_loss: first=29.2825 last=24.6794 (127 epochs)
[20:01:31]   pc_val_nll: first=24.4021 last=20.5653 (127 epochs)
[20:01:31]   pc: fit 8.3s · 1,488 params · score sd 2.929 · device cpu · layered · 15,584 win/s
[20:01:31]   pc: validation on 200 windows from explicit subset of held-out units · best epoch 101 of 150 · val nll 20.537
[20:01:31]   shortcut audit: target-channel-only AUROC 0.456 (0.5 = no marginal shortcut)
[20:01:31]   diagnosis: full (4.0 observed on average), 400 paired windows, 2 method(s)
[20:01:31]   diagnosis: random1:0 (3.0 observed on average), 400 paired windows, 2 method(s)
[20:01:31]   diagnosis: random2:1-2 (2.0 observed on average), 400 paired windows, 2 method(s)
[20:01:31]   diagnosis: random3:1-2-3 (1.0 observed on average), 400 paired windows, 2 method(s)
[20:01:31]   diagnosis: bank0:0-1 (2.0 observed on average), 400 paired windows, 2 method(s)
[20:01:31]   diagnosis: single_sensor_0 (1.0 observed on average), 400 paired windows, 2 method(s)
[20:01:31]   Diagnosis completed on validation engines only; no confirmatory PASS/FAIL inferred.
[20:01:31] --- stage diagnosis done in 8.9s ---
[20:01:31] === run ok · 8.9s · peak RSS 0.353 GB ===
