[22:46:26] === run start · seed11 · seed 11 · hash ee8445f9a187 ===
[22:46:26] stages ['diagnosis'] · device cpu · dataset cmapss:FD001
[22:46:26] --- stage: diagnosis ---
[22:46:26]   data: FleetPair(cmapss:FD001: train=100 units, test=100 units, C=15, regimes=1, cap=125)  (0.1s)
[22:46:26]   task: {'kind': 'ad', 'n_train': 3711, 'n_val': 1579, 'n_test': 4639, 'd': 300, 'window': 20, 'n_channels': 15, 'anomaly_rate': 0.12869152426719666, 'kind_counts': {'normal': 4042, 'desync': 107, 'offset': 109, 'spike': 98, 'drift': 113, 'decouple': 118, 'organic': 52}, 'train_units': 100, 'val_units': 30, 'test_units': 100, 'n_val_windows': 1579, 'n_regimes': 1, 'seed': 11, 'per_regime_norm': False, 'official_test_fleet': True, 'dataset': 'cmapss:FD001', 'cap': 125.0, 'subset': 'FD001', 'dropped_constant_sensors': 6, 'source': 'NASA C-MAPSS (real)', 'source_name': 'cmapss', 'source_kind': 'fleet'}
[22:46:26]   caveat: Ships no anomaly annotations: detection anomalies are injected.
    [pc] epoch   0  nll  328.019  val  266.197
    fit channel_blocked K=8: 3/400 (1%) · 0.03 it/s · elapsed 01:57 · ETA 4:18:24
    fit channel_blocked K=8: 10/400 (2%) · 0.07 it/s · elapsed 02:28 · ETA 1:36:42
    fit channel_blocked K=8: 17/400 (4%) · 0.09 it/s · elapsed 03:00 · ETA 1:07:47
    fit channel_blocked K=8: 19/400 (5%) · 0.07 it/s · elapsed 04:38 · ETA 1:33:09
    fit channel_blocked K=8: 26/400 (6%) · 0.08 it/s · elapsed 05:12 · ETA 1:14:55
    fit channel_blocked K=8: 29/400 (7%) · 0.08 it/s · elapsed 06:01 · ETA 1:17:02
    fit channel_blocked K=8: 33/400 (8%) · 0.08 it/s · elapsed 06:32 · ETA 1:12:45
    fit channel_blocked K=8: 41/400 (10%) · 0.10 it/s · elapsed 07:06 · ETA 1:02:11
    fit channel_blocked K=8: 47/400 (12%) · 0.10 it/s · elapsed 08:08 · ETA 1:01:12
    [pc] epoch  50  nll   47.886  val   52.652
    fit channel_blocked K=8: 55/400 (14%) · 0.11 it/s · elapsed 08:42 · ETA 54:35
    fit channel_blocked K=8: 62/400 (16%) · 0.11 it/s · elapsed 09:13 · ETA 50:19
    fit channel_blocked K=8: 69/400 (17%) · 0.12 it/s · elapsed 09:46 · ETA 46:52
    fit channel_blocked K=8: 76/400 (19%) · 0.12 it/s · elapsed 10:17 · ETA 43:52
    fit channel_blocked K=8: 84/400 (21%) · 0.13 it/s · elapsed 10:52 · ETA 40:53
    fit channel_blocked K=8: 89/400 (22%) · 0.13 it/s · elapsed 11:35 · ETA 40:31
    fit channel_blocked K=8: 94/400 (24%) · 0.13 it/s · elapsed 12:14 · ETA 39:49
    fit channel_blocked K=8: 96/400 (24%) · 0.11 it/s · elapsed 14:24 · ETA 45:38
    [pc] epoch 100  nll   39.763  val   42.445
    fit channel_blocked K=8: 104/400 (26%) · 0.12 it/s · elapsed 14:58 · ETA 42:36
    fit channel_blocked K=8: 109/400 (27%) · 0.12 it/s · elapsed 15:29 · ETA 41:21
    fit channel_blocked K=8: 116/400 (29%) · 0.12 it/s · elapsed 16:02 · ETA 39:15
    fit channel_blocked K=8: 124/400 (31%) · 0.12 it/s · elapsed 16:41 · ETA 37:08
    fit channel_blocked K=8: 130/400 (32%) · 0.13 it/s · elapsed 17:11 · ETA 35:42
    fit channel_blocked K=8: 136/400 (34%) · 0.13 it/s · elapsed 17:50 · ETA 34:38
    fit channel_blocked K=8: 137/400 (34%) · 0.12 it/s · elapsed 19:10 · ETA 36:49
    fit channel_blocked K=8: 144/400 (36%) · 0.12 it/s · elapsed 19:49 · ETA 35:14
    fit channel_blocked K=8: 146/400 (36%) · 0.11 it/s · elapsed 22:40 · ETA 39:26
    [pc] epoch 150  nll   32.377  val   36.579
    fit channel_blocked K=8: 153/400 (38%) · 0.11 it/s · elapsed 23:10 · ETA 37:24
    fit channel_blocked K=8: 154/400 (38%) · 0.10 it/s · elapsed 24:56 · ETA 39:50
    fit channel_blocked K=8: 162/400 (40%) · 0.11 it/s · elapsed 25:28 · ETA 37:25
    fit channel_blocked K=8: 168/400 (42%) · 0.11 it/s · elapsed 25:59 · ETA 35:53
    fit channel_blocked K=8: 175/400 (44%) · 0.11 it/s · elapsed 26:29 · ETA 34:03
    fit channel_blocked K=8: 182/400 (46%) · 0.11 it/s · elapsed 27:01 · ETA 32:22
    fit channel_blocked K=8: 188/400 (47%) · 0.11 it/s · elapsed 29:22 · ETA 33:07
    fit channel_blocked K=8: 194/400 (48%) · 0.11 it/s · elapsed 29:55 · ETA 31:46
    [pc] epoch 200  nll   35.787  val   39.678
    fit channel_blocked K=8: 202/400 (50%) · 0.11 it/s · elapsed 30:25 · ETA 29:49
    fit channel_blocked K=8: 204/400 (51%) · 0.10 it/s · elapsed 32:26 · ETA 31:10
    fit channel_blocked K=8: 210/400 (52%) · 0.10 it/s · elapsed 34:22 · ETA 31:06
    [pc] restored epoch 152 (selected by nll; val nll 35.540, last 39.125)
[23:21:16]   pc_train_nll: first=328.0194 last=34.6728 (213 epochs)
[23:21:16]   pc_train_objective: first=328.0194 last=34.6728 (213 epochs)
[23:21:16]   pc_selection_loss: first=266.1969 last=39.1248 (213 epochs)
[23:21:16]   pc_val_nll: first=266.1969 last=39.1248 (213 epochs)
[23:21:17]   pc: fit 2089.3s · 174,240 params · score sd 21.105 · device cpu · layered · 378 win/s
[23:21:17]   pc: validation on 546 windows from explicit subset of held-out units · best epoch 152 of 400 · val nll 35.540
[23:21:18]   shortcut audit: target-channel-only AUROC 0.559 (0.5 = no marginal shortcut)
[23:21:18]   baseline gaussian_fitted: fit 0.43s · 45,450 params · selection {'shrinkage': 0.01}
[23:21:19]   detection comparators: ['knn_refit', 'knn_impute', 'mahalanobis_refit', 'mahalanobis_impute', 'gmm_refit', 'gmm_impute', 'pca_refit', 'pca_impute', 'diag_gaussian_refit', 'diag_gaussian_impute']
[23:21:19]   diagnosis: full (15.0 observed on average), 940 paired windows, 2 method(s)
[23:21:23]   diagnosis: random1:1 (14.0 observed on average), 940 paired windows, 2 method(s)
[23:21:27]   diagnosis: random3:5-8-14 (12.0 observed on average), 940 paired windows, 2 method(s)
[23:21:31]   diagnosis: random7:3-4-8-10-11-12-14 (8.0 observed on average), 940 paired windows, 2 method(s)
[23:21:34]   diagnosis: bank0:0-1-2-4-5-7-8 (8.0 observed on average), 940 paired windows, 2 method(s)
[23:21:36]   diagnosis: bank1:3 (14.0 observed on average), 940 paired windows, 2 method(s)
[23:21:40]   diagnosis: bank2:6-10 (13.0 observed on average), 940 paired windows, 2 method(s)
[23:21:44]   diagnosis: single_sensor_0 (1.0 observed on average), 940 paired windows, 2 method(s)
[23:21:46]   Diagnosis completed on validation engines only; no confirmatory PASS/FAIL inferred.
[23:21:46] --- stage diagnosis done in 2119.6s ---
[23:21:46] === run ok · 2119.7s · peak RSS 1.574 GB ===
