[15:59:51] === run start · seed24 · seed 24 · hash b36592f860b5 ===
[15:59:51] stages ['diagnosis'] · device cuda · dataset cmapss:FD001
[15:59:51] --- stage: diagnosis ---
[15:59:51]   data: FleetPair(cmapss:FD001: train=100 units, test=100 units, C=15, regimes=1, cap=125)  (0.1s)
[15:59:51]   task: {'kind': 'ad', 'n_train': 3663, 'n_val': 1627, 'n_test': 4639, 'd': 300, 'window': 20, 'n_channels': 15, 'anomaly_rate': 0.12933821976184845, 'kind_counts': {'normal': 4039, 'decouple': 113, 'spike': 116, 'offset': 110, 'desync': 89, 'drift': 120, 'organic': 52}, 'train_units': 100, 'val_units': 30, 'test_units': 100, 'n_val_windows': 1627, 'n_regimes': 1, 'seed': 24, 'per_regime_norm': False, 'official_test_fleet': True, 'dataset': 'cmapss:FD001', 'cap': 125.0, 'subset': 'FD001', 'dropped_constant_sensors': 6, 'source': 'NASA C-MAPSS (real)', 'source_name': 'cmapss', 'source_kind': 'fleet'}
[15:59:51]   caveat: Ships no anomaly annotations: detection anomalies are injected.
    [pc] epoch   0  nll  501.511  val  237.132
    [pc] epoch  75  nll   37.097  val   36.901
    fit chow_liu K=8: 117/600 (20%) · 3.88 it/s · elapsed 00:30 · ETA 02:04
    [pc] epoch 150  nll   34.460  val   40.854
    [pc] epoch 225  nll   30.776  val   32.427
    fit chow_liu K=8: 234/600 (39%) · 3.88 it/s · elapsed 01:00 · ETA 01:34
    [pc] epoch 300  nll   31.847  val   35.911
    fit chow_liu K=8: 351/600 (58%) · 3.88 it/s · elapsed 01:30 · ETA 01:04
    [pc] epoch 375  nll   27.881  val   31.410
    [pc] restored epoch 355 (selected by nll; val nll 28.710, last 29.314)
[16:01:41]   pc_train_nll: first=501.5109 last=26.9468 (416 epochs)
[16:01:41]   pc_train_objective: first=501.5109 last=26.9468 (416 epochs)
[16:01:41]   pc_selection_loss: first=237.1316 last=29.3140 (416 epochs)
[16:01:41]   pc_val_nll: first=237.1316 last=29.3140 (416 epochs)
[16:01:41]   pc: fit 109.5s · 195,840 params · score sd 17.937 · device cuda · layered · 13,919 win/s
[16:01:41]   pc: validation on 419 windows from explicit subset of held-out units · best epoch 355 of 600 · val nll 28.710
[16:01:42]   shortcut audit: target-channel-only AUROC 0.555 (0.5 = no marginal shortcut)
[16:01:42]   baseline gaussian_fitted: fit 0.15s · 45,450 params · selection {'shrinkage': 0.01}
[16:01:45]   detection comparators: ['mahalanobis_refit', 'mahalanobis_impute', 'gmm_refit', 'gmm_impute', 'knn_refit', 'knn_impute']
[16:01:45]   diagnosis: full (15.0 observed on average), 644 paired windows, 2 method(s)
[16:01:50]   diagnosis: random1:1 (14.0 observed on average), 644 paired windows, 2 method(s)
[16:01:54]   diagnosis: random3:5-8-14 (12.0 observed on average), 644 paired windows, 2 method(s)
[16:02:00]   diagnosis: random7:3-4-8-10-11-12-14 (8.0 observed on average), 644 paired windows, 2 method(s)
[16:02:03]   diagnosis: bank0:0-1-2-4-5-7-8 (8.0 observed on average), 644 paired windows, 2 method(s)
[16:02:06]   diagnosis: bank1:3 (14.0 observed on average), 644 paired windows, 2 method(s)
[16:02:11]   diagnosis: bank2:6-10 (13.0 observed on average), 644 paired windows, 2 method(s)
[16:02:14]   diagnosis: single_sensor_0 (1.0 observed on average), 644 paired windows, 2 method(s)
[16:02:15]   Diagnosis completed on validation engines only; no confirmatory PASS/FAIL inferred.
[16:02:15] --- stage diagnosis done in 144.0s ---
[16:02:15] === run ok · 144.0s · peak RSS 2.42 GB ===
