[16:03:33] === run start · seed11 · seed 11 · hash 4613d60aa97b ===
[16:03:33] stages ['diagnosis'] · device cuda · dataset cmapss:FD001
[16:03:33] --- stage: diagnosis ---
[16:03:34]   data: FleetPair(cmapss:FD001: train=100 units, test=100 units, C=15, regimes=1, cap=125)  (0.6s)
[16:03:34]   task: {'kind': 'ad', 'n_train': 3711, 'n_val': 1579, 'n_test': 4639, 'd': 300, 'window': 20, 'n_channels': 15, 'anomaly_rate': 0.12869152426719666, 'kind_counts': {'normal': 4042, 'desync': 107, 'offset': 109, 'spike': 98, 'drift': 113, 'decouple': 118, 'organic': 52}, 'train_units': 100, 'val_units': 30, 'test_units': 100, 'n_val_windows': 1579, 'n_regimes': 1, 'seed': 11, 'per_regime_norm': False, 'official_test_fleet': True, 'dataset': 'cmapss:FD001', 'cap': 125.0, 'subset': 'FD001', 'dropped_constant_sensors': 6, 'source': 'NASA C-MAPSS (real)', 'source_name': 'cmapss', 'source_kind': 'fleet'}
[16:03:34]   caveat: Ships no anomaly annotations: detection anomalies are injected.
    [pc] epoch   0  nll  360.857  val  287.712
    [pc] epoch  22  nll   75.112  val   79.618
    fit channel_blocked K=8: 42/180 (23%) · 1.40 it/s · elapsed 00:30 · ETA 01:38
    [pc] epoch  44  nll   54.352  val   60.430
    [pc] epoch  66  nll   46.458  val   52.573
    fit channel_blocked K=8: 84/180 (47%) · 1.39 it/s · elapsed 01:00 · ETA 01:09
    [pc] epoch  88  nll   41.803  val   47.767
    [pc] epoch 110  nll   39.377  val   44.530
    fit channel_blocked K=8: 126/180 (70%) · 1.38 it/s · elapsed 01:31 · ETA 00:39
    [pc] epoch 132  nll   38.589  val   44.045
    [pc] epoch 154  nll   37.810  val   43.958
    fit channel_blocked K=8: 168/180 (93%) · 1.38 it/s · elapsed 02:01 · ETA 00:08
    [pc] epoch 176  nll   36.128  val   41.847
    fit channel_blocked K=8: done 180/180 in 02:10
    [pc] restored epoch 175 (selected by nll; val nll 41.131, last 41.591)
[16:05:48]   pc_train_nll: first=360.8570 last=36.0267 (180 epochs)
[16:05:48]   pc_train_objective: first=360.8570 last=36.0267 (180 epochs)
[16:05:48]   pc_selection_loss: first=287.7118 last=41.5910 (180 epochs)
[16:05:48]   pc_val_nll: first=287.7118 last=41.5910 (180 epochs)
[16:05:49]   pc: fit 134.9s · 174,240 params · score sd 21.870 · device cuda · layered · 4,950 win/s
[16:05:49]   pc: validation on 546 windows from explicit subset of held-out units · best epoch 175 of 180 · val nll 41.131
[16:05:50]   shortcut audit: target-channel-only AUROC 0.559 (0.5 = no marginal shortcut)
[16:05:50]   baseline gaussian_fitted: fit 0.23s · 45,450 params · selection {'shrinkage': 0.01}
[16:06:21]   baseline gmm_fitted: fit 31.13s · 90,901 params · selection {'components': 2, 'reg': 0.0001}
[16:06:21]   diagnosis: full (15.0 observed on average), 940 paired windows, 3 method(s)
[16:06:29]   diagnosis: random1:1 (14.0 observed on average), 940 paired windows, 3 method(s)
[16:06:35]   diagnosis: random3:5-8-14 (12.0 observed on average), 940 paired windows, 3 method(s)
[16:06:41]   diagnosis: random7:3-4-8-10-11-12-14 (8.0 observed on average), 940 paired windows, 3 method(s)
[16:06:45]   diagnosis: bank0:0-1-2-4-5-7-8 (8.0 observed on average), 940 paired windows, 3 method(s)
[16:06:50]   diagnosis: bank1:3 (14.0 observed on average), 940 paired windows, 3 method(s)
[16:06:56]   diagnosis: bank2:6-10 (13.0 observed on average), 940 paired windows, 3 method(s)
[16:07:02]   diagnosis: single_sensor_0 (1.0 observed on average), 940 paired windows, 3 method(s)
[16:07:06]   Diagnosis completed on validation engines only; no confirmatory PASS/FAIL inferred.
[16:07:06] --- stage diagnosis done in 213.2s ---
[16:07:06] === run ok · 213.3s · peak RSS 4.248 GB ===
