2026-06-10 14:44:50 [seed 0] config: {"seed": 0, "timestamp": "2026-06-10T14:44:50", "train": ["adbench:cardio"], "test": ["adbench:thyroid"], "adapt_modes": ["zero_shot", "leaves"], "latent_dim": 32, "n_sum_components": 3, "epochs": 30, "finetune_epochs": 10, "use_sos": false, "vtree_method": "chow_liu"}
2026-06-10 14:44:50 [seed 0] training shared PC once on 1 source dataset(s)
2026-06-10 14:57:35 [seed 0] config: {"seed": 0, "timestamp": "2026-06-10T14:57:35", "train": ["adbench:cardio"], "test": ["adbench:thyroid"], "adapt_modes": ["zero_shot", "leaves", "finetune"], "latent_dim": 32, "n_sum_components": 3, "epochs": 40, "finetune_epochs": 10, "use_sos": false, "vtree_method": "chow_liu"}
2026-06-10 14:57:35 [seed 0] training shared PC once on 1 source dataset(s)
2026-06-10 15:03:32 [seed 0] train_nll: first=46.4496 last=13.0722 (30 epochs)
2026-06-10 15:03:35 [seed 0] result: {"seed": 0, "timestamp": "2026-06-10T15:03:35", "dataset": "adbench:cardio", "modality": "tabular", "adaptation": "zero_shot", "auroc": 0.9271656785243741, "n_test": 1004, "role": "source"}
2026-06-10 15:03:38 [seed 0] result: {"seed": 0, "timestamp": "2026-06-10T15:03:38", "dataset": "adbench:thyroid", "modality": "tabular", "adaptation": "zero_shot", "auroc": 0.8431977559607293, "n_test": 1933, "role": "held_out"}
2026-06-10 15:04:45 [seed 0] result: {"seed": 0, "timestamp": "2026-06-10T15:04:45", "dataset": "adbench:thyroid", "modality": "tabular", "adaptation": "leaves", "auroc": 0.8686944834034596, "n_test": 1933, "role": "held_out"}
2026-06-10 15:35:44 [seed 0] train_nll: first=46.4496 last=11.0189 (40 epochs)
2026-06-10 15:35:48 [seed 0] result: {"seed": 0, "timestamp": "2026-06-10T15:35:48", "dataset": "adbench:cardio", "modality": "tabular", "adaptation": "zero_shot", "auroc": 0.9342679512516469, "n_test": 1004, "role": "source"}
2026-06-10 15:35:52 [seed 0] result: {"seed": 0, "timestamp": "2026-06-10T15:35:52", "dataset": "adbench:thyroid", "modality": "tabular", "adaptation": "zero_shot", "auroc": 0.8482059373539037, "n_test": 1933, "role": "held_out"}
2026-06-10 15:37:04 [seed 0] result: {"seed": 0, "timestamp": "2026-06-10T15:37:04", "dataset": "adbench:thyroid", "modality": "tabular", "adaptation": "leaves", "auroc": 0.8683613838242169, "n_test": 1933, "role": "held_out"}
2026-06-10 15:42:17 [seed 0] result: {"seed": 0, "timestamp": "2026-06-10T15:42:17", "dataset": "adbench:thyroid", "modality": "tabular", "adaptation": "finetune", "auroc": 0.9029102384291725, "n_test": 1933, "role": "held_out"}
2026-06-10 15:42:22 [seed 0] result: {"seed": 0, "timestamp": "2026-06-10T15:42:22", "dataset": "adbench:thyroid", "modality": "tabular", "adaptation": "iforest", "role": "baseline", "auroc": 0.9388207106124358, "n_test": 1933}
2026-06-10 15:42:22 [seed 0] result: {"seed": 0, "timestamp": "2026-06-10T15:42:22", "dataset": "adbench:thyroid", "modality": "tabular", "adaptation": "lof", "role": "baseline", "auroc": 0.9834268349696119, "n_test": 1933}
2026-06-10 15:42:22 [seed 0] result: {"seed": 0, "timestamp": "2026-06-10T15:42:22", "dataset": "adbench:thyroid", "modality": "tabular", "adaptation": "ocsvm", "role": "baseline", "auroc": 0.9757713884992988, "n_test": 1933}
2026-06-10 15:42:22 [seed 0] result: {"seed": 0, "timestamp": "2026-06-10T15:42:22", "dataset": "adbench:thyroid", "modality": "tabular", "adaptation": "knn", "role": "baseline", "auroc": 0.9784128097241702, "n_test": 1933}
2026-06-10 15:42:22 [seed 0] result: {"seed": 0, "timestamp": "2026-06-10T15:42:22", "dataset": "adbench:thyroid", "modality": "tabular", "adaptation": "gmm", "role": "baseline", "auroc": 0.978143992519869, "n_test": 1933}
2026-06-11 11:44:23 [seed 0] config: {"seed": 0, "timestamp": "2026-06-11T11:44:23", "train": ["adbench:cardio"], "test": ["adbench:thyroid"], "adapt_modes": ["zero_shot", "leaves", "finetune"], "latent_dim": 32, "n_sum_components": 3, "epochs": 40, "finetune_epochs": 10, "use_sos": false, "vtree_method": "chow_liu"}
2026-06-11 11:44:23 [seed 0] training shared PC once on 1 source dataset(s)
2026-06-11 12:04:35 [seed 0] train_nll: first=46.4496 last=11.0189 (40 epochs)
2026-06-11 12:04:37 [seed 0] result: {"seed": 0, "timestamp": "2026-06-11T12:04:37", "dataset": "adbench:cardio", "modality": "tabular", "adaptation": "zero_shot", "auroc": 0.9342679512516469, "n_test": 1004, "role": "source"}
2026-06-11 12:04:39 [seed 0] result: {"seed": 0, "timestamp": "2026-06-11T12:04:39", "dataset": "adbench:thyroid", "modality": "tabular", "adaptation": "zero_shot", "auroc": 0.8482059373539037, "n_test": 1933, "role": "held_out"}
2026-06-11 12:05:08 [seed 0] result: {"seed": 0, "timestamp": "2026-06-11T12:05:08", "dataset": "adbench:thyroid", "modality": "tabular", "adaptation": "leaves", "auroc": 0.8683613838242169, "n_test": 1933, "role": "held_out"}
2026-06-11 12:07:01 [seed 0] result: {"seed": 0, "timestamp": "2026-06-11T12:07:01", "dataset": "adbench:thyroid", "modality": "tabular", "adaptation": "finetune", "auroc": 0.9029102384291725, "n_test": 1933, "role": "held_out"}
2026-06-11 12:07:02 [seed 0] result: {"seed": 0, "timestamp": "2026-06-11T12:07:02", "dataset": "adbench:thyroid", "modality": "tabular", "adaptation": "iforest", "role": "baseline", "auroc": 0.9388207106124358, "n_test": 1933}
2026-06-11 12:07:02 [seed 0] result: {"seed": 0, "timestamp": "2026-06-11T12:07:02", "dataset": "adbench:thyroid", "modality": "tabular", "adaptation": "lof", "role": "baseline", "auroc": 0.9834268349696119, "n_test": 1933}
2026-06-11 12:07:02 [seed 0] result: {"seed": 0, "timestamp": "2026-06-11T12:07:02", "dataset": "adbench:thyroid", "modality": "tabular", "adaptation": "ocsvm", "role": "baseline", "auroc": 0.9757713884992988, "n_test": 1933}
2026-06-11 12:07:02 [seed 0] result: {"seed": 0, "timestamp": "2026-06-11T12:07:02", "dataset": "adbench:thyroid", "modality": "tabular", "adaptation": "knn", "role": "baseline", "auroc": 0.9784128097241702, "n_test": 1933}
2026-06-11 12:07:02 [seed 0] result: {"seed": 0, "timestamp": "2026-06-11T12:07:02", "dataset": "adbench:thyroid", "modality": "tabular", "adaptation": "gmm", "role": "baseline", "auroc": 0.978143992519869, "n_test": 1933}
2026-06-24 16:25:39 [seed 0] config: {"seed": 0, "timestamp": "2026-06-24T16:25:39", "train": ["adbench:cardio"], "test": ["adbench:thyroid"], "adapt_modes": ["zero_shot", "leaves", "finetune"], "latent_dim": 32, "n_sum_components": 3, "epochs": 40, "finetune_epochs": 10, "use_sos": false, "vtree_method": "chow_liu"}
2026-06-24 16:25:39 [seed 0] training shared PC once on 1 source dataset(s)
2026-06-24 16:49:29 [seed 0] train_nll: first=46.4496 last=11.0189 (40 epochs)
2026-06-24 16:49:32 [seed 0] result: {"seed": 0, "timestamp": "2026-06-24T16:49:31", "dataset": "adbench:cardio", "modality": "tabular", "adaptation": "zero_shot", "auroc": 0.9342679512516469, "nll": 36.10879898071289, "n_test": 1004, "role": "source", "vtree": "chow_liu"}
2026-06-24 16:49:34 [seed 0] result: {"seed": 0, "timestamp": "2026-06-24T16:49:34", "dataset": "adbench:thyroid", "modality": "tabular", "adaptation": "zero_shot", "auroc": 0.8482059373539037, "nll": 70.00548553466797, "n_test": 1933, "role": "held_out", "vtree": "chow_liu"}
2026-06-24 16:49:42 [seed 0] result: {"seed": 0, "timestamp": "2026-06-24T16:49:42", "dataset": "adbench:thyroid", "modality": "tabular", "adaptation": "leaves", "auroc": 0.8683613838242169, "nll": 47.96363830566406, "n_test": 1933, "role": "held_out", "vtree": "chow_liu"}
2026-06-24 16:52:03 [seed 0] result: {"seed": 0, "timestamp": "2026-06-24T16:52:03", "dataset": "adbench:thyroid", "modality": "tabular", "adaptation": "finetune", "auroc": 0.9029102384291725, "nll": 42.406036376953125, "n_test": 1933, "role": "held_out", "vtree": "chow_liu"}
2026-06-24 16:52:05 [seed 0] result: {"seed": 0, "timestamp": "2026-06-24T16:52:05", "dataset": "adbench:thyroid", "modality": "tabular", "adaptation": "iforest", "role": "baseline", "auroc": 0.9388207106124358, "n_test": 1933}
2026-06-24 16:52:05 [seed 0] result: {"seed": 0, "timestamp": "2026-06-24T16:52:05", "dataset": "adbench:thyroid", "modality": "tabular", "adaptation": "lof", "role": "baseline", "auroc": 0.9834268349696119, "n_test": 1933}
2026-06-24 16:52:05 [seed 0] result: {"seed": 0, "timestamp": "2026-06-24T16:52:05", "dataset": "adbench:thyroid", "modality": "tabular", "adaptation": "ocsvm", "role": "baseline", "auroc": 0.9757713884992988, "n_test": 1933}
2026-06-24 16:52:05 [seed 0] result: {"seed": 0, "timestamp": "2026-06-24T16:52:05", "dataset": "adbench:thyroid", "modality": "tabular", "adaptation": "knn", "role": "baseline", "auroc": 0.9784128097241702, "n_test": 1933}
2026-06-24 16:52:05 [seed 0] result: {"seed": 0, "timestamp": "2026-06-24T16:52:05", "dataset": "adbench:thyroid", "modality": "tabular", "adaptation": "gmm", "role": "baseline", "auroc": 0.978143992519869, "n_test": 1933}
