[16:45:17] === run start · seed25 · seed 25 · hash 4c57232d092a ===
[16:45:17] stages ['diagnosis'] · device cuda · dataset cmapss:FD001
[16:45:17] --- stage: diagnosis ---
[16:45:17]   data: FleetPair(cmapss:FD001: train=100 units, test=100 units, C=15, regimes=1, cap=125)  (0.1s)
[16:45:17]   task: {'kind': 'ad', 'n_train': 3721, 'n_val': 1569, 'n_test': 4639, 'd': 300, 'window': 20, 'n_channels': 15, 'anomaly_rate': 0.12955377995967865, 'kind_counts': {'normal': 4038, 'decouple': 102, 'offset': 125, 'desync': 114, 'spike': 111, 'drift': 97, 'organic': 52}, 'train_units': 100, 'val_units': 30, 'test_units': 100, 'n_val_windows': 1569, 'n_regimes': 1, 'seed': 25, 'per_regime_norm': False, 'official_test_fleet': True, 'dataset': 'cmapss:FD001', 'cap': 125.0, 'subset': 'FD001', 'dropped_constant_sensors': 6, 'source': 'NASA C-MAPSS (real)', 'source_name': 'cmapss', 'source_kind': 'fleet'}
[16:45:17]   caveat: Ships no anomaly annotations: detection anomalies are injected.
    [pc] epoch   0  nll  497.582  val  288.319
    [pc] epoch  75  nll   47.293  val   44.907
    fit chow_liu K=8: 117/600 (20%) · 3.89 it/s · elapsed 00:30 · ETA 02:04
    [pc] epoch 150  nll   33.671  val   34.620
    [pc] epoch 225  nll   29.648  val   30.794
    fit chow_liu K=8: 234/600 (39%) · 3.90 it/s · elapsed 01:00 · ETA 01:33
    [pc] epoch 300  nll   25.979  val   28.751
    fit chow_liu K=8: 351/600 (58%) · 3.89 it/s · elapsed 01:30 · ETA 01:03
    [pc] epoch 375  nll   23.748  val   26.559
    [pc] epoch 450  nll    8.610  val   10.955
    fit chow_liu K=8: 468/600 (78%) · 3.89 it/s · elapsed 02:00 · ETA 00:33
    [pc] epoch 525  nll  -18.356  val  -17.213
    fit chow_liu K=8: 585/600 (98%) · 3.89 it/s · elapsed 02:30 · ETA 00:03
    fit chow_liu K=8: done 600/600 in 02:34
    [pc] epoch   0  nll  496.363  val  284.039
    [pc] epoch  75  nll   39.597  val   39.544
    [pc] restart 1 abandoned at epoch 99 (34.329 vs -28.950 best so far)
    [pc] epoch   0  nll  495.225  val  286.942
    [pc] epoch  75  nll   52.849  val   52.271
    [pc] restart 2 abandoned at epoch 99 (45.740 vs -28.950 best so far)
    [pc] restored epoch 95 (selected by nll; val nll 45.740, last 52.362)
    [pc] epoch   0  nll  494.777  val  286.237
    [pc] epoch  75  nll   41.945  val   40.532
    [pc] restart 3 abandoned at epoch 99 (34.713 vs -28.950 best so far)
    [pc] restored epoch 93 (selected by nll; val nll 34.713, last 39.406)
    [pc] restart 0 of 4 selected by nll (checkpoint losses: -28.950 34.329 45.740 34.713)
[16:49:18]   pc_train_nll: first=497.5818 last=-31.7208 (600 epochs)
[16:49:18]   pc_train_objective: first=497.5818 last=-31.7208 (600 epochs)
[16:49:18]   pc_selection_loss: first=288.3193 last=-28.9495 (600 epochs)
[16:49:18]   pc_val_nll: first=288.3193 last=-28.9495 (600 epochs)
[16:49:18]   pc: fit 241.1s · 195,840 params · score sd 21.660 · device cuda · layered · 9,260 win/s
[16:49:18]   pc: restart 0 (init seed 25) checkpoint -28.950 at epoch 599 of 600 run
[16:49:18]   pc: restart 1 (init seed 7944) checkpoint 34.329 at epoch 99 of 100 run · abandoned
[16:49:18]   pc: restart 2 (init seed 15863) checkpoint 45.740 at epoch 95 of 100 run · abandoned
[16:49:18]   pc: restart 3 (init seed 23782) checkpoint 34.713 at epoch 93 of 100 run · abandoned
[16:49:18]   pc: selected restart 0 of 4
[16:49:18]   pc: validation on 516 windows from explicit subset of held-out units · best epoch 599 of 600 · val nll -28.950
[16:49:19]   shortcut audit: target-channel-only AUROC 0.553 (0.5 = no marginal shortcut)
[16:49:20]   baseline gaussian_fitted: fit 0.19s · 45,450 params · selection {'shrinkage': 0.01}
[16:49:23]   detection comparators: ['mahalanobis_refit', 'mahalanobis_impute', 'gmm_refit', 'gmm_impute', 'knn_refit', 'knn_impute']
[16:49:23]   diagnosis: full (15.0 observed on average), 614 paired windows, 2 method(s)
[16:49:28]   diagnosis: random1:1 (14.0 observed on average), 614 paired windows, 2 method(s)
[16:49:32]   diagnosis: random3:5-8-14 (12.0 observed on average), 614 paired windows, 2 method(s)
[16:49:38]   diagnosis: random7:3-4-8-10-11-12-14 (8.0 observed on average), 614 paired windows, 2 method(s)
[16:49:40]   diagnosis: bank0:0-1-2-4-5-7-8 (8.0 observed on average), 614 paired windows, 2 method(s)
[16:49:43]   diagnosis: bank1:3 (14.0 observed on average), 614 paired windows, 2 method(s)
[16:49:48]   diagnosis: bank2:6-10 (13.0 observed on average), 614 paired windows, 2 method(s)
[16:49:57]   diagnosis: single_sensor_0 (1.0 observed on average), 614 paired windows, 2 method(s)
[16:50:00]   Diagnosis completed on validation engines only; no confirmatory PASS/FAIL inferred.
[16:50:00] --- stage diagnosis done in 282.8s ---
[16:50:00] === run ok · 282.8s · peak RSS 2.632 GB ===
