[12:09:06] === run start · seed11 · seed 11 · hash 7d6116f6f036 ===
[12:09:06] stages ['diagnosis'] · device cpu · dataset synthetic
[12:09:06] --- stage: diagnosis ---
    [pc] epoch   0  nll   32.410  val   30.980
    [pc] epoch  18  nll   26.711  val   26.545
    [pc] epoch  36  nll   25.241  val   25.106
    [pc] epoch  54  nll   24.860  val   24.904
    [pc] epoch  72  nll   24.585  val   24.699
    [pc] epoch  90  nll   24.417  val   24.549
    [pc] epoch 108  nll   24.279  val   24.518
    [pc] epoch 126  nll   24.199  val   24.498
    [pc] restored epoch 116 (selected by nll; val nll 24.451, last 24.497)
[12:09:14]   pc_train_nll: first=32.4101 last=24.1571 (142 epochs)
[12:09:14]   pc_train_objective: first=32.4101 last=24.1571 (142 epochs)
[12:09:14]   pc_selection_loss: first=30.9801 last=24.4970 (142 epochs)
[12:09:14]   pc_val_nll: first=30.9801 last=24.4970 (142 epochs)
[12:09:14]   pc: fit 8.0s · 3,600 params · score sd 4.080 · device cpu · layered · 18,072 win/s
[12:09:14]   pc: validation on 200 windows from explicit subset of held-out units · best epoch 116 of 150 · val nll 24.451
[12:09:14]   shortcut audit: target-channel-only AUROC 0.516 (0.5 = no marginal shortcut)
[12:09:14]   baseline gaussian_fitted: fit 0.00s · 230 params · selection {'shrinkage': 0.0}
[12:09:14]   diagnosis: full (5.0 observed on average), 400 paired windows, 3 method(s)
[12:09:18]   diagnosis: random1:0 (4.0 observed on average), 400 paired windows, 3 method(s)
[12:09:22]   diagnosis: random2:2-3 (3.0 observed on average), 400 paired windows, 3 method(s)
[12:09:25]   diagnosis: bank0:0-1 (3.0 observed on average), 400 paired windows, 3 method(s)
[12:09:28]   diagnosis: single_sensor_0 (1.0 observed on average), 400 paired windows, 3 method(s)
[12:09:31]   diagnosis: witnesses_all (5.0 observed on average), 400 paired windows, 3 method(s)
[12:09:34]   diagnosis: witnesses_drop1 (4.0 observed on average), 400 paired windows, 3 method(s)
[12:09:38]   diagnosis: witnesses_none (3.0 observed on average), 400 paired windows, 3 method(s)
[12:09:41]   diagnosis: target_hidden (4.0 observed on average), 400 paired windows, 3 method(s)
[12:09:44]   diagnosis: independent_random (4.0 observed on average), 400 paired windows, 3 method(s)
[12:09:46]   diagnosis: fixed_unseen (4.0 observed on average), 400 paired windows, 3 method(s)
[12:09:48]   diagnosis: informative_value (4.5 observed on average), 400 paired windows, 3 method(s)
[12:09:50]   diagnosis: informative_fault (4.8 observed on average), 400 paired windows, 3 method(s)
[12:09:52]   Diagnosis completed on validation engines only; no confirmatory PASS/FAIL inferred.
[12:09:52] --- stage diagnosis done in 46.0s ---
[12:09:52] === run ok · 46.1s · peak RSS 0.345 GB ===
[20:49:46] === run start · seed11 · seed 11 · hash e069bb1cff36 ===
[20:49:46] stages ['diagnosis'] · device cpu · dataset synthetic
[20:49:46] --- stage: diagnosis ---
    [pc] epoch   0  nll   32.410  val   30.980
    [pc] epoch  18  nll   26.711  val   26.545
    [pc] epoch  36  nll   25.241  val   25.106
    [pc] epoch  54  nll   24.860  val   24.904
    [pc] epoch  72  nll   24.585  val   24.699
    [pc] epoch  90  nll   24.417  val   24.549
    [pc] epoch 108  nll   24.279  val   24.518
    [pc] epoch 126  nll   24.199  val   24.498
    [pc] restored epoch 116 (selected by nll; val nll 24.451, last 24.497)
[20:49:51]   pc_train_nll: first=32.4101 last=24.1571 (142 epochs)
[20:49:51]   pc_train_objective: first=32.4101 last=24.1571 (142 epochs)
[20:49:51]   pc_selection_loss: first=30.9801 last=24.4970 (142 epochs)
[20:49:51]   pc_val_nll: first=30.9801 last=24.4970 (142 epochs)
[20:49:51]   pc: fit 4.7s · 3,600 params · score sd 4.080 · device cpu · layered · 30,882 win/s
[20:49:51]   pc: validation on 200 windows from explicit subset of held-out units · best epoch 116 of 150 · val nll 24.451
[20:49:51]   shortcut audit: target-channel-only AUROC 0.516 (0.5 = no marginal shortcut)
[20:49:51]   baseline gaussian_fitted: fit 0.00s · 230 params · selection {'shrinkage': 0.0}
[20:49:51]   diagnosis: full (5.0 observed on average), 400 paired windows, 3 method(s)
[20:49:54]   diagnosis: random1:0 (4.0 observed on average), 400 paired windows, 3 method(s)
[20:49:56]   diagnosis: random2:2-3 (3.0 observed on average), 400 paired windows, 3 method(s)
[20:49:59]   diagnosis: bank0:0-1 (3.0 observed on average), 400 paired windows, 3 method(s)
[20:50:01]   diagnosis: single_sensor_0 (1.0 observed on average), 400 paired windows, 3 method(s)
[20:50:10]   diagnosis: witnesses_all (5.0 observed on average), 400 paired windows, 3 method(s)
[20:54:55]   diagnosis: witnesses_drop1 (4.0 observed on average), 400 paired windows, 3 method(s)
[20:54:58]   diagnosis: witnesses_none (3.0 observed on average), 400 paired windows, 3 method(s)
[20:55:00]   diagnosis: target_hidden (4.0 observed on average), 400 paired windows, 3 method(s)
[20:55:03]   diagnosis: independent_random (4.0 observed on average), 400 paired windows, 3 method(s)
[20:55:05]   diagnosis: fixed_unseen (4.0 observed on average), 400 paired windows, 3 method(s)
[20:55:07]   diagnosis: informative_value (4.5 observed on average), 400 paired windows, 3 method(s)
[20:55:08]   diagnosis: informative_fault (4.8 observed on average), 400 paired windows, 3 method(s)
[20:55:11]   Diagnosis completed on validation engines only; no confirmatory PASS/FAIL inferred.
[20:55:11] --- stage diagnosis done in 324.3s ---
[20:55:11] === run ok · 324.4s · peak RSS 0.342 GB ===
