[21:19:37] === run start · seed11 · seed 11 · hash caa8941f06e2 ===
[21:19:37] stages ['diagnosis'] · device cpu · dataset cmapss:FD001
[21:19:37] --- stage: diagnosis ---
[21:19:38]   data: FleetPair(cmapss:FD001: train=100 units, test=100 units, C=15, regimes=1, cap=125)  (1.1s)
[21:19:38]   task: {'kind': 'ad', 'n_train': 3711, 'n_val': 1579, 'n_test': 4639, 'd': 300, 'window': 20, 'n_channels': 15, 'anomaly_rate': 0.12869152426719666, 'kind_counts': {'normal': 4042, 'desync': 107, 'offset': 109, 'spike': 98, 'drift': 113, 'decouple': 118, 'organic': 52}, 'train_units': 100, 'val_units': 30, 'test_units': 100, 'n_val_windows': 1579, 'n_regimes': 1, 'seed': 11, 'per_regime_norm': False, 'official_test_fleet': True, 'dataset': 'cmapss:FD001', 'cap': 125.0, 'subset': 'FD001', 'dropped_constant_sensors': 6, 'source': 'NASA C-MAPSS (real)', 'source_name': 'cmapss', 'source_kind': 'fleet'}
[21:19:38]   caveat: Ships no anomaly annotations: detection anomalies are injected.
    [pc] epoch   0  nll  360.274  val  286.356
    fit channel_blocked K=8: 4/180 (2%) · 0.03 it/s · elapsed 01:59 · ETA 1:27:35
    fit channel_blocked K=8: 13/180 (7%) · 0.09 it/s · elapsed 02:29 · ETA 32:06
    fit channel_blocked K=8: 20/180 (11%) · 0.11 it/s · elapsed 03:01 · ETA 24:14
    [pc] epoch  22  nll   68.901  val   76.111
    fit channel_blocked K=8: 30/180 (17%) · 0.14 it/s · elapsed 03:34 · ETA 17:53
    fit channel_blocked K=8: 39/180 (22%) · 0.16 it/s · elapsed 04:05 · ETA 14:46
[21:33:09] === run start · seed11 · seed 11 · hash caa8941f06e2 ===
[21:33:09] stages ['diagnosis'] · device cpu · dataset cmapss:FD001
[21:33:09] --- stage: diagnosis ---
[21:33:10]   data: FleetPair(cmapss:FD001: train=100 units, test=100 units, C=15, regimes=1, cap=125)  (1.2s)
[21:33:10]   task: {'kind': 'ad', 'n_train': 3711, 'n_val': 1579, 'n_test': 4639, 'd': 300, 'window': 20, 'n_channels': 15, 'anomaly_rate': 0.12869152426719666, 'kind_counts': {'normal': 4042, 'desync': 107, 'offset': 109, 'spike': 98, 'drift': 113, 'decouple': 118, 'organic': 52}, 'train_units': 100, 'val_units': 30, 'test_units': 100, 'n_val_windows': 1579, 'n_regimes': 1, 'seed': 11, 'per_regime_norm': False, 'official_test_fleet': True, 'dataset': 'cmapss:FD001', 'cap': 125.0, 'subset': 'FD001', 'dropped_constant_sensors': 6, 'source': 'NASA C-MAPSS (real)', 'source_name': 'cmapss', 'source_kind': 'fleet'}
[21:33:10]   caveat: Ships no anomaly annotations: detection anomalies are injected.
    [pc] epoch   0  nll  360.274  val  286.356
    fit channel_blocked K=8: 8/180 (4%) · 0.26 it/s · elapsed 00:31 · ETA 11:14
    fit channel_blocked K=8: 16/180 (9%) · 0.25 it/s · elapsed 01:03 · ETA 10:54
    [pc] epoch  22  nll   71.840  val   79.094
    fit channel_blocked K=8: 24/180 (13%) · 0.26 it/s · elapsed 01:34 · ETA 10:11
    fit channel_blocked K=8: 25/180 (14%) · 0.20 it/s · elapsed 02:05 · ETA 13:00
    fit channel_blocked K=8: 27/180 (15%) · 0.11 it/s · elapsed 04:12 · ETA 23:50
    fit channel_blocked K=8: 34/180 (19%) · 0.12 it/s · elapsed 04:47 · ETA 20:35
    fit channel_blocked K=8: 41/180 (23%) · 0.13 it/s · elapsed 05:20 · ETA 18:05
    [pc] epoch  44  nll   49.439  val   57.438
    fit channel_blocked K=8: 49/180 (27%) · 0.14 it/s · elapsed 05:51 · ETA 15:39
    fit channel_blocked K=8: 57/180 (32%) · 0.15 it/s · elapsed 06:24 · ETA 13:49
    fit channel_blocked K=8: 65/180 (36%) · 0.16 it/s · elapsed 06:54 · ETA 12:13
    [pc] epoch  66  nll   42.570  val   49.005
    fit channel_blocked K=8: 73/180 (41%) · 0.16 it/s · elapsed 07:25 · ETA 10:53
    fit channel_blocked K=8: 81/180 (45%) · 0.17 it/s · elapsed 07:56 · ETA 09:42
    fit channel_blocked K=8: 88/180 (49%) · 0.17 it/s · elapsed 08:27 · ETA 08:50
    [pc] epoch  88  nll   38.013  val   43.706
    fit channel_blocked K=8: 95/180 (53%) · 0.18 it/s · elapsed 08:57 · ETA 08:00
    fit channel_blocked K=8: 103/180 (57%) · 0.18 it/s · elapsed 09:28 · ETA 07:05
    fit channel_blocked K=8: 104/180 (58%) · 0.17 it/s · elapsed 10:17 · ETA 07:31
    [pc] epoch 110  nll   36.041  val   41.580
    fit channel_blocked K=8: 111/180 (62%) · 0.17 it/s · elapsed 10:48 · ETA 06:43
    fit channel_blocked K=8: 119/180 (66%) · 0.18 it/s · elapsed 11:19 · ETA 05:48
    fit channel_blocked K=8: 125/180 (69%) · 0.16 it/s · elapsed 12:47 · ETA 05:37
    fit channel_blocked K=8: 129/180 (72%) · 0.11 it/s · elapsed 18:45 · ETA 07:25
    [pc] epoch 132  nll   33.846  val   39.923
    fit channel_blocked K=8: 137/180 (76%) · 0.12 it/s · elapsed 19:18 · ETA 06:03
    fit channel_blocked K=8: 146/180 (81%) · 0.12 it/s · elapsed 19:52 · ETA 04:37
    fit channel_blocked K=8: 149/180 (83%) · 0.12 it/s · elapsed 20:22 · ETA 04:14
    [pc] epoch 154  nll   31.623  val   36.422
    fit channel_blocked K=8: 157/180 (87%) · 0.13 it/s · elapsed 20:53 · ETA 03:03
    fit channel_blocked K=8: 161/180 (89%) · 0.12 it/s · elapsed 22:30 · ETA 02:39
    fit channel_blocked K=8: 169/180 (94%) · 0.12 it/s · elapsed 23:00 · ETA 01:29
    fit channel_blocked K=8: 176/180 (98%) · 0.12 it/s · elapsed 24:08 · ETA 00:32
    [pc] epoch 176  nll   30.949  val   36.116
    fit channel_blocked K=8: done 180/180 in 24:25
    [pc] restored epoch 172 (selected by nll; val nll 35.606, last 36.350)
[21:57:38]   pc_train_nll: first=360.2737 last=31.0496 (180 epochs)
[21:57:38]   pc_train_objective: first=360.2737 last=31.0496 (180 epochs)
[21:57:38]   pc_selection_loss: first=286.3559 last=36.3499 (180 epochs)
[21:57:38]   pc_val_nll: first=286.3559 last=36.3499 (180 epochs)
[21:57:39]   pc: fit 1468.0s · 174,240 params · score sd 20.292 · device cpu · layered · 455 win/s
[21:57:39]   pc: validation on 546 windows from explicit subset of held-out units · best epoch 172 of 180 · val nll 35.606
[21:57:40]   shortcut audit: target-channel-only AUROC 0.559 (0.5 = no marginal shortcut)
[21:57:40]   baseline gaussian_fitted: fit 0.31s · 45,450 params · selection {'shrinkage': 0.01}
[21:57:41]   detection comparators: ['knn_refit', 'knn_impute', 'mahalanobis_refit', 'mahalanobis_impute', 'gmm_refit', 'gmm_impute', 'pca_refit', 'pca_impute', 'diag_gaussian_refit', 'diag_gaussian_impute']
[21:57:41]   diagnosis: full (15.0 observed on average), 940 paired windows, 2 method(s)
[21:57:45]   diagnosis: random1:1 (14.0 observed on average), 940 paired windows, 2 method(s)
[21:57:48]   diagnosis: random3:5-8-14 (12.0 observed on average), 940 paired windows, 2 method(s)
[21:57:52]   diagnosis: random7:3-4-8-10-11-12-14 (8.0 observed on average), 940 paired windows, 2 method(s)
[21:57:55]   diagnosis: bank0:0-1-2-4-5-7-8 (8.0 observed on average), 940 paired windows, 2 method(s)
[21:57:58]   diagnosis: bank1:3 (14.0 observed on average), 940 paired windows, 2 method(s)
[21:58:01]   diagnosis: bank2:6-10 (13.0 observed on average), 940 paired windows, 2 method(s)
[21:58:05]   diagnosis: single_sensor_0 (1.0 observed on average), 940 paired windows, 2 method(s)
[21:58:07]   Diagnosis completed on validation engines only; no confirmatory PASS/FAIL inferred.
[21:58:08] --- stage diagnosis done in 1498.9s ---
[21:58:08] === run ok · 1499.0s · peak RSS 1.509 GB ===
