[11:24:52] === run start · seed12 · seed 12 · hash 76783c6b147d ===
[11:24:52] stages ['diagnosis'] · device cpu · dataset synthetic
[11:24:52] --- stage: diagnosis ---
    [pc] epoch   0  nll   26.038  val   23.746
    [pc] epoch  18  nll   21.368  val   20.788
    [pc] epoch  36  nll   19.922  val   19.844
    [pc] epoch  54  nll   19.297  val   19.428
    [pc] epoch  72  nll   19.227  val   19.404
    [pc] epoch  90  nll   19.191  val   19.403
    [pc] epoch 108  nll   19.156  val   19.372
    [pc] epoch 126  nll   19.108  val   19.239
    [pc] epoch 144  nll   18.974  val   19.041
[11:25:07]   pc_train_nll: first=26.0377 last=18.9255 (150 epochs)
[11:25:07]   pc_train_objective: first=31.2409 last=22.5976 (150 epochs)
[11:25:07]   pc_selection_loss: first=28.4947 last=22.6446 (150 epochs)
[11:25:07]   pc_val_nll: first=23.7456 last=18.9605 (150 epochs)
[11:25:07]   pc: fit 14.9s · 2,688 params · score sd 4.746 · device cpu · layered · 10,282 win/s
[11:25:07]   pc: validation on 200 windows from explicit subset of held-out units · best epoch 149 of 150 · val nll 18.960
[11:25:07]   shortcut audit: target-channel-only AUROC 0.456 (0.5 = no marginal shortcut)
[11:25:07]   diagnosis: full (4.0 observed on average), 400 paired windows, 1 method(s)
[11:25:07]   diagnosis: random1:0 (3.0 observed on average), 400 paired windows, 1 method(s)
[11:25:07]   diagnosis: random2:1-2 (2.0 observed on average), 400 paired windows, 1 method(s)
[11:25:07]   diagnosis: random3:1-2-3 (1.0 observed on average), 400 paired windows, 1 method(s)
[11:25:07]   diagnosis: bank0:0-1 (2.0 observed on average), 400 paired windows, 1 method(s)
[11:25:07]   diagnosis: single_sensor_0 (1.0 observed on average), 400 paired windows, 1 method(s)
[11:25:08]   Diagnosis completed on validation engines only; no confirmatory PASS/FAIL inferred.
[11:25:08] --- stage diagnosis done in 15.5s ---
[11:25:08] === run ok · 15.5s · peak RSS 0.37 GB ===
[11:45:00] === run start · seed12 · seed 12 · hash 5a040111f7c2 ===
[11:45:00] stages ['diagnosis'] · device cpu · dataset synthetic
[11:45:00] --- stage: diagnosis ---
    [pc] epoch   0  nll   26.038  val   23.746
    [pc] epoch  18  nll   21.368  val   20.788
    [pc] epoch  36  nll   19.922  val   19.844
    [pc] epoch  54  nll   19.297  val   19.428
    [pc] epoch  72  nll   19.227  val   19.404
    [pc] epoch  90  nll   19.191  val   19.403
    [pc] epoch 108  nll   19.156  val   19.372
    [pc] epoch 126  nll   19.108  val   19.239
    [pc] epoch 144  nll   18.974  val   19.041
[11:45:23]   pc_train_nll: first=26.0377 last=18.9255 (150 epochs)
[11:45:23]   pc_train_objective: first=31.2409 last=22.5976 (150 epochs)
[11:45:23]   pc_selection_loss: first=28.4947 last=22.6446 (150 epochs)
[11:45:23]   pc_val_nll: first=23.7456 last=18.9605 (150 epochs)
[11:45:23]   pc: fit 22.9s · 2,688 params · score sd 4.746 · device cpu · layered · 6,708 win/s
[11:45:23]   pc: validation on 200 windows from explicit subset of held-out units · best epoch 149 of 150 · val nll 18.960
[11:45:23]   shortcut audit: target-channel-only AUROC 0.456 (0.5 = no marginal shortcut)
[11:45:23]   diagnosis: full (4.0 observed on average), 400 paired windows, 2 method(s)
[11:45:23]   diagnosis: random1:0 (3.0 observed on average), 400 paired windows, 2 method(s)
[11:45:24]   diagnosis: random2:1-2 (2.0 observed on average), 400 paired windows, 2 method(s)
[11:45:24]   diagnosis: random3:1-2-3 (1.0 observed on average), 400 paired windows, 2 method(s)
[11:45:24]   diagnosis: bank0:0-1 (2.0 observed on average), 400 paired windows, 2 method(s)
[11:45:24]   diagnosis: single_sensor_0 (1.0 observed on average), 400 paired windows, 2 method(s)
[11:45:24]   Diagnosis completed on validation engines only; no confirmatory PASS/FAIL inferred.
[11:45:24] --- stage diagnosis done in 24.0s ---
[11:45:24] === run ok · 24.0s · peak RSS 0.367 GB ===
[19:58:06] === run start · seed12 · seed 12 · hash f0d90238becf ===
[19:58:06] stages ['diagnosis'] · device cpu · dataset synthetic
[19:58:06] --- stage: diagnosis ---
    [pc] epoch   0  nll   26.038  val   23.746
    [pc] epoch  18  nll   21.368  val   20.788
    [pc] epoch  36  nll   19.922  val   19.844
    [pc] epoch  54  nll   19.297  val   19.428
    [pc] epoch  72  nll   19.227  val   19.404
    [pc] epoch  90  nll   19.191  val   19.403
    [pc] epoch 108  nll   19.156  val   19.372
    [pc] epoch 126  nll   19.108  val   19.239
    [pc] epoch 144  nll   18.974  val   19.041
[19:58:22]   pc_train_nll: first=26.0377 last=18.9255 (150 epochs)
[19:58:22]   pc_train_objective: first=31.2409 last=22.5976 (150 epochs)
[19:58:22]   pc_selection_loss: first=28.4947 last=22.6446 (150 epochs)
[19:58:22]   pc_val_nll: first=23.7456 last=18.9605 (150 epochs)
[19:58:22]   pc: fit 16.1s · 2,688 params · score sd 4.746 · device cpu · layered · 9,517 win/s
[19:58:22]   pc: validation on 200 windows from explicit subset of held-out units · best epoch 149 of 150 · val nll 18.960
[19:58:22]   shortcut audit: target-channel-only AUROC 0.456 (0.5 = no marginal shortcut)
[19:58:22]   diagnosis: full (4.0 observed on average), 400 paired windows, 2 method(s)
[19:58:22]   diagnosis: random1:0 (3.0 observed on average), 400 paired windows, 2 method(s)
[19:58:22]   diagnosis: random2:1-2 (2.0 observed on average), 400 paired windows, 2 method(s)
[19:58:23]   diagnosis: random3:1-2-3 (1.0 observed on average), 400 paired windows, 2 method(s)
[19:58:23]   diagnosis: bank0:0-1 (2.0 observed on average), 400 paired windows, 2 method(s)
[19:58:23]   diagnosis: single_sensor_0 (1.0 observed on average), 400 paired windows, 2 method(s)
[19:58:23]   Diagnosis completed on validation engines only; no confirmatory PASS/FAIL inferred.
[19:58:23] --- stage diagnosis done in 17.0s ---
[19:58:23] === run ok · 17.1s · peak RSS 0.377 GB ===
