[11:39:05] === run start · seed2 · seed 2 · hash ce331db50c80 ===
[11:39:05] stages ['explain'] · device cuda · dataset cmapss:FD004
[11:39:05] --- stage: explain ---
[11:39:05]   data: FleetPair(cmapss:FD004: train=249 units, test=248 units, C=21, regimes=3, cap=125)  (0.4s)
[11:39:05]   task: {'kind': 'ad', 'n_train': 18107, 'n_test': 15855, 'd': 420, 'window': 20, 'n_channels': 21, 'anomaly_rate': 0.16007567942142487, 'kind_counts': {'normal': 13317, 'offset': 489, 'drift': 466, 'spike': 456, 'decouple': 466, 'desync': 509, 'organic': 152}, 'train_units': 249, 'test_units': 248, 'n_regimes': 3, 'seed': 2, 'per_regime_norm': True, 'official_test_fleet': True, 'dataset': 'cmapss:FD004', 'cap': 125.0, 'subset': 'FD004', 'dropped_constant_sensors': 0, 'source': 'NASA C-MAPSS (real)'}
[11:39:05]   explain: capped test set to 1500 windows
    [pc] epoch   0  nll 1079408524.693
    [pc] epoch   6  nll 9090.152
    [pc] epoch  12  nll  469.381
    [pc] epoch  18  nll  433.561
    [pc] epoch  24  nll  417.183
    [pc] epoch  30  nll  390.621
    [pc] epoch  36  nll  367.241
    [pc] epoch  42  nll  362.351
    [pc] epoch  48  nll  353.189
[11:39:34]   pc_train_nll: first=1079408524.6927 last=353.0078 (50 epochs)
[11:39:34]   pc: fit 29.2s · 17,280 params · score sd 85.269 · device cuda · layered · 30,992 win/s
[11:39:48]   attribution cost: PC exact (all views) 2.7s · AE sampling-SHAP (one view) 5.2s
[11:39:51]   completeness: max residual 4.40e+12 nats, mean 4.38e+11
[11:39:51]   deletion curves scored with the circuit's own scorer — PC attributions have home-field advantage here, the localisation columns do not
[11:39:51]   worked examples (median-scoring window of each kind):
[11:39:55]    [normal]
[11:39:55]   anomaly score 23979387628631883776.0 nats
[11:39:55]      ch18  out of range         marginal 23979387628631883776.00  structural    0.00  worst at t=0
[11:39:55]      ch10  out of range         marginal 2260.66  structural -2260.66  worst at t=0
[11:39:55]      ch20  out of range         marginal 2178.94  structural -2178.94  worst at t=0
[11:39:58]    [spike]
[11:39:58]   anomaly score 23464739221018771456.0 nats   [injected: spike, channels [0]]
[11:39:58]      ch18  out of range         marginal 23464739221018771456.00  structural    0.00  worst at t=4  <- miss
[11:39:58]      ch10  out of range         marginal 2974.28  structural -2974.28  worst at t=0  <- miss
[11:39:58]      ch20  out of range         marginal 2214.42  structural -2214.42  worst at t=0  <- miss
[11:40:02]    [offset]
[11:40:02]   anomaly score 20657949918097309696.0 nats   [injected: offset, channels [5, 8, 14, 16]]
[11:40:02]      ch18  out of range         marginal 20657949918097309696.00  structural    0.00  worst at t=11  <- miss
[11:40:02]      ch10  out of range         marginal 2799.02  structural -2799.02  worst at t=0  <- miss
[11:40:02]      ch20  out of range         marginal 2617.31  structural -2617.31  worst at t=0  <- miss
[11:40:06]    [drift]
[11:40:06]   anomaly score 23465673805902381056.0 nats   [injected: drift, channels [0, 5, 7, 14, 15]]
[11:40:06]      ch18  out of range         marginal 23465673805902381056.00  structural    0.00  worst at t=4  <- miss
[11:40:06]      ch10  out of range         marginal 3087.66  structural -3087.66  worst at t=0  <- miss
[11:40:06]      ch20  out of range         marginal 2622.74  structural -2622.74  worst at t=0  <- miss
[11:40:09]    [decouple]
[11:40:09]   anomaly score 15579760907213864960.0 nats   [injected: decouple, channels [0, 7]]
[11:40:09]      ch18  out of range         marginal 15579760907213864960.00  structural    0.00  worst at t=19  <- miss
[11:40:09]      ch10  out of range         marginal 3453.85  structural -3453.85  worst at t=0  <- miss
[11:40:09]      ch20  out of range         marginal 2980.01  structural -2980.01  worst at t=0  <- miss
[11:40:13]    [desync]
[11:40:13]   anomaly score 20317596093719248896.0 nats   [injected: desync, channels [12, 17]]
[11:40:13]      ch18  out of range         marginal 20317596093719248896.00  structural    0.00  worst at t=6  <- miss
[11:40:13]      ch10  out of range         marginal 3711.07  structural -3711.07  worst at t=0  <- miss
[11:40:13]      ch20  out of range         marginal 2875.70  structural -2875.70  worst at t=0  <- miss
[11:40:13] --- stage explain done in 68.3s ---
[11:40:13] === run ok · 68.4s · peak RSS 2.078 GB ===
