[11:23:35] === run start · seed11 · seed 11 · hash 8b9ff7e962ad ===
[11:23:35] stages ['diagnosis'] · device cpu · dataset synthetic
[11:23:35] --- stage: diagnosis ---
    [pc] epoch   0  nll   26.352  val   24.624
    [pc] epoch  18  nll   21.671  val   21.187
    [pc] epoch  36  nll   20.142  val   19.966
    [pc] epoch  54  nll   19.587  val   19.456
    [pc] epoch  72  nll   19.492  val   19.367
    [pc] epoch  90  nll   19.416  val   19.314
    [pc] epoch 108  nll   19.382  val   19.312
    [pc] epoch 126  nll   19.367  val   19.332
    [pc] restored epoch 113 (selected by nll; val nll 19.293, last 19.301)
[11:23:44]   pc_train_nll: first=26.3518 last=19.3547 (139 epochs)
[11:23:44]   pc_train_objective: first=31.6158 last=23.1980 (139 epochs)
[11:23:44]   pc_selection_loss: first=24.6241 last=19.3013 (139 epochs)
[11:23:44]   pc_val_nll: first=24.6241 last=19.3013 (139 epochs)
[11:23:44]   pc: fit 8.7s · 1,488 params · score sd 4.863 · device cpu · layered · 16,295 win/s
[11:23:44]   pc: validation on 200 windows from explicit subset of held-out units · best epoch 113 of 150 · val nll 19.293
[11:23:44]   shortcut audit: target-channel-only AUROC 0.491 (0.5 = no marginal shortcut)
[11:23:44]   diagnosis: full (4.0 observed on average), 400 paired windows, 1 method(s)
[11:23:44]   diagnosis: random1:0 (3.0 observed on average), 400 paired windows, 1 method(s)
[11:23:44]   diagnosis: random2:1-2 (2.0 observed on average), 400 paired windows, 1 method(s)
[11:23:44]   diagnosis: random3:1-2-3 (1.0 observed on average), 400 paired windows, 1 method(s)
[11:23:44]   diagnosis: bank0:0-1 (2.0 observed on average), 400 paired windows, 1 method(s)
[11:23:44]   diagnosis: single_sensor_0 (1.0 observed on average), 400 paired windows, 1 method(s)
[11:23:44]   Diagnosis completed on validation engines only; no confirmatory PASS/FAIL inferred.
[11:23:44] --- stage diagnosis done in 9.2s ---
[11:23:44] === run ok · 9.2s · peak RSS 0.33 GB ===
[11:42:24] === run start · seed11 · seed 11 · hash d7a641cfd871 ===
[11:42:24] stages ['diagnosis'] · device cpu · dataset synthetic
[11:42:24] --- stage: diagnosis ---
    [pc] epoch   0  nll   26.352  val   24.624
    [pc] epoch  18  nll   21.671  val   21.187
    [pc] epoch  36  nll   20.142  val   19.966
    [pc] epoch  54  nll   19.587  val   19.456
    [pc] epoch  72  nll   19.492  val   19.367
    [pc] epoch  90  nll   19.416  val   19.314
    [pc] epoch 108  nll   19.382  val   19.312
    [pc] epoch 126  nll   19.367  val   19.332
    [pc] restored epoch 113 (selected by nll; val nll 19.293, last 19.301)
[11:42:36]   pc_train_nll: first=26.3518 last=19.3547 (139 epochs)
[11:42:36]   pc_train_objective: first=31.6158 last=23.1980 (139 epochs)
[11:42:36]   pc_selection_loss: first=24.6241 last=19.3013 (139 epochs)
[11:42:36]   pc_val_nll: first=24.6241 last=19.3013 (139 epochs)
[11:42:36]   pc: fit 11.2s · 1,488 params · score sd 4.863 · device cpu · layered · 12,655 win/s
[11:42:36]   pc: validation on 200 windows from explicit subset of held-out units · best epoch 113 of 150 · val nll 19.293
[11:42:36]   shortcut audit: target-channel-only AUROC 0.491 (0.5 = no marginal shortcut)
[11:42:36]   diagnosis: full (4.0 observed on average), 400 paired windows, 2 method(s)
[11:42:36]   diagnosis: random1:0 (3.0 observed on average), 400 paired windows, 2 method(s)
[11:42:36]   diagnosis: random2:1-2 (2.0 observed on average), 400 paired windows, 2 method(s)
[11:42:36]   diagnosis: random3:1-2-3 (1.0 observed on average), 400 paired windows, 2 method(s)
[11:42:36]   diagnosis: bank0:0-1 (2.0 observed on average), 400 paired windows, 2 method(s)
[11:42:37]   diagnosis: single_sensor_0 (1.0 observed on average), 400 paired windows, 2 method(s)
[11:42:37]   Diagnosis completed on validation engines only; no confirmatory PASS/FAIL inferred.
[11:42:37] --- stage diagnosis done in 12.4s ---
[11:42:37] === run ok · 12.5s · peak RSS 0.362 GB ===
[19:55:37] === run start · seed11 · seed 11 · hash 3beefc7664c8 ===
[19:55:37] stages ['diagnosis'] · device cpu · dataset synthetic
[19:55:37] --- stage: diagnosis ---
    [pc] epoch   0  nll   26.352  val   24.624
    [pc] epoch  18  nll   21.671  val   21.187
    [pc] epoch  36  nll   20.142  val   19.966
    [pc] epoch  54  nll   19.587  val   19.456
    [pc] epoch  72  nll   19.492  val   19.367
    fit channel_blocked K=4: 79/150 (53%) · 1.09 it/s · elapsed 01:12 · ETA 01:05
    [pc] epoch  90  nll   19.416  val   19.314
    [pc] epoch 108  nll   19.382  val   19.312
    [pc] epoch 126  nll   19.367  val   19.332
    [pc] restored epoch 113 (selected by nll; val nll 19.293, last 19.301)
[19:56:53]   pc_train_nll: first=26.3518 last=19.3547 (139 epochs)
[19:56:53]   pc_train_objective: first=31.6158 last=23.1980 (139 epochs)
[19:56:53]   pc_selection_loss: first=24.6241 last=19.3013 (139 epochs)
[19:56:53]   pc_val_nll: first=24.6241 last=19.3013 (139 epochs)
[19:56:53]   pc: fit 76.0s · 1,488 params · score sd 4.863 · device cpu · layered · 1,874 win/s
[19:56:53]   pc: validation on 200 windows from explicit subset of held-out units · best epoch 113 of 150 · val nll 19.293
[19:56:53]   shortcut audit: target-channel-only AUROC 0.491 (0.5 = no marginal shortcut)
[19:56:53]   diagnosis: full (4.0 observed on average), 400 paired windows, 2 method(s)
[19:56:53]   diagnosis: random1:0 (3.0 observed on average), 400 paired windows, 2 method(s)
[19:56:53]   diagnosis: random2:1-2 (2.0 observed on average), 400 paired windows, 2 method(s)
[19:56:53]   diagnosis: random3:1-2-3 (1.0 observed on average), 400 paired windows, 2 method(s)
[19:56:53]   diagnosis: bank0:0-1 (2.0 observed on average), 400 paired windows, 2 method(s)
[19:56:53]   diagnosis: single_sensor_0 (1.0 observed on average), 400 paired windows, 2 method(s)
[19:56:53]   Diagnosis completed on validation engines only; no confirmatory PASS/FAIL inferred.
[19:56:53] --- stage diagnosis done in 76.5s ---
[19:56:53] === run ok · 76.5s · peak RSS 0.367 GB ===
