[16:43:34] === run start · seed2 · seed 2 · hash 74ad65f28f96 ===
[16:43:34] stages ['ad'] · device cuda · dataset cmapss:FD001
[16:43:34] --- stage: ad ---
[16:43:34]   data: FleetPair(cmapss:FD001: train=100 units, test=100 units, C=15, regimes=3, cap=125)  (0.1s)
[16:43:34]   task: {'kind': 'ad', 'n_train': 5290, 'n_test': 4608, 'd': 300, 'window': 20, 'n_channels': 15, 'anomaly_rate': 0.1265190988779068, 'kind_counts': {'normal': 4025, 'offset': 105, 'drift': 102, 'spike': 111, 'decouple': 94, 'desync': 125, 'organic': 46}, 'train_units': 100, 'test_units': 100, 'n_regimes': 3, 'seed': 2, 'per_regime_norm': True, 'official_test_fleet': True, 'dataset': 'cmapss:FD001', 'cap': 125.0, 'subset': 'FD001', 'dropped_constant_sensors': 6, 'source': 'NASA C-MAPSS (real)'}
    [pc] epoch   0  nll  284.119
    [pc] epoch   6  nll  140.725
    [pc] epoch  12  nll  128.642
    [pc] epoch  18  nll  124.995
    [pc] epoch  24  nll  122.328
    [pc] epoch  30  nll  120.059
    [pc] epoch  36  nll  117.507
    [pc] epoch  42  nll  115.921
    [pc] epoch  48  nll  113.888
[16:43:50]   pc_train_nll: first=284.1187 last=113.5195 (50 epochs)
[16:43:50]   pc: fit 16.5s · 122,304 params · score sd 22.525 · device cuda · layered · 16,007 win/s
[16:43:51]   typed decomposition (mean worst-channel surprise):
[16:43:51]        normal  n= 4025  marginal    23.16  conditional    23.41  structural     9.49
[16:43:51]      decouple  n=   94  marginal    22.94  conditional    23.17  structural     8.18
[16:43:51]        desync  n=  125  marginal    22.91  conditional    38.13  structural    25.28
[16:43:51]         drift  n=  102  marginal   100.65  conditional   132.73  structural    56.53
[16:43:51]        offset  n=  105  marginal   110.55  conditional   161.23  structural    78.33
[16:43:51]       organic  n=   46  marginal   111.22  conditional   131.29  structural    57.19
[16:43:51]         spike  n=  111  marginal    44.68  conditional    52.14  structural    14.19
[16:43:51] --- stage ad done in 17.8s ---
[16:43:51] === run ok · 17.8s · peak RSS 1.669 GB ===
[16:07:00] === run start · seed2 · seed 2 · hash 6238a48a0d20 ===
[16:07:00] stages ['ad'] · device cuda · dataset cmapss:FD001
[16:07:00] --- stage: ad ---
[16:07:00]   data: FleetPair(cmapss:FD001: train=100 units, test=100 units, C=15, regimes=1, cap=125)  (0.1s)
[16:07:00]   task: {'kind': 'ad', 'n_train': 5290, 'n_test': 4608, 'd': 300, 'window': 20, 'n_channels': 15, 'anomaly_rate': 0.1265190988779068, 'kind_counts': {'normal': 4025, 'offset': 105, 'drift': 102, 'spike': 111, 'decouple': 94, 'desync': 125, 'organic': 46}, 'train_units': 100, 'test_units': 100, 'n_regimes': 1, 'seed': 2, 'per_regime_norm': False, 'official_test_fleet': True, 'dataset': 'cmapss:FD001', 'cap': 125.0, 'subset': 'FD001', 'dropped_constant_sensors': 6, 'source': 'NASA C-MAPSS (real)', 'source_name': 'cmapss', 'source_kind': 'fleet'}
[16:07:00]   caveat: Ships no anomaly annotations: detection anomalies are injected.
    [pc] epoch   0  nll  243.911
    [pc] epoch   6  nll  105.781
    [pc] epoch  12  nll   96.004
    [pc] epoch  18  nll   97.994
    [pc] epoch  24  nll   98.319
    [pc] epoch  30  nll  101.824
    [pc] epoch  36  nll   92.312
    [pc] epoch  42  nll   91.180
    [pc] epoch  48  nll   78.522
[16:07:33]   pc_train_nll: first=243.9109 last=78.3997 (50 epochs)
[16:07:33]   pc: fit 32.7s · 122,304 params · score sd 24.932 · device cuda · layered · 8,076 win/s
[16:07:36]   typed decomposition (mean worst-channel surprise):
[16:07:36]        normal  n= 4025  marginal    23.29  conditional    23.38  structural     9.25
[16:07:36]      decouple  n=   94  marginal    23.24  conditional    23.09  structural     8.79
[16:07:36]        desync  n=  125  marginal    23.03  conditional    36.05  structural    22.75
[16:07:36]         drift  n=  102  marginal   243.49  conditional   314.36  structural    84.95
[16:07:36]        offset  n=  105  marginal   187.45  conditional   253.71  structural    94.01
[16:07:36]       organic  n=   46  marginal   112.26  conditional   131.24  structural    50.83
[16:07:36]         spike  n=  111  marginal    49.37  conditional    56.55  structural    13.86
[16:07:36] --- stage ad done in 36.1s ---
[16:07:36] === run ok · 36.1s · peak RSS 1.679 GB ===
[18:26:46] === run start · seed2 · seed 2 · hash 3a9911598444 ===
[18:26:46] stages ['ad'] · device cpu · dataset cmapss:FD001
[18:26:46] --- stage: ad ---
[18:26:47]   data: FleetPair(cmapss:FD001: train=100 units, test=100 units, C=15, regimes=1, cap=125)  (0.1s)
[18:26:47]   task: {'kind': 'ad', 'n_train': 5290, 'n_test': 4608, 'd': 300, 'window': 20, 'n_channels': 15, 'anomaly_rate': 0.1265190988779068, 'kind_counts': {'normal': 4025, 'offset': 105, 'drift': 102, 'spike': 111, 'decouple': 94, 'desync': 125, 'organic': 46}, 'train_units': 100, 'test_units': 100, 'n_regimes': 1, 'seed': 2, 'per_regime_norm': False, 'official_test_fleet': True, 'dataset': 'cmapss:FD001', 'cap': 125.0, 'subset': 'FD001', 'dropped_constant_sensors': 6, 'source': 'NASA C-MAPSS (real)', 'source_name': 'cmapss', 'source_kind': 'fleet'}
[18:26:47]   caveat: Ships no anomaly annotations: detection anomalies are injected.
    [pc] epoch   0  nll  243.017
    [pc] epoch   6  nll  106.097
    [pc] epoch  12  nll   88.854
    [pc] epoch  18  nll   91.821
    fit chain K=16: 23/50 (46%) · 0.76 it/s · elapsed 00:30 · ETA 00:35
    [pc] epoch  24  nll   96.235
    [pc] epoch  30  nll  102.004
    [pc] epoch  36  nll   93.240
    [pc] epoch  42  nll   92.486
    fit chain K=16: 46/50 (92%) · 0.75 it/s · elapsed 01:01 · ETA 00:05
    [pc] epoch  48  nll   79.117
    fit chain K=16: done 50/50 in 01:06
[18:27:55]   pc_train_nll: first=243.0174 last=78.1783 (50 epochs)
[18:27:55]   pc: fit 68.5s · 122,304 params · score sd 23.699 · device cpu · layered · 3,862 win/s
[18:28:23]   typed decomposition (mean worst-channel surprise):
[18:28:23]        normal  n= 4025  marginal    23.38  conditional    23.54  structural     8.57
[18:28:23]      decouple  n=   94  marginal    23.25  conditional    23.04  structural     8.25
[18:28:23]        desync  n=  125  marginal    23.06  conditional    36.98  structural    22.75
[18:28:23]         drift  n=  102  marginal   253.06  conditional   317.18  structural    79.06
[18:28:23]        offset  n=  105  marginal   196.73  conditional   261.30  structural    91.89
[18:28:23]       organic  n=   46  marginal   112.85  conditional   133.39  structural    54.94
[18:28:23]         spike  n=  111  marginal    48.87  conditional    58.52  structural    15.53
[18:28:23] --- stage ad done in 96.4s ---
[18:28:23] === run ok · 96.4s · peak RSS 1.246 GB ===
