[15:57:16] === run start · seed1 · seed 1 · hash 13f8128816b0 ===
[15:57:16] stages ['ad'] · device cuda · dataset cmapss:FD001
[15:57:16] --- stage: ad ---
[15:57:16]   data: FleetPair(cmapss:FD001: train=100 units, test=100 units, C=15, regimes=3, cap=125)  (0.1s)
[15:57:16]   task: {'kind': 'ad', 'n_train': 5290, 'n_test': 4608, 'd': 300, 'window': 20, 'n_channels': 15, 'anomaly_rate': 0.1228298619389534, 'kind_counts': {'normal': 4042, 'desync': 102, 'drift': 102, 'offset': 103, 'decouple': 102, 'spike': 111, 'organic': 46}, 'train_units': 100, 'test_units': 100, 'n_regimes': 3, 'seed': 1, 'per_regime_norm': True, 'official_test_fleet': True, 'dataset': 'cmapss:FD001', 'cap': 125.0, 'subset': 'FD001', 'dropped_constant_sensors': 6, 'source': 'NASA C-MAPSS (real)'}
    [pc] epoch   0  nll 42789.982
    [pc] epoch   6  nll  173.132
    [pc] epoch  12  nll  161.796
    [pc] epoch  18  nll  158.701
    [pc] epoch  24  nll  155.356
    [pc] epoch  30  nll  153.959
    [pc] epoch  36  nll  153.071
    [pc] epoch  42  nll  152.672
    [pc] epoch  48  nll  151.952
[15:57:24]   pc_train_nll: first=42789.9824 last=152.0902 (50 epochs)
[15:57:24]   pc: fit 7.5s · 15,360 params · score sd 26.862 · device cuda · layered · 35,087 win/s
[15:57:25]   typed decomposition (mean worst-channel surprise):
[15:57:25]        normal  n= 4042  marginal    23.73  conditional    24.27  structural     6.85
[15:57:25]      decouple  n=  102  marginal    23.73  conditional    24.32  structural     7.55
[15:57:25]        desync  n=  102  marginal    24.05  conditional    35.44  structural    20.18
[15:57:25]         drift  n=  102  marginal   960.32  conditional  1039.03  structural    94.88
[15:57:25]        offset  n=  103  marginal   446.42  conditional   500.98  structural    78.14
[15:57:25]       organic  n=   46  marginal   121.29  conditional   135.81  structural    43.35
[15:57:25]         spike  n=  111  marginal    58.09  conditional    66.54  structural    16.04
[15:57:25] --- stage ad done in 8.7s ---
[15:57:25] === run ok · 8.7s · peak RSS 1.598 GB ===
