[15:59:04] === run start · seed1 · seed 1 · hash af5972073235 ===
[15:59:04] stages ['ad'] · device cuda · dataset cmapss:FD001
[15:59:04] --- stage: ad ---
[15:59:04]   data: FleetPair(cmapss:FD001: train=100 units, test=100 units, C=15, regimes=3, cap=125)  (0.1s)
[15:59:04]   task: {'kind': 'ad', 'n_train': 5290, 'n_test': 4608, 'd': 300, 'window': 20, 'n_channels': 15, 'anomaly_rate': 0.1228298619389534, 'kind_counts': {'normal': 4042, 'desync': 102, 'drift': 102, 'offset': 103, 'decouple': 102, 'spike': 111, 'organic': 46}, 'train_units': 100, 'test_units': 100, 'n_regimes': 3, 'seed': 1, 'per_regime_norm': True, 'official_test_fleet': True, 'dataset': 'cmapss:FD001', 'cap': 125.0, 'subset': 'FD001', 'dropped_constant_sensors': 6, 'source': 'NASA C-MAPSS (real)'}
    [pc] epoch   0  nll 42643.944
    [pc] epoch   6  nll  214.104
    [pc] epoch  12  nll  154.163
    [pc] epoch  18  nll  136.186
    [pc] epoch  24  nll  126.122
    [pc] epoch  30  nll  119.118
    [pc] epoch  36  nll  116.403
    [pc] epoch  42  nll  115.439
    [pc] epoch  48  nll  120.108
[15:59:22]   pc_train_nll: first=42643.9444 last=124.7961 (50 epochs)
[15:59:22]   pc: fit 17.3s · 157,440 params · score sd 23.980 · device cuda · layered · 15,310 win/s
[15:59:25]   typed decomposition (mean worst-channel surprise):
[15:59:25]        normal  n= 4042  marginal    23.31  conditional    23.45  structural     6.01
[15:59:25]      decouple  n=  102  marginal    23.29  conditional    23.65  structural     6.80
[15:59:25]        desync  n=  102  marginal    23.71  conditional    35.26  structural    20.44
[15:59:25]         drift  n=  102  marginal   694.71  conditional   717.93  structural    46.24
[15:59:25]        offset  n=  103  marginal   348.60  conditional   373.49  structural    50.26
[15:59:25]       organic  n=   46  marginal   110.14  conditional   121.79  structural    43.97
[15:59:25]         spike  n=  111  marginal    58.45  conditional    58.89  structural     6.80
[15:59:25] --- stage ad done in 20.5s ---
[15:59:25] === run ok · 20.6s · peak RSS 1.734 GB ===
[15:09:35] === run start · seed1 · seed 1 · hash 860b9597bf80 ===
[15:09:35] stages ['ad'] · device cuda · dataset cmapss:FD001
[15:09:35] --- stage: ad ---
[15:09:35]   data: FleetPair(cmapss:FD001: train=100 units, test=100 units, C=15, regimes=1, cap=125)  (0.1s)
[15:09:35]   task: {'kind': 'ad', 'n_train': 5290, 'n_test': 4608, 'd': 300, 'window': 20, 'n_channels': 15, 'anomaly_rate': 0.1228298619389534, 'kind_counts': {'normal': 4042, 'desync': 102, 'drift': 102, 'offset': 103, 'decouple': 102, 'spike': 111, 'organic': 46}, 'train_units': 100, 'test_units': 100, 'n_regimes': 1, 'seed': 1, 'per_regime_norm': False, 'official_test_fleet': True, 'dataset': 'cmapss:FD001', 'cap': 125.0, 'subset': 'FD001', 'dropped_constant_sensors': 6, 'source': 'NASA C-MAPSS (real)', 'source_name': 'cmapss', 'source_kind': 'fleet'}
[15:09:35]   caveat: Ships no anomaly annotations: detection anomalies are injected.
    [pc] epoch   0  nll 31842.766
    [pc] epoch   6  nll  127.658
    [pc] epoch  12  nll   91.046
    [pc] epoch  18  nll   79.337
    [pc] epoch  24  nll   71.224
    [pc] epoch  30  nll   60.499
    [pc] epoch  36  nll   87.556
    [pc] epoch  42  nll   71.777
    fit time K=8: 47/50 (94%) · 1.55 it/s · elapsed 00:30 · ETA 00:01
    [pc] epoch  48  nll   70.164
    fit time K=8: done 50/50 in 00:32
[15:10:14]   pc_train_nll: first=31842.7656 last=80.4545 (50 epochs)
[15:10:14]   pc: fit 38.6s · 157,440 params · score sd 21.748 · device cuda · layered · 6,852 win/s
[15:10:21]   typed decomposition (mean worst-channel surprise):
[15:10:21]        normal  n= 4042  marginal    23.32  conditional    23.53  structural     6.05
[15:10:21]      decouple  n=  102  marginal    23.85  conditional    23.90  structural     6.76
[15:10:21]        desync  n=  102  marginal    23.83  conditional    35.58  structural    20.99
[15:10:21]         drift  n=  102  marginal 160544.20  conditional 160565.20  structural    47.32
[15:10:21]        offset  n=  103  marginal 49314.97  conditional 49340.87  structural    54.17
[15:10:21]       organic  n=   46  marginal   112.58  conditional   131.88  structural    54.95
[15:10:21]         spike  n=  111  marginal 14175.82  conditional 14176.42  structural     6.35
[15:10:21] --- stage ad done in 46.2s ---
[15:10:21] === run ok · 46.2s · peak RSS 1.732 GB ===
[18:34:07] === run start · seed1 · seed 1 · hash f16613f90918 ===
[18:34:07] stages ['ad'] · device cpu · dataset cmapss:FD001
[18:34:07] --- stage: ad ---
[18:34:07]   data: FleetPair(cmapss:FD001: train=100 units, test=100 units, C=15, regimes=1, cap=125)  (0.1s)
[18:34:07]   task: {'kind': 'ad', 'n_train': 5290, 'n_test': 4608, 'd': 300, 'window': 20, 'n_channels': 15, 'anomaly_rate': 0.1228298619389534, 'kind_counts': {'normal': 4042, 'desync': 102, 'drift': 102, 'offset': 103, 'decouple': 102, 'spike': 111, 'organic': 46}, 'train_units': 100, 'test_units': 100, 'n_regimes': 1, 'seed': 1, 'per_regime_norm': False, 'official_test_fleet': True, 'dataset': 'cmapss:FD001', 'cap': 125.0, 'subset': 'FD001', 'dropped_constant_sensors': 6, 'source': 'NASA C-MAPSS (real)', 'source_name': 'cmapss', 'source_kind': 'fleet'}
[18:34:07]   caveat: Ships no anomaly annotations: detection anomalies are injected.
    [pc] epoch   0  nll 31483.996
    [pc] epoch   6  nll  125.376
    fit time K=8: 7/50 (14%) · 0.22 it/s · elapsed 00:31 · ETA 03:11
    [pc] epoch  12  nll   95.234
    fit time K=8: 14/50 (28%) · 0.22 it/s · elapsed 01:02 · ETA 02:40
    [pc] epoch  18  nll   75.750
    fit time K=8: 21/50 (42%) · 0.22 it/s · elapsed 01:34 · ETA 02:09
    [pc] epoch  24  nll   74.763
    fit time K=8: 28/50 (56%) · 0.22 it/s · elapsed 02:05 · ETA 01:38
    [pc] epoch  30  nll   65.584
    fit time K=8: 35/50 (70%) · 0.22 it/s · elapsed 02:37 · ETA 01:07
    [pc] epoch  36  nll   59.227
    fit time K=8: 42/50 (84%) · 0.22 it/s · elapsed 03:09 · ETA 00:36
    [pc] epoch  42  nll   67.951
    [pc] epoch  48  nll   72.349
    fit time K=8: 49/50 (98%) · 0.22 it/s · elapsed 03:41 · ETA 00:04
    fit time K=8: done 50/50 in 03:46
[18:37:55]   pc_train_nll: first=31483.9956 last=82.3675 (50 epochs)
[18:37:56]   pc: fit 228.2s · 157,440 params · score sd 21.939 · device cpu · layered · 1,159 win/s
    typed decomposition (per channel): 5/15 (33%) · 0.16 it/s · elapsed 00:30 · ETA 01:00
    typed decomposition (per channel): 10/15 (67%) · 0.17 it/s · elapsed 01:00 · ETA 00:30
    typed decomposition (per channel): 15/15 (100%) · 0.17 it/s · elapsed 01:30 · ETA 00:00
    typed decomposition (per channel): done 15/15 in 01:30
[18:39:29]   typed decomposition (mean worst-channel surprise):
[18:39:29]        normal  n= 4042  marginal    23.36  conditional    23.40  structural     5.54
[18:39:29]      decouple  n=  102  marginal    23.39  conditional    23.76  structural     6.42
[18:39:29]        desync  n=  102  marginal    23.68  conditional    35.93  structural    20.93
[18:39:29]         drift  n=  102  marginal 162776.92  conditional 162794.64  structural    48.00
[18:39:29]        offset  n=  103  marginal 49724.23  conditional 49750.38  structural    55.11
[18:39:29]       organic  n=   46  marginal   113.41  conditional   130.98  structural    52.76
[18:39:29]         spike  n=  111  marginal 14293.44  conditional 14293.67  structural     5.59
[18:39:29] --- stage ad done in 322.2s ---
[18:39:29] === run ok · 322.2s · peak RSS 1.591 GB ===
