[15:53:46] === run start · seed4 · seed 4 · hash 40d5c9744028 ===
[15:53:46] stages ['explain'] · device cuda · dataset synthetic
[15:53:46] --- stage: explain ---
[15:53:46]   data: FleetPair(synthetic: train=60 units, C=14, regimes=3, cap=130)  (0.1s)
[15:53:46]   task: {'kind': 'ad', 'n_train': 1885, 'n_test': 1614, 'd': 112, 'window': 8, 'n_channels': 14, 'anomaly_rate': 0.21933086216449738, 'kind_counts': {'normal': 1260, 'decouple': 42, 'spike': 43, 'desync': 38, 'offset': 32, 'drift': 28, 'organic': 171}, 'train_units': 36, 'test_units': 24, 'n_regimes': 3, 'seed': 4, 'dataset': 'synthetic', 'cap': 130.0, 'source': 'synthetic simulator', 'units': 60}
[15:53:46]   explain: capped test set to 1500 windows
    [pc] epoch   0  nll  166.000
    [pc] epoch   5  nll   48.424
    [pc] epoch  10  nll   32.792
    [pc] epoch  15  nll   30.564
    [pc] epoch  20  nll   29.866
    [pc] epoch  25  nll   29.667
    [pc] epoch  30  nll   29.468
    [pc] epoch  35  nll   29.447
[15:53:47]   pc_train_nll: first=165.9998 last=29.3927 (40 epochs)
[15:53:47]   pc: fit 1.1s · 2,964 params · score sd 17.675 · device cuda · layered · 68,003 win/s
[15:53:48]   attribution cost: PC exact (all views) 0.2s · AE sampling-SHAP (one view) 0.3s
[15:53:48]   completeness: max residual 3.05e-05 nats, mean 1.43e-06
[15:53:48]   deletion curves scored with the circuit's own scorer — PC attributions have home-field advantage here, the localisation columns do not
[15:53:48]   worked examples (median-scoring window of each kind):
[15:53:48]    [normal]
[15:53:48]   anomaly score 27.2 nats
[15:53:48]      ch13  broken relationship  marginal    1.03  structural   11.50  worst at t=3
[15:53:48]       ch1  out of range         marginal    7.64  structural   -0.48  worst at t=7
[15:53:48]       ch7  out of range         marginal    7.08  structural   -0.27  worst at t=6
[15:53:49]    [spike]
[15:53:49]   anomaly score 139.1 nats   [injected: spike, channels [5]]
[15:53:49]       ch5  broken relationship  marginal   12.35  structural   86.79  worst at t=0  <- CORRECT
[15:53:49]      ch10  broken relationship  marginal    3.92  structural   50.81  worst at t=0  <- miss
[15:53:49]      ch11  broken relationship  marginal   -0.90  structural   31.60  worst at t=0  <- miss
[15:53:49]    [offset]
[15:53:49]   anomaly score 285.5 nats   [injected: offset, channels [0, 8, 9]]
[15:53:49]       ch8  out of range         marginal  115.27  structural   19.37  worst at t=5  <- CORRECT
[15:53:49]       ch0  out of range         marginal   62.15  structural   13.31  worst at t=3  <- CORRECT
[15:53:49]       ch9  broken relationship  marginal   12.13  structural   34.46  worst at t=4  <- CORRECT
[15:53:49]    [drift]
[15:53:49]   anomaly score 292.7 nats   [injected: drift, channels [5, 12]]
[15:53:49]       ch5  broken relationship  marginal   22.18  structural  189.05  worst at t=6  <- CORRECT
[15:53:49]      ch12  broken relationship  marginal   43.71  structural   37.00  worst at t=6  <- CORRECT
[15:53:49]       ch1  broken relationship  marginal   10.54  structural    8.29  worst at t=1  <- miss
[15:53:50]    [decouple]
[15:53:50]   anomaly score 43.7 nats   [injected: decouple, channels [4, 8]]
[15:53:50]       ch1  out of range         marginal    9.78  structural    0.44  worst at t=4  <- miss
[15:53:50]      ch13  out of range         marginal   10.05  structural   -1.31  worst at t=2  <- miss
[15:53:50]       ch0  out of range         marginal    8.48  structural   -1.42  worst at t=2  <- miss
[15:53:50]    [desync]
[15:53:50]   anomaly score 82.9 nats   [injected: desync, channels [7, 10]]
[15:53:50]      ch10  broken relationship  marginal    2.37  structural   51.95  worst at t=2  <- CORRECT
[15:53:50]       ch7  broken relationship  marginal    4.96  structural    8.54  worst at t=0  <- CORRECT
[15:53:50]       ch1  out of range         marginal    7.75  structural    3.76  worst at t=5  <- miss
[15:53:50] --- stage explain done in 4.6s ---
[15:53:50] === run ok · 4.7s · peak RSS 1.687 GB ===
