[16:02:15] === run start · seed25 · seed 25 · hash b36592f860b5 ===
[16:02:15] stages ['diagnosis'] · device cuda · dataset cmapss:FD001
[16:02:15] --- stage: diagnosis ---
[16:02:15]   data: FleetPair(cmapss:FD001: train=100 units, test=100 units, C=15, regimes=1, cap=125)  (0.1s)
[16:02:15]   task: {'kind': 'ad', 'n_train': 3721, 'n_val': 1569, 'n_test': 4639, 'd': 300, 'window': 20, 'n_channels': 15, 'anomaly_rate': 0.12955377995967865, 'kind_counts': {'normal': 4038, 'decouple': 102, 'offset': 125, 'desync': 114, 'spike': 111, 'drift': 97, 'organic': 52}, 'train_units': 100, 'val_units': 30, 'test_units': 100, 'n_val_windows': 1569, 'n_regimes': 1, 'seed': 25, 'per_regime_norm': False, 'official_test_fleet': True, 'dataset': 'cmapss:FD001', 'cap': 125.0, 'subset': 'FD001', 'dropped_constant_sensors': 6, 'source': 'NASA C-MAPSS (real)', 'source_name': 'cmapss', 'source_kind': 'fleet'}
[16:02:15]   caveat: Ships no anomaly annotations: detection anomalies are injected.
    [pc] epoch   0  nll  497.582  val  288.319
    [pc] epoch  75  nll   44.756  val   40.399
    fit chow_liu K=8: 117/600 (20%) · 3.90 it/s · elapsed 00:30 · ETA 02:03
    [pc] epoch 150  nll   36.884  val   35.039
    [pc] restored epoch 128 (selected by nll; val nll 33.168, last 33.913)
[16:03:06]   pc_train_nll: first=497.5818 last=35.1856 (189 epochs)
[16:03:06]   pc_train_objective: first=497.5818 last=35.1856 (189 epochs)
[16:03:06]   pc_selection_loss: first=288.3193 last=33.9129 (189 epochs)
[16:03:06]   pc_val_nll: first=288.3193 last=33.9129 (189 epochs)
[16:03:06]   pc: fit 50.9s · 195,840 params · score sd 21.351 · device cuda · layered · 13,817 win/s
[16:03:06]   pc: validation on 516 windows from explicit subset of held-out units · best epoch 128 of 600 · val nll 33.168
[16:03:07]   shortcut audit: target-channel-only AUROC 0.553 (0.5 = no marginal shortcut)
[16:03:08]   baseline gaussian_fitted: fit 0.19s · 45,450 params · selection {'shrinkage': 0.01}
[16:03:11]   detection comparators: ['mahalanobis_refit', 'mahalanobis_impute', 'gmm_refit', 'gmm_impute', 'knn_refit', 'knn_impute']
[16:03:11]   diagnosis: full (15.0 observed on average), 614 paired windows, 2 method(s)
[16:03:16]   diagnosis: random1:1 (14.0 observed on average), 614 paired windows, 2 method(s)
[16:03:19]   diagnosis: random3:5-8-14 (12.0 observed on average), 614 paired windows, 2 method(s)
[16:03:27]   diagnosis: random7:3-4-8-10-11-12-14 (8.0 observed on average), 614 paired windows, 2 method(s)
[16:03:30]   diagnosis: bank0:0-1-2-4-5-7-8 (8.0 observed on average), 614 paired windows, 2 method(s)
[16:03:33]   diagnosis: bank1:3 (14.0 observed on average), 614 paired windows, 2 method(s)
[16:03:37]   diagnosis: bank2:6-10 (13.0 observed on average), 614 paired windows, 2 method(s)
[16:03:45]   diagnosis: single_sensor_0 (1.0 observed on average), 614 paired windows, 2 method(s)
[16:03:47]   Diagnosis completed on validation engines only; no confirmatory PASS/FAIL inferred.
[16:03:47] --- stage diagnosis done in 91.8s ---
[16:03:47] === run ok · 91.9s · peak RSS 2.42 GB ===
