[16:35:29] === run start · seed13 · seed 13 · hash fc0a8487cf8f ===
[16:35:29] stages ['diagnosis'] · device cuda · dataset cmapss:FD001
[16:35:29] --- stage: diagnosis ---
[16:35:29]   data: FleetPair(cmapss:FD001: train=100 units, test=100 units, C=15, regimes=1, cap=125)  (0.1s)
[16:35:29]   task: {'kind': 'ad', 'n_train': 3882, 'n_val': 1408, 'n_test': 4639, 'd': 300, 'window': 20, 'n_channels': 15, 'anomaly_rate': 0.12976934015750885, 'kind_counts': {'normal': 4037, 'offset': 120, 'drift': 97, 'desync': 107, 'spike': 129, 'decouple': 97, 'organic': 52}, 'train_units': 100, 'val_units': 30, 'test_units': 100, 'n_val_windows': 1408, 'n_regimes': 1, 'seed': 13, 'per_regime_norm': False, 'official_test_fleet': True, 'dataset': 'cmapss:FD001', 'cap': 125.0, 'subset': 'FD001', 'dropped_constant_sensors': 6, 'source': 'NASA C-MAPSS (real)', 'source_name': 'cmapss', 'source_kind': 'fleet'}
[16:35:29]   caveat: Ships no anomaly annotations: detection anomalies are injected.
    [pc] epoch   0  nll  357.871  val  292.376
    fit channel_blocked K=8: 16/180 (9%) · 0.52 it/s · elapsed 00:30 · ETA 05:17
    [pc] epoch  22  nll   88.742  val   90.285
    [pc] epoch  44  nll   61.238  val   62.794
    fit channel_blocked K=8: 47/180 (26%) · 0.77 it/s · elapsed 01:01 · ETA 02:52
    [pc] epoch  66  nll   53.287  val   55.383
    fit channel_blocked K=8: 82/180 (46%) · 0.89 it/s · elapsed 01:31 · ETA 01:49
    [pc] epoch  88  nll   44.497  val   46.601
    fit channel_blocked K=8: 110/180 (61%) · 0.90 it/s · elapsed 02:02 · ETA 01:18
    [pc] epoch 110  nll   38.882  val   40.063
    [pc] epoch 132  nll   36.184  val   37.083
    fit channel_blocked K=8: 137/180 (76%) · 0.89 it/s · elapsed 02:33 · ETA 00:48
    fit channel_blocked K=8: 153/180 (85%) · 0.83 it/s · elapsed 03:04 · ETA 00:32
    [pc] epoch 154  nll   34.647  val   34.901
    fit channel_blocked K=8: 169/180 (94%) · 0.79 it/s · elapsed 03:34 · ETA 00:13
    [pc] epoch 176  nll   33.726  val   35.542
    fit channel_blocked K=8: done 180/180 in 03:46
    [pc] restored epoch 154 (selected by objective; val nll 34.901, last 34.996)
[16:39:38]   pc_train_nll: first=357.8710 last=33.1748 (180 epochs)
[16:39:38]   pc_train_objective: first=426.4857 last=59.0081 (180 epochs)
[16:39:38]   pc_selection_loss: first=350.8518 last=41.8068 (180 epochs)
[16:39:38]   pc_val_nll: first=292.3765 last=34.9957 (180 epochs)
[16:39:38]   pc: fit 248.8s · 174,240 params · score sd 20.709 · device cuda · layered · 2,809 win/s
[16:39:38]   pc: validation on 496 windows from explicit subset of held-out units · best epoch 154 of 180 · val nll 34.901
[16:39:40]   shortcut audit: target-channel-only AUROC 0.569 (0.5 = no marginal shortcut)
[16:39:40]   diagnosis: full (15.0 observed on average), 844 paired windows, 1 method(s)
[16:39:43]   diagnosis: random1:1 (14.0 observed on average), 844 paired windows, 1 method(s)
[16:39:46]   diagnosis: random3:5-8-14 (12.0 observed on average), 844 paired windows, 1 method(s)
[16:39:49]   diagnosis: random7:3-4-8-10-11-12-14 (8.0 observed on average), 844 paired windows, 1 method(s)
[16:39:51]   diagnosis: bank0:0-1-2-4-5-7-8 (8.0 observed on average), 844 paired windows, 1 method(s)
[16:39:54]   diagnosis: bank1:3 (14.0 observed on average), 844 paired windows, 1 method(s)
[16:39:57]   diagnosis: bank2:6-10 (13.0 observed on average), 844 paired windows, 1 method(s)
[16:40:00]   diagnosis: single_sensor_0 (1.0 observed on average), 844 paired windows, 1 method(s)
[16:40:03]   Diagnosis completed on validation engines only; no confirmatory PASS/FAIL inferred.
[16:40:03] --- stage diagnosis done in 273.4s ---
[16:40:03] === run ok · 273.4s · peak RSS 1.796 GB ===
