[16:22:27] === run start · seed11 · seed 11 · hash f09e866b81f1 ===
[16:22:27] stages ['diagnosis'] · device cpu · dataset synthetic
[16:22:27] --- stage: diagnosis ---
    [pc] epoch   0  nll    8.726  val    8.635
    [pc] epoch   1  nll    8.672  val    8.646
    [pc] epoch   2  nll    8.664  val    8.636
    [pc] restored epoch 0 (selected by nll; val nll 8.635, last 8.636)
[16:22:28]   pc_train_nll: first=8.7258 last=8.6645 (3 epochs)
[16:22:28]   pc_train_objective: first=8.7258 last=8.6645 (3 epochs)
[16:22:28]   pc_selection_loss: first=8.6346 last=8.6361 (3 epochs)
[16:22:28]   pc_val_nll: first=8.6346 last=8.6361 (3 epochs)
[16:22:28]   pc: fit 1.0s · 60 params · score sd 2.815 · device cpu · layered · 189 win/s
[16:22:28]   pc: validation on 20 windows from explicit subset of held-out units · best epoch 0 of 3 · val nll 8.635
/Users/eriknielsen/Documents/UNITN/PHD/MAIN_Project/OneAnomalyForAll-AllAnomalyforOne/poc/time_series/diagnosis.py:186: UserWarning: Converting a tensor with requires_grad=True to a scalar may lead to unexpected behavior.
Consider using tensor.detach() first. (Triggered internally at /Users/runner/work/pytorch/pytorch/pytorch/torch/csrc/autograd/generated/python_variable_methods.cpp:837.)
  partition = float(pc.pc.log_partition())
[16:22:28]   diagnosis: full, 3 observed, 40 paired windows
[16:22:28]   diagnosis: random1:0, 2 observed, 40 paired windows
[16:22:28]   diagnosis: bank0:0, 2 observed, 40 paired windows
[16:22:28]   diagnosis: single_sensor_0, 1 observed, 40 paired windows
[16:22:28]   Diagnosis completed on validation engines only; no confirmatory PASS/FAIL inferred.
[16:22:28] --- stage diagnosis done in 1.1s ---
[16:22:28] === run ok · 1.2s · peak RSS 0.324 GB ===
[16:25:14] === run start · seed11 · seed 11 · hash f09e866b81f1 ===
[16:25:14] stages ['diagnosis'] · device cpu · dataset synthetic
[16:25:14] --- stage: diagnosis ---
    [pc] epoch   0  nll    8.726  val    8.635
    [pc] epoch   1  nll    8.672  val    8.646
    [pc] epoch   2  nll    8.664  val    8.636
    [pc] restored epoch 0 (selected by nll; val nll 8.635, last 8.636)
[16:25:15]   pc_train_nll: first=8.7258 last=8.6645 (3 epochs)
[16:25:15]   pc_train_objective: first=8.7258 last=8.6645 (3 epochs)
[16:25:15]   pc_selection_loss: first=8.6346 last=8.6361 (3 epochs)
[16:25:15]   pc_val_nll: first=8.6346 last=8.6361 (3 epochs)
[16:25:15]   pc: fit 1.0s · 60 params · score sd 2.815 · device cpu · layered · 199 win/s
[16:25:15]   pc: validation on 20 windows from explicit subset of held-out units · best epoch 0 of 3 · val nll 8.635
[16:25:15]   diagnosis: full, 3 observed, 40 paired windows
[16:25:15]   diagnosis: random1:0, 2 observed, 40 paired windows
[16:25:15]   diagnosis: bank0:0, 2 observed, 40 paired windows
[16:25:15]   diagnosis: single_sensor_0, 1 observed, 40 paired windows
[16:25:15]   Diagnosis completed on validation engines only; no confirmatory PASS/FAIL inferred.
[16:25:15] --- stage diagnosis done in 1.0s ---
[16:25:15] === run ok · 1.1s · peak RSS 0.322 GB ===
