[16:09:09] === run start · seed22 · seed 22 · hash bf51a63be81d ===
[16:09:09] stages ['diagnosis'] · device cuda · dataset cmapss:FD001
[16:09:09] --- stage: diagnosis ---
[16:09:10]   data: FleetPair(cmapss:FD001: train=100 units, test=100 units, C=15, regimes=1, cap=125)  (0.1s)
[16:09:10]   task: {'kind': 'ad', 'n_train': 3614, 'n_val': 1676, 'n_test': 4639, 'd': 300, 'window': 20, 'n_channels': 15, 'anomaly_rate': 0.14442767202854156, 'kind_counts': {'normal': 3969, 'offset': 117, 'decouple': 122, 'spike': 116, 'drift': 132, 'desync': 131, 'organic': 52}, 'train_units': 100, 'val_units': 30, 'test_units': 100, 'n_val_windows': 1676, 'n_regimes': 1, 'seed': 22, 'per_regime_norm': False, 'official_test_fleet': True, 'dataset': 'cmapss:FD001', 'cap': 125.0, 'subset': 'FD001', 'dropped_constant_sensors': 6, 'source': 'NASA C-MAPSS (real)', 'source_name': 'cmapss', 'source_kind': 'fleet'}
[16:09:10]   caveat: Ships no anomaly annotations: detection anomalies are injected.
    [pc] epoch   0  nll  499.491  val  304.240
    fit chow_liu K=8: 55/600 (9%) · 1.81 it/s · elapsed 00:30 · ETA 05:00
    [pc] epoch  75  nll   50.491  val   59.626
    fit chow_liu K=8: 110/600 (18%) · 1.81 it/s · elapsed 01:00 · ETA 04:30
    [pc] restored epoch 80 (selected by nll; val nll 59.059, last 62.317)
[16:10:49]   pc_train_nll: first=499.4909 last=51.8196 (141 epochs)
[16:10:49]   pc_train_objective: first=499.4909 last=51.8196 (141 epochs)
[16:10:49]   pc_selection_loss: first=304.2398 last=62.3166 (141 epochs)
[16:10:49]   pc_val_nll: first=304.2398 last=62.3166 (141 epochs)
[16:10:49]   pc: fit 99.2s · 195,840 params · score sd 21.644 · device cuda · layered · 5,135 win/s
[16:10:49]   pc: validation on 667 windows from explicit subset of held-out units · best epoch 80 of 600 · val nll 59.059
[16:10:50]   shortcut audit: target-channel-only AUROC 0.539 (0.5 = no marginal shortcut)
[16:10:50]   baseline gaussian_fitted: fit 0.42s · 45,450 params · selection {'shrinkage': 0.01}
[16:10:51]   detection comparators: ['mahalanobis_refit', 'mahalanobis_impute', 'gmm_refit', 'gmm_impute', 'knn_refit', 'knn_impute']
[16:10:51]   diagnosis: full (15.0 observed on average), 656 paired windows, 2 method(s)
[16:10:55]   diagnosis: random1:1 (14.0 observed on average), 656 paired windows, 2 method(s)
[16:10:59]   diagnosis: random3:5-8-14 (12.0 observed on average), 656 paired windows, 2 method(s)
[16:11:04]   diagnosis: random7:3-4-8-10-11-12-14 (8.0 observed on average), 656 paired windows, 2 method(s)
[16:11:06]   diagnosis: bank0:0-1-2-4-5-7-8 (8.0 observed on average), 656 paired windows, 2 method(s)
[16:11:09]   diagnosis: bank1:3 (14.0 observed on average), 656 paired windows, 2 method(s)
[16:11:12]   diagnosis: bank2:6-10 (13.0 observed on average), 656 paired windows, 2 method(s)
[16:11:15]   diagnosis: single_sensor_0 (1.0 observed on average), 656 paired windows, 2 method(s)
[16:11:17]   Diagnosis completed on validation engines only; no confirmatory PASS/FAIL inferred.
[16:11:17] --- stage diagnosis done in 127.3s ---
[16:11:17] === run ok · 127.3s · peak RSS 2.338 GB ===
