[16:00:48] === run start · seed0 · seed 0 · hash 2b739dd84ad6 ===
[16:00:48] stages ['ad'] · device cuda · dataset cmapss:FD001
[16:00:48] --- stage: ad ---
[16:00:48]   data: FleetPair(cmapss:FD001: train=100 units, test=100 units, C=15, regimes=3, cap=125)  (0.1s)
[16:00:48]   task: {'kind': 'ad', 'n_train': 5290, 'n_test': 4608, 'd': 300, 'window': 20, 'n_channels': 15, 'anomaly_rate': 0.1317274272441864, 'kind_counts': {'normal': 4001, 'spike': 130, 'offset': 113, 'drift': 102, 'desync': 111, 'decouple': 105, 'organic': 46}, 'train_units': 100, 'test_units': 100, 'n_regimes': 3, 'seed': 0, 'per_regime_norm': True, 'official_test_fleet': True, 'dataset': 'cmapss:FD001', 'cap': 125.0, 'subset': 'FD001', 'dropped_constant_sensors': 6, 'source': 'NASA C-MAPSS (real)'}
    [pc] epoch   0  nll 12011.813
    [pc] epoch   6  nll  209.984
    [pc] epoch  12  nll  172.200
    [pc] epoch  18  nll  150.195
    [pc] epoch  24  nll  134.651
    [pc] epoch  30  nll  131.939
    [pc] epoch  36  nll  125.345
    [pc] epoch  42  nll  122.324
    [pc] epoch  48  nll  120.540
[16:01:05]   pc_train_nll: first=12011.8126 last=119.3262 (50 epochs)
[16:01:05]   pc: fit 17.4s · 157,440 params · score sd 22.301 · device cuda · layered · 15,165 win/s
[16:01:08]   typed decomposition (mean worst-channel surprise):
[16:01:08]        normal  n= 4001  marginal    23.34  conditional    23.11  structural     3.62
[16:01:08]      decouple  n=  105  marginal    23.95  conditional    23.53  structural     3.44
[16:01:08]        desync  n=  111  marginal    23.25  conditional    33.04  structural    17.58
[16:01:08]         drift  n=  102  marginal   421.47  conditional   444.48  structural    46.04
[16:01:08]        offset  n=  113  marginal   263.61  conditional   292.44  structural    52.04
[16:01:08]       organic  n=   46  marginal   113.30  conditional   111.33  structural    26.52
[16:01:08]         spike  n=  130  marginal    61.90  conditional    62.15  structural     4.49
[16:01:08] --- stage ad done in 20.6s ---
[16:01:08] === run ok · 20.6s · peak RSS 1.735 GB ===
[15:13:24] === run start · seed0 · seed 0 · hash b18acc2e5ee4 ===
[15:13:24] stages ['ad'] · device cuda · dataset cmapss:FD001
[15:13:24] --- stage: ad ---
[15:13:24]   data: FleetPair(cmapss:FD001: train=100 units, test=100 units, C=15, regimes=1, cap=125)  (0.1s)
[15:13:24]   task: {'kind': 'ad', 'n_train': 5290, 'n_test': 4608, 'd': 300, 'window': 20, 'n_channels': 15, 'anomaly_rate': 0.1317274272441864, 'kind_counts': {'normal': 4001, 'spike': 130, 'offset': 113, 'drift': 102, 'desync': 111, 'decouple': 105, 'organic': 46}, 'train_units': 100, 'test_units': 100, 'n_regimes': 1, 'seed': 0, 'per_regime_norm': False, 'official_test_fleet': True, 'dataset': 'cmapss:FD001', 'cap': 125.0, 'subset': 'FD001', 'dropped_constant_sensors': 6, 'source': 'NASA C-MAPSS (real)', 'source_name': 'cmapss', 'source_kind': 'fleet'}
[15:13:24]   caveat: Ships no anomaly annotations: detection anomalies are injected.
    [pc] epoch   0  nll 31011.025
    [pc] epoch   6  nll  132.132
    [pc] epoch  12  nll   98.967
    [pc] epoch  18  nll   86.124
    [pc] epoch  24  nll   82.582
    [pc] epoch  30  nll   77.603
    [pc] epoch  36  nll   80.049
    [pc] epoch  42  nll   75.236
    fit random K=8: 46/50 (92%) · 1.52 it/s · elapsed 00:30 · ETA 00:02
    [pc] epoch  48  nll   82.353
    fit random K=8: done 50/50 in 00:32
[15:14:03]   pc_train_nll: first=31011.0254 last=80.9729 (50 epochs)
[15:14:04]   pc: fit 39.1s · 157,440 params · score sd 21.876 · device cuda · layered · 6,756 win/s
[15:14:11]   typed decomposition (mean worst-channel surprise):
[15:14:11]        normal  n= 4001  marginal    23.31  conditional    23.20  structural     4.01
[15:14:11]      decouple  n=  105  marginal    24.18  conditional    23.70  structural     3.79
[15:14:11]        desync  n=  111  marginal    23.16  conditional    32.71  structural    17.96
[15:14:11]         drift  n=  102  marginal 144476.78  conditional 144498.17  structural    46.60
[15:14:11]        offset  n=  113  marginal 64182.52  conditional 64211.52  structural    52.60
[15:14:11]       organic  n=   46  marginal   116.46  conditional   117.82  structural    29.12
[15:14:11]         spike  n=  130  marginal  9091.30  conditional  9091.42  structural     5.10
[15:14:11] --- stage ad done in 46.4s ---
[15:14:11] === run ok · 46.4s · peak RSS 1.733 GB ===
[19:00:34] === run start · seed0 · seed 0 · hash 55a6e2807abf ===
[19:00:34] stages ['ad'] · device cpu · dataset cmapss:FD001
[19:00:34] --- stage: ad ---
[19:00:34]   data: FleetPair(cmapss:FD001: train=100 units, test=100 units, C=15, regimes=1, cap=125)  (0.1s)
[19:00:34]   task: {'kind': 'ad', 'n_train': 5290, 'n_test': 4608, 'd': 300, 'window': 20, 'n_channels': 15, 'anomaly_rate': 0.1317274272441864, 'kind_counts': {'normal': 4001, 'spike': 130, 'offset': 113, 'drift': 102, 'desync': 111, 'decouple': 105, 'organic': 46}, 'train_units': 100, 'test_units': 100, 'n_regimes': 1, 'seed': 0, 'per_regime_norm': False, 'official_test_fleet': True, 'dataset': 'cmapss:FD001', 'cap': 125.0, 'subset': 'FD001', 'dropped_constant_sensors': 6, 'source': 'NASA C-MAPSS (real)', 'source_name': 'cmapss', 'source_kind': 'fleet'}
[19:00:34]   caveat: Ships no anomaly annotations: detection anomalies are injected.
    [pc] epoch   0  nll 31481.196
    [pc] epoch   6  nll  128.025
    fit random K=8: 7/50 (14%) · 0.22 it/s · elapsed 00:32 · ETA 03:17
    [pc] epoch  12  nll   96.417
    fit random K=8: 14/50 (28%) · 0.22 it/s · elapsed 01:04 · ETA 02:46
    [pc] epoch  18  nll   79.464
    fit random K=8: 21/50 (42%) · 0.22 it/s · elapsed 01:37 · ETA 02:14
    [pc] epoch  24  nll   70.076
    fit random K=8: 28/50 (56%) · 0.21 it/s · elapsed 02:10 · ETA 01:42
    [pc] epoch  30  nll   78.286
    fit random K=8: 35/50 (70%) · 0.21 it/s · elapsed 02:43 · ETA 01:09
    [pc] epoch  36  nll   87.678
    fit random K=8: 42/50 (84%) · 0.21 it/s · elapsed 03:16 · ETA 00:37
    [pc] epoch  42  nll   81.840
    [pc] epoch  48  nll   78.088
    fit random K=8: 49/50 (98%) · 0.21 it/s · elapsed 03:48 · ETA 00:04
    fit random K=8: done 50/50 in 03:53
[19:04:29]   pc_train_nll: first=31481.1965 last=90.3316 (50 epochs)
[19:04:30]   pc: fit 235.3s · 157,440 params · score sd 22.970 · device cpu · layered · 1,124 win/s
    typed decomposition (per channel): 6/15 (40%) · 0.18 it/s · elapsed 00:33 · ETA 00:50
    typed decomposition (per channel): 12/15 (80%) · 0.18 it/s · elapsed 01:07 · ETA 00:16
    typed decomposition (per channel): done 15/15 in 01:24
[19:05:57]   typed decomposition (mean worst-channel surprise):
[19:05:57]        normal  n= 4001  marginal    23.41  conditional    23.25  structural     3.86
[19:05:57]      decouple  n=  105  marginal    23.96  conditional    23.49  structural     3.62
[19:05:57]        desync  n=  111  marginal    23.03  conditional    32.49  structural    17.25
[19:05:57]         drift  n=  102  marginal 144221.27  conditional 144243.88  structural    48.16
[19:05:57]        offset  n=  113  marginal 64222.37  conditional 64251.63  structural    52.76
[19:05:57]       organic  n=   46  marginal   124.09  conditional   125.46  structural    31.02
[19:05:57]         spike  n=  130  marginal  9119.00  conditional  9119.32  structural     4.78
[19:05:57] --- stage ad done in 323.6s ---
[19:05:57] === run ok · 323.6s · peak RSS 1.591 GB ===
