[16:41:09] === run start · seed12 · seed 12 · hash 97bf85cd0691 ===
[16:41:09] stages ['diagnosis'] · device cuda · dataset cmapss:FD001
[16:41:09] --- stage: diagnosis ---
[16:41:09]   data: FleetPair(cmapss:FD001: train=100 units, test=100 units, C=15, regimes=1, cap=125)  (0.1s)
[16:41:09]   task: {'kind': 'ad', 'n_train': 3753, 'n_val': 1537, 'n_test': 4639, 'd': 300, 'window': 20, 'n_channels': 15, 'anomaly_rate': 0.12416469305753708, 'kind_counts': {'decouple': 113, 'normal': 4063, 'spike': 89, 'offset': 117, 'desync': 103, 'drift': 102, 'organic': 52}, 'train_units': 100, 'val_units': 30, 'test_units': 100, 'n_val_windows': 1537, 'n_regimes': 1, 'seed': 12, 'per_regime_norm': False, 'official_test_fleet': True, 'dataset': 'cmapss:FD001', 'cap': 125.0, 'subset': 'FD001', 'dropped_constant_sensors': 6, 'source': 'NASA C-MAPSS (real)', 'source_name': 'cmapss', 'source_kind': 'fleet'}
[16:41:09]   caveat: Ships no anomaly annotations: detection anomalies are injected.
    [pc] epoch   0  nll  359.607  val  335.311
    [pc] epoch  22  nll   82.162  val   92.792
    [pc] epoch  44  nll   58.710  val   69.326
    [pc] epoch  66  nll   52.287  val   62.694
    [pc] epoch  88  nll   47.671  val   57.924
    [pc] epoch 110  nll   45.456  val   55.751
    fit chow_liu K=8: 119/180 (66%) · 3.95 it/s · elapsed 00:30 · ETA 00:15
    [pc] epoch 132  nll   44.075  val   54.161
    [pc] epoch 154  nll   41.833  val   51.339
    [pc] epoch 176  nll   40.026  val   49.420
    fit chow_liu K=8: done 180/180 in 00:45
    [pc] restored epoch 176 (selected by nll; val nll 49.420, last 49.525)
[16:41:57]   pc_train_nll: first=359.6068 last=40.0129 (180 epochs)
[16:41:57]   pc_train_objective: first=359.6068 last=40.0129 (180 epochs)
[16:41:57]   pc_selection_loss: first=335.3105 last=49.5252 (180 epochs)
[16:41:57]   pc_val_nll: first=335.3105 last=49.5252 (180 epochs)
[16:41:57]   pc: fit 48.0s · 174,240 params · score sd 21.918 · device cuda · layered · 14,072 win/s
[16:41:57]   pc: validation on 650 windows from explicit subset of held-out units · best epoch 176 of 180 · val nll 49.420
[16:41:58]   shortcut audit: target-channel-only AUROC 0.547 (0.5 = no marginal shortcut)
[16:41:59]   diagnosis: full (15.0 observed on average), 830 paired windows, 1 method(s)
[16:42:00]   diagnosis: random1:1 (14.0 observed on average), 830 paired windows, 1 method(s)
[16:42:01]   diagnosis: random3:5-8-14 (12.0 observed on average), 830 paired windows, 1 method(s)
[16:42:02]   diagnosis: random7:3-4-8-10-11-12-14 (8.0 observed on average), 830 paired windows, 1 method(s)
[16:42:03]   diagnosis: bank0:0-1-2-4-5-7-8 (8.0 observed on average), 830 paired windows, 1 method(s)
[16:42:04]   diagnosis: bank1:3 (14.0 observed on average), 830 paired windows, 1 method(s)
[16:42:05]   diagnosis: bank2:6-10 (13.0 observed on average), 830 paired windows, 1 method(s)
[16:42:06]   diagnosis: single_sensor_0 (1.0 observed on average), 830 paired windows, 1 method(s)
[16:42:07]   Diagnosis completed on validation engines only; no confirmatory PASS/FAIL inferred.
[16:42:07] --- stage diagnosis done in 57.3s ---
[16:42:07] === run ok · 57.3s · peak RSS 1.868 GB ===
