[16:06:12] === run start · seed12 · seed 12 · hash 51502730cd09 ===
[16:06:12] stages ['diagnosis'] · device cuda · dataset cmapss:FD001
[16:06:12] --- stage: diagnosis ---
[16:06:13]   data: FleetPair(cmapss:FD001: train=100 units, test=100 units, C=15, regimes=1, cap=125)  (0.1s)
[16:06:13]   task: {'kind': 'ad', 'n_train': 3753, 'n_val': 1537, 'n_test': 4639, 'd': 300, 'window': 20, 'n_channels': 15, 'anomaly_rate': 0.12416469305753708, 'kind_counts': {'decouple': 113, 'normal': 4063, 'spike': 89, 'offset': 117, 'desync': 103, 'drift': 102, 'organic': 52}, 'train_units': 100, 'val_units': 30, 'test_units': 100, 'n_val_windows': 1537, 'n_regimes': 1, 'seed': 12, 'per_regime_norm': False, 'official_test_fleet': True, 'dataset': 'cmapss:FD001', 'cap': 125.0, 'subset': 'FD001', 'dropped_constant_sensors': 6, 'source': 'NASA C-MAPSS (real)', 'source_name': 'cmapss', 'source_kind': 'fleet'}
[16:06:13]   caveat: Ships no anomaly annotations: detection anomalies are injected.
    [pc] epoch   0  nll  359.574  val  335.460
    [pc] epoch  22  nll   68.812  val   80.118
    [pc] epoch  44  nll   46.957  val   57.925
    fit channel_blocked K=8: 48/180 (27%) · 1.59 it/s · elapsed 00:30 · ETA 01:23
    [pc] epoch  66  nll   39.548  val   49.494
    [pc] epoch  88  nll   33.203  val   42.233
    fit channel_blocked K=8: 102/180 (57%) · 1.69 it/s · elapsed 01:00 · ETA 00:46
    [pc] epoch 110  nll   29.865  val   38.894
    [pc] epoch 132  nll   28.857  val   38.134
    [pc] epoch 154  nll   29.248  val   37.750
    fit channel_blocked K=8: 162/180 (90%) · 1.79 it/s · elapsed 01:30 · ETA 00:10
    [pc] epoch 176  nll   26.860  val   36.084
    fit channel_blocked K=8: done 180/180 in 01:43
[16:08:04]   pc_train_nll: first=359.5738 last=26.7530 (180 epochs)
[16:08:04]   pc_train_objective: first=359.5738 last=26.7530 (180 epochs)
[16:08:04]   pc_selection_loss: first=335.4602 last=35.8824 (180 epochs)
[16:08:04]   pc_val_nll: first=335.4602 last=35.8824 (180 epochs)
[16:08:04]   pc: fit 111.2s · 174,240 params · score sd 20.214 · device cuda · layered · 6,075 win/s
[16:08:04]   pc: validation on 650 windows from explicit subset of held-out units · best epoch 179 of 180 · val nll 35.882
[16:08:05]   shortcut audit: target-channel-only AUROC 0.547 (0.5 = no marginal shortcut)
[16:08:05]   diagnosis: full (15.0 observed on average), 830 paired windows, 1 method(s)
[16:08:09]   diagnosis: random1:1 (14.0 observed on average), 830 paired windows, 1 method(s)
[16:08:13]   diagnosis: random3:5-8-14 (12.0 observed on average), 830 paired windows, 1 method(s)
[16:08:17]   diagnosis: random7:3-4-8-10-11-12-14 (8.0 observed on average), 830 paired windows, 1 method(s)
[16:08:21]   diagnosis: bank0:0-1-2-4-5-7-8 (8.0 observed on average), 830 paired windows, 1 method(s)
[16:08:25]   diagnosis: bank1:3 (14.0 observed on average), 830 paired windows, 1 method(s)
[16:08:29]   diagnosis: bank2:6-10 (13.0 observed on average), 830 paired windows, 1 method(s)
[16:08:33]   diagnosis: single_sensor_0 (1.0 observed on average), 830 paired windows, 1 method(s)
[16:08:36]   Diagnosis completed on validation engines only; no confirmatory PASS/FAIL inferred.
[16:08:36] --- stage diagnosis done in 143.5s ---
[16:08:36] === run ok · 143.5s · peak RSS 1.761 GB ===
