[12:15:20] === run start · seed13 · seed 13 · hash 9ceaea31d47f ===
[12:15:20] stages ['diagnosis'] · device cpu · dataset synthetic
[12:15:20] --- stage: diagnosis ---
    [pc] epoch   0  nll   32.859  val   30.211
    [pc] epoch  18  nll   27.532  val   27.146
    [pc] epoch  36  nll   25.746  val   25.785
    [pc] epoch  54  nll   25.179  val   25.374
    [pc] epoch  72  nll   25.007  val   25.294
    [pc] epoch  90  nll   24.884  val   25.243
    [pc] epoch 108  nll   24.795  val   25.176
    [pc] epoch 126  nll   24.667  val   25.071
    [pc] epoch 144  nll   24.476  val   24.880
    [pc] restored epoch 148 (selected by nll; val nll 24.875, last 24.901)
[12:15:24]   pc_train_nll: first=32.8591 last=24.4440 (150 epochs)
[12:15:24]   pc_train_objective: first=32.8591 last=24.4440 (150 epochs)
[12:15:24]   pc_selection_loss: first=30.2105 last=24.9007 (150 epochs)
[12:15:24]   pc_val_nll: first=30.2105 last=24.9007 (150 epochs)
[12:15:24]   pc: fit 3.9s · 1,888 params · score sd 4.337 · device cpu · layered · 38,999 win/s
[12:15:24]   pc: validation on 200 windows from explicit subset of held-out units · best epoch 148 of 150 · val nll 24.875
[12:15:24]   shortcut audit: target-channel-only AUROC 0.523 (0.5 = no marginal shortcut)
[12:15:24]   baseline gaussian_fitted: fit 0.00s · 230 params · selection {'shrinkage': 0.0}
[12:15:24]   diagnosis: full (5.0 observed on average), 400 paired windows, 3 method(s)
[12:15:27]   diagnosis: random1:0 (4.0 observed on average), 400 paired windows, 3 method(s)
[12:15:30]   diagnosis: random2:2-3 (3.0 observed on average), 400 paired windows, 3 method(s)
[12:15:33]   diagnosis: bank0:0-1 (3.0 observed on average), 400 paired windows, 3 method(s)
[12:15:35]   diagnosis: single_sensor_0 (1.0 observed on average), 400 paired windows, 3 method(s)
[12:15:38]   diagnosis: witnesses_all (5.0 observed on average), 400 paired windows, 3 method(s)
[12:15:41]   diagnosis: witnesses_drop1 (4.0 observed on average), 400 paired windows, 3 method(s)
[12:15:43]   diagnosis: witnesses_none (3.0 observed on average), 400 paired windows, 3 method(s)
[12:15:46]   diagnosis: target_hidden (4.0 observed on average), 400 paired windows, 3 method(s)
[12:15:49]   diagnosis: independent_random (4.0 observed on average), 400 paired windows, 3 method(s)
[12:15:51]   diagnosis: fixed_unseen (4.0 observed on average), 400 paired windows, 3 method(s)
[12:15:53]   diagnosis: informative_value (4.5 observed on average), 400 paired windows, 3 method(s)
[12:15:55]   diagnosis: informative_fault (4.8 observed on average), 400 paired windows, 3 method(s)
[12:15:56]   Diagnosis completed on validation engines only; no confirmatory PASS/FAIL inferred.
[12:15:56] --- stage diagnosis done in 36.1s ---
[12:15:56] === run ok · 36.2s · peak RSS 0.345 GB ===
[21:02:24] === run start · seed13 · seed 13 · hash b027be8e25f6 ===
[21:02:24] stages ['diagnosis'] · device cpu · dataset synthetic
[21:02:24] --- stage: diagnosis ---
    [pc] epoch   0  nll   32.859  val   30.211
    [pc] epoch  18  nll   27.532  val   27.146
    [pc] epoch  36  nll   25.746  val   25.785
    [pc] epoch  54  nll   25.179  val   25.374
    [pc] epoch  72  nll   25.007  val   25.294
    [pc] epoch  90  nll   24.884  val   25.243
    [pc] epoch 108  nll   24.795  val   25.176
    [pc] epoch 126  nll   24.667  val   25.071
    [pc] epoch 144  nll   24.476  val   24.880
    [pc] restored epoch 148 (selected by nll; val nll 24.875, last 24.901)
[21:02:27]   pc_train_nll: first=32.8591 last=24.4440 (150 epochs)
[21:02:27]   pc_train_objective: first=32.8591 last=24.4440 (150 epochs)
[21:02:27]   pc_selection_loss: first=30.2105 last=24.9007 (150 epochs)
[21:02:27]   pc_val_nll: first=30.2105 last=24.9007 (150 epochs)
[21:02:27]   pc: fit 3.3s · 1,888 params · score sd 4.337 · device cpu · layered · 47,107 win/s
[21:02:27]   pc: validation on 200 windows from explicit subset of held-out units · best epoch 148 of 150 · val nll 24.875
[21:02:27]   shortcut audit: target-channel-only AUROC 0.523 (0.5 = no marginal shortcut)
[21:02:27]   baseline gaussian_fitted: fit 0.00s · 230 params · selection {'shrinkage': 0.0}
[21:02:27]   diagnosis: full (5.0 observed on average), 400 paired windows, 3 method(s)
[21:02:30]   diagnosis: random1:0 (4.0 observed on average), 400 paired windows, 3 method(s)
[21:02:32]   diagnosis: random2:2-3 (3.0 observed on average), 400 paired windows, 3 method(s)
[21:02:35]   diagnosis: bank0:0-1 (3.0 observed on average), 400 paired windows, 3 method(s)
[21:02:38]   diagnosis: single_sensor_0 (1.0 observed on average), 400 paired windows, 3 method(s)
[21:03:34]   diagnosis: witnesses_all (5.0 observed on average), 400 paired windows, 3 method(s)
[21:03:36]   diagnosis: witnesses_drop1 (4.0 observed on average), 400 paired windows, 3 method(s)
[21:03:39]   diagnosis: witnesses_none (3.0 observed on average), 400 paired windows, 3 method(s)
[21:03:42]   diagnosis: target_hidden (4.0 observed on average), 400 paired windows, 3 method(s)
[21:03:54]   diagnosis: independent_random (4.0 observed on average), 400 paired windows, 3 method(s)
[21:04:03]   diagnosis: fixed_unseen (4.0 observed on average), 400 paired windows, 3 method(s)
[21:04:11]   diagnosis: informative_value (4.5 observed on average), 400 paired windows, 3 method(s)
[21:04:20]   diagnosis: informative_fault (4.8 observed on average), 400 paired windows, 3 method(s)
[21:05:48]   Diagnosis completed on validation engines only; no confirmatory PASS/FAIL inferred.
[21:05:48] --- stage diagnosis done in 204.8s ---
[21:05:48] === run ok · 204.8s · peak RSS 0.342 GB ===
