[15:55:46] === run start · seed0 · seed 0 · hash 1972bd14d6e4 ===
[15:55:46] stages ['ad'] · device cuda · dataset cmapss:FD001
[15:55:46] --- stage: ad ---
[15:55:46]   data: FleetPair(cmapss:FD001: train=100 units, test=100 units, C=15, regimes=1, cap=125)  (0.1s)
[15:55:46]   task: {'kind': 'ad', 'n_train': 5290, 'n_test': 4608, 'd': 300, 'window': 20, 'n_channels': 15, 'anomaly_rate': 0.1317274272441864, 'kind_counts': {'normal': 4001, 'spike': 130, 'offset': 113, 'drift': 102, 'desync': 111, 'decouple': 105, 'organic': 46}, 'train_units': 100, 'test_units': 100, 'n_regimes': 1, 'seed': 0, 'per_regime_norm': False, 'official_test_fleet': True, 'dataset': 'cmapss:FD001', 'cap': 125.0, 'subset': 'FD001', 'dropped_constant_sensors': 6, 'source': 'NASA C-MAPSS (real)', 'source_name': 'cmapss', 'source_kind': 'fleet'}
[15:55:46]   caveat: Ships no anomaly annotations: detection anomalies are injected.
    [pc] epoch   0  nll 30970.263
    [pc] epoch   6  nll  126.605
    [pc] epoch  12  nll   99.167
    [pc] epoch  18  nll   80.379
    [pc] epoch  24  nll   68.151
    [pc] epoch  30  nll   65.577
    [pc] epoch  36  nll   73.257
    [pc] epoch  42  nll   74.811
    [pc] epoch  48  nll   88.137
[15:56:03]   pc_train_nll: first=30970.2634 last=84.3442 (50 epochs)
[15:56:03]   pc: fit 17.3s · 157,440 params · score sd 22.535 · device cuda · layered · 15,275 win/s
[15:56:06]   typed decomposition (mean worst-channel surprise):
[15:56:06]        normal  n= 4001  marginal    23.41  conditional    23.61  structural     6.39
[15:56:06]      decouple  n=  105  marginal    24.13  conditional    23.74  structural     5.27
[15:56:06]        desync  n=  111  marginal    23.32  conditional    34.26  structural    20.40
[15:56:06]         drift  n=  102  marginal 151500.59  conditional 151525.20  structural    53.80
[15:56:06]        offset  n=  113  marginal 66428.61  conditional 66460.48  structural    57.31
[15:56:06]       organic  n=   46  marginal   109.59  conditional   130.81  structural    55.34
[15:56:06]         spike  n=  130  marginal  9215.18  conditional  9215.56  structural     7.27
[15:56:06] --- stage ad done in 20.6s ---
[15:56:06] === run ok · 20.6s · peak RSS 1.77 GB ===
