[16:43:13] === run start · seed1 · seed 1 · hash 74ad65f28f96 ===
[16:43:13] stages ['ad'] · device cuda · dataset cmapss:FD001
[16:43:13] --- stage: ad ---
[16:43:14]   data: FleetPair(cmapss:FD001: train=100 units, test=100 units, C=15, regimes=3, cap=125)  (0.4s)
[16:43:14]   task: {'kind': 'ad', 'n_train': 5290, 'n_test': 4608, 'd': 300, 'window': 20, 'n_channels': 15, 'anomaly_rate': 0.1228298619389534, 'kind_counts': {'normal': 4042, 'desync': 102, 'drift': 102, 'offset': 103, 'decouple': 102, 'spike': 111, 'organic': 46}, 'train_units': 100, 'test_units': 100, 'n_regimes': 3, 'seed': 1, 'per_regime_norm': True, 'official_test_fleet': True, 'dataset': 'cmapss:FD001', 'cap': 125.0, 'subset': 'FD001', 'dropped_constant_sensors': 6, 'source': 'NASA C-MAPSS (real)'}
    [pc] epoch   0  nll  282.623
    [pc] epoch   6  nll  143.194
    [pc] epoch  12  nll  127.825
    [pc] epoch  18  nll  125.880
    [pc] epoch  24  nll  124.059
    [pc] epoch  30  nll  121.422
    [pc] epoch  36  nll  118.931
    [pc] epoch  42  nll  116.051
    [pc] epoch  48  nll  115.117
[16:43:31]   pc_train_nll: first=282.6227 last=114.5724 (50 epochs)
[16:43:31]   pc: fit 16.8s · 122,304 params · score sd 21.546 · device cuda · layered · 15,785 win/s
[16:43:33]   typed decomposition (mean worst-channel surprise):
[16:43:33]        normal  n= 4042  marginal    23.24  conditional    23.55  structural    11.16
[16:43:33]      decouple  n=  102  marginal    23.21  conditional    23.46  structural    12.37
[16:43:33]        desync  n=  102  marginal    23.56  conditional    37.63  structural    26.52
[16:43:33]         drift  n=  102  marginal    93.50  conditional   133.50  structural    64.04
[16:43:33]        offset  n=  103  marginal   111.32  conditional   158.00  structural    68.85
[16:43:33]       organic  n=   46  marginal   109.61  conditional   146.10  structural    77.82
[16:43:33]         spike  n=  111  marginal    44.05  conditional    51.93  structural    17.88
[16:43:33] --- stage ad done in 20.1s ---
[16:43:33] === run ok · 20.1s · peak RSS 1.668 GB ===
[16:06:26] === run start · seed1 · seed 1 · hash 6238a48a0d20 ===
[16:06:26] stages ['ad'] · device cuda · dataset cmapss:FD001
[16:06:26] --- stage: ad ---
[16:06:26]   data: FleetPair(cmapss:FD001: train=100 units, test=100 units, C=15, regimes=1, cap=125)  (0.1s)
[16:06:26]   task: {'kind': 'ad', 'n_train': 5290, 'n_test': 4608, 'd': 300, 'window': 20, 'n_channels': 15, 'anomaly_rate': 0.1228298619389534, 'kind_counts': {'normal': 4042, 'desync': 102, 'drift': 102, 'offset': 103, 'decouple': 102, 'spike': 111, 'organic': 46}, 'train_units': 100, 'test_units': 100, 'n_regimes': 1, 'seed': 1, 'per_regime_norm': False, 'official_test_fleet': True, 'dataset': 'cmapss:FD001', 'cap': 125.0, 'subset': 'FD001', 'dropped_constant_sensors': 6, 'source': 'NASA C-MAPSS (real)', 'source_name': 'cmapss', 'source_kind': 'fleet'}
[16:06:26]   caveat: Ships no anomaly annotations: detection anomalies are injected.
    [pc] epoch   0  nll  242.513
    [pc] epoch   6  nll  107.160
    [pc] epoch  12  nll   89.253
    [pc] epoch  18  nll   96.274
    [pc] epoch  24  nll   98.558
    [pc] epoch  30  nll   96.686
    [pc] epoch  36  nll   92.166
    [pc] epoch  42  nll   94.926
    [pc] epoch  48  nll   87.297
[16:06:57]   pc_train_nll: first=242.5133 last=85.1449 (50 epochs)
[16:06:57]   pc: fit 30.9s · 122,304 params · score sd 23.737 · device cuda · layered · 8,573 win/s
[16:07:00]   typed decomposition (mean worst-channel surprise):
[16:07:00]        normal  n= 4042  marginal    23.39  conditional    23.50  structural     8.18
[16:07:00]      decouple  n=  102  marginal    23.37  conditional    23.51  structural     8.38
[16:07:00]        desync  n=  102  marginal    23.78  conditional    35.91  structural    21.85
[16:07:00]         drift  n=  102  marginal   250.57  conditional   315.23  structural    77.84
[16:07:00]        offset  n=  103  marginal   150.89  conditional   199.12  structural    68.94
[16:07:00]       organic  n=   46  marginal   111.82  conditional   128.50  structural    50.88
[16:07:00]         spike  n=  111  marginal    50.22  conditional    58.02  structural    15.33
[16:07:00] --- stage ad done in 34.1s ---
[16:07:00] === run ok · 34.2s · peak RSS 1.679 GB ===
[18:24:53] === run start · seed1 · seed 1 · hash 3a9911598444 ===
[18:24:53] stages ['ad'] · device cpu · dataset cmapss:FD001
[18:24:53] --- stage: ad ---
[18:24:53]   data: FleetPair(cmapss:FD001: train=100 units, test=100 units, C=15, regimes=1, cap=125)  (0.1s)
[18:24:53]   task: {'kind': 'ad', 'n_train': 5290, 'n_test': 4608, 'd': 300, 'window': 20, 'n_channels': 15, 'anomaly_rate': 0.1228298619389534, 'kind_counts': {'normal': 4042, 'desync': 102, 'drift': 102, 'offset': 103, 'decouple': 102, 'spike': 111, 'organic': 46}, 'train_units': 100, 'test_units': 100, 'n_regimes': 1, 'seed': 1, 'per_regime_norm': False, 'official_test_fleet': True, 'dataset': 'cmapss:FD001', 'cap': 125.0, 'subset': 'FD001', 'dropped_constant_sensors': 6, 'source': 'NASA C-MAPSS (real)', 'source_name': 'cmapss', 'source_kind': 'fleet'}
[18:24:53]   caveat: Ships no anomaly annotations: detection anomalies are injected.
    [pc] epoch   0  nll  241.629
    [pc] epoch   6  nll  109.555
    [pc] epoch  12  nll   93.509
    fit chain K=16: 18/50 (36%) · 0.59 it/s · elapsed 00:30 · ETA 00:53
    [pc] epoch  18  nll   94.425
    [pc] epoch  24  nll  103.642
    [pc] epoch  30  nll   99.875
    fit chain K=16: 36/50 (72%) · 0.59 it/s · elapsed 01:00 · ETA 00:23
    [pc] epoch  36  nll   97.575
    [pc] epoch  42  nll   84.823
    [pc] epoch  48  nll   80.101
    fit chain K=16: done 50/50 in 01:23
[18:26:19]   pc_train_nll: first=241.6287 last=79.6365 (50 epochs)
[18:26:19]   pc: fit 85.9s · 122,304 params · score sd 25.625 · device cpu · layered · 3,081 win/s
[18:26:46]   typed decomposition (mean worst-channel surprise):
[18:26:46]        normal  n= 4042  marginal    23.38  conditional    23.44  structural     8.26
[18:26:46]      decouple  n=  102  marginal    23.36  conditional    23.26  structural     7.99
[18:26:46]        desync  n=  102  marginal    23.91  conditional    36.14  structural    22.32
[18:26:46]         drift  n=  102  marginal   248.71  conditional   328.66  structural    91.93
[18:26:46]        offset  n=  103  marginal   157.10  conditional   212.28  structural    75.19
[18:26:46]       organic  n=   46  marginal   111.80  conditional   134.04  structural    55.83
[18:26:46]         spike  n=  111  marginal    51.60  conditional    59.79  structural    15.41
[18:26:46] --- stage ad done in 113.4s ---
[18:26:46] === run ok · 113.4s · peak RSS 1.246 GB ===
