[15:58:20] === run start · seed2 · seed 2 · hash d008a7a9cff9 ===
[15:58:20] stages ['ad'] · device cuda · dataset cmapss:FD001
[15:58:20] --- stage: ad ---
[15:58:21]   data: FleetPair(cmapss:FD001: train=100 units, test=100 units, C=15, regimes=3, cap=125)  (0.1s)
[15:58:21]   task: {'kind': 'ad', 'n_train': 5290, 'n_test': 4608, 'd': 300, 'window': 20, 'n_channels': 15, 'anomaly_rate': 0.1265190988779068, 'kind_counts': {'normal': 4025, 'offset': 105, 'drift': 102, 'spike': 111, 'decouple': 94, 'desync': 125, 'organic': 46}, 'train_units': 100, 'test_units': 100, 'n_regimes': 3, 'seed': 2, 'per_regime_norm': True, 'official_test_fleet': True, 'dataset': 'cmapss:FD001', 'cap': 125.0, 'subset': 'FD001', 'dropped_constant_sensors': 6, 'source': 'NASA C-MAPSS (real)'}
    [pc] epoch   0  nll 12352.424
    [pc] epoch   6  nll  233.433
    [pc] epoch  12  nll  168.871
    [pc] epoch  18  nll  157.362
    [pc] epoch  24  nll  142.111
    [pc] epoch  30  nll  139.490
    [pc] epoch  36  nll  135.197
    [pc] epoch  42  nll  131.973
    [pc] epoch  48  nll  130.083
[15:58:40]   pc_train_nll: first=12352.4241 last=129.9752 (50 epochs)
[15:58:40]   pc: fit 19.1s · 138,240 params · score sd 21.355 · device cuda · layered · 13,858 win/s
[15:58:44]   typed decomposition (mean worst-channel surprise):
[15:58:44]        normal  n= 4025  marginal    26.28  conditional    22.70  structural     1.23
[15:58:44]      decouple  n=   94  marginal    26.48  conditional    22.29  structural     1.09
[15:58:44]        desync  n=  125  marginal    26.66  conditional    39.86  structural    19.93
[15:58:44]         drift  n=  102  marginal   433.24  conditional   447.71  structural    48.57
[15:58:44]        offset  n=  105  marginal   331.58  conditional   359.73  structural    59.94
[15:58:44]       organic  n=   46  marginal   148.33  conditional   113.58  structural    -0.34
[15:58:44]         spike  n=  111  marginal    66.67  conditional    63.36  structural     2.10
[15:58:44] --- stage ad done in 23.3s ---
[15:58:44] === run ok · 23.3s · peak RSS 1.719 GB ===
[15:06:38] === run start · seed2 · seed 2 · hash e175f6124b46 ===
[15:06:38] stages ['ad'] · device cuda · dataset cmapss:FD001
[15:06:38] --- stage: ad ---
[15:06:38]   data: FleetPair(cmapss:FD001: train=100 units, test=100 units, C=15, regimes=1, cap=125)  (0.1s)
[15:06:38]   task: {'kind': 'ad', 'n_train': 5290, 'n_test': 4608, 'd': 300, 'window': 20, 'n_channels': 15, 'anomaly_rate': 0.1265190988779068, 'kind_counts': {'normal': 4025, 'offset': 105, 'drift': 102, 'spike': 111, 'decouple': 94, 'desync': 125, 'organic': 46}, 'train_units': 100, 'test_units': 100, 'n_regimes': 1, 'seed': 2, 'per_regime_norm': False, 'official_test_fleet': True, 'dataset': 'cmapss:FD001', 'cap': 125.0, 'subset': 'FD001', 'dropped_constant_sensors': 6, 'source': 'NASA C-MAPSS (real)', 'source_name': 'cmapss', 'source_kind': 'fleet'}
[15:06:38]   caveat: Ships no anomaly annotations: detection anomalies are injected.
    [pc] epoch   0  nll 31975.271
    [pc] epoch   6  nll  159.624
    [pc] epoch  12  nll  100.889
    [pc] epoch  18  nll   89.291
    [pc] epoch  24  nll   82.307
    [pc] epoch  30  nll   82.359
    [pc] epoch  36  nll   83.062
    [pc] epoch  42  nll   84.770
    fit chain_grouped K=8: 46/50 (92%) · 1.51 it/s · elapsed 00:30 · ETA 00:02
    [pc] epoch  48  nll   81.972
    fit chain_grouped K=8: done 50/50 in 00:33
[15:07:19]   pc_train_nll: first=31975.2706 last=81.9448 (50 epochs)
[15:07:19]   pc: fit 40.2s · 138,240 params · score sd 23.026 · device cuda · layered · 6,577 win/s
[15:07:28]   typed decomposition (mean worst-channel surprise):
[15:07:28]        normal  n= 4025  marginal    26.93  conditional    22.71  structural     1.18
[15:07:28]      decouple  n=   94  marginal    27.19  conditional    22.29  structural     1.04
[15:07:28]        desync  n=  125  marginal    27.62  conditional    39.04  structural    18.67
[15:07:28]         drift  n=  102  marginal 152064.50  conditional 152067.86  structural    41.50
[15:07:28]        offset  n=  105  marginal 93259.79  conditional 93281.23  structural    54.26
[15:07:28]       organic  n=   46  marginal   149.96  conditional   110.43  structural    -0.38
[15:07:28]         spike  n=  111  marginal 12002.73  conditional 11999.20  structural     2.12
[15:07:28] --- stage ad done in 49.7s ---
[15:07:28] === run ok · 49.7s · peak RSS 1.716 GB ===
[18:18:46] === run start · seed2 · seed 2 · hash 95fdf904faeb ===
[18:18:46] stages ['ad'] · device cpu · dataset cmapss:FD001
[18:18:46] --- stage: ad ---
[18:18:46]   data: FleetPair(cmapss:FD001: train=100 units, test=100 units, C=15, regimes=1, cap=125)  (0.1s)
[18:18:46]   task: {'kind': 'ad', 'n_train': 5290, 'n_test': 4608, 'd': 300, 'window': 20, 'n_channels': 15, 'anomaly_rate': 0.1265190988779068, 'kind_counts': {'normal': 4025, 'offset': 105, 'drift': 102, 'spike': 111, 'decouple': 94, 'desync': 125, 'organic': 46}, 'train_units': 100, 'test_units': 100, 'n_regimes': 1, 'seed': 2, 'per_regime_norm': False, 'official_test_fleet': True, 'dataset': 'cmapss:FD001', 'cap': 125.0, 'subset': 'FD001', 'dropped_constant_sensors': 6, 'source': 'NASA C-MAPSS (real)', 'source_name': 'cmapss', 'source_kind': 'fleet'}
[18:18:46]   caveat: Ships no anomaly annotations: detection anomalies are injected.
    [pc] epoch   0  nll 31635.929
    fit chain_grouped K=8: 5/50 (10%) · 0.16 it/s · elapsed 00:32 · ETA 04:48
    [pc] epoch   6  nll  157.191
    fit chain_grouped K=8: 10/50 (20%) · 0.15 it/s · elapsed 01:06 · ETA 04:25
    [pc] epoch  12  nll  109.623
    fit chain_grouped K=8: 15/50 (30%) · 0.15 it/s · elapsed 01:38 · ETA 03:48
    [pc] epoch  18  nll   92.497
    fit chain_grouped K=8: 20/50 (40%) · 0.15 it/s · elapsed 02:10 · ETA 03:15
    [pc] epoch  24  nll   84.206
    fit chain_grouped K=8: 25/50 (50%) · 0.15 it/s · elapsed 02:44 · ETA 02:44
    fit chain_grouped K=8: 30/50 (60%) · 0.15 it/s · elapsed 03:16 · ETA 02:10
    [pc] epoch  30  nll   81.080
    fit chain_grouped K=8: 35/50 (70%) · 0.15 it/s · elapsed 03:49 · ETA 01:38
    [pc] epoch  36  nll   87.259
    fit chain_grouped K=8: 40/50 (80%) · 0.15 it/s · elapsed 04:23 · ETA 01:05
    [pc] epoch  42  nll   74.597
    fit chain_grouped K=8: 45/50 (90%) · 0.15 it/s · elapsed 04:56 · ETA 00:32
    [pc] epoch  48  nll   89.164
    fit chain_grouped K=8: 50/50 (100%) · 0.15 it/s · elapsed 05:29 · ETA 00:00
    fit chain_grouped K=8: done 50/50 in 05:29
[18:24:17]   pc_train_nll: first=31635.9294 last=84.8149 (50 epochs)
[18:24:18]   pc: fit 331.2s · 138,240 params · score sd 22.919 · device cpu · layered · 798 win/s
    typed decomposition (per channel): 4/15 (27%) · 0.12 it/s · elapsed 00:32 · ETA 01:28
    typed decomposition (per channel): 9/15 (60%) · 0.13 it/s · elapsed 01:09 · ETA 00:46
    typed decomposition (per channel): 13/15 (87%) · 0.13 it/s · elapsed 01:39 · ETA 00:15
    typed decomposition (per channel): done 15/15 in 01:54
[18:26:16]   typed decomposition (mean worst-channel surprise):
[18:26:16]        normal  n= 4025  marginal    26.74  conditional    22.66  structural     1.31
[18:26:16]      decouple  n=   94  marginal    27.03  conditional    22.27  structural     1.24
[18:26:16]        desync  n=  125  marginal    27.29  conditional    39.59  structural    19.24
[18:26:16]         drift  n=  102  marginal 149313.02  conditional 149316.58  structural    43.26
[18:26:16]        offset  n=  105  marginal 91588.44  conditional 91609.49  structural    57.02
[18:26:16]       organic  n=   46  marginal   186.82  conditional   154.42  structural    -0.30
[18:26:16]         spike  n=  111  marginal 12103.96  conditional 12100.39  structural     2.04
[18:26:16] --- stage ad done in 450.4s ---
[18:26:16] === run ok · 450.4s · peak RSS 1.292 GB ===
