[05:04:50] === run start · seed13 · seed 13 · hash f58152917d11 ===
[05:04:50] stages ['diagnosis'] · device cpu · dataset cmapss:FD001
[05:04:50] --- stage: diagnosis ---
[05:04:50]   data: FleetPair(cmapss:FD001: train=100 units, test=100 units, C=15, regimes=1, cap=125)  (0.1s)
[05:04:50]   task: {'kind': 'ad', 'n_train': 3882, 'n_val': 1408, 'n_test': 4639, 'd': 300, 'window': 20, 'n_channels': 15, 'anomaly_rate': 0.12976934015750885, 'kind_counts': {'normal': 4037, 'offset': 120, 'drift': 97, 'desync': 107, 'spike': 129, 'decouple': 97, 'organic': 52}, 'train_units': 100, 'val_units': 30, 'test_units': 100, 'n_val_windows': 1408, 'n_regimes': 1, 'seed': 13, 'per_regime_norm': False, 'official_test_fleet': True, 'dataset': 'cmapss:FD001', 'cap': 125.0, 'subset': 'FD001', 'dropped_constant_sensors': 6, 'source': 'NASA C-MAPSS (real)', 'source_name': 'cmapss', 'source_kind': 'fleet'}
[05:04:50]   caveat: Ships no anomaly annotations: detection anomalies are injected.
    [pc] epoch   0  nll  484.920  val  253.681
    fit channel_blocked K=8: 7/400 (2%) · 0.03 it/s · elapsed 04:21 · ETA 4:04:45
    fit channel_blocked K=8: 13/400 (3%) · 0.04 it/s · elapsed 04:52 · ETA 2:25:12
    fit channel_blocked K=8: 19/400 (5%) · 0.06 it/s · elapsed 05:24 · ETA 1:48:28
    fit channel_blocked K=8: 21/400 (5%) · 0.02 it/s · elapsed 17:29 · ETA 5:15:35
    fit channel_blocked K=8: 26/400 (6%) · 0.01 it/s · elapsed 30:42 · ETA 7:21:38
    fit channel_blocked K=8: 32/400 (8%) · 0.02 it/s · elapsed 31:15 · ETA 5:59:22
    fit channel_blocked K=8: 38/400 (10%) · 0.02 it/s · elapsed 31:47 · ETA 5:02:48
    fit channel_blocked K=8: 44/400 (11%) · 0.02 it/s · elapsed 32:19 · ETA 4:21:33
    fit channel_blocked K=8: 50/400 (12%) · 0.02 it/s · elapsed 34:09 · ETA 3:59:06
    [pc] epoch  50  nll   41.305  val   41.274
    fit channel_blocked K=8: 51/400 (13%) · 0.02 it/s · elapsed 36:09 · ETA 4:07:23
    fit channel_blocked K=8: 57/400 (14%) · 0.03 it/s · elapsed 36:41 · ETA 3:40:49
    fit channel_blocked K=8: 60/400 (15%) · 0.02 it/s · elapsed 42:50 · ETA 4:02:47
    fit channel_blocked K=8: 66/400 (16%) · 0.03 it/s · elapsed 43:23 · ETA 3:39:35
    fit channel_blocked K=8: 69/400 (17%) · 0.02 it/s · elapsed 51:57 · ETA 4:09:15
    fit channel_blocked K=8: 72/400 (18%) · 0.02 it/s · elapsed 1:02:03 · ETA 4:42:42
    fit channel_blocked K=8: 73/400 (18%) · 0.02 it/s · elapsed 1:06:20 · ETA 4:57:12
    fit channel_blocked K=8: 79/400 (20%) · 0.02 it/s · elapsed 1:13:44 · ETA 4:59:36
    fit channel_blocked K=8: 85/400 (21%) · 0.02 it/s · elapsed 1:14:17 · ETA 4:35:20
    fit channel_blocked K=8: 91/400 (23%) · 0.02 it/s · elapsed 1:14:51 · ETA 4:14:12
    fit channel_blocked K=8: 97/400 (24%) · 0.02 it/s · elapsed 1:22:22 · ETA 4:17:18
    [pc] epoch 100  nll   36.167  val   36.432
    fit channel_blocked K=8: 102/400 (26%) · 0.02 it/s · elapsed 1:22:53 · ETA 4:02:10
    fit channel_blocked K=8: 108/400 (27%) · 0.02 it/s · elapsed 1:23:27 · ETA 3:45:38
    fit channel_blocked K=8: 114/400 (28%) · 0.02 it/s · elapsed 1:23:59 · ETA 3:30:41
    fit channel_blocked K=8: 115/400 (29%) · 0.02 it/s · elapsed 1:27:20 · ETA 3:36:28
    fit channel_blocked K=8: 119/400 (30%) · 0.02 it/s · elapsed 1:28:00 · ETA 3:27:49
    fit channel_blocked K=8: 121/400 (30%) · 0.02 it/s · elapsed 1:38:35 · ETA 3:47:19
    fit channel_blocked K=8: 126/400 (32%) · 0.02 it/s · elapsed 1:39:10 · ETA 3:35:39
    fit channel_blocked K=8: 132/400 (33%) · 0.02 it/s · elapsed 1:39:43 · ETA 3:22:27
    fit channel_blocked K=8: 138/400 (34%) · 0.02 it/s · elapsed 1:40:15 · ETA 3:10:20
    fit channel_blocked K=8: 141/400 (35%) · 0.01 it/s · elapsed 5:09:47 · ETA 9:29:02
    [pc] restored epoch 82 (selected by nll; val nll 35.565, last 38.877)
[10:15:02]   pc_train_nll: first=484.9204 last=36.4949 (143 epochs)
[10:15:02]   pc_train_objective: first=484.9204 last=36.4949 (143 epochs)
[10:15:02]   pc_selection_loss: first=253.6807 last=38.8771 (143 epochs)
[10:15:02]   pc_val_nll: first=253.6807 last=38.8771 (143 epochs)
[10:15:04]   pc: fit 18612.3s · 195,840 params · score sd 22.823 · device cpu · layered · 30 win/s
[10:15:04]   pc: validation on 496 windows from explicit subset of held-out units · best epoch 82 of 400 · val nll 35.565
[10:15:06]   shortcut audit: target-channel-only AUROC 0.569 (0.5 = no marginal shortcut)
[10:15:06]   baseline gaussian_fitted: fit 0.36s · 45,450 params · selection {'shrinkage': 0.01}
[10:15:07]   detection comparators: ['knn_refit', 'knn_impute', 'mahalanobis_refit', 'mahalanobis_impute', 'gmm_refit', 'gmm_impute', 'pca_refit', 'pca_impute', 'diag_gaussian_refit', 'diag_gaussian_impute']
[10:15:07]   diagnosis: full (15.0 observed on average), 844 paired windows, 2 method(s)
[10:15:13]   diagnosis: random1:1 (14.0 observed on average), 844 paired windows, 2 method(s)
[10:15:19]   diagnosis: random3:5-8-14 (12.0 observed on average), 844 paired windows, 2 method(s)
[10:15:26]   diagnosis: random7:3-4-8-10-11-12-14 (8.0 observed on average), 844 paired windows, 2 method(s)
[10:15:31]   diagnosis: bank0:0-1-2-4-5-7-8 (8.0 observed on average), 844 paired windows, 2 method(s)
[10:15:36]   diagnosis: bank1:3 (14.0 observed on average), 844 paired windows, 2 method(s)
[10:15:40]   diagnosis: bank2:6-10 (13.0 observed on average), 844 paired windows, 2 method(s)
[10:15:44]   diagnosis: single_sensor_0 (1.0 observed on average), 844 paired windows, 2 method(s)
[10:15:47]   Diagnosis completed on validation engines only; no confirmatory PASS/FAIL inferred.
[10:15:47] --- stage diagnosis done in 18656.9s ---
[10:15:47] === run ok · 18657.1s · peak RSS 1.575 GB ===
