[12:07:07] === run start · seed12 · seed 12 · hash a1ef0685860e ===
[12:07:07] stages ['diagnosis'] · device cpu · dataset synthetic
[12:07:07] --- stage: diagnosis ---
    [pc] epoch   0  nll   32.600  val   30.707
    [pc] epoch  18  nll   27.377  val   27.203
    [pc] epoch  36  nll   25.741  val   25.768
    [pc] epoch  54  nll   25.216  val   25.324
    [pc] epoch  72  nll   24.980  val   25.224
    [pc] epoch  90  nll   24.729  val   25.064
    [pc] epoch 108  nll   24.594  val   24.978
    [pc] epoch 126  nll   24.502  val   24.934
    [pc] epoch 144  nll   24.328  val   24.807
[12:07:14]   pc_train_nll: first=32.5997 last=24.3161 (150 epochs)
[12:07:14]   pc_train_objective: first=32.5997 last=24.3161 (150 epochs)
[12:07:14]   pc_selection_loss: first=30.7071 last=24.7802 (150 epochs)
[12:07:14]   pc_val_nll: first=30.7071 last=24.7802 (150 epochs)
[12:07:14]   pc: fit 7.5s · 1,888 params · score sd 4.530 · device cpu · layered · 20,529 win/s
[12:07:14]   pc: validation on 200 windows from explicit subset of held-out units · best epoch 149 of 150 · val nll 24.780
[12:07:14]   shortcut audit: target-channel-only AUROC 0.497 (0.5 = no marginal shortcut)
[12:07:14]   baseline gaussian_fitted: fit 0.00s · 230 params · selection {'shrinkage': 0.001}
[12:07:14]   diagnosis: full (5.0 observed on average), 400 paired windows, 3 method(s)
[12:07:20]   diagnosis: random1:0 (4.0 observed on average), 400 paired windows, 3 method(s)
[12:07:23]   diagnosis: random2:2-3 (3.0 observed on average), 400 paired windows, 3 method(s)
[12:07:27]   diagnosis: bank0:0-1 (3.0 observed on average), 400 paired windows, 3 method(s)
[12:07:30]   diagnosis: single_sensor_0 (1.0 observed on average), 400 paired windows, 3 method(s)
[12:07:34]   diagnosis: witnesses_all (5.0 observed on average), 400 paired windows, 3 method(s)
[12:07:37]   diagnosis: witnesses_drop1 (4.0 observed on average), 400 paired windows, 3 method(s)
[12:07:41]   diagnosis: witnesses_none (3.0 observed on average), 400 paired windows, 3 method(s)
[12:07:46]   diagnosis: target_hidden (4.0 observed on average), 400 paired windows, 3 method(s)
[12:07:53]   diagnosis: independent_random (4.0 observed on average), 400 paired windows, 3 method(s)
[12:07:56]   diagnosis: fixed_unseen (4.0 observed on average), 400 paired windows, 3 method(s)
[12:08:00]   diagnosis: informative_value (4.5 observed on average), 400 paired windows, 3 method(s)
[12:08:03]   diagnosis: informative_fault (4.8 observed on average), 400 paired windows, 3 method(s)
[12:08:06]   Diagnosis completed on validation engines only; no confirmatory PASS/FAIL inferred.
[12:08:06] --- stage diagnosis done in 59.8s ---
[12:08:06] === run ok · 59.9s · peak RSS 0.345 GB ===
[20:47:06] === run start · seed12 · seed 12 · hash 1e994c6c338b ===
[20:47:06] stages ['diagnosis'] · device cpu · dataset synthetic
[20:47:06] --- stage: diagnosis ---
    [pc] epoch   0  nll   32.600  val   30.707
    [pc] epoch  18  nll   27.377  val   27.203
    [pc] epoch  36  nll   25.741  val   25.768
    [pc] epoch  54  nll   25.216  val   25.324
    [pc] epoch  72  nll   24.980  val   25.224
    [pc] epoch  90  nll   24.729  val   25.064
    [pc] epoch 108  nll   24.594  val   24.978
    [pc] epoch 126  nll   24.502  val   24.934
    [pc] epoch 144  nll   24.328  val   24.807
[20:47:10]   pc_train_nll: first=32.5997 last=24.3161 (150 epochs)
[20:47:10]   pc_train_objective: first=32.5997 last=24.3161 (150 epochs)
[20:47:10]   pc_selection_loss: first=30.7071 last=24.7802 (150 epochs)
[20:47:10]   pc_val_nll: first=30.7071 last=24.7802 (150 epochs)
[20:47:10]   pc: fit 3.8s · 1,888 params · score sd 4.530 · device cpu · layered · 39,942 win/s
[20:47:10]   pc: validation on 200 windows from explicit subset of held-out units · best epoch 149 of 150 · val nll 24.780
[20:47:10]   shortcut audit: target-channel-only AUROC 0.497 (0.5 = no marginal shortcut)
[20:47:10]   baseline gaussian_fitted: fit 0.00s · 230 params · selection {'shrinkage': 0.001}
[20:47:10]   diagnosis: full (5.0 observed on average), 400 paired windows, 3 method(s)
[20:47:13]   diagnosis: random1:0 (4.0 observed on average), 400 paired windows, 3 method(s)
[20:47:15]   diagnosis: random2:2-3 (3.0 observed on average), 400 paired windows, 3 method(s)
[20:47:18]   diagnosis: bank0:0-1 (3.0 observed on average), 400 paired windows, 3 method(s)
[20:47:20]   diagnosis: single_sensor_0 (1.0 observed on average), 400 paired windows, 3 method(s)
[20:47:23]   diagnosis: witnesses_all (5.0 observed on average), 400 paired windows, 3 method(s)
[20:47:25]   diagnosis: witnesses_drop1 (4.0 observed on average), 400 paired windows, 3 method(s)
[20:47:28]   diagnosis: witnesses_none (3.0 observed on average), 400 paired windows, 3 method(s)
[20:47:30]   diagnosis: target_hidden (4.0 observed on average), 400 paired windows, 3 method(s)
[20:47:33]   diagnosis: independent_random (4.0 observed on average), 400 paired windows, 3 method(s)
[20:47:34]   diagnosis: fixed_unseen (4.0 observed on average), 400 paired windows, 3 method(s)
[20:47:36]   diagnosis: informative_value (4.5 observed on average), 400 paired windows, 3 method(s)
[20:47:38]   diagnosis: informative_fault (4.8 observed on average), 400 paired windows, 3 method(s)
[20:47:39]   Diagnosis completed on validation engines only; no confirmatory PASS/FAIL inferred.
[20:47:39] --- stage diagnosis done in 33.4s ---
[20:47:39] === run ok · 33.5s · peak RSS 0.342 GB ===
