[16:01:29] === run start · seed2 · seed 2 · hash 2b739dd84ad6 ===
[16:01:29] stages ['ad'] · device cuda · dataset cmapss:FD001
[16:01:29] --- stage: ad ---
[16:01:29]   data: FleetPair(cmapss:FD001: train=100 units, test=100 units, C=15, regimes=3, cap=125)  (0.2s)
[16:01:29]   task: {'kind': 'ad', 'n_train': 5290, 'n_test': 4608, 'd': 300, 'window': 20, 'n_channels': 15, 'anomaly_rate': 0.1265190988779068, 'kind_counts': {'normal': 4025, 'offset': 105, 'drift': 102, 'spike': 111, 'decouple': 94, 'desync': 125, 'organic': 46}, 'train_units': 100, 'test_units': 100, 'n_regimes': 3, 'seed': 2, 'per_regime_norm': True, 'official_test_fleet': True, 'dataset': 'cmapss:FD001', 'cap': 125.0, 'subset': 'FD001', 'dropped_constant_sensors': 6, 'source': 'NASA C-MAPSS (real)'}
    [pc] epoch   0  nll 12363.796
    [pc] epoch   6  nll  208.187
    [pc] epoch  12  nll  167.350
    [pc] epoch  18  nll  150.635
    [pc] epoch  24  nll  139.768
    [pc] epoch  30  nll  135.872
    [pc] epoch  36  nll  125.562
    [pc] epoch  42  nll  123.987
    [pc] epoch  48  nll  116.987
[16:01:47]   pc_train_nll: first=12363.7958 last=116.4192 (50 epochs)
[16:01:47]   pc: fit 17.6s · 157,440 params · score sd 21.018 · device cuda · layered · 15,047 win/s
[16:01:50]   typed decomposition (mean worst-channel surprise):
[16:01:50]        normal  n= 4025  marginal    23.38  conditional    23.05  structural     3.89
[16:01:50]      decouple  n=   94  marginal    23.14  conditional    22.69  structural     3.78
[16:01:50]        desync  n=  125  marginal    23.14  conditional    35.82  structural    19.88
[16:01:50]         drift  n=  102  marginal   444.28  conditional   462.88  structural    38.79
[16:01:50]        offset  n=  105  marginal   327.93  conditional   354.52  structural    53.90
[16:01:50]       organic  n=   46  marginal   121.41  conditional   123.84  structural    29.19
[16:01:50]         spike  n=  111  marginal    58.22  conditional    59.34  structural     4.90
[16:01:50] --- stage ad done in 20.9s ---
[16:01:50] === run ok · 20.9s · peak RSS 1.735 GB ===
[15:14:56] === run start · seed2 · seed 2 · hash b18acc2e5ee4 ===
[15:14:56] stages ['ad'] · device cuda · dataset cmapss:FD001
[15:14:56] --- stage: ad ---
[15:14:56]   data: FleetPair(cmapss:FD001: train=100 units, test=100 units, C=15, regimes=1, cap=125)  (0.1s)
[15:14:56]   task: {'kind': 'ad', 'n_train': 5290, 'n_test': 4608, 'd': 300, 'window': 20, 'n_channels': 15, 'anomaly_rate': 0.1265190988779068, 'kind_counts': {'normal': 4025, 'offset': 105, 'drift': 102, 'spike': 111, 'decouple': 94, 'desync': 125, 'organic': 46}, 'train_units': 100, 'test_units': 100, 'n_regimes': 1, 'seed': 2, 'per_regime_norm': False, 'official_test_fleet': True, 'dataset': 'cmapss:FD001', 'cap': 125.0, 'subset': 'FD001', 'dropped_constant_sensors': 6, 'source': 'NASA C-MAPSS (real)', 'source_name': 'cmapss', 'source_kind': 'fleet'}
[15:14:56]   caveat: Ships no anomaly annotations: detection anomalies are injected.
    [pc] epoch   0  nll 31917.713
    [pc] epoch   6  nll  127.948
    [pc] epoch  12  nll  100.515
    [pc] epoch  18  nll   79.497
    [pc] epoch  24  nll   72.646
    [pc] epoch  30  nll   80.943
    [pc] epoch  36  nll   69.137
    [pc] epoch  42  nll   67.391
    fit random K=8: 46/50 (92%) · 1.52 it/s · elapsed 00:30 · ETA 00:02
    [pc] epoch  48  nll   74.640
    fit random K=8: done 50/50 in 00:32
[15:15:35]   pc_train_nll: first=31917.7135 last=76.5685 (50 epochs)
[15:15:35]   pc: fit 39.1s · 157,440 params · score sd 20.636 · device cuda · layered · 6,767 win/s
[15:15:43]   typed decomposition (mean worst-channel surprise):
[15:15:43]        normal  n= 4025  marginal    23.34  conditional    23.06  structural     3.79
[15:15:43]      decouple  n=   94  marginal    23.08  conditional    22.61  structural     3.57
[15:15:43]        desync  n=  125  marginal    23.21  conditional    36.32  structural    20.63
[15:15:43]         drift  n=  102  marginal 153371.92  conditional 153388.64  structural    38.55
[15:15:43]        offset  n=  105  marginal 94984.09  conditional 95010.56  structural    55.32
[15:15:43]       organic  n=   46  marginal   118.63  conditional   121.40  structural    31.13
[15:15:43]         spike  n=  111  marginal 11922.29  conditional 11922.96  structural     4.70
[15:15:43] --- stage ad done in 46.4s ---
[15:15:43] === run ok · 46.4s · peak RSS 1.733 GB ===
[19:11:22] === run start · seed2 · seed 2 · hash 55a6e2807abf ===
[19:11:22] stages ['ad'] · device cpu · dataset cmapss:FD001
[19:11:22] --- stage: ad ---
[19:11:22]   data: FleetPair(cmapss:FD001: train=100 units, test=100 units, C=15, regimes=1, cap=125)  (0.1s)
[19:11:22]   task: {'kind': 'ad', 'n_train': 5290, 'n_test': 4608, 'd': 300, 'window': 20, 'n_channels': 15, 'anomaly_rate': 0.1265190988779068, 'kind_counts': {'normal': 4025, 'offset': 105, 'drift': 102, 'spike': 111, 'decouple': 94, 'desync': 125, 'organic': 46}, 'train_units': 100, 'test_units': 100, 'n_regimes': 1, 'seed': 2, 'per_regime_norm': False, 'official_test_fleet': True, 'dataset': 'cmapss:FD001', 'cap': 125.0, 'subset': 'FD001', 'dropped_constant_sensors': 6, 'source': 'NASA C-MAPSS (real)', 'source_name': 'cmapss', 'source_kind': 'fleet'}
[19:11:22]   caveat: Ships no anomaly annotations: detection anomalies are injected.
    [pc] epoch   0  nll 31625.590
    [pc] epoch   6  nll  130.242
    fit random K=8: 7/50 (14%) · 0.22 it/s · elapsed 00:32 · ETA 03:18
    [pc] epoch  12  nll   97.038
    fit random K=8: 14/50 (28%) · 0.22 it/s · elapsed 01:04 · ETA 02:46
    [pc] epoch  18  nll   73.809
    fit random K=8: 21/50 (42%) · 0.22 it/s · elapsed 01:37 · ETA 02:14
    [pc] epoch  24  nll   65.580
    fit random K=8: 28/50 (56%) · 0.22 it/s · elapsed 02:10 · ETA 01:42
    [pc] epoch  30  nll   63.168
    fit random K=8: 35/50 (70%) · 0.21 it/s · elapsed 02:42 · ETA 01:09
    [pc] epoch  36  nll   59.862
    fit random K=8: 42/50 (84%) · 0.21 it/s · elapsed 03:15 · ETA 00:37
    [pc] epoch  42  nll   48.423
    [pc] epoch  48  nll   50.250
    fit random K=8: 49/50 (98%) · 0.21 it/s · elapsed 03:48 · ETA 00:04
    fit random K=8: done 50/50 in 03:53
[19:15:17]   pc_train_nll: first=31625.5895 last=45.8657 (50 epochs)
[19:15:18]   pc: fit 235.2s · 157,440 params · score sd 23.724 · device cpu · layered · 1,125 win/s
    typed decomposition (per channel): 6/15 (40%) · 0.18 it/s · elapsed 00:33 · ETA 00:49
    typed decomposition (per channel): 12/15 (80%) · 0.18 it/s · elapsed 01:06 · ETA 00:16
    typed decomposition (per channel): done 15/15 in 01:23
[19:16:45]   typed decomposition (mean worst-channel surprise):
[19:16:45]        normal  n= 4025  marginal    23.32  conditional    23.03  structural     3.97
[19:16:45]      decouple  n=   94  marginal    23.17  conditional    22.70  structural     3.45
[19:16:45]        desync  n=  125  marginal    23.01  conditional    36.05  structural    20.38
[19:16:45]         drift  n=  102  marginal 149263.44  conditional 149278.25  structural    38.18
[19:16:45]        offset  n=  105  marginal 92371.56  conditional 92396.70  structural    56.53
[19:16:45]       organic  n=   46  marginal   119.38  conditional   125.88  structural    37.24
[19:16:45]         spike  n=  111  marginal 11857.57  conditional 11858.10  structural     4.45
[19:16:45] --- stage ad done in 322.6s ---
[19:16:45] === run ok · 322.7s · peak RSS 1.614 GB ===
