[12:14:01] === run start · seed11 · seed 11 · hash 9ceaea31d47f ===
[12:14:01] stages ['diagnosis'] · device cpu · dataset synthetic
[12:14:01] --- stage: diagnosis ---
    [pc] epoch   0  nll   32.409  val   30.981
    [pc] epoch  18  nll   26.625  val   26.425
    [pc] epoch  36  nll   25.527  val   25.437
    [pc] epoch  54  nll   25.192  val   25.215
    [pc] epoch  72  nll   24.995  val   25.053
    [pc] epoch  90  nll   24.866  val   24.937
    [pc] epoch 108  nll   24.801  val   24.932
    [pc] epoch 126  nll   24.679  val   24.828
    [pc] epoch 144  nll   24.617  val   24.860
    [pc] restored epoch 146 (selected by nll; val nll 24.784, last 24.808)
[12:14:06]   pc_train_nll: first=32.4093 last=24.5691 (150 epochs)
[12:14:06]   pc_train_objective: first=32.4093 last=24.5691 (150 epochs)
[12:14:06]   pc_selection_loss: first=30.9814 last=24.8080 (150 epochs)
[12:14:06]   pc_val_nll: first=30.9814 last=24.8080 (150 epochs)
[12:14:06]   pc: fit 5.3s · 1,888 params · score sd 4.149 · device cpu · layered · 28,828 win/s
[12:14:06]   pc: validation on 200 windows from explicit subset of held-out units · best epoch 146 of 150 · val nll 24.784
[12:14:06]   shortcut audit: target-channel-only AUROC 0.516 (0.5 = no marginal shortcut)
[12:14:06]   baseline gaussian_fitted: fit 0.00s · 230 params · selection {'shrinkage': 0.0}
[12:14:06]   diagnosis: full (5.0 observed on average), 400 paired windows, 3 method(s)
[12:14:09]   diagnosis: random1:0 (4.0 observed on average), 400 paired windows, 3 method(s)
[12:14:12]   diagnosis: random2:2-3 (3.0 observed on average), 400 paired windows, 3 method(s)
[12:14:15]   diagnosis: bank0:0-1 (3.0 observed on average), 400 paired windows, 3 method(s)
[12:14:18]   diagnosis: single_sensor_0 (1.0 observed on average), 400 paired windows, 3 method(s)
[12:14:21]   diagnosis: witnesses_all (5.0 observed on average), 400 paired windows, 3 method(s)
[12:14:24]   diagnosis: witnesses_drop1 (4.0 observed on average), 400 paired windows, 3 method(s)
[12:14:27]   diagnosis: witnesses_none (3.0 observed on average), 400 paired windows, 3 method(s)
[12:14:31]   diagnosis: target_hidden (4.0 observed on average), 400 paired windows, 3 method(s)
[12:14:34]   diagnosis: independent_random (4.0 observed on average), 400 paired windows, 3 method(s)
[12:14:36]   diagnosis: fixed_unseen (4.0 observed on average), 400 paired windows, 3 method(s)
[12:14:39]   diagnosis: informative_value (4.5 observed on average), 400 paired windows, 3 method(s)
[12:14:41]   diagnosis: informative_fault (4.8 observed on average), 400 paired windows, 3 method(s)
[12:14:43]   Diagnosis completed on validation engines only; no confirmatory PASS/FAIL inferred.
[12:14:43] --- stage diagnosis done in 42.1s ---
[12:14:43] === run ok · 42.2s · peak RSS 0.345 GB ===
[21:00:35] === run start · seed11 · seed 11 · hash b027be8e25f6 ===
[21:00:35] stages ['diagnosis'] · device cpu · dataset synthetic
[21:00:35] --- stage: diagnosis ---
    [pc] epoch   0  nll   32.409  val   30.981
    [pc] epoch  18  nll   26.625  val   26.425
    [pc] epoch  36  nll   25.527  val   25.437
    [pc] epoch  54  nll   25.192  val   25.215
    [pc] epoch  72  nll   24.995  val   25.053
    [pc] epoch  90  nll   24.866  val   24.937
    [pc] epoch 108  nll   24.801  val   24.932
    [pc] epoch 126  nll   24.679  val   24.828
    [pc] epoch 144  nll   24.617  val   24.860
    [pc] restored epoch 146 (selected by nll; val nll 24.784, last 24.808)
[21:00:39]   pc_train_nll: first=32.4093 last=24.5691 (150 epochs)
[21:00:39]   pc_train_objective: first=32.4093 last=24.5691 (150 epochs)
[21:00:39]   pc_selection_loss: first=30.9814 last=24.8080 (150 epochs)
[21:00:39]   pc_val_nll: first=30.9814 last=24.8080 (150 epochs)
[21:00:39]   pc: fit 4.1s · 1,888 params · score sd 4.149 · device cpu · layered · 37,460 win/s
[21:00:39]   pc: validation on 200 windows from explicit subset of held-out units · best epoch 146 of 150 · val nll 24.784
[21:00:40]   shortcut audit: target-channel-only AUROC 0.516 (0.5 = no marginal shortcut)
[21:00:40]   baseline gaussian_fitted: fit 0.00s · 230 params · selection {'shrinkage': 0.0}
[21:00:40]   diagnosis: full (5.0 observed on average), 400 paired windows, 3 method(s)
[21:00:42]   diagnosis: random1:0 (4.0 observed on average), 400 paired windows, 3 method(s)
[21:00:45]   diagnosis: random2:2-3 (3.0 observed on average), 400 paired windows, 3 method(s)
[21:00:47]   diagnosis: bank0:0-1 (3.0 observed on average), 400 paired windows, 3 method(s)
[21:00:50]   diagnosis: single_sensor_0 (1.0 observed on average), 400 paired windows, 3 method(s)
[21:00:52]   diagnosis: witnesses_all (5.0 observed on average), 400 paired windows, 3 method(s)
[21:00:55]   diagnosis: witnesses_drop1 (4.0 observed on average), 400 paired windows, 3 method(s)
[21:00:57]   diagnosis: witnesses_none (3.0 observed on average), 400 paired windows, 3 method(s)
[21:01:00]   diagnosis: target_hidden (4.0 observed on average), 400 paired windows, 3 method(s)
[21:01:04]   diagnosis: independent_random (4.0 observed on average), 400 paired windows, 3 method(s)
[21:01:07]   diagnosis: fixed_unseen (4.0 observed on average), 400 paired windows, 3 method(s)
[21:01:08]   diagnosis: informative_value (4.5 observed on average), 400 paired windows, 3 method(s)
[21:01:10]   diagnosis: informative_fault (4.8 observed on average), 400 paired windows, 3 method(s)
[21:01:12]   Diagnosis completed on validation engines only; no confirmatory PASS/FAIL inferred.
[21:01:12] --- stage diagnosis done in 36.3s ---
[21:01:12] === run ok · 36.3s · peak RSS 0.342 GB ===
