[11:58:02] === run start · seed11 · seed 11 · hash bb980725d542 ===
[11:58:02] stages ['diagnosis'] · device cpu · dataset synthetic
[11:58:02] --- stage: diagnosis ---
    [pc] epoch   0  nll   27.088  val   26.094
    [pc] epoch  37  nll   22.647  val   22.157
    [pc] epoch  74  nll   20.657  val   20.456
    [pc] epoch 111  nll   19.816  val   19.765
    [pc] epoch 148  nll   19.692  val   19.678
    [pc] epoch 185  nll   19.623  val   19.637
    [pc] restored epoch 180 (selected by objective; val nll 19.629, last 19.630)
[11:58:31]   pc_train_nll: first=27.0879 last=19.5910 (211 epochs)
[11:58:31]   pc_train_objective: first=32.5004 last=23.4381 (211 epochs)
[11:58:31]   pc_selection_loss: first=31.3126 last=23.4984 (211 epochs)
[11:58:31]   pc_val_nll: first=26.0938 last=19.6304 (211 epochs)
[11:58:31]   pc: fit 29.2s · 1,488 params · score sd 5.089 · device cpu · layered · 7,404 win/s
[11:58:31]   pc: validation on 200 windows from explicit subset of held-out units · best epoch 180 of 300 · val nll 19.629
[11:58:31]   shortcut audit: target-channel-only AUROC 0.491 (0.5 = no marginal shortcut)
[11:58:31]   diagnosis: full (4.0 observed on average), 400 paired windows, 2 method(s)
[11:58:31]   diagnosis: random1:0 (3.0 observed on average), 400 paired windows, 2 method(s)
[11:58:31]   diagnosis: random2:1-2 (2.0 observed on average), 400 paired windows, 2 method(s)
[11:58:32]   diagnosis: bank0:0-1 (2.0 observed on average), 400 paired windows, 2 method(s)
[11:58:32]   diagnosis: single_sensor_0 (1.0 observed on average), 400 paired windows, 2 method(s)
[11:58:32]   Diagnosis completed on validation engines only; no confirmatory PASS/FAIL inferred.
[11:58:32] --- stage diagnosis done in 30.1s ---
[11:58:32] === run ok · 30.3s · peak RSS 0.341 GB ===
[20:18:41] === run start · seed11 · seed 11 · hash 30f598be4ce2 ===
[20:18:41] stages ['diagnosis'] · device cpu · dataset synthetic
[20:18:41] --- stage: diagnosis ---
    [pc] epoch   0  nll   27.088  val   26.094
    [pc] epoch  37  nll   22.647  val   22.157
    [pc] epoch  74  nll   20.657  val   20.456
    [pc] epoch 111  nll   19.816  val   19.765
    [pc] epoch 148  nll   19.692  val   19.678
    [pc] epoch 185  nll   19.623  val   19.637
    [pc] restored epoch 180 (selected by objective; val nll 19.629, last 19.630)
[20:18:55]   pc_train_nll: first=27.0879 last=19.5910 (211 epochs)
[20:18:55]   pc_train_objective: first=32.5004 last=23.4381 (211 epochs)
[20:18:55]   pc_selection_loss: first=31.3126 last=23.4984 (211 epochs)
[20:18:55]   pc_val_nll: first=26.0938 last=19.6304 (211 epochs)
[20:18:55]   pc: fit 14.6s · 1,488 params · score sd 5.089 · device cpu · layered · 14,771 win/s
[20:18:55]   pc: validation on 200 windows from explicit subset of held-out units · best epoch 180 of 300 · val nll 19.629
[20:18:55]   shortcut audit: target-channel-only AUROC 0.491 (0.5 = no marginal shortcut)
[20:18:55]   diagnosis: full (4.0 observed on average), 400 paired windows, 2 method(s)
[20:18:55]   diagnosis: random1:0 (3.0 observed on average), 400 paired windows, 2 method(s)
[20:18:56]   diagnosis: random2:1-2 (2.0 observed on average), 400 paired windows, 2 method(s)
[20:18:56]   diagnosis: bank0:0-1 (2.0 observed on average), 400 paired windows, 2 method(s)
[20:18:56]   diagnosis: single_sensor_0 (1.0 observed on average), 400 paired windows, 2 method(s)
[20:18:56]   Diagnosis completed on validation engines only; no confirmatory PASS/FAIL inferred.
[20:18:56] --- stage diagnosis done in 15.1s ---
[20:18:56] === run ok · 15.1s · peak RSS 0.348 GB ===
