[11:25:44] === run start · seed11 · seed 11 · hash f5e25d301176 ===
[11:25:44] stages ['diagnosis'] · device cpu · dataset synthetic
[11:25:44] --- stage: diagnosis ---
    [pc] epoch   0  nll   26.069  val   24.646
    [pc] epoch  18  nll   21.591  val   21.192
    [pc] epoch  36  nll   20.856  val   20.629
    [pc] epoch  54  nll   20.485  val   20.303
    [pc] epoch  72  nll   20.361  val   20.236
    [pc] epoch  90  nll   20.319  val   20.231
    [pc] epoch 108  nll   20.300  val   20.221
    [pc] epoch 126  nll   20.259  val   20.224
    [pc] restored epoch 115 (selected by nll; val nll 20.204, last 20.233)
[11:25:48]   pc_train_nll: first=26.0687 last=20.2095 (141 epochs)
[11:25:48]   pc_train_objective: first=26.0687 last=20.2095 (141 epochs)
[11:25:48]   pc_selection_loss: first=24.6457 last=20.2335 (141 epochs)
[11:25:48]   pc_val_nll: first=24.6457 last=20.2335 (141 epochs)
[11:25:48]   pc: fit 3.6s · 1,488 params · score sd 2.823 · device cpu · layered · 39,971 win/s
[11:25:48]   pc: validation on 200 windows from explicit subset of held-out units · best epoch 115 of 150 · val nll 20.204
[11:25:48]   shortcut audit: target-channel-only AUROC 0.491 (0.5 = no marginal shortcut)
[11:25:48]   diagnosis: full (4.0 observed on average), 400 paired windows, 1 method(s)
[11:25:48]   diagnosis: random1:0 (3.0 observed on average), 400 paired windows, 1 method(s)
[11:25:48]   diagnosis: random2:1-2 (2.0 observed on average), 400 paired windows, 1 method(s)
[11:25:48]   diagnosis: random3:1-2-3 (1.0 observed on average), 400 paired windows, 1 method(s)
[11:25:48]   diagnosis: bank0:0-1 (2.0 observed on average), 400 paired windows, 1 method(s)
[11:25:48]   diagnosis: single_sensor_0 (1.0 observed on average), 400 paired windows, 1 method(s)
[11:25:48]   Diagnosis completed on validation engines only; no confirmatory PASS/FAIL inferred.
[11:25:48] --- stage diagnosis done in 4.0s ---
[11:25:48] === run ok · 4.1s · peak RSS 0.336 GB ===
[11:46:16] === run start · seed11 · seed 11 · hash c2a455cb7f5d ===
[11:46:16] stages ['diagnosis'] · device cpu · dataset synthetic
[11:46:16] --- stage: diagnosis ---
    [pc] epoch   0  nll   26.069  val   24.646
    [pc] epoch  18  nll   21.591  val   21.192
    [pc] epoch  36  nll   20.856  val   20.629
    [pc] epoch  54  nll   20.485  val   20.303
    [pc] epoch  72  nll   20.361  val   20.236
    [pc] epoch  90  nll   20.319  val   20.231
    [pc] epoch 108  nll   20.300  val   20.221
    [pc] epoch 126  nll   20.259  val   20.224
    [pc] restored epoch 115 (selected by nll; val nll 20.204, last 20.233)
[11:46:21]   pc_train_nll: first=26.0687 last=20.2095 (141 epochs)
[11:46:21]   pc_train_objective: first=26.0687 last=20.2095 (141 epochs)
[11:46:21]   pc_selection_loss: first=24.6457 last=20.2335 (141 epochs)
[11:46:21]   pc_val_nll: first=24.6457 last=20.2335 (141 epochs)
[11:46:21]   pc: fit 4.4s · 1,488 params · score sd 2.823 · device cpu · layered · 32,929 win/s
[11:46:21]   pc: validation on 200 windows from explicit subset of held-out units · best epoch 115 of 150 · val nll 20.204
[11:46:21]   shortcut audit: target-channel-only AUROC 0.491 (0.5 = no marginal shortcut)
[11:46:21]   diagnosis: full (4.0 observed on average), 400 paired windows, 2 method(s)
[11:46:21]   diagnosis: random1:0 (3.0 observed on average), 400 paired windows, 2 method(s)
[11:46:21]   diagnosis: random2:1-2 (2.0 observed on average), 400 paired windows, 2 method(s)
[11:46:21]   diagnosis: random3:1-2-3 (1.0 observed on average), 400 paired windows, 2 method(s)
[11:46:21]   diagnosis: bank0:0-1 (2.0 observed on average), 400 paired windows, 2 method(s)
[11:46:21]   diagnosis: single_sensor_0 (1.0 observed on average), 400 paired windows, 2 method(s)
[11:46:21]   Diagnosis completed on validation engines only; no confirmatory PASS/FAIL inferred.
[11:46:21] --- stage diagnosis done in 5.1s ---
[11:46:21] === run ok · 5.2s · peak RSS 0.34 GB ===
[20:00:06] === run start · seed11 · seed 11 · hash e688c5549dd4 ===
[20:00:06] stages ['diagnosis'] · device cpu · dataset synthetic
[20:00:06] --- stage: diagnosis ---
    [pc] epoch   0  nll   26.069  val   24.646
    [pc] epoch  18  nll   21.591  val   21.192
    [pc] epoch  36  nll   20.856  val   20.629
    [pc] epoch  54  nll   20.485  val   20.303
    [pc] epoch  72  nll   20.361  val   20.236
    [pc] epoch  90  nll   20.319  val   20.231
    [pc] epoch 108  nll   20.300  val   20.221
    [pc] epoch 126  nll   20.259  val   20.224
    [pc] restored epoch 115 (selected by nll; val nll 20.204, last 20.233)
[20:00:09]   pc_train_nll: first=26.0687 last=20.2095 (141 epochs)
[20:00:09]   pc_train_objective: first=26.0687 last=20.2095 (141 epochs)
[20:00:09]   pc_selection_loss: first=24.6457 last=20.2335 (141 epochs)
[20:00:09]   pc_val_nll: first=24.6457 last=20.2335 (141 epochs)
[20:00:09]   pc: fit 3.7s · 1,488 params · score sd 2.823 · device cpu · layered · 38,802 win/s
[20:00:09]   pc: validation on 200 windows from explicit subset of held-out units · best epoch 115 of 150 · val nll 20.204
[20:00:09]   shortcut audit: target-channel-only AUROC 0.491 (0.5 = no marginal shortcut)
[20:00:09]   diagnosis: full (4.0 observed on average), 400 paired windows, 2 method(s)
[20:00:09]   diagnosis: random1:0 (3.0 observed on average), 400 paired windows, 2 method(s)
[20:00:09]   diagnosis: random2:1-2 (2.0 observed on average), 400 paired windows, 2 method(s)
[20:00:10]   diagnosis: random3:1-2-3 (1.0 observed on average), 400 paired windows, 2 method(s)
[20:00:10]   diagnosis: bank0:0-1 (2.0 observed on average), 400 paired windows, 2 method(s)
[20:00:10]   diagnosis: single_sensor_0 (1.0 observed on average), 400 paired windows, 2 method(s)
[20:00:10]   Diagnosis completed on validation engines only; no confirmatory PASS/FAIL inferred.
[20:00:10] --- stage diagnosis done in 4.2s ---
[20:00:10] === run ok · 4.3s · peak RSS 0.338 GB ===
