[11:59:53] === run start · seed11 · seed 11 · hash 391beb0bddb1 ===
[11:59:53] stages ['diagnosis'] · device cpu · dataset synthetic
[11:59:53] --- stage: diagnosis ---
    [pc] epoch   0  nll   26.352  val   24.624
    [pc] epoch  18  nll   21.671  val   21.187
    [pc] epoch  36  nll   20.142  val   19.966
    [pc] epoch  54  nll   19.587  val   19.456
    [pc] epoch  72  nll   19.492  val   19.367
    [pc] epoch  90  nll   19.416  val   19.314
    [pc] epoch 108  nll   19.382  val   19.312
    [pc] epoch 126  nll   19.367  val   19.332
    [pc] epoch 144  nll   19.314  val   19.279
    [pc] restored epoch 146 (selected by objective; val nll 19.269, last 19.270)
[12:00:10]   pc_train_nll: first=26.3518 last=19.3011 (150 epochs)
[12:00:10]   pc_train_objective: first=31.6158 last=23.0632 (150 epochs)
[12:00:10]   pc_selection_loss: first=29.5489 last=23.0598 (150 epochs)
[12:00:10]   pc_val_nll: first=24.6241 last=19.2701 (150 epochs)
[12:00:10]   pc: fit 17.1s · 1,488 params · score sd 4.865 · device cpu · layered · 9,005 win/s
[12:00:10]   pc: validation on 200 windows from explicit subset of held-out units · best epoch 146 of 150 · val nll 19.269
[12:00:10]   shortcut audit: target-channel-only AUROC 0.491 (0.5 = no marginal shortcut)
[12:00:10]   diagnosis: full (4.0 observed on average), 400 paired windows, 2 method(s)
[12:00:10]   diagnosis: random1:0 (3.0 observed on average), 400 paired windows, 2 method(s)
[12:00:10]   diagnosis: random2:1-2 (2.0 observed on average), 400 paired windows, 2 method(s)
[12:00:10]   diagnosis: bank0:0-1 (2.0 observed on average), 400 paired windows, 2 method(s)
[12:00:11]   diagnosis: single_sensor_0 (1.0 observed on average), 400 paired windows, 2 method(s)
[12:00:11]   Diagnosis completed on validation engines only; no confirmatory PASS/FAIL inferred.
[12:00:11] --- stage diagnosis done in 18.0s ---
[12:00:11] === run ok · 18.1s · peak RSS 0.341 GB ===
[20:20:25] === run start · seed11 · seed 11 · hash 67b98b8dbbac ===
[20:20:25] stages ['diagnosis'] · device cpu · dataset synthetic
[20:20:25] --- stage: diagnosis ---
    [pc] epoch   0  nll   26.352  val   24.624
    [pc] epoch  18  nll   21.671  val   21.187
    [pc] epoch  36  nll   20.142  val   19.966
    [pc] epoch  54  nll   19.587  val   19.456
    [pc] epoch  72  nll   19.492  val   19.367
    [pc] epoch  90  nll   19.416  val   19.314
    [pc] epoch 108  nll   19.382  val   19.312
    [pc] epoch 126  nll   19.367  val   19.332
    [pc] epoch 144  nll   19.314  val   19.279
    [pc] restored epoch 146 (selected by objective; val nll 19.269, last 19.270)
[20:20:35]   pc_train_nll: first=26.3518 last=19.3011 (150 epochs)
[20:20:35]   pc_train_objective: first=31.6158 last=23.0632 (150 epochs)
[20:20:35]   pc_selection_loss: first=29.5489 last=23.0598 (150 epochs)
[20:20:35]   pc_val_nll: first=24.6241 last=19.2701 (150 epochs)
[20:20:35]   pc: fit 10.4s · 1,488 params · score sd 4.865 · device cpu · layered · 14,781 win/s
[20:20:35]   pc: validation on 200 windows from explicit subset of held-out units · best epoch 146 of 150 · val nll 19.269
[20:20:35]   shortcut audit: target-channel-only AUROC 0.491 (0.5 = no marginal shortcut)
[20:20:35]   diagnosis: full (4.0 observed on average), 400 paired windows, 2 method(s)
[20:20:36]   diagnosis: random1:0 (3.0 observed on average), 400 paired windows, 2 method(s)
[20:20:36]   diagnosis: random2:1-2 (2.0 observed on average), 400 paired windows, 2 method(s)
[20:20:36]   diagnosis: bank0:0-1 (2.0 observed on average), 400 paired windows, 2 method(s)
[20:20:36]   diagnosis: single_sensor_0 (1.0 observed on average), 400 paired windows, 2 method(s)
[20:20:36]   Diagnosis completed on validation engines only; no confirmatory PASS/FAIL inferred.
[20:20:36] --- stage diagnosis done in 10.8s ---
[20:20:36] === run ok · 10.9s · peak RSS 0.348 GB ===
