[10:38:07] === run start · seed12 · seed 12 · hash a5b3141f8601 ===
[10:38:07] stages ['diagnosis'] · device cpu · dataset cmapss:FD001
[10:38:07] --- stage: diagnosis ---
[10:38:07]   data: FleetPair(cmapss:FD001: train=100 units, test=100 units, C=15, regimes=1, cap=125)  (0.1s)
[10:38:07]   task: {'kind': 'ad', 'n_train': 3753, 'n_val': 1537, 'n_test': 4639, 'd': 300, 'window': 20, 'n_channels': 15, 'anomaly_rate': 0.12416469305753708, 'kind_counts': {'decouple': 113, 'normal': 4063, 'spike': 89, 'offset': 117, 'desync': 103, 'drift': 102, 'organic': 52}, 'train_units': 100, 'val_units': 30, 'test_units': 100, 'n_val_windows': 1537, 'n_regimes': 1, 'seed': 12, 'per_regime_norm': False, 'official_test_fleet': True, 'dataset': 'cmapss:FD001', 'cap': 125.0, 'subset': 'FD001', 'dropped_constant_sensors': 6, 'source': 'NASA C-MAPSS (real)', 'source_name': 'cmapss', 'source_kind': 'fleet'}
[10:38:07]   caveat: Ships no anomaly annotations: detection anomalies are injected.
    [pc] epoch   0  nll  327.299  val  290.649
    fit chow_liu K=8: 5/400 (1%) · 0.16 it/s · elapsed 00:31 · ETA 41:52
    fit chow_liu K=8: 10/400 (2%) · 0.16 it/s · elapsed 01:03 · ETA 41:23
    fit chow_liu K=8: 15/400 (4%) · 0.16 it/s · elapsed 01:36 · ETA 41:20
    fit chow_liu K=8: 19/400 (5%) · 0.15 it/s · elapsed 02:07 · ETA 42:40
    fit chow_liu K=8: 24/400 (6%) · 0.15 it/s · elapsed 02:44 · ETA 42:53
    fit chow_liu K=8: 29/400 (7%) · 0.14 it/s · elapsed 03:20 · ETA 42:43
    fit chow_liu K=8: 34/400 (8%) · 0.14 it/s · elapsed 03:55 · ETA 42:16
    fit chow_liu K=8: 39/400 (10%) · 0.14 it/s · elapsed 04:30 · ETA 41:40
    fit chow_liu K=8: 44/400 (11%) · 0.14 it/s · elapsed 05:04 · ETA 41:00
    fit chow_liu K=8: 49/400 (12%) · 0.15 it/s · elapsed 05:36 · ETA 40:12
    [pc] epoch  50  nll   65.653  val   76.934
    fit chow_liu K=8: 54/400 (14%) · 0.15 it/s · elapsed 06:11 · ETA 39:38
    fit chow_liu K=8: 57/400 (14%) · 0.14 it/s · elapsed 06:41 · ETA 40:15
    fit chow_liu K=8: 61/400 (15%) · 0.14 it/s · elapsed 07:18 · ETA 40:38
    fit chow_liu K=8: 65/400 (16%) · 0.14 it/s · elapsed 07:49 · ETA 40:21
    fit chow_liu K=8: 70/400 (18%) · 0.14 it/s · elapsed 08:27 · ETA 39:51
    fit chow_liu K=8: 75/400 (19%) · 0.14 it/s · elapsed 09:03 · ETA 39:15
    fit chow_liu K=8: 80/400 (20%) · 0.14 it/s · elapsed 09:36 · ETA 38:25
    fit chow_liu K=8: 85/400 (21%) · 0.14 it/s · elapsed 10:10 · ETA 37:41
    fit chow_liu K=8: 90/400 (22%) · 0.14 it/s · elapsed 10:46 · ETA 37:07
    fit chow_liu K=8: 95/400 (24%) · 0.14 it/s · elapsed 11:18 · ETA 36:19
    fit chow_liu K=8: 100/400 (25%) · 0.14 it/s · elapsed 11:56 · ETA 35:48
    [pc] epoch 100  nll   56.286  val   67.232
    fit chow_liu K=8: 105/400 (26%) · 0.14 it/s · elapsed 12:32 · ETA 35:15
    fit chow_liu K=8: 110/400 (28%) · 0.14 it/s · elapsed 13:04 · ETA 34:27
    fit chow_liu K=8: 115/400 (29%) · 0.14 it/s · elapsed 13:34 · ETA 33:38
    fit chow_liu K=8: 120/400 (30%) · 0.14 it/s · elapsed 14:09 · ETA 33:02
    fit chow_liu K=8: 125/400 (31%) · 0.14 it/s · elapsed 14:46 · ETA 32:29
    fit chow_liu K=8: 129/400 (32%) · 0.14 it/s · elapsed 15:18 · ETA 32:08
    fit chow_liu K=8: 133/400 (33%) · 0.14 it/s · elapsed 15:50 · ETA 31:48
    fit chow_liu K=8: 138/400 (34%) · 0.14 it/s · elapsed 16:24 · ETA 31:09
    fit chow_liu K=8: 143/400 (36%) · 0.14 it/s · elapsed 16:59 · ETA 30:32
    fit chow_liu K=8: 148/400 (37%) · 0.14 it/s · elapsed 17:31 · ETA 29:50
    [pc] epoch 150  nll   55.460  val   63.820
    fit chow_liu K=8: 153/400 (38%) · 0.14 it/s · elapsed 18:02 · ETA 29:07
    fit chow_liu K=8: 158/400 (40%) · 0.14 it/s · elapsed 18:33 · ETA 28:25
    fit chow_liu K=8: 163/400 (41%) · 0.14 it/s · elapsed 19:04 · ETA 27:43
    fit chow_liu K=8: 168/400 (42%) · 0.14 it/s · elapsed 19:35 · ETA 27:03
    fit chow_liu K=8: 173/400 (43%) · 0.14 it/s · elapsed 20:06 · ETA 26:23
    [pc] restored epoch 114 (selected by nll; val nll 61.421, last 66.731)
[10:58:29]   pc_train_nll: first=327.2993 last=55.9786 (175 epochs)
[10:58:29]   pc_train_objective: first=327.2993 last=55.9786 (175 epochs)
[10:58:29]   pc_selection_loss: first=290.6492 last=66.7310 (175 epochs)
[10:58:29]   pc_val_nll: first=290.6492 last=66.7310 (175 epochs)
[10:58:30]   pc: fit 1221.4s · 174,240 params · score sd 24.254 · device cpu · layered · 538 win/s
[10:58:30]   pc: validation on 650 windows from explicit subset of held-out units · best epoch 114 of 400 · val nll 61.421
[10:58:31]   shortcut audit: target-channel-only AUROC 0.547 (0.5 = no marginal shortcut)
[10:58:32]   baseline gaussian_fitted: fit 0.42s · 45,450 params · selection {'shrinkage': 0.01}
[10:58:33]   detection comparators: ['knn_refit', 'knn_impute', 'mahalanobis_refit', 'mahalanobis_impute', 'gmm_refit', 'gmm_impute', 'pca_refit', 'pca_impute', 'diag_gaussian_refit', 'diag_gaussian_impute']
[10:58:33]   diagnosis: full (15.0 observed on average), 830 paired windows, 2 method(s)
[10:58:52]   diagnosis: random1:1 (14.0 observed on average), 830 paired windows, 2 method(s)
[10:59:10]   diagnosis: random3:5-8-14 (12.0 observed on average), 830 paired windows, 2 method(s)
[10:59:26]   diagnosis: random7:3-4-8-10-11-12-14 (8.0 observed on average), 830 paired windows, 2 method(s)
[10:59:37]   diagnosis: bank0:0-1-2-4-5-7-8 (8.0 observed on average), 830 paired windows, 2 method(s)
[10:59:48]   diagnosis: bank1:3 (14.0 observed on average), 830 paired windows, 2 method(s)
[11:00:08]   diagnosis: bank2:6-10 (13.0 observed on average), 830 paired windows, 2 method(s)
[11:00:25]   diagnosis: single_sensor_0 (1.0 observed on average), 830 paired windows, 2 method(s)
[11:00:29]   Diagnosis completed on validation engines only; no confirmatory PASS/FAIL inferred.
[11:00:29] --- stage diagnosis done in 1341.8s ---
[11:00:29] === run ok · 1341.9s · peak RSS 1.612 GB ===
