[16:27:35] === run start · seed12 · seed 12 · hash bd539db24db8 ===
[16:27:35] stages ['diagnosis'] · device cuda · dataset cmapss:FD001
[16:27:35] --- stage: diagnosis ---
[16:27:35]   data: FleetPair(cmapss:FD001: train=100 units, test=100 units, C=15, regimes=1, cap=125)  (0.1s)
[16:27:35]   task: {'kind': 'ad', 'n_train': 3753, 'n_val': 1537, 'n_test': 4639, 'd': 300, 'window': 20, 'n_channels': 15, 'anomaly_rate': 0.12416469305753708, 'kind_counts': {'decouple': 113, 'normal': 4063, 'spike': 89, 'offset': 117, 'desync': 103, 'drift': 102, 'organic': 52}, 'train_units': 100, 'val_units': 30, 'test_units': 100, 'n_val_windows': 1537, 'n_regimes': 1, 'seed': 12, 'per_regime_norm': False, 'official_test_fleet': True, 'dataset': 'cmapss:FD001', 'cap': 125.0, 'subset': 'FD001', 'dropped_constant_sensors': 6, 'source': 'NASA C-MAPSS (real)', 'source_name': 'cmapss', 'source_kind': 'fleet'}
[16:27:35]   caveat: Ships no anomaly annotations: detection anomalies are injected.
[16:27:35]   donors: matched 100.0% of 415 recipients on ['regime', 'health'] within caliper 0.25
    [pc] epoch   0  nll  359.574  val  335.460
    [pc] epoch  22  nll   68.812  val   80.118
    [pc] epoch  44  nll   46.957  val   57.925
    [pc] epoch  66  nll   39.548  val   49.494
    fit channel_blocked K=8: 68/180 (38%) · 2.24 it/s · elapsed 00:30 · ETA 00:49
    [pc] epoch  88  nll   33.203  val   42.233
    [pc] epoch 110  nll   29.865  val   38.894
    [pc] epoch 132  nll   28.857  val   38.134
    fit channel_blocked K=8: 144/180 (80%) · 2.38 it/s · elapsed 01:00 · ETA 00:15
    [pc] epoch 154  nll   29.248  val   37.750
    [pc] epoch 176  nll   26.860  val   36.084
    fit channel_blocked K=8: done 180/180 in 01:14
[16:29:21]   pc_train_nll: first=359.5738 last=26.7530 (180 epochs)
[16:29:21]   pc_train_objective: first=359.5738 last=26.7530 (180 epochs)
[16:29:21]   pc_selection_loss: first=335.4602 last=35.8824 (180 epochs)
[16:29:21]   pc_val_nll: first=335.4602 last=35.8824 (180 epochs)
[16:29:21]   pc: fit 106.4s · 174,240 params · score sd 20.214 · device cuda · layered · 6,349 win/s
[16:29:21]   pc: validation on 650 windows from explicit subset of held-out units · best epoch 179 of 180 · val nll 35.882
[16:29:22]   shortcut audit: target-channel-only AUROC 0.549 (0.5 = no marginal shortcut)
[16:29:23]   baseline gaussian_fitted: fit 0.31s · 45,450 params · selection {'shrinkage': 0.01}
[16:30:06]   baseline gmm_fitted: fit 42.79s · 181,803 params · selection {'components': 4, 'reg': 0.0001}
[16:30:06]   diagnosis: full (15.0 observed on average), 830 paired windows, 3 method(s)
[16:30:13]   diagnosis: random1:1 (14.0 observed on average), 830 paired windows, 3 method(s)
[16:30:19]   diagnosis: random3:5-8-14 (12.0 observed on average), 830 paired windows, 3 method(s)
[16:30:24]   diagnosis: random7:3-4-8-10-11-12-14 (8.0 observed on average), 830 paired windows, 3 method(s)
[16:30:28]   diagnosis: bank0:0-1-2-4-5-7-8 (8.0 observed on average), 830 paired windows, 3 method(s)
[16:30:31]   diagnosis: bank1:3 (14.0 observed on average), 830 paired windows, 3 method(s)
[16:30:37]   diagnosis: bank2:6-10 (13.0 observed on average), 830 paired windows, 3 method(s)
[16:30:43]   diagnosis: single_sensor_0 (1.0 observed on average), 830 paired windows, 3 method(s)
[16:30:46]   Diagnosis completed on validation engines only; no confirmatory PASS/FAIL inferred.
[16:30:46] --- stage diagnosis done in 190.9s ---
[16:30:46] === run ok · 190.9s · peak RSS 4.509 GB ===
