[16:43:56] === run start · seed12 · seed 12 · hash 368c0c50bcb7 ===
[16:43:56] stages ['diagnosis'] · device cuda · dataset cmapss:FD001
[16:43:56] --- stage: diagnosis ---
[16:43:56]   data: FleetPair(cmapss:FD001: train=100 units, test=100 units, C=15, regimes=1, cap=125)  (0.1s)
[16:43:56]   task: {'kind': 'ad', 'n_train': 3753, 'n_val': 1537, 'n_test': 4639, 'd': 300, 'window': 20, 'n_channels': 15, 'anomaly_rate': 0.12416469305753708, 'kind_counts': {'decouple': 113, 'normal': 4063, 'spike': 89, 'offset': 117, 'desync': 103, 'drift': 102, 'organic': 52}, 'train_units': 100, 'val_units': 30, 'test_units': 100, 'n_val_windows': 1537, 'n_regimes': 1, 'seed': 12, 'per_regime_norm': False, 'official_test_fleet': True, 'dataset': 'cmapss:FD001', 'cap': 125.0, 'subset': 'FD001', 'dropped_constant_sensors': 6, 'source': 'NASA C-MAPSS (real)', 'source_name': 'cmapss', 'source_kind': 'fleet'}
[16:43:56]   caveat: Ships no anomaly annotations: detection anomalies are injected.
    [pc] epoch   0  nll  359.604  val  335.831
    [pc] epoch  22  nll   88.687  val  104.885
    [pc] epoch  44  nll   65.071  val   83.335
    [pc] epoch  66  nll   55.073  val   71.800
    [pc] epoch  88  nll   46.878  val   63.455
    [pc] epoch 110  nll   43.184  val   59.391
    [pc] epoch 132  nll   41.493  val   58.073
    fit random K=8: 136/180 (76%) · 4.50 it/s · elapsed 00:30 · ETA 00:09
    [pc] epoch 154  nll   40.343  val   56.866
    [pc] epoch 176  nll   39.116  val   56.204
    fit random K=8: done 180/180 in 00:39
    [pc] restored epoch 178 (selected by nll; val nll 55.305, last 55.452)
[16:44:38]   pc_train_nll: first=359.6040 last=38.5461 (180 epochs)
[16:44:38]   pc_train_objective: first=359.6040 last=38.5461 (180 epochs)
[16:44:38]   pc_selection_loss: first=335.8310 last=55.4520 (180 epochs)
[16:44:38]   pc_val_nll: first=335.8310 last=55.4520 (180 epochs)
[16:44:38]   pc: fit 42.2s · 174,240 params · score sd 22.757 · device cuda · layered · 16,026 win/s
[16:44:38]   pc: validation on 650 windows from explicit subset of held-out units · best epoch 178 of 180 · val nll 55.305
[16:44:39]   shortcut audit: target-channel-only AUROC 0.547 (0.5 = no marginal shortcut)
[16:44:39]   diagnosis: full (15.0 observed on average), 830 paired windows, 1 method(s)
[16:44:40]   diagnosis: random1:1 (14.0 observed on average), 830 paired windows, 1 method(s)
[16:44:41]   diagnosis: random3:5-8-14 (12.0 observed on average), 830 paired windows, 1 method(s)
[16:44:42]   diagnosis: random7:3-4-8-10-11-12-14 (8.0 observed on average), 830 paired windows, 1 method(s)
[16:44:43]   diagnosis: bank0:0-1-2-4-5-7-8 (8.0 observed on average), 830 paired windows, 1 method(s)
[16:44:44]   diagnosis: bank1:3 (14.0 observed on average), 830 paired windows, 1 method(s)
[16:44:45]   diagnosis: bank2:6-10 (13.0 observed on average), 830 paired windows, 1 method(s)
[16:44:46]   diagnosis: single_sensor_0 (1.0 observed on average), 830 paired windows, 1 method(s)
[16:44:46]   Diagnosis completed on validation engines only; no confirmatory PASS/FAIL inferred.
[16:44:46] --- stage diagnosis done in 50.5s ---
[16:44:46] === run ok · 50.5s · peak RSS 1.879 GB ===
