[16:20:55] === run start · seed12 · seed 12 · hash 0fa6dd4941cf ===
[16:20:55] stages ['diagnosis'] · device cuda · dataset cmapss:FD001
[16:20:55] --- stage: diagnosis ---
[16:20:55]   data: FleetPair(cmapss:FD001: train=100 units, test=100 units, C=15, regimes=1, cap=125)  (0.1s)
[16:20:55]   task: {'kind': 'ad', 'n_train': 3753, 'n_val': 1537, 'n_test': 4639, 'd': 300, 'window': 20, 'n_channels': 15, 'anomaly_rate': 0.12416469305753708, 'kind_counts': {'decouple': 113, 'normal': 4063, 'spike': 89, 'offset': 117, 'desync': 103, 'drift': 102, 'organic': 52}, 'train_units': 100, 'val_units': 30, 'test_units': 100, 'n_val_windows': 1537, 'n_regimes': 1, 'seed': 12, 'per_regime_norm': False, 'official_test_fleet': True, 'dataset': 'cmapss:FD001', 'cap': 125.0, 'subset': 'FD001', 'dropped_constant_sensors': 6, 'source': 'NASA C-MAPSS (real)', 'source_name': 'cmapss', 'source_kind': 'fleet'}
[16:20:55]   caveat: Ships no anomaly annotations: detection anomalies are injected.
    [pc] epoch   0  nll  359.566  val  335.346
    [pc] epoch  22  nll   56.856  val   67.639
    [pc] epoch  44  nll   31.573  val   40.309
    [pc] epoch  66  nll   24.763  val   33.231
    fit channel_blocked K=8: 71/180 (39%) · 2.35 it/s · elapsed 00:30 · ETA 00:46
    [pc] epoch  88  nll   20.914  val   29.229
    [pc] epoch 110  nll   19.664  val   28.182
    fit channel_blocked K=8: 125/180 (69%) · 2.06 it/s · elapsed 01:00 · ETA 00:26
    [pc] epoch 132  nll   18.417  val   27.045
    [pc] epoch 154  nll   16.942  val   25.786
    fit channel_blocked K=8: 175/180 (97%) · 1.92 it/s · elapsed 01:30 · ETA 00:02
    [pc] epoch 176  nll   16.992  val   25.766
    fit channel_blocked K=8: done 180/180 in 01:34
    [pc] restored epoch 170 (selected by nll; val nll 25.323, last 25.564)
[16:22:43]   pc_train_nll: first=359.5664 last=16.5952 (180 epochs)
[16:22:43]   pc_train_objective: first=359.5664 last=16.5952 (180 epochs)
[16:22:43]   pc_selection_loss: first=335.3457 last=25.5639 (180 epochs)
[16:22:43]   pc_val_nll: first=335.3457 last=25.5639 (180 epochs)
[16:22:43]   pc: fit 108.1s · 171,372 params · score sd 18.698 · device cuda · layered · 6,248 win/s
[16:22:43]   pc: validation on 650 windows from explicit subset of held-out units · best epoch 170 of 180 · val nll 25.323
[16:22:44]   shortcut audit: target-channel-only AUROC 0.547 (0.5 = no marginal shortcut)
[16:22:44]   diagnosis: full (15.0 observed on average), 830 paired windows, 1 method(s)
[16:22:48]   diagnosis: random1:1 (14.0 observed on average), 830 paired windows, 1 method(s)
[16:22:51]   diagnosis: random3:5-8-14 (12.0 observed on average), 830 paired windows, 1 method(s)
[16:22:54]   diagnosis: random7:3-4-8-10-11-12-14 (8.0 observed on average), 830 paired windows, 1 method(s)
[16:22:58]   diagnosis: bank0:0-1-2-4-5-7-8 (8.0 observed on average), 830 paired windows, 1 method(s)
[16:23:01]   diagnosis: bank1:3 (14.0 observed on average), 830 paired windows, 1 method(s)
[16:23:04]   diagnosis: bank2:6-10 (13.0 observed on average), 830 paired windows, 1 method(s)
[16:23:07]   diagnosis: single_sensor_0 (1.0 observed on average), 830 paired windows, 1 method(s)
[16:23:11]   Diagnosis completed on validation engines only; no confirmatory PASS/FAIL inferred.
[16:23:11] --- stage diagnosis done in 136.0s ---
[16:23:11] === run ok · 136.0s · peak RSS 1.794 GB ===
