[15:42:36] === run start · seed11 · seed 11 · hash 5d704df7dd3e ===
[15:42:36] stages ['diagnosis'] · device cpu · dataset cmapss:FD001
[15:42:36] --- stage: diagnosis ---
[15:42:36]   data: FleetPair(cmapss:FD001: train=100 units, test=100 units, C=15, regimes=1, cap=125)  (0.2s)
[15:42:36]   task: {'kind': 'ad', 'n_train': 3711, 'n_val': 1579, 'n_test': 4639, 'd': 300, 'window': 20, 'n_channels': 15, 'anomaly_rate': 0.12869152426719666, 'kind_counts': {'normal': 4042, 'desync': 107, 'offset': 109, 'spike': 98, 'drift': 113, 'decouple': 118, 'organic': 52}, 'train_units': 100, 'val_units': 30, 'test_units': 100, 'n_val_windows': 1579, 'n_regimes': 1, 'seed': 11, 'per_regime_norm': False, 'official_test_fleet': True, 'dataset': 'cmapss:FD001', 'cap': 125.0, 'subset': 'FD001', 'dropped_constant_sensors': 6, 'source': 'NASA C-MAPSS (real)', 'source_name': 'cmapss', 'source_kind': 'fleet'}
[15:42:36]   caveat: Ships no anomaly annotations: detection anomalies are injected.
    [pc] epoch   0  nll  360.306  val  286.345
    fit channel_blocked K=8: 6/180 (3%) · 0.18 it/s · elapsed 00:32 · ETA 15:45
    fit channel_blocked K=8: 12/180 (7%) · 0.19 it/s · elapsed 01:04 · ETA 15:01
    fit channel_blocked K=8: 19/180 (11%) · 0.19 it/s · elapsed 01:39 · ETA 13:58
    [pc] epoch  22  nll   75.279  val   81.207
    fit channel_blocked K=8: 26/180 (14%) · 0.20 it/s · elapsed 02:12 · ETA 13:06
    fit channel_blocked K=8: 33/180 (18%) · 0.20 it/s · elapsed 02:45 · ETA 12:17
    fit channel_blocked K=8: 40/180 (22%) · 0.20 it/s · elapsed 03:18 · ETA 11:34
    [pc] epoch  44  nll   53.553  val   60.614
    fit channel_blocked K=8: 47/180 (26%) · 0.20 it/s · elapsed 03:51 · ETA 10:54
    fit channel_blocked K=8: 54/180 (30%) · 0.20 it/s · elapsed 04:24 · ETA 10:17
    fit channel_blocked K=8: 61/180 (34%) · 0.21 it/s · elapsed 04:57 · ETA 09:39
    [pc] epoch  66  nll   44.211  val   49.909
    fit channel_blocked K=8: 67/180 (37%) · 0.20 it/s · elapsed 05:29 · ETA 09:15
    fit channel_blocked K=8: 73/180 (41%) · 0.20 it/s · elapsed 06:01 · ETA 08:49
    fit channel_blocked K=8: 80/180 (44%) · 0.20 it/s · elapsed 06:35 · ETA 08:14
    fit channel_blocked K=8: 87/180 (48%) · 0.20 it/s · elapsed 07:08 · ETA 07:38
    [pc] epoch  88  nll   40.745  val   46.134
    fit channel_blocked K=8: 94/180 (52%) · 0.20 it/s · elapsed 07:42 · ETA 07:02
    fit channel_blocked K=8: 101/180 (56%) · 0.20 it/s · elapsed 08:15 · ETA 06:27
    fit channel_blocked K=8: 108/180 (60%) · 0.20 it/s · elapsed 08:48 · ETA 05:52
    [pc] epoch 110  nll   37.093  val   42.017
    fit channel_blocked K=8: 115/180 (64%) · 0.20 it/s · elapsed 09:21 · ETA 05:17
    fit channel_blocked K=8: 122/180 (68%) · 0.21 it/s · elapsed 09:54 · ETA 04:42
    fit channel_blocked K=8: 128/180 (71%) · 0.20 it/s · elapsed 10:24 · ETA 04:13
    [pc] epoch 132  nll   33.594  val   37.418
    fit channel_blocked K=8: 133/180 (74%) · 0.20 it/s · elapsed 10:56 · ETA 03:51
    fit channel_blocked K=8: 138/180 (77%) · 0.20 it/s · elapsed 11:26 · ETA 03:29
    fit channel_blocked K=8: 145/180 (81%) · 0.20 it/s · elapsed 12:01 · ETA 02:54
    fit channel_blocked K=8: 152/180 (84%) · 0.20 it/s · elapsed 12:34 · ETA 02:18
    [pc] epoch 154  nll   31.768  val   35.932
    fit channel_blocked K=8: 159/180 (88%) · 0.20 it/s · elapsed 13:06 · ETA 01:43
    fit channel_blocked K=8: 166/180 (92%) · 0.20 it/s · elapsed 13:39 · ETA 01:09
    fit channel_blocked K=8: 173/180 (96%) · 0.20 it/s · elapsed 14:11 · ETA 00:34
    [pc] epoch 176  nll   28.999  val   33.175
    fit channel_blocked K=8: 180/180 (100%) · 0.20 it/s · elapsed 14:44 · ETA 00:00
    fit channel_blocked K=8: done 180/180 in 14:44
    [pc] restored epoch 177 (selected by nll; val nll 33.055, last 33.152)
[15:57:23]   pc_train_nll: first=360.3058 last=28.5713 (180 epochs)
[15:57:23]   pc_train_objective: first=360.3058 last=28.5713 (180 epochs)
[15:57:23]   pc_selection_loss: first=286.3446 last=33.1516 (180 epochs)
[15:57:23]   pc_val_nll: first=286.3446 last=33.1516 (180 epochs)
[15:57:25]   pc: fit 887.4s · 193,968 params · score sd 20.407 · device cpu · layered · 753 win/s
[15:57:25]   pc: validation on 546 windows from explicit subset of held-out units · best epoch 177 of 180 · val nll 33.055
[15:57:26]   shortcut audit: target-channel-only AUROC 0.559 (0.5 = no marginal shortcut)
[15:57:26]   diagnosis: full (15.0 observed on average), 940 paired windows, 1 method(s)
[15:57:29]   diagnosis: random1:1 (14.0 observed on average), 940 paired windows, 1 method(s)
[15:57:31]   diagnosis: random3:5-8-14 (12.0 observed on average), 940 paired windows, 1 method(s)
[15:57:34]   diagnosis: random7:3-4-8-10-11-12-14 (8.0 observed on average), 940 paired windows, 1 method(s)
[15:57:36]   diagnosis: bank0:0-1-2-4-5-7-8 (8.0 observed on average), 940 paired windows, 1 method(s)
[15:57:38]   diagnosis: bank1:3 (14.0 observed on average), 940 paired windows, 1 method(s)
[15:57:41]   diagnosis: bank2:6-10 (13.0 observed on average), 940 paired windows, 1 method(s)
[15:57:43]   diagnosis: single_sensor_0 (1.0 observed on average), 940 paired windows, 1 method(s)
[15:57:45]   Diagnosis completed on validation engines only; no confirmatory PASS/FAIL inferred.
[15:57:45] --- stage diagnosis done in 909.3s ---
[15:57:45] === run ok · 909.4s · peak RSS 1.404 GB ===
[14:43:09] === run start · seed11 · seed 11 · hash 10b77bb6faa0 ===
[14:43:09] stages ['diagnosis'] · device cpu · dataset cmapss:FD001
[14:43:09] --- stage: diagnosis ---
[14:43:09]   data: FleetPair(cmapss:FD001: train=100 units, test=100 units, C=15, regimes=1, cap=125)  (0.1s)
[14:43:09]   task: {'kind': 'ad', 'n_train': 3711, 'n_val': 1579, 'n_test': 4639, 'd': 300, 'window': 20, 'n_channels': 15, 'anomaly_rate': 0.12869152426719666, 'kind_counts': {'normal': 4042, 'desync': 107, 'offset': 109, 'spike': 98, 'drift': 113, 'decouple': 118, 'organic': 52}, 'train_units': 100, 'val_units': 30, 'test_units': 100, 'n_val_windows': 1579, 'n_regimes': 1, 'seed': 11, 'per_regime_norm': False, 'official_test_fleet': True, 'dataset': 'cmapss:FD001', 'cap': 125.0, 'subset': 'FD001', 'dropped_constant_sensors': 6, 'source': 'NASA C-MAPSS (real)', 'source_name': 'cmapss', 'source_kind': 'fleet'}
[14:43:09]   caveat: Ships no anomaly annotations: detection anomalies are injected.
    [pc] epoch   0  nll  360.306  val  286.345
    fit channel_blocked K=8: 7/180 (4%) · 0.23 it/s · elapsed 00:30 · ETA 12:43
    fit channel_blocked K=8: 14/180 (8%) · 0.22 it/s · elapsed 01:03 · ETA 12:37
    fit channel_blocked K=8: 21/180 (12%) · 0.21 it/s · elapsed 01:38 · ETA 12:23
    [pc] epoch  22  nll   67.411  val   73.904
    fit channel_blocked K=8: 28/180 (16%) · 0.21 it/s · elapsed 02:10 · ETA 11:49
    fit channel_blocked K=8: 35/180 (19%) · 0.21 it/s · elapsed 02:42 · ETA 11:14
    fit channel_blocked K=8: 42/180 (23%) · 0.21 it/s · elapsed 03:15 · ETA 10:43
    [pc] epoch  44  nll   46.085  val   53.916
    fit channel_blocked K=8: 49/180 (27%) · 0.21 it/s · elapsed 03:50 · ETA 10:15
    fit channel_blocked K=8: 56/180 (31%) · 0.21 it/s · elapsed 04:21 · ETA 09:38
    fit channel_blocked K=8: 63/180 (35%) · 0.22 it/s · elapsed 04:52 · ETA 09:03
    [pc] epoch  66  nll   40.342  val   46.512
    fit channel_blocked K=8: 70/180 (39%) · 0.22 it/s · elapsed 05:24 · ETA 08:29
    fit channel_blocked K=8: 77/180 (43%) · 0.22 it/s · elapsed 05:56 · ETA 07:56
    fit channel_blocked K=8: 83/180 (46%) · 0.21 it/s · elapsed 06:26 · ETA 07:31
    [pc] epoch  88  nll   35.668  val   40.829
    fit channel_blocked K=8: 90/180 (50%) · 0.21 it/s · elapsed 06:59 · ETA 06:59
    fit channel_blocked K=8: 97/180 (54%) · 0.21 it/s · elapsed 07:33 · ETA 06:28
    fit channel_blocked K=8: 104/180 (58%) · 0.21 it/s · elapsed 08:06 · ETA 05:55
    [pc] epoch 110  nll   31.329  val   36.146
    fit channel_blocked K=8: 111/180 (62%) · 0.21 it/s · elapsed 08:40 · ETA 05:23
    fit channel_blocked K=8: 118/180 (66%) · 0.21 it/s · elapsed 09:14 · ETA 04:51
    fit channel_blocked K=8: 125/180 (69%) · 0.21 it/s · elapsed 09:47 · ETA 04:18
    fit channel_blocked K=8: 132/180 (73%) · 0.21 it/s · elapsed 10:21 · ETA 03:46
    [pc] epoch 132  nll   27.885  val   32.605
    fit channel_blocked K=8: 138/180 (77%) · 0.21 it/s · elapsed 10:53 · ETA 03:18
    fit channel_blocked K=8: 143/180 (79%) · 0.21 it/s · elapsed 11:24 · ETA 02:57
    fit channel_blocked K=8: 147/180 (82%) · 0.20 it/s · elapsed 12:04 · ETA 02:42
    fit channel_blocked K=8: 150/180 (83%) · 0.20 it/s · elapsed 12:37 · ETA 02:31
    fit channel_blocked K=8: 154/180 (86%) · 0.19 it/s · elapsed 13:13 · ETA 02:13
    [pc] epoch 154  nll   27.094  val   31.978
    fit channel_blocked K=8: 158/180 (88%) · 0.19 it/s · elapsed 13:51 · ETA 01:55
    fit channel_blocked K=8: 162/180 (90%) · 0.19 it/s · elapsed 14:25 · ETA 01:36
    fit channel_blocked K=8: 166/180 (92%) · 0.18 it/s · elapsed 15:00 · ETA 01:15
    fit channel_blocked K=8: 170/180 (94%) · 0.18 it/s · elapsed 15:33 · ETA 00:54
    fit channel_blocked K=8: 174/180 (97%) · 0.18 it/s · elapsed 16:04 · ETA 00:33
    [pc] epoch 176  nll   26.617  val   32.068
    fit channel_blocked K=8: 179/180 (99%) · 0.18 it/s · elapsed 16:42 · ETA 00:05
    fit channel_blocked K=8: done 180/180 in 16:50
[15:00:02]   pc_train_nll: first=360.3058 last=26.1850 (180 epochs)
[15:00:02]   pc_train_objective: first=360.3058 last=26.1850 (180 epochs)
[15:00:02]   pc_selection_loss: first=286.3446 last=31.5365 (180 epochs)
[15:00:02]   pc_val_nll: first=286.3446 last=31.5365 (180 epochs)
[15:00:04]   pc: fit 1012.3s · 193,968 params · score sd 19.638 · device cpu · layered · 660 win/s
[15:00:04]   pc: validation on 546 windows from explicit subset of held-out units · best epoch 179 of 180 · val nll 31.537
[15:00:06]   shortcut audit: target-channel-only AUROC 0.559 (0.5 = no marginal shortcut)
[15:00:06]   diagnosis: full (15.0 observed on average), 940 paired windows, 1 method(s)
[15:00:10]   diagnosis: random1:1 (14.0 observed on average), 940 paired windows, 1 method(s)
[15:00:14]   diagnosis: random3:5-8-14 (12.0 observed on average), 940 paired windows, 1 method(s)
[15:00:20]   diagnosis: random7:3-4-8-10-11-12-14 (8.0 observed on average), 940 paired windows, 1 method(s)
[15:00:24]   diagnosis: bank0:0-1-2-4-5-7-8 (8.0 observed on average), 940 paired windows, 1 method(s)
[15:00:28]   diagnosis: bank1:3 (14.0 observed on average), 940 paired windows, 1 method(s)
[15:00:32]   diagnosis: bank2:6-10 (13.0 observed on average), 940 paired windows, 1 method(s)
[15:00:35]   diagnosis: single_sensor_0 (1.0 observed on average), 940 paired windows, 1 method(s)
[15:00:39]   Diagnosis completed on validation engines only; no confirmatory PASS/FAIL inferred.
[15:00:39] --- stage diagnosis done in 1049.5s ---
[15:00:39] === run ok · 1049.7s · peak RSS 1.363 GB ===
