[12:04:54] === run start · seed12 · seed 12 · hash ef98718a32fd ===
[12:04:54] stages ['diagnosis'] · device cpu · dataset cmapss:FD001
[12:04:54] --- stage: diagnosis ---
[12:04:54]   data: FleetPair(cmapss:FD001: train=100 units, test=100 units, C=15, regimes=1, cap=125)  (0.1s)
[12:04:54]   task: {'kind': 'ad', 'n_train': 3753, 'n_val': 1537, 'n_test': 4639, 'd': 300, 'window': 20, 'n_channels': 15, 'anomaly_rate': 0.12416469305753708, 'kind_counts': {'decouple': 113, 'normal': 4063, 'spike': 89, 'offset': 117, 'desync': 103, 'drift': 102, 'organic': 52}, 'train_units': 100, 'val_units': 30, 'test_units': 100, 'n_val_windows': 1537, 'n_regimes': 1, 'seed': 12, 'per_regime_norm': False, 'official_test_fleet': True, 'dataset': 'cmapss:FD001', 'cap': 125.0, 'subset': 'FD001', 'dropped_constant_sensors': 6, 'source': 'NASA C-MAPSS (real)', 'source_name': 'cmapss', 'source_kind': 'fleet'}
[12:04:54]   caveat: Ships no anomaly annotations: detection anomalies are injected.
    [pc] epoch   0  nll  493.883  val  317.285
    fit chow_liu K=8: 5/400 (1%) · 0.15 it/s · elapsed 00:33 · ETA 44:37
    fit chow_liu K=8: 10/400 (2%) · 0.15 it/s · elapsed 01:08 · ETA 44:45
    fit chow_liu K=8: 15/400 (4%) · 0.15 it/s · elapsed 01:40 · ETA 43:12
    fit chow_liu K=8: 20/400 (5%) · 0.15 it/s · elapsed 02:15 · ETA 42:59
    fit chow_liu K=8: 25/400 (6%) · 0.15 it/s · elapsed 02:52 · ETA 43:03
    fit chow_liu K=8: 27/400 (7%) · 0.12 it/s · elapsed 03:36 · ETA 49:44
    fit chow_liu K=8: 33/400 (8%) · 0.13 it/s · elapsed 04:11 · ETA 46:37
    fit chow_liu K=8: 34/400 (8%) · 0.04 it/s · elapsed 14:35 · ETA 2:37:01
    fit chow_liu K=8: 40/400 (10%) · 0.04 it/s · elapsed 15:09 · ETA 2:16:29
    fit chow_liu K=8: 42/400 (10%) · 0.04 it/s · elapsed 19:36 · ETA 2:47:08
    fit chow_liu K=8: 48/400 (12%) · 0.04 it/s · elapsed 20:11 · ETA 2:28:01
    [pc] epoch  50  nll   43.268  val   52.256
    fit chow_liu K=8: 53/400 (13%) · 0.04 it/s · elapsed 20:41 · ETA 2:15:31
    fit chow_liu K=8: 58/400 (14%) · 0.05 it/s · elapsed 21:12 · ETA 2:05:01
    fit chow_liu K=8: 63/400 (16%) · 0.05 it/s · elapsed 21:42 · ETA 1:56:08
    fit chow_liu K=8: 68/400 (17%) · 0.05 it/s · elapsed 22:13 · ETA 1:48:30
    fit chow_liu K=8: 73/400 (18%) · 0.05 it/s · elapsed 22:44 · ETA 1:41:51
    fit chow_liu K=8: 78/400 (20%) · 0.06 it/s · elapsed 23:19 · ETA 1:36:17
    fit chow_liu K=8: 82/400 (20%) · 0.06 it/s · elapsed 23:53 · ETA 1:32:37
    fit chow_liu K=8: 86/400 (22%) · 0.06 it/s · elapsed 24:28 · ETA 1:29:22
    fit chow_liu K=8: 90/400 (22%) · 0.06 it/s · elapsed 25:06 · ETA 1:26:30
    fit chow_liu K=8: 93/400 (23%) · 0.06 it/s · elapsed 25:47 · ETA 1:25:07
    fit chow_liu K=8: 96/400 (24%) · 0.06 it/s · elapsed 26:18 · ETA 1:23:18
    fit chow_liu K=8: 99/400 (25%) · 0.06 it/s · elapsed 26:53 · ETA 1:21:45
    [pc] epoch 100  nll   37.773  val   47.820
    fit chow_liu K=8: 102/400 (26%) · 0.06 it/s · elapsed 27:25 · ETA 1:20:08
    fit chow_liu K=8: 106/400 (26%) · 0.06 it/s · elapsed 28:00 · ETA 1:17:41
    fit chow_liu K=8: 110/400 (28%) · 0.06 it/s · elapsed 28:35 · ETA 1:15:21
    fit chow_liu K=8: 114/400 (28%) · 0.07 it/s · elapsed 29:09 · ETA 1:13:09
    fit chow_liu K=8: 118/400 (30%) · 0.07 it/s · elapsed 29:45 · ETA 1:11:06
    fit chow_liu K=8: 121/400 (30%) · 0.04 it/s · elapsed 45:43 · ETA 1:45:25
    fit chow_liu K=8: 127/400 (32%) · 0.05 it/s · elapsed 46:18 · ETA 1:39:32
    fit chow_liu K=8: 129/400 (32%) · 0.03 it/s · elapsed 1:02:11 · ETA 2:10:38
    fit chow_liu K=8: 135/400 (34%) · 0.04 it/s · elapsed 1:02:44 · ETA 2:03:10
    fit chow_liu K=8: 138/400 (34%) · 0.04 it/s · elapsed 1:03:45 · ETA 2:01:03
    fit chow_liu K=8: 144/400 (36%) · 0.04 it/s · elapsed 1:04:21 · ETA 1:54:24
    fit chow_liu K=8: 150/400 (38%) · 0.04 it/s · elapsed 1:04:54 · ETA 1:48:11
    [pc] epoch 150  nll   31.175  val   40.549
    fit chow_liu K=8: 156/400 (39%) · 0.04 it/s · elapsed 1:05:28 · ETA 1:42:24
    fit chow_liu K=8: 162/400 (40%) · 0.04 it/s · elapsed 1:06:02 · ETA 1:37:01
    fit chow_liu K=8: 168/400 (42%) · 0.04 it/s · elapsed 1:06:36 · ETA 1:31:58
    fit chow_liu K=8: 174/400 (44%) · 0.04 it/s · elapsed 1:07:11 · ETA 1:27:16
    fit chow_liu K=8: 180/400 (45%) · 0.04 it/s · elapsed 1:07:46 · ETA 1:22:50
    fit chow_liu K=8: 186/400 (46%) · 0.05 it/s · elapsed 1:08:21 · ETA 1:18:38
    fit chow_liu K=8: 192/400 (48%) · 0.05 it/s · elapsed 1:08:56 · ETA 1:14:40
    fit chow_liu K=8: 198/400 (50%) · 0.05 it/s · elapsed 1:09:30 · ETA 1:10:54
    [pc] epoch 200  nll   35.593  val   45.030
    fit chow_liu K=8: 204/400 (51%) · 0.05 it/s · elapsed 1:10:04 · ETA 1:07:20
    fit chow_liu K=8: 210/400 (52%) · 0.05 it/s · elapsed 1:10:38 · ETA 1:03:55
    fit chow_liu K=8: 215/400 (54%) · 0.05 it/s · elapsed 1:11:09 · ETA 1:01:13
    fit chow_liu K=8: 220/400 (55%) · 0.05 it/s · elapsed 1:11:39 · ETA 58:37
    fit chow_liu K=8: 225/400 (56%) · 0.05 it/s · elapsed 1:12:10 · ETA 56:08
    fit chow_liu K=8: 230/400 (58%) · 0.05 it/s · elapsed 1:12:40 · ETA 53:43
    fit chow_liu K=8: 235/400 (59%) · 0.05 it/s · elapsed 1:13:14 · ETA 51:25
    fit chow_liu K=8: 240/400 (60%) · 0.05 it/s · elapsed 1:13:49 · ETA 49:12
    fit chow_liu K=8: 245/400 (61%) · 0.05 it/s · elapsed 1:14:20 · ETA 47:02
    fit chow_liu K=8: 250/400 (62%) · 0.06 it/s · elapsed 1:14:53 · ETA 44:56
    [pc] epoch 250  nll   30.487  val   38.110
    fit chow_liu K=8: 255/400 (64%) · 0.06 it/s · elapsed 1:15:25 · ETA 42:53
    [pc] restored epoch 197 (selected by nll; val nll 37.429, last 39.082)
[13:20:41]   pc_train_nll: first=493.8833 last=30.4413 (258 epochs)
[13:20:41]   pc_train_objective: first=493.8833 last=30.4413 (258 epochs)
[13:20:41]   pc_selection_loss: first=317.2854 last=39.0822 (258 epochs)
[13:20:41]   pc_val_nll: first=317.2854 last=39.0822 (258 epochs)
[13:20:43]   pc: fit 4547.1s · 195,840 params · score sd 20.476 · device cpu · layered · 213 win/s
[13:20:43]   pc: validation on 650 windows from explicit subset of held-out units · best epoch 197 of 400 · val nll 37.429
[13:20:44]   shortcut audit: target-channel-only AUROC 0.547 (0.5 = no marginal shortcut)
[13:20:45]   baseline gaussian_fitted: fit 0.38s · 45,450 params · selection {'shrinkage': 0.01}
[13:20:45]   detection comparators: ['knn_refit', 'knn_impute', 'mahalanobis_refit', 'mahalanobis_impute', 'gmm_refit', 'gmm_impute', 'pca_refit', 'pca_impute', 'diag_gaussian_refit', 'diag_gaussian_impute']
[13:20:45]   diagnosis: full (15.0 observed on average), 830 paired windows, 2 method(s)
[13:21:05]   diagnosis: random1:1 (14.0 observed on average), 830 paired windows, 2 method(s)
[13:21:24]   diagnosis: random3:5-8-14 (12.0 observed on average), 830 paired windows, 2 method(s)
[13:21:40]   diagnosis: random7:3-4-8-10-11-12-14 (8.0 observed on average), 830 paired windows, 2 method(s)
[13:21:51]   diagnosis: bank0:0-1-2-4-5-7-8 (8.0 observed on average), 830 paired windows, 2 method(s)
[13:22:03]   diagnosis: bank1:3 (14.0 observed on average), 830 paired windows, 2 method(s)
[13:22:21]   diagnosis: bank2:6-10 (13.0 observed on average), 830 paired windows, 2 method(s)
[13:22:38]   diagnosis: single_sensor_0 (1.0 observed on average), 830 paired windows, 2 method(s)
[13:22:41]   Diagnosis completed on validation engines only; no confirmatory PASS/FAIL inferred.
[13:22:41] --- stage diagnosis done in 4666.8s ---
[13:22:41] === run ok · 4667.1s · peak RSS 1.612 GB ===
