==============================================================
 time-series PoC — overnight batch, started Dom  2 Ago 2026 22:39:40 CEST
==============================================================
[22:39:40] START  rul_00_chain_fair
[22:48:30] OK     rul_00_chain_fair
[22:48:30] START  rul_01_heavy_censor
[22:55:31] OK     rul_01_heavy_censor
[22:55:31] START  rul_02_censor_0.2
[23:02:40] OK     rul_02_censor_0.2
[23:02:40] START  rul_02_censor_0.5
[23:08:03] OK     rul_02_censor_0.5
[23:08:03] START  rul_03_tau_deep
[23:16:14] OK     rul_03_tau_deep
[23:16:14] START  rul_04_finebins
[23:24:23] OK     rul_04_finebins
[23:24:23] START  rul_05_delta
[23:30:24] OK     rul_05_delta
[23:30:24] START  rul_06_time_vtree
[00:20:57] OK     rul_06_time_vtree
[00:20:57] START  rul_07_diag_clustering
[00:26:23] OK     rul_07_diag_clustering
[00:26:23] START  ad_10_chain_full
[00:28:45] OK     ad_10_chain_full
[00:28:45] START  ad_11_structure_ablation
[01:06:53] OK     ad_11_structure_ablation
[01:06:53] START  ad_12_sos
[01:22:34] OK     ad_12_sos
[01:22:34] START  ad_13_orc_rg_multi
[01:46:29] OK     ad_13_orc_rg_multi
[01:46:29] START  ad_14_delta
[01:48:27] OK     ad_14_delta
[01:48:27] START  xai_20_full
[01:53:46] OK     xai_20_full
[01:53:46] START  xai_21_shap_budget
[01:56:14] OK     xai_21_shap_budget
[01:56:14] START  bench_30_scaling
[02:00:28] OK     bench_30_scaling
[02:00:28] START  bench_31_scaling_k6
[02:04:13] OK     bench_31_scaling_k6

==============================================================
 batch finished Lun  3 Ago 2026 02:04:13 CEST
==============================================================

==============================================================================
 OVERNIGHT SUMMARY — logs/overnight
==============================================================================

[1] GATE: does the exact censored likelihood earn its place?

  chain, 35% censored        CRPS  drop  14.195 | censored  13.359 | Δ  +0.837  → censoring HELPS
                             RMSE  drop  28.395 | censored  26.465   PICP 0.556 (nominal 0.90)
  chain, 70% censored *      CRPS  drop  13.845 | censored  16.215 | Δ  -2.370  → censoring HURTS
                             RMSE  drop  27.591 | censored  30.265   PICP 0.407 (nominal 0.90)
  chain, 20% censored        CRPS  drop  12.054 | censored  12.189 | Δ  -0.135  → censoring HURTS
                             RMSE  drop  24.622 | censored  24.770   PICP 0.543 (nominal 0.90)
  chain, 50% censored        CRPS  drop  13.171 | censored  13.656 | Δ  -0.485  → censoring HURTS
                             RMSE  drop  27.179 | censored  27.026   PICP 0.519 (nominal 0.90)

  * the pre-registered kill condition: at 70% censoring the
    drop-censored arm is starved, so the exact term MUST win here.

  >>> GATE FAILED — per the pre-registered condition, T1 becomes
      a limitations paragraph and the paper ships on AD/XAI alone.

[2] RUL capacity probes (is the K×K coupling the bottleneck?)

  tau deep, K=12             CRPS  12.212  RMSE  24.738  PICP 0.490
  40 bins, K=12              CRPS  20.467  RMSE  37.236  PICP 0.564
  first differences          CRPS  14.343  RMSE  27.667  PICP 0.571
  balanced time vtree        CRPS  14.542  RMSE  28.254  PICP 0.550

  clustering diagnostic (few distinct values ⇒ coupling-limited):
    tau@root  K= 6:    1 distinct predicted RUL values over 851 windows  (K^2 = 36)
               spread: min 102.4 max 102.4 sd 0.0; true sd 43.5
    tau@root  K=12:    1 distinct predicted RUL values over 851 windows  (K^2 = 144)
               spread: min 102.9 max 102.9 sd 0.0; true sd 43.5
    tau@deep  K=12:  693 distinct predicted RUL values over 851 windows  (K^2 = 144)
               spread: min 8.6 max 124.6 sd 38.1; true sd 43.5

[3] AD detection (current generator)

                            conv autoencoder AUROC 0.9446±0.0131  AP 0.9198
            RegionGraphPC [chain vtree, K=6] AUROC 0.9368±0.0092  AP 0.9033
                                 Mahalanobis AUROC 0.9364±0.0097  AP 0.9049
                               1-NN distance AUROC 0.9311±0.0108  AP 0.8886
                                   Deep SVDD AUROC 0.8984±0.0064  AP 0.8316
                       z-score (per channel) AUROC 0.8514±0.0125  AP 0.7274

[4] EXPLANATION quality vs ground truth (the AD contribution)

                PC conditional (exact) AUROC 0.9021±0.0165  prec@k 0.7510
       PC Shapley (exact conditionals) AUROC 0.8997±0.0246  prec@k 0.7511
       AE reconstruction (per channel) AUROC 0.8570±0.0324  prec@k 0.6710
                   PC marginal (exact) AUROC 0.8350±0.0247  prec@k 0.5798
          Gaussian conditional (exact) AUROC 0.7750±0.0251  prec@k 0.6546
                 PC structural (exact) AUROC 0.7747±0.0434  prec@k 0.6197
                 z-score (per channel) AUROC 0.7451±0.0167  prec@k 0.5088
              AE sampling-SHAP (32/ch) AUROC 0.4975±0.0289  prec@k 0.1377

  completeness residual: max 1.78e-05 nats  (float32 round-off ⇒ exact)

[5] Run status

  ok      ad_10_chain_full
  ok      ad_11_structure_ablation
  ok      ad_12_sos
  ok      ad_13_orc_rg_multi
  ok      ad_14_delta
  ok      bench_30_scaling
  ok      bench_31_scaling_k6
  ok      rul_00_chain_fair
  ok      rul_01_heavy_censor
  ok      rul_02_censor_0.2
  ok      rul_02_censor_0.5
  ok      rul_03_tau_deep
  ok      rul_04_finebins
  ok      rul_05_delta
  ok      rul_06_time_vtree
  ok      rul_07_diag_clustering
  ok      xai_20_full
  ok      xai_21_shap_budget

