[11:52:35] === run start · seed11 · seed 11 · hash c45bb4af8153 ===
[11:52:35] stages ['diagnosis'] · device cpu · dataset synthetic
[11:52:35] --- stage: diagnosis ---
    [pc] epoch   0  nll   27.085  val   26.080
    [pc] epoch   7  nll   24.254  val   23.483
    [pc] epoch  14  nll   23.314  val   22.669
    [pc] epoch  21  nll   23.065  val   22.484
    [pc] epoch  28  nll   22.921  val   22.381
    [pc] epoch  35  nll   22.722  val   22.236
    [pc] epoch  42  nll   22.441  val   22.010
    [pc] epoch  49  nll   22.149  val   21.781
    [pc] epoch  56  nll   21.930  val   21.620
[11:52:38]   pc_train_nll: first=27.0849 last=21.8566 (60 epochs)
[11:52:38]   pc_train_objective: first=27.0849 last=21.8566 (60 epochs)
[11:52:38]   pc_selection_loss: first=26.0804 last=21.5634 (60 epochs)
[11:52:38]   pc_val_nll: first=26.0804 last=21.5634 (60 epochs)
[11:52:38]   pc: fit 2.8s · 2,688 params · score sd 5.816 · device cpu · layered · 21,607 win/s
[11:52:38]   pc: validation on 200 windows from explicit subset of held-out units · best epoch 59 of 60 · val nll 21.563
[11:52:38]   shortcut audit: target-channel-only AUROC 0.491 (0.5 = no marginal shortcut)
[11:52:38]   diagnosis: full (4.0 observed on average), 400 paired windows, 2 method(s)
[11:52:38]   diagnosis: random1:0 (3.0 observed on average), 400 paired windows, 2 method(s)
[11:52:38]   diagnosis: random2:1-2 (2.0 observed on average), 400 paired windows, 2 method(s)
[11:52:39]   diagnosis: bank0:0-1 (2.0 observed on average), 400 paired windows, 2 method(s)
[11:52:39]   diagnosis: single_sensor_0 (1.0 observed on average), 400 paired windows, 2 method(s)
[11:52:39]   Diagnosis completed on validation engines only; no confirmatory PASS/FAIL inferred.
[11:52:39] --- stage diagnosis done in 4.4s ---
[11:52:39] === run ok · 4.5s · peak RSS 0.341 GB ===
[20:07:25] === run start · seed11 · seed 11 · hash d12aea599e97 ===
[20:07:25] stages ['diagnosis'] · device cpu · dataset synthetic
[20:07:25] --- stage: diagnosis ---
    [pc] epoch   0  nll   27.085  val   26.080
    [pc] epoch   7  nll   24.254  val   23.483
    [pc] epoch  14  nll   23.314  val   22.669
    [pc] epoch  21  nll   23.065  val   22.484
    [pc] epoch  28  nll   22.921  val   22.381
    [pc] epoch  35  nll   22.722  val   22.236
    [pc] epoch  42  nll   22.441  val   22.010
    [pc] epoch  49  nll   22.149  val   21.781
    [pc] epoch  56  nll   21.930  val   21.620
[20:07:26]   pc_train_nll: first=27.0849 last=21.8566 (60 epochs)
[20:07:26]   pc_train_objective: first=27.0849 last=21.8566 (60 epochs)
[20:07:26]   pc_selection_loss: first=26.0804 last=21.5634 (60 epochs)
[20:07:26]   pc_val_nll: first=26.0804 last=21.5634 (60 epochs)
[20:07:26]   pc: fit 1.6s · 2,688 params · score sd 5.816 · device cpu · layered · 38,405 win/s
[20:07:26]   pc: validation on 200 windows from explicit subset of held-out units · best epoch 59 of 60 · val nll 21.563
[20:07:26]   shortcut audit: target-channel-only AUROC 0.491 (0.5 = no marginal shortcut)
[20:07:26]   diagnosis: full (4.0 observed on average), 400 paired windows, 2 method(s)
[20:07:27]   diagnosis: random1:0 (3.0 observed on average), 400 paired windows, 2 method(s)
[20:07:27]   diagnosis: random2:1-2 (2.0 observed on average), 400 paired windows, 2 method(s)
[20:07:27]   diagnosis: bank0:0-1 (2.0 observed on average), 400 paired windows, 2 method(s)
[20:07:27]   diagnosis: single_sensor_0 (1.0 observed on average), 400 paired windows, 2 method(s)
[20:07:27]   Diagnosis completed on validation engines only; no confirmatory PASS/FAIL inferred.
[20:07:27] --- stage diagnosis done in 2.2s ---
[20:07:27] === run ok · 2.2s · peak RSS 0.348 GB ===
