[12:16:30] === run start · seed12 · seed 12 · hash a7ab40f3f1cf ===
[12:16:30] stages ['diagnosis'] · device cpu · dataset synthetic
[12:16:30] --- stage: diagnosis ---
    [pc] epoch   0  nll   32.740  val   30.449
    [pc] epoch  18  nll   27.220  val   26.744
    [pc] epoch  36  nll   25.869  val   25.689
    [pc] epoch  54  nll   25.475  val   25.433
    [pc] epoch  72  nll   24.866  val   24.855
    [pc] epoch  90  nll   24.727  val   24.772
    [pc] epoch 108  nll   24.642  val   24.757
    [pc] epoch 126  nll   24.557  val   24.726
    [pc] epoch 144  nll   24.517  val   24.742
    [pc] restored epoch 130 (selected by nll; val nll 24.719, last 24.728)
[12:16:33]   pc_train_nll: first=32.7399 last=24.5030 (150 epochs)
[12:16:33]   pc_train_objective: first=32.7399 last=24.5030 (150 epochs)
[12:16:33]   pc_selection_loss: first=30.4487 last=24.7281 (150 epochs)
[12:16:33]   pc_val_nll: first=30.4487 last=24.7281 (150 epochs)
[12:16:34]   pc: fit 3.9s · 1,888 params · score sd 4.453 · device cpu · layered · 39,378 win/s
[12:16:34]   pc: validation on 200 windows from explicit subset of held-out units · best epoch 130 of 150 · val nll 24.719
[12:16:34]   shortcut audit: target-channel-only AUROC 0.497 (0.5 = no marginal shortcut)
[12:16:34]   baseline gaussian_fitted: fit 0.00s · 230 params · selection {'shrinkage': 0.001}
[12:16:34]   diagnosis: full (5.0 observed on average), 400 paired windows, 3 method(s)
[12:16:36]   diagnosis: random1:0 (4.0 observed on average), 400 paired windows, 3 method(s)
[12:16:39]   diagnosis: random2:2-3 (3.0 observed on average), 400 paired windows, 3 method(s)
[12:16:42]   diagnosis: bank0:0-1 (3.0 observed on average), 400 paired windows, 3 method(s)
[12:16:45]   diagnosis: single_sensor_0 (1.0 observed on average), 400 paired windows, 3 method(s)
[12:16:47]   diagnosis: witnesses_all (5.0 observed on average), 400 paired windows, 3 method(s)
[12:16:50]   diagnosis: witnesses_none (4.0 observed on average), 400 paired windows, 3 method(s)
[12:16:53]   diagnosis: target_hidden (4.0 observed on average), 400 paired windows, 3 method(s)
[12:16:56]   diagnosis: independent_random (4.0 observed on average), 400 paired windows, 3 method(s)
[12:16:58]   diagnosis: fixed_unseen (4.0 observed on average), 400 paired windows, 3 method(s)
[12:17:00]   diagnosis: informative_value (4.5 observed on average), 400 paired windows, 3 method(s)
[12:17:02]   diagnosis: informative_fault (4.8 observed on average), 400 paired windows, 3 method(s)
[12:17:03]   Diagnosis completed on validation engines only; no confirmatory PASS/FAIL inferred.
[12:17:03] --- stage diagnosis done in 33.8s ---
[12:17:03] === run ok · 33.9s · peak RSS 0.345 GB ===
[21:13:36] === run start · seed12 · seed 12 · hash e2a2232d66ba ===
[21:13:36] stages ['diagnosis'] · device cpu · dataset synthetic
[21:13:36] --- stage: diagnosis ---
    [pc] epoch   0  nll   32.740  val   30.449
    [pc] epoch  18  nll   27.220  val   26.744
    [pc] epoch  36  nll   25.869  val   25.689
    [pc] epoch  54  nll   25.475  val   25.433
    [pc] epoch  72  nll   24.866  val   24.855
    [pc] epoch  90  nll   24.727  val   24.772
    [pc] epoch 108  nll   24.642  val   24.757
    [pc] epoch 126  nll   24.557  val   24.726
    [pc] epoch 144  nll   24.517  val   24.742
    [pc] restored epoch 130 (selected by nll; val nll 24.719, last 24.728)
[21:13:40]   pc_train_nll: first=32.7399 last=24.5030 (150 epochs)
[21:13:40]   pc_train_objective: first=32.7399 last=24.5030 (150 epochs)
[21:13:40]   pc_selection_loss: first=30.4487 last=24.7281 (150 epochs)
[21:13:40]   pc_val_nll: first=30.4487 last=24.7281 (150 epochs)
[21:13:40]   pc: fit 4.3s · 1,888 params · score sd 4.453 · device cpu · layered · 35,388 win/s
[21:13:40]   pc: validation on 200 windows from explicit subset of held-out units · best epoch 130 of 150 · val nll 24.719
[21:13:41]   shortcut audit: target-channel-only AUROC 0.497 (0.5 = no marginal shortcut)
[21:13:41]   baseline gaussian_fitted: fit 0.00s · 230 params · selection {'shrinkage': 0.001}
[21:13:41]   diagnosis: full (5.0 observed on average), 400 paired windows, 3 method(s)
[21:13:43]   diagnosis: random1:0 (4.0 observed on average), 400 paired windows, 3 method(s)
[21:13:45]   diagnosis: random2:2-3 (3.0 observed on average), 400 paired windows, 3 method(s)
[21:13:48]   diagnosis: bank0:0-1 (3.0 observed on average), 400 paired windows, 3 method(s)
[21:13:50]   diagnosis: single_sensor_0 (1.0 observed on average), 400 paired windows, 3 method(s)
[21:13:53]   diagnosis: witnesses_all (5.0 observed on average), 400 paired windows, 3 method(s)
[21:13:55]   diagnosis: witnesses_none (4.0 observed on average), 400 paired windows, 3 method(s)
[21:13:58]   diagnosis: target_hidden (4.0 observed on average), 400 paired windows, 3 method(s)
[21:14:01]   diagnosis: independent_random (4.0 observed on average), 400 paired windows, 3 method(s)
[21:14:03]   diagnosis: fixed_unseen (4.0 observed on average), 400 paired windows, 3 method(s)
[21:14:05]   diagnosis: informative_value (4.5 observed on average), 400 paired windows, 3 method(s)
[21:14:07]   diagnosis: informative_fault (4.8 observed on average), 400 paired windows, 3 method(s)
[21:14:09]   Diagnosis completed on validation engines only; no confirmatory PASS/FAIL inferred.
[21:14:09] --- stage diagnosis done in 32.6s ---
[21:14:09] === run ok · 32.6s · peak RSS 0.342 GB ===
