[12:12:12] === run start · seed12 · seed 12 · hash f7097a244ec4 ===
[12:12:12] stages ['diagnosis'] · device cpu · dataset synthetic
[12:12:12] --- stage: diagnosis ---
    [pc] epoch   0  nll   32.618  val   30.749
    [pc] epoch  18  nll   27.330  val   27.144
    [pc] epoch  36  nll   25.749  val   25.795
    [pc] epoch  54  nll   25.292  val   25.400
    [pc] epoch  72  nll   24.825  val   25.063
    [pc] epoch  90  nll   24.611  val   24.929
    [pc] epoch 108  nll   24.464  val   24.874
    [pc] epoch 126  nll   24.402  val   24.875
    [pc] restored epoch 102 (selected by objective; val nll 24.847, last 24.875)
[12:12:25]   pc_train_nll: first=32.6185 last=24.4032 (128 epochs)
[12:12:25]   pc_train_objective: first=39.1852 last=29.2644 (128 epochs)
[12:12:25]   pc_selection_loss: first=36.8992 last=29.7657 (128 epochs)
[12:12:25]   pc_val_nll: first=30.7493 last=24.8753 (128 epochs)
[12:12:25]   pc: fit 12.7s · 1,888 params · score sd 4.533 · device cpu · layered · 10,283 win/s
[12:12:25]   pc: validation on 200 windows from explicit subset of held-out units · best epoch 102 of 150 · val nll 24.847
[12:12:25]   shortcut audit: target-channel-only AUROC 0.497 (0.5 = no marginal shortcut)
[12:12:25]   baseline gaussian_fitted: fit 0.00s · 230 params · selection {'shrinkage': 0.001}
[12:12:25]   diagnosis: full (5.0 observed on average), 400 paired windows, 3 method(s)
[12:12:28]   diagnosis: random1:0 (4.0 observed on average), 400 paired windows, 3 method(s)
[12:12:31]   diagnosis: random2:2-3 (3.0 observed on average), 400 paired windows, 3 method(s)
[12:12:33]   diagnosis: bank0:0-1 (3.0 observed on average), 400 paired windows, 3 method(s)
[12:12:36]   diagnosis: single_sensor_0 (1.0 observed on average), 400 paired windows, 3 method(s)
[12:12:40]   diagnosis: witnesses_all (5.0 observed on average), 400 paired windows, 3 method(s)
[12:12:43]   diagnosis: witnesses_drop1 (4.0 observed on average), 400 paired windows, 3 method(s)
[12:12:47]   diagnosis: witnesses_none (3.0 observed on average), 400 paired windows, 3 method(s)
[12:12:51]   diagnosis: target_hidden (4.0 observed on average), 400 paired windows, 3 method(s)
[12:12:54]   diagnosis: independent_random (4.0 observed on average), 400 paired windows, 3 method(s)
[12:12:56]   diagnosis: fixed_unseen (4.0 observed on average), 400 paired windows, 3 method(s)
[12:12:58]   diagnosis: informative_value (4.5 observed on average), 400 paired windows, 3 method(s)
[12:13:01]   diagnosis: informative_fault (4.8 observed on average), 400 paired windows, 3 method(s)
[12:13:03]   Diagnosis completed on validation engines only; no confirmatory PASS/FAIL inferred.
[12:13:03] --- stage diagnosis done in 51.4s ---
[12:13:03] === run ok · 51.5s · peak RSS 0.345 GB ===
[20:57:51] === run start · seed12 · seed 12 · hash ccc18b9653f6 ===
[20:57:51] stages ['diagnosis'] · device cpu · dataset synthetic
[20:57:51] --- stage: diagnosis ---
    [pc] epoch   0  nll   32.618  val   30.749
    [pc] epoch  18  nll   27.330  val   27.144
    [pc] epoch  36  nll   25.749  val   25.795
    [pc] epoch  54  nll   25.292  val   25.400
    [pc] epoch  72  nll   24.825  val   25.063
    [pc] epoch  90  nll   24.611  val   24.929
    [pc] epoch 108  nll   24.464  val   24.874
    fit channel_blocked K=4: 116/150 (77%) · 2.78 it/s · elapsed 00:41 · ETA 00:12
    [pc] epoch 126  nll   24.402  val   24.875
    [pc] restored epoch 102 (selected by objective; val nll 24.847, last 24.875)
[20:58:34]   pc_train_nll: first=32.6185 last=24.4032 (128 epochs)
[20:58:34]   pc_train_objective: first=39.1852 last=29.2644 (128 epochs)
[20:58:34]   pc_selection_loss: first=36.8992 last=29.7657 (128 epochs)
[20:58:34]   pc_val_nll: first=30.7493 last=24.8753 (128 epochs)
[20:58:34]   pc: fit 43.4s · 1,888 params · score sd 4.533 · device cpu · layered · 3,021 win/s
[20:58:34]   pc: validation on 200 windows from explicit subset of held-out units · best epoch 102 of 150 · val nll 24.847
[20:58:34]   shortcut audit: target-channel-only AUROC 0.497 (0.5 = no marginal shortcut)
[20:58:34]   baseline gaussian_fitted: fit 0.00s · 230 params · selection {'shrinkage': 0.001}
[20:58:34]   diagnosis: full (5.0 observed on average), 400 paired windows, 3 method(s)
[20:58:38]   diagnosis: random1:0 (4.0 observed on average), 400 paired windows, 3 method(s)
[20:58:41]   diagnosis: random2:2-3 (3.0 observed on average), 400 paired windows, 3 method(s)
[20:58:44]   diagnosis: bank0:0-1 (3.0 observed on average), 400 paired windows, 3 method(s)
[20:58:47]   diagnosis: single_sensor_0 (1.0 observed on average), 400 paired windows, 3 method(s)
[20:58:50]   diagnosis: witnesses_all (5.0 observed on average), 400 paired windows, 3 method(s)
[20:58:53]   diagnosis: witnesses_drop1 (4.0 observed on average), 400 paired windows, 3 method(s)
[20:58:56]   diagnosis: witnesses_none (3.0 observed on average), 400 paired windows, 3 method(s)
[20:59:00]   diagnosis: target_hidden (4.0 observed on average), 400 paired windows, 3 method(s)
[20:59:04]   diagnosis: independent_random (4.0 observed on average), 400 paired windows, 3 method(s)
[20:59:06]   diagnosis: fixed_unseen (4.0 observed on average), 400 paired windows, 3 method(s)
[20:59:09]   diagnosis: informative_value (4.5 observed on average), 400 paired windows, 3 method(s)
[20:59:12]   diagnosis: informative_fault (4.8 observed on average), 400 paired windows, 3 method(s)
[20:59:15]   Diagnosis completed on validation engines only; no confirmatory PASS/FAIL inferred.
[20:59:15] --- stage diagnosis done in 84.2s ---
[20:59:15] === run ok · 84.2s · peak RSS 0.342 GB ===
