[08:48:40] === run start · seed2 · seed 2 · hash 2d74a8c7578f ===
[08:48:40] stages ['ad'] · device cuda · dataset cmapss:FD001
[08:48:40] --- stage: ad ---
[08:48:40]   data: FleetPair(cmapss:FD001: train=100 units, test=100 units, C=15, regimes=3, cap=125)  (0.1s)
[08:48:40]   task: {'kind': 'ad', 'n_train': 5290, 'n_test': 4608, 'd': 300, 'window': 20, 'n_channels': 15, 'anomaly_rate': 0.1265190988779068, 'kind_counts': {'normal': 4025, 'offset': 105, 'drift': 102, 'spike': 111, 'decouple': 94, 'desync': 125, 'organic': 46}, 'train_units': 100, 'test_units': 100, 'n_regimes': 3, 'seed': 2, 'per_regime_norm': True, 'official_test_fleet': True, 'dataset': 'cmapss:FD001', 'cap': 125.0, 'subset': 'FD001', 'dropped_constant_sensors': 6, 'source': 'NASA C-MAPSS (real)'}
    [pc] epoch   0  nll 12297.292
    [pc] epoch   6  nll  143.805
    [pc] epoch  12  nll  139.836
    [pc] epoch  18  nll  138.599
    [pc] epoch  24  nll  137.562
    [pc] epoch  30  nll  136.883
    [pc] epoch  36  nll  136.712
    [pc] epoch  42  nll  136.777
    [pc] epoch  48  nll  136.502
[08:56:30]   pc_train_nll: first=12297.2919 last=136.4390 (50 epochs)
[08:56:30]   pc: fit 469.6s · 15,360 params · score sd 21.448 · device cuda
[08:57:09]   typed decomposition (mean worst-channel surprise):
[08:57:09]        normal  n= 4025  marginal    23.48  conditional    23.32  structural     5.70
[08:57:09]      decouple  n=   94  marginal    23.29  conditional    22.84  structural     5.02
[08:57:09]        desync  n=  125  marginal    23.42  conditional    38.09  structural    23.47
[08:57:09]         drift  n=  102  marginal   653.11  conditional   719.53  structural    88.69
[08:57:09]        offset  n=  105  marginal   452.06  conditional   525.55  structural   101.30
[08:57:09]       organic  n=   46  marginal   116.36  conditional   151.25  structural    73.42
[08:57:09]         spike  n=  111  marginal    54.35  conditional    64.33  structural    14.76
[08:57:09] --- stage ad done in 509.3s ---
[08:57:09] === run ok · 509.3s · peak RSS 1.729 GB ===
