[16:03:31] === run start · seed11 · seed 11 · hash a45835247101 ===
[16:03:31] stages ['diagnosis'] · device cuda · dataset synthetic
[16:03:31] --- stage: diagnosis ---
    [pc] epoch   0  nll    8.753  val    8.529
    [pc] epoch   1  nll    8.685  val    8.591
    [pc] epoch   2  nll    8.672  val    8.666
    [pc] restored epoch 0 (selected by nll; val nll 8.529, last 8.666)
[16:03:31]   pc_train_nll: first=8.7526 last=8.6722 (3 epochs)
[16:03:31]   pc_train_objective: first=8.7526 last=8.6722 (3 epochs)
[16:03:31]   pc_selection_loss: first=8.5288 last=8.6656 (3 epochs)
[16:03:31]   pc_val_nll: first=8.5288 last=8.6656 (3 epochs)
[16:03:31]   pc: fit 0.0s · 63 params · score sd 2.857 · device cuda · layered · 6,934 win/s
[16:03:31]   pc: validation on 20 windows from explicit subset of held-out units · best epoch 0 of 3 · val nll 8.529
[16:03:31]   shortcut audit: target-channel-only AUROC 0.427 (0.5 = no marginal shortcut)
[16:03:31]   diagnosis: full (3.0 observed on average), 40 paired windows, 2 method(s)
[16:03:31]   diagnosis: random1:0 (2.0 observed on average), 40 paired windows, 2 method(s)
[16:03:31]   diagnosis: bank0:0 (2.0 observed on average), 40 paired windows, 2 method(s)
[16:03:31]   diagnosis: single_sensor_0 (1.0 observed on average), 40 paired windows, 2 method(s)
[16:03:31]   Diagnosis completed on validation engines only; no confirmatory PASS/FAIL inferred.
[16:03:31] --- stage diagnosis done in 0.1s ---
[16:03:31] === run ok · 0.1s · peak RSS 1.474 GB ===
