[12:04:56] === run start · seed12 · seed 12 · hash 56fc468319b9 ===
[12:04:56] stages ['diagnosis'] · device cpu · dataset synthetic
[12:04:56] --- stage: diagnosis ---
    [pc] epoch   0  nll   26.024  val   23.720
    [pc] epoch  18  nll   21.360  val   20.775
    [pc] epoch  36  nll   19.955  val   19.884
    [pc] epoch  54  nll   19.307  val   19.436
    [pc] epoch  72  nll   19.226  val   19.395
    [pc] epoch  90  nll   19.188  val   19.395
    [pc] epoch 108  nll   19.156  val   19.379
    [pc] epoch 126  nll   19.118  val   19.326
    [pc] epoch 144  nll   19.090  val   19.316
    [pc] restored epoch 128 (selected by nll; val nll 19.305, last 19.307)
[12:05:01]   pc_train_nll: first=26.0239 last=19.0897 (150 epochs)
[12:05:01]   pc_train_objective: first=26.0239 last=19.0897 (150 epochs)
[12:05:01]   pc_selection_loss: first=23.7202 last=19.3068 (150 epochs)
[12:05:01]   pc_val_nll: first=23.7202 last=19.3068 (150 epochs)
[12:05:02]   pc: fit 5.8s · 2,688 params · score sd 4.906 · device cpu · layered · 26,263 win/s
[12:05:02]   pc: validation on 200 windows from explicit subset of held-out units · best epoch 128 of 150 · val nll 19.305
[12:05:02]   shortcut audit: target-channel-only AUROC 0.456 (0.5 = no marginal shortcut)
[12:05:02]   baseline gaussian_fitted: fit 0.00s · 152 params · selection {'shrinkage': 0.001}
[12:05:02]   baseline lowrank_fitted: fit 0.05s · 160 params · selection {'rank': 8}
[12:05:02]   baseline gmm_fitted: fit 0.45s · 152 params · selection {'components': 1, 'reg': 0.0001}
[12:05:02]   diagnosis: full (4.0 observed on average), 400 paired windows, 5 method(s)
[12:05:02]   diagnosis: random1:0 (3.0 observed on average), 400 paired windows, 5 method(s)
[12:05:03]   diagnosis: random2:1-2 (2.0 observed on average), 400 paired windows, 5 method(s)
[12:05:03]   diagnosis: random3:1-2-3 (1.0 observed on average), 400 paired windows, 5 method(s)
[12:05:03]   diagnosis: bank0:0-1 (2.0 observed on average), 400 paired windows, 5 method(s)
[12:05:04]   diagnosis: single_sensor_0 (1.0 observed on average), 400 paired windows, 5 method(s)
[12:05:04]   Diagnosis completed on validation engines only; no confirmatory PASS/FAIL inferred.
[12:05:04] --- stage diagnosis done in 8.1s ---
[12:05:04] === run ok · 8.2s · peak RSS 0.33 GB ===
[20:41:00] === run start · seed12 · seed 12 · hash edcc61a53456 ===
[20:41:00] stages ['diagnosis'] · device cpu · dataset synthetic
[20:41:00] --- stage: diagnosis ---
    [pc] epoch   0  nll   26.024  val   23.720
    [pc] epoch  18  nll   21.360  val   20.775
    [pc] epoch  36  nll   19.955  val   19.884
    [pc] epoch  54  nll   19.307  val   19.436
    [pc] epoch  72  nll   19.226  val   19.395
    [pc] epoch  90  nll   19.188  val   19.395
    [pc] epoch 108  nll   19.156  val   19.379
    [pc] epoch 126  nll   19.118  val   19.326
    [pc] epoch 144  nll   19.090  val   19.316
    [pc] restored epoch 128 (selected by nll; val nll 19.305, last 19.307)
[20:41:04]   pc_train_nll: first=26.0239 last=19.0897 (150 epochs)
[20:41:04]   pc_train_objective: first=26.0239 last=19.0897 (150 epochs)
[20:41:04]   pc_selection_loss: first=23.7202 last=19.3068 (150 epochs)
[20:41:04]   pc_val_nll: first=23.7202 last=19.3068 (150 epochs)
[20:41:04]   pc: fit 4.1s · 2,688 params · score sd 4.906 · device cpu · layered · 37,362 win/s
[20:41:04]   pc: validation on 200 windows from explicit subset of held-out units · best epoch 128 of 150 · val nll 19.305
[20:41:04]   shortcut audit: target-channel-only AUROC 0.456 (0.5 = no marginal shortcut)
[20:41:04]   baseline gaussian_fitted: fit 0.00s · 152 params · selection {'shrinkage': 0.001}
[20:41:04]   baseline lowrank_fitted: fit 0.03s · 160 params · selection {'rank': 8}
[20:41:05]   baseline gmm_fitted: fit 0.31s · 152 params · selection {'components': 1, 'reg': 0.0001}
[20:41:05]   diagnosis: full (4.0 observed on average), 400 paired windows, 5 method(s)
[20:41:05]   diagnosis: random1:0 (3.0 observed on average), 400 paired windows, 5 method(s)
[20:41:05]   diagnosis: random2:1-2 (2.0 observed on average), 400 paired windows, 5 method(s)
[20:41:05]   diagnosis: random3:1-2-3 (1.0 observed on average), 400 paired windows, 5 method(s)
[20:41:05]   diagnosis: bank0:0-1 (2.0 observed on average), 400 paired windows, 5 method(s)
[20:41:06]   diagnosis: single_sensor_0 (1.0 observed on average), 400 paired windows, 5 method(s)
[20:41:06]   Diagnosis completed on validation engines only; no confirmatory PASS/FAIL inferred.
[20:41:06] --- stage diagnosis done in 5.6s ---
[20:41:06] === run ok · 5.7s · peak RSS 0.367 GB ===
