[13:16:13] === run start · seed2 · seed 2 · hash 89804b0f0ed6 ===
[13:16:13] stages ['calibration'] · device cuda · dataset cmapss:FD001
[13:16:13] --- stage: calibration ---
[13:16:13]   data: FleetPair(cmapss:FD001: train=100 units, test=100 units, C=15, regimes=3, cap=125)  (0.2s)
[13:16:13]   task: {'kind': 'rul', 'n_train': 8100, 'n_test': 5625, 'd': 300, 'window': 20, 'n_channels': 15, 'n_bins': 25, 'cap': 125.0, 'censored_frac': 0.2822222113609314, 'train_units': 100, 'test_units': 100, 'censored_units': 36, 'n_regimes': 3, 'seed': 2, 'per_regime_norm': True, 'test_windows': 'all', 'official_test_fleet': True, 'dataset': 'cmapss:FD001', 'subset': 'FD001', 'dropped_constant_sensors': 6, 'source': 'NASA C-MAPSS (real)'}
[13:16:13]   conformal split: 5884 fit windows / 1217 calibration windows (100 units total)
    [surv] epoch   0  censored-NLL 19924.184
    [surv] epoch   7  censored-NLL  191.994
    [surv] epoch  14  censored-NLL  187.045
    [surv] epoch  21  censored-NLL  182.998
    [surv] epoch  28  censored-NLL  181.761
    [surv] epoch  35  censored-NLL  182.201
    [surv] epoch  42  censored-NLL  181.437
    [surv] epoch  49  censored-NLL  180.860
    [surv] epoch  56  censored-NLL  180.373
[13:52:06]   surv_conformal_nll: first=19924.1843 last=180.1982 (60 epochs)
[13:52:06]   surv_conformal: fit 2152.9s · 43,356 params
[13:53:51]   conformal[cqr]: PICP 0.968 (nominal 0.90), MPIW 59.6 (raw PICP 0.395, MPIW 54.6)
[13:54:50]   conformal[pit]: PICP 0.400 (nominal 0.90), MPIW 58.3 (raw PICP 0.395, MPIW 54.6)
[13:54:51] --- stage calibration done in 2317.5s ---
[13:54:51] === run ok · 2317.5s · peak RSS 2.086 GB ===
