[15:26:05] === run start · seed0 · seed 0 · hash 3cbe88633507 ===
[15:26:05] stages ['calibration'] · device cuda · dataset cmapss:FD001
[15:26:05] --- stage: calibration ---
[15:26:06]   data: FleetPair(cmapss:FD001: train=100 units, test=100 units, C=15, regimes=3, cap=125)  (0.7s)
[15:26:06]   task: {'kind': 'rul', 'n_train': 8391, 'n_test': 5625, 'd': 300, 'window': 20, 'n_channels': 15, 'n_bins': 25, 'cap': 125.0, 'censored_frac': 0.2173757553100586, 'train_units': 100, 'test_units': 100, 'censored_units': 30, 'n_regimes': 3, 'seed': 0, 'per_regime_norm': True, 'test_windows': 'all', 'official_test_fleet': True, 'dataset': 'cmapss:FD001', 'subset': 'FD001', 'dropped_constant_sensors': 6, 'source': 'NASA C-MAPSS (real)'}
[15:26:06]   conformal split: 5821 fit windows / 1985 calibration windows (100 units total)
    [surv] epoch   0  censored-NLL 7171.323
    [surv] epoch   7  censored-NLL  170.072
    [surv] epoch  14  censored-NLL  166.173
    [surv] epoch  21  censored-NLL  164.902
    [surv] epoch  28  censored-NLL  164.528
    survival fit (censored): 34/60 (57%) · 1.13 it/s · elapsed 00:30 · ETA 00:22
    [surv] epoch  35  censored-NLL  164.306
    [surv] epoch  42  censored-NLL  164.107
    [surv] epoch  49  censored-NLL  163.930
    [surv] epoch  56  censored-NLL  163.796
    survival fit (censored): done 60/60 in 00:54
[15:27:06]   surv_conformal_nll: first=7171.3231 last=163.7812 (60 epochs)
[15:27:06]   surv_conformal: fit 60.3s · 43,356 params
[15:27:11]   conformal[cqr] a=0.10: PICP 0.954 (nominal 0.90), MPIW 54.6 (raw PICP 0.379, MPIW 49.6)
[15:27:13]   conformal[pit] a=0.10: PICP 0.387 (nominal 0.90), MPIW 54.7 (raw PICP 0.379, MPIW 49.6)
[15:27:18]   conformal[cqr] a=0.20: PICP 0.954 (nominal 0.80), MPIW 54.6 (raw PICP 0.379, MPIW 49.6)
[15:27:21]   conformal[pit] a=0.20: PICP 0.332 (nominal 0.80), MPIW 40.9 (raw PICP 0.379, MPIW 49.6)
[15:27:22] --- stage calibration done in 76.5s ---
[15:27:22] === run ok · 76.5s · peak RSS 1.749 GB ===
