[15:11:46] === run start · seed12 · seed 12 · hash b970a8cd12eb ===
[15:11:46] stages ['diagnosis'] · device cpu · dataset cmapss:FD001
[15:11:46] --- stage: diagnosis ---
[15:11:46]   data: FleetPair(cmapss:FD001: train=100 units, test=100 units, C=15, regimes=1, cap=125)  (0.1s)
[15:11:46]   task: {'kind': 'ad', 'n_train': 3753, 'n_val': 1537, 'n_test': 4639, 'd': 300, 'window': 20, 'n_channels': 15, 'anomaly_rate': 0.12416469305753708, 'kind_counts': {'decouple': 113, 'normal': 4063, 'spike': 89, 'offset': 117, 'desync': 103, 'drift': 102, 'organic': 52}, 'train_units': 100, 'val_units': 30, 'test_units': 100, 'n_val_windows': 1537, 'n_regimes': 1, 'seed': 12, 'per_regime_norm': False, 'official_test_fleet': True, 'dataset': 'cmapss:FD001', 'cap': 125.0, 'subset': 'FD001', 'dropped_constant_sensors': 6, 'source': 'NASA C-MAPSS (real)', 'source_name': 'cmapss', 'source_kind': 'fleet'}
[15:11:46]   caveat: Ships no anomaly annotations: detection anomalies are injected.
    [pc] epoch   0  nll  359.819  val  336.034
    fit channel_blocked K=8: 8/180 (4%) · 0.24 it/s · elapsed 00:33 · ETA 12:10
    fit channel_blocked K=8: 15/180 (8%) · 0.23 it/s · elapsed 01:05 · ETA 12:05
    fit channel_blocked K=8: 22/180 (12%) · 0.22 it/s · elapsed 01:39 · ETA 11:53
    [pc] epoch  22  nll   69.875  val   82.202
    fit channel_blocked K=8: 29/180 (16%) · 0.22 it/s · elapsed 02:10 · ETA 11:17
    fit channel_blocked K=8: 37/180 (21%) · 0.23 it/s · elapsed 02:43 · ETA 10:33
    [pc] epoch  44  nll   44.458  val   56.057
    fit channel_blocked K=8: 45/180 (25%) · 0.23 it/s · elapsed 03:17 · ETA 09:52
    fit channel_blocked K=8: 53/180 (29%) · 0.23 it/s · elapsed 03:51 · ETA 09:13
    fit channel_blocked K=8: 61/180 (34%) · 0.23 it/s · elapsed 04:25 · ETA 08:37
    [pc] epoch  66  nll   36.871  val   46.813
    fit channel_blocked K=8: 68/180 (38%) · 0.23 it/s · elapsed 04:57 · ETA 08:10
    fit channel_blocked K=8: 75/180 (42%) · 0.23 it/s · elapsed 05:29 · ETA 07:40
    fit channel_blocked K=8: 81/180 (45%) · 0.22 it/s · elapsed 06:02 · ETA 07:23
    fit channel_blocked K=8: 87/180 (48%) · 0.22 it/s · elapsed 06:34 · ETA 07:01
    [pc] epoch  88  nll   31.976  val   41.404
    fit channel_blocked K=8: 93/180 (52%) · 0.22 it/s · elapsed 07:06 · ETA 06:38
    fit channel_blocked K=8: 99/180 (55%) · 0.22 it/s · elapsed 07:40 · ETA 06:16
    fit channel_blocked K=8: 105/180 (58%) · 0.21 it/s · elapsed 08:10 · ETA 05:50
    [pc] epoch 110  nll   29.664  val   38.542
    fit channel_blocked K=8: 112/180 (62%) · 0.21 it/s · elapsed 08:43 · ETA 05:17
    fit channel_blocked K=8: 118/180 (66%) · 0.21 it/s · elapsed 09:14 · ETA 04:51
    fit channel_blocked K=8: 124/180 (69%) · 0.21 it/s · elapsed 09:47 · ETA 04:25
    fit channel_blocked K=8: 131/180 (73%) · 0.21 it/s · elapsed 10:22 · ETA 03:52
    [pc] epoch 132  nll   27.739  val   36.367
    fit channel_blocked K=8: 138/180 (77%) · 0.21 it/s · elapsed 10:55 · ETA 03:19
    fit channel_blocked K=8: 144/180 (80%) · 0.21 it/s · elapsed 11:27 · ETA 02:51
    fit channel_blocked K=8: 150/180 (83%) · 0.21 it/s · elapsed 11:58 · ETA 02:23
    [pc] epoch 154  nll   26.022  val   34.895
    fit channel_blocked K=8: 157/180 (87%) · 0.21 it/s · elapsed 12:30 · ETA 01:50
    fit channel_blocked K=8: 164/180 (91%) · 0.21 it/s · elapsed 13:03 · ETA 01:16
    fit channel_blocked K=8: 171/180 (95%) · 0.21 it/s · elapsed 13:37 · ETA 00:43
    [pc] epoch 176  nll   23.669  val   32.267
    fit channel_blocked K=8: 178/180 (99%) · 0.21 it/s · elapsed 14:09 · ETA 00:09
    fit channel_blocked K=8: done 180/180 in 14:19
[15:26:07]   pc_train_nll: first=359.8190 last=23.3453 (180 epochs)
[15:26:07]   pc_train_objective: first=359.8190 last=23.3453 (180 epochs)
[15:26:07]   pc_selection_loss: first=336.0343 last=32.0179 (180 epochs)
[15:26:07]   pc_val_nll: first=336.0343 last=32.0179 (180 epochs)
[15:26:09]   pc: fit 861.4s · 174,240 params · score sd 19.374 · device cpu · layered · 784 win/s
[15:26:09]   pc: validation on 650 windows from explicit subset of held-out units · best epoch 179 of 180 · val nll 32.018
[15:26:10]   shortcut audit: target-channel-only AUROC 0.547 (0.5 = no marginal shortcut)
[15:26:10]   diagnosis: full (15.0 observed on average), 830 paired windows, 1 method(s)
[15:26:12]   diagnosis: random1:1 (14.0 observed on average), 830 paired windows, 1 method(s)
[15:26:14]   diagnosis: random3:5-8-14 (12.0 observed on average), 830 paired windows, 1 method(s)
[15:26:16]   diagnosis: random7:3-4-8-10-11-12-14 (8.0 observed on average), 830 paired windows, 1 method(s)
[15:26:18]   diagnosis: bank0:0-1-2-4-5-7-8 (8.0 observed on average), 830 paired windows, 1 method(s)
[15:26:20]   diagnosis: bank1:3 (14.0 observed on average), 830 paired windows, 1 method(s)
[15:26:22]   diagnosis: bank2:6-10 (13.0 observed on average), 830 paired windows, 1 method(s)
[15:26:24]   diagnosis: single_sensor_0 (1.0 observed on average), 830 paired windows, 1 method(s)
[15:26:25]   Diagnosis completed on validation engines only; no confirmatory PASS/FAIL inferred.
[15:26:25] --- stage diagnosis done in 879.4s ---
[15:26:25] === run ok · 879.5s · peak RSS 1.404 GB ===
[14:14:24] === run start · seed12 · seed 12 · hash 5320b9f1428e ===
[14:14:24] stages ['diagnosis'] · device cpu · dataset cmapss:FD001
[14:14:24] --- stage: diagnosis ---
[14:14:24]   data: FleetPair(cmapss:FD001: train=100 units, test=100 units, C=15, regimes=1, cap=125)  (0.1s)
[14:14:24]   task: {'kind': 'ad', 'n_train': 3753, 'n_val': 1537, 'n_test': 4639, 'd': 300, 'window': 20, 'n_channels': 15, 'anomaly_rate': 0.12416469305753708, 'kind_counts': {'decouple': 113, 'normal': 4063, 'spike': 89, 'offset': 117, 'desync': 103, 'drift': 102, 'organic': 52}, 'train_units': 100, 'val_units': 30, 'test_units': 100, 'n_val_windows': 1537, 'n_regimes': 1, 'seed': 12, 'per_regime_norm': False, 'official_test_fleet': True, 'dataset': 'cmapss:FD001', 'cap': 125.0, 'subset': 'FD001', 'dropped_constant_sensors': 6, 'source': 'NASA C-MAPSS (real)', 'source_name': 'cmapss', 'source_kind': 'fleet'}
[14:14:24]   caveat: Ships no anomaly annotations: detection anomalies are injected.
    [pc] epoch   0  nll  359.819  val  336.034
    fit channel_blocked K=8: 7/180 (4%) · 0.21 it/s · elapsed 00:34 · ETA 14:03
    fit channel_blocked K=8: 14/180 (8%) · 0.20 it/s · elapsed 01:09 · ETA 13:40
    fit channel_blocked K=8: 20/180 (11%) · 0.20 it/s · elapsed 01:40 · ETA 13:20
    [pc] epoch  22  nll   71.839  val   83.729
    fit channel_blocked K=8: 26/180 (14%) · 0.20 it/s · elapsed 02:11 · ETA 12:59
    fit channel_blocked K=8: 32/180 (18%) · 0.19 it/s · elapsed 02:47 · ETA 12:53
    fit channel_blocked K=8: 38/180 (21%) · 0.19 it/s · elapsed 03:19 · ETA 12:26
    fit channel_blocked K=8: 44/180 (24%) · 0.19 it/s · elapsed 03:50 · ETA 11:53
    [pc] epoch  44  nll   45.524  val   57.428
    fit channel_blocked K=8: 50/180 (28%) · 0.19 it/s · elapsed 04:21 · ETA 11:21
    fit channel_blocked K=8: 56/180 (31%) · 0.19 it/s · elapsed 04:53 · ETA 10:48
    fit channel_blocked K=8: 62/180 (34%) · 0.19 it/s · elapsed 05:24 · ETA 10:17
    [pc] epoch  66  nll   37.366  val   46.375
    fit channel_blocked K=8: 68/180 (38%) · 0.19 it/s · elapsed 05:55 · ETA 09:45
    fit channel_blocked K=8: 75/180 (42%) · 0.19 it/s · elapsed 06:29 · ETA 09:05
    fit channel_blocked K=8: 82/180 (46%) · 0.19 it/s · elapsed 07:00 · ETA 08:22
    [pc] epoch  88  nll   32.683  val   41.944
    fit channel_blocked K=8: 89/180 (49%) · 0.20 it/s · elapsed 07:32 · ETA 07:42
    fit channel_blocked K=8: 96/180 (53%) · 0.20 it/s · elapsed 08:03 · ETA 07:02
    fit channel_blocked K=8: 103/180 (57%) · 0.20 it/s · elapsed 08:35 · ETA 06:25
    fit channel_blocked K=8: 110/180 (61%) · 0.20 it/s · elapsed 09:07 · ETA 05:48
    [pc] epoch 110  nll   29.705  val   38.578
    fit channel_blocked K=8: 117/180 (65%) · 0.20 it/s · elapsed 09:39 · ETA 05:12
    fit channel_blocked K=8: 124/180 (69%) · 0.20 it/s · elapsed 10:10 · ETA 04:35
    fit channel_blocked K=8: 132/180 (73%) · 0.20 it/s · elapsed 10:44 · ETA 03:54
    [pc] epoch 132  nll   26.954  val   35.551
    fit channel_blocked K=8: 140/180 (78%) · 0.21 it/s · elapsed 11:17 · ETA 03:13
    fit channel_blocked K=8: 148/180 (82%) · 0.21 it/s · elapsed 11:51 · ETA 02:33
    [pc] epoch 154  nll   26.343  val   35.297
    fit channel_blocked K=8: 155/180 (86%) · 0.21 it/s · elapsed 12:22 · ETA 01:59
    fit channel_blocked K=8: 162/180 (90%) · 0.21 it/s · elapsed 12:55 · ETA 01:26
    fit channel_blocked K=8: 169/180 (94%) · 0.21 it/s · elapsed 13:26 · ETA 00:52
    fit channel_blocked K=8: 176/180 (98%) · 0.21 it/s · elapsed 13:56 · ETA 00:19
    [pc] epoch 176  nll   25.216  val   34.130
    fit channel_blocked K=8: done 180/180 in 14:14
    [pc] restored epoch 170 (selected by nll; val nll 34.107, last 34.148)
[14:28:40]   pc_train_nll: first=359.8190 last=25.3486 (180 epochs)
[14:28:40]   pc_train_objective: first=359.8190 last=25.3486 (180 epochs)
[14:28:40]   pc_selection_loss: first=336.0343 last=34.1484 (180 epochs)
[14:28:40]   pc_val_nll: first=336.0343 last=34.1484 (180 epochs)
[14:28:41]   pc: fit 856.4s · 174,240 params · score sd 19.835 · device cpu · layered · 789 win/s
[14:28:41]   pc: validation on 650 windows from explicit subset of held-out units · best epoch 170 of 180 · val nll 34.107
[14:28:42]   shortcut audit: target-channel-only AUROC 0.547 (0.5 = no marginal shortcut)
[14:28:42]   diagnosis: full (15.0 observed on average), 830 paired windows, 1 method(s)
[14:28:45]   diagnosis: random1:1 (14.0 observed on average), 830 paired windows, 1 method(s)
[14:28:46]   diagnosis: random3:5-8-14 (12.0 observed on average), 830 paired windows, 1 method(s)
[14:28:48]   diagnosis: random7:3-4-8-10-11-12-14 (8.0 observed on average), 830 paired windows, 1 method(s)
[14:28:50]   diagnosis: bank0:0-1-2-4-5-7-8 (8.0 observed on average), 830 paired windows, 1 method(s)
[14:28:52]   diagnosis: bank1:3 (14.0 observed on average), 830 paired windows, 1 method(s)
[14:28:54]   diagnosis: bank2:6-10 (13.0 observed on average), 830 paired windows, 1 method(s)
[14:28:56]   diagnosis: single_sensor_0 (1.0 observed on average), 830 paired windows, 1 method(s)
[14:28:58]   Diagnosis completed on validation engines only; no confirmatory PASS/FAIL inferred.
[14:28:58] --- stage diagnosis done in 874.0s ---
[14:28:58] === run ok · 874.2s · peak RSS 1.363 GB ===
