[11:22:56] === run start · seed11 · seed 11 · hash b8e1d274367c ===
[11:22:56] stages ['diagnosis'] · device cpu · dataset synthetic
[11:22:56] --- stage: diagnosis ---
    [pc] epoch   0  nll   26.341  val   24.589
    [pc] epoch  18  nll   20.207  val   19.822
    [pc] epoch  36  nll   19.004  val   18.796
    [pc] epoch  54  nll   18.445  val   18.207
    [pc] epoch  72  nll   18.135  val   17.903
    [pc] epoch  90  nll   18.009  val   17.908
    [pc] epoch 108  nll   17.951  val   17.820
    [pc] epoch 126  nll   17.913  val   17.780
    [pc] epoch 144  nll   17.880  val   17.748
    [pc] restored epoch 146 (selected by nll; val nll 17.709, last 17.725)
[11:22:58]   pc_train_nll: first=26.3414 last=17.8743 (150 epochs)
[11:22:58]   pc_train_objective: first=26.3414 last=17.8743 (150 epochs)
[11:22:58]   pc_selection_loss: first=24.5889 last=17.7253 (150 epochs)
[11:22:58]   pc_val_nll: first=24.5889 last=17.7253 (150 epochs)
[11:22:58]   pc: fit 2.5s · 1,608 params · score sd 4.529 · device cpu · layered · 60,371 win/s
[11:22:58]   pc: validation on 200 windows from explicit subset of held-out units · best epoch 146 of 150 · val nll 17.709
[11:22:58]   shortcut audit: target-channel-only AUROC 0.491 (0.5 = no marginal shortcut)
[11:22:58]   diagnosis: full (4.0 observed on average), 400 paired windows, 1 method(s)
[11:22:58]   diagnosis: random1:0 (3.0 observed on average), 400 paired windows, 1 method(s)
[11:22:58]   diagnosis: random2:1-2 (2.0 observed on average), 400 paired windows, 1 method(s)
[11:22:59]   diagnosis: random3:1-2-3 (1.0 observed on average), 400 paired windows, 1 method(s)
[11:22:59]   diagnosis: bank0:0-1 (2.0 observed on average), 400 paired windows, 1 method(s)
[11:22:59]   diagnosis: single_sensor_0 (1.0 observed on average), 400 paired windows, 1 method(s)
[11:22:59]   Diagnosis completed on validation engines only; no confirmatory PASS/FAIL inferred.
[11:22:59] --- stage diagnosis done in 2.9s ---
[11:22:59] === run ok · 3.0s · peak RSS 0.33 GB ===
[11:41:17] === run start · seed11 · seed 11 · hash f6714b46471c ===
[11:41:17] stages ['diagnosis'] · device cpu · dataset synthetic
[11:41:17] --- stage: diagnosis ---
    [pc] epoch   0  nll   26.341  val   24.589
    [pc] epoch  18  nll   20.207  val   19.822
    [pc] epoch  36  nll   19.004  val   18.796
    [pc] epoch  54  nll   18.445  val   18.207
    [pc] epoch  72  nll   18.135  val   17.903
    [pc] epoch  90  nll   18.009  val   17.908
    [pc] epoch 108  nll   17.951  val   17.820
    [pc] epoch 126  nll   17.913  val   17.780
    [pc] epoch 144  nll   17.880  val   17.748
    [pc] restored epoch 146 (selected by nll; val nll 17.709, last 17.725)
[11:41:22]   pc_train_nll: first=26.3414 last=17.8743 (150 epochs)
[11:41:22]   pc_train_objective: first=26.3414 last=17.8743 (150 epochs)
[11:41:22]   pc_selection_loss: first=24.5889 last=17.7253 (150 epochs)
[11:41:22]   pc_val_nll: first=24.5889 last=17.7253 (150 epochs)
[11:41:22]   pc: fit 4.9s · 1,608 params · score sd 4.529 · device cpu · layered · 31,227 win/s
[11:41:22]   pc: validation on 200 windows from explicit subset of held-out units · best epoch 146 of 150 · val nll 17.709
[11:41:22]   shortcut audit: target-channel-only AUROC 0.491 (0.5 = no marginal shortcut)
[11:41:22]   diagnosis: full (4.0 observed on average), 400 paired windows, 2 method(s)
[11:41:22]   diagnosis: random1:0 (3.0 observed on average), 400 paired windows, 2 method(s)
[11:41:22]   diagnosis: random2:1-2 (2.0 observed on average), 400 paired windows, 2 method(s)
[11:41:23]   diagnosis: random3:1-2-3 (1.0 observed on average), 400 paired windows, 2 method(s)
[11:41:23]   diagnosis: bank0:0-1 (2.0 observed on average), 400 paired windows, 2 method(s)
[11:41:23]   diagnosis: single_sensor_0 (1.0 observed on average), 400 paired windows, 2 method(s)
[11:41:23]   Diagnosis completed on validation engines only; no confirmatory PASS/FAIL inferred.
[11:41:23] --- stage diagnosis done in 6.0s ---
[11:41:23] === run ok · 6.1s · peak RSS 0.362 GB ===
[19:54:58] === run start · seed11 · seed 11 · hash 6f4b3e4e408c ===
[19:54:58] stages ['diagnosis'] · device cpu · dataset synthetic
[19:54:58] --- stage: diagnosis ---
    [pc] epoch   0  nll   26.341  val   24.589
    [pc] epoch  18  nll   20.207  val   19.822
    [pc] epoch  36  nll   19.004  val   18.796
    [pc] epoch  54  nll   18.445  val   18.207
    [pc] epoch  72  nll   18.135  val   17.903
    [pc] epoch  90  nll   18.009  val   17.908
    [pc] epoch 108  nll   17.951  val   17.820
    [pc] epoch 126  nll   17.913  val   17.780
    [pc] epoch 144  nll   17.880  val   17.748
    [pc] restored epoch 146 (selected by nll; val nll 17.709, last 17.725)
[19:55:01]   pc_train_nll: first=26.3414 last=17.8743 (150 epochs)
[19:55:01]   pc_train_objective: first=26.3414 last=17.8743 (150 epochs)
[19:55:01]   pc_selection_loss: first=24.5889 last=17.7253 (150 epochs)
[19:55:01]   pc_val_nll: first=24.5889 last=17.7253 (150 epochs)
[19:55:01]   pc: fit 2.9s · 1,608 params · score sd 4.529 · device cpu · layered · 52,810 win/s
[19:55:01]   pc: validation on 200 windows from explicit subset of held-out units · best epoch 146 of 150 · val nll 17.709
[19:55:01]   shortcut audit: target-channel-only AUROC 0.491 (0.5 = no marginal shortcut)
[19:55:01]   diagnosis: full (4.0 observed on average), 400 paired windows, 2 method(s)
[19:55:01]   diagnosis: random1:0 (3.0 observed on average), 400 paired windows, 2 method(s)
[19:55:01]   diagnosis: random2:1-2 (2.0 observed on average), 400 paired windows, 2 method(s)
[19:55:01]   diagnosis: random3:1-2-3 (1.0 observed on average), 400 paired windows, 2 method(s)
[19:55:01]   diagnosis: bank0:0-1 (2.0 observed on average), 400 paired windows, 2 method(s)
[19:55:01]   diagnosis: single_sensor_0 (1.0 observed on average), 400 paired windows, 2 method(s)
[19:55:01]   Diagnosis completed on validation engines only; no confirmatory PASS/FAIL inferred.
[19:55:01] --- stage diagnosis done in 3.4s ---
[19:55:01] === run ok · 3.5s · peak RSS 0.367 GB ===
