[11:25:25] === run start · seed12 · seed 12 · hash e90e7f2e89a3 ===
[11:25:25] stages ['diagnosis'] · device cpu · dataset synthetic
[11:25:25] --- stage: diagnosis ---
    [pc] epoch   0  nll   26.022  val   23.723
    [pc] epoch  18  nll   19.204  val   18.532
    [pc] epoch  36  nll   16.856  val   16.558
    [pc] epoch  54  nll   16.530  val   16.315
    [pc] epoch  72  nll   16.449  val   16.283
    [pc] epoch  90  nll   16.416  val   16.270
    [pc] epoch 108  nll   16.328  val   16.282
    [pc] restored epoch 93 (selected by nll; val nll 16.256, last 16.274)
[11:25:27]   pc_train_nll: first=26.0216 last=16.2898 (119 epochs)
[11:25:27]   pc_train_objective: first=26.0216 last=16.2898 (119 epochs)
[11:25:27]   pc_selection_loss: first=23.7230 last=16.2736 (119 epochs)
[11:25:27]   pc_val_nll: first=23.7230 last=16.2736 (119 epochs)
[11:25:27]   pc: fit 2.9s · 1,488 params · score sd 4.613 · device cpu · layered · 41,449 win/s
[11:25:27]   pc: validation on 200 windows from explicit subset of held-out units · best epoch 93 of 150 · val nll 16.256
[11:25:27]   shortcut audit: target-channel-only AUROC 0.456 (0.5 = no marginal shortcut)
[11:25:27]   diagnosis: full (4.0 observed on average), 400 paired windows, 1 method(s)
[11:25:28]   diagnosis: random1:0 (3.0 observed on average), 400 paired windows, 1 method(s)
[11:25:28]   diagnosis: random2:1-2 (2.0 observed on average), 400 paired windows, 1 method(s)
[11:25:28]   diagnosis: random3:1-2-3 (1.0 observed on average), 400 paired windows, 1 method(s)
[11:25:28]   diagnosis: bank0:0-1 (2.0 observed on average), 400 paired windows, 1 method(s)
[11:25:28]   diagnosis: single_sensor_0 (1.0 observed on average), 400 paired windows, 1 method(s)
[11:25:28]   Diagnosis completed on validation engines only; no confirmatory PASS/FAIL inferred.
[11:25:28] --- stage diagnosis done in 3.3s ---
[11:25:28] === run ok · 3.4s · peak RSS 0.37 GB ===
[11:45:50] === run start · seed12 · seed 12 · hash ba7116cb2fdd ===
[11:45:50] stages ['diagnosis'] · device cpu · dataset synthetic
[11:45:50] --- stage: diagnosis ---
    [pc] epoch   0  nll   26.022  val   23.723
    [pc] epoch  18  nll   19.204  val   18.532
    [pc] epoch  36  nll   16.856  val   16.558
    [pc] epoch  54  nll   16.530  val   16.315
    [pc] epoch  72  nll   16.449  val   16.283
    [pc] epoch  90  nll   16.416  val   16.270
    [pc] epoch 108  nll   16.328  val   16.282
    [pc] restored epoch 93 (selected by nll; val nll 16.256, last 16.274)
[11:45:54]   pc_train_nll: first=26.0216 last=16.2898 (119 epochs)
[11:45:54]   pc_train_objective: first=26.0216 last=16.2898 (119 epochs)
[11:45:54]   pc_selection_loss: first=23.7230 last=16.2736 (119 epochs)
[11:45:54]   pc_val_nll: first=23.7230 last=16.2736 (119 epochs)
[11:45:54]   pc: fit 3.7s · 1,488 params · score sd 4.613 · device cpu · layered · 32,911 win/s
[11:45:54]   pc: validation on 200 windows from explicit subset of held-out units · best epoch 93 of 150 · val nll 16.256
[11:45:54]   shortcut audit: target-channel-only AUROC 0.456 (0.5 = no marginal shortcut)
[11:45:54]   diagnosis: full (4.0 observed on average), 400 paired windows, 2 method(s)
[11:45:54]   diagnosis: random1:0 (3.0 observed on average), 400 paired windows, 2 method(s)
[11:45:54]   diagnosis: random2:1-2 (2.0 observed on average), 400 paired windows, 2 method(s)
[11:45:54]   diagnosis: random3:1-2-3 (1.0 observed on average), 400 paired windows, 2 method(s)
[11:45:54]   diagnosis: bank0:0-1 (2.0 observed on average), 400 paired windows, 2 method(s)
[11:45:54]   diagnosis: single_sensor_0 (1.0 observed on average), 400 paired windows, 2 method(s)
[11:45:54]   Diagnosis completed on validation engines only; no confirmatory PASS/FAIL inferred.
[11:45:54] --- stage diagnosis done in 4.6s ---
[11:45:54] === run ok · 4.7s · peak RSS 0.367 GB ===
[19:59:45] === run start · seed12 · seed 12 · hash a8b26dd1518e ===
[19:59:45] stages ['diagnosis'] · device cpu · dataset synthetic
[19:59:45] --- stage: diagnosis ---
    [pc] epoch   0  nll   26.022  val   23.723
    [pc] epoch  18  nll   19.204  val   18.532
    [pc] epoch  36  nll   16.856  val   16.558
    [pc] epoch  54  nll   16.530  val   16.315
    [pc] epoch  72  nll   16.449  val   16.283
    [pc] epoch  90  nll   16.416  val   16.270
    [pc] epoch 108  nll   16.328  val   16.282
    [pc] restored epoch 93 (selected by nll; val nll 16.256, last 16.274)
[19:59:48]   pc_train_nll: first=26.0216 last=16.2898 (119 epochs)
[19:59:48]   pc_train_objective: first=26.0216 last=16.2898 (119 epochs)
[19:59:48]   pc_selection_loss: first=23.7230 last=16.2736 (119 epochs)
[19:59:48]   pc_val_nll: first=23.7230 last=16.2736 (119 epochs)
[19:59:48]   pc: fit 3.0s · 1,488 params · score sd 4.613 · device cpu · layered · 41,189 win/s
[19:59:48]   pc: validation on 200 windows from explicit subset of held-out units · best epoch 93 of 150 · val nll 16.256
[19:59:48]   shortcut audit: target-channel-only AUROC 0.456 (0.5 = no marginal shortcut)
[19:59:48]   diagnosis: full (4.0 observed on average), 400 paired windows, 2 method(s)
[19:59:48]   diagnosis: random1:0 (3.0 observed on average), 400 paired windows, 2 method(s)
[19:59:48]   diagnosis: random2:1-2 (2.0 observed on average), 400 paired windows, 2 method(s)
[19:59:48]   diagnosis: random3:1-2-3 (1.0 observed on average), 400 paired windows, 2 method(s)
[19:59:48]   diagnosis: bank0:0-1 (2.0 observed on average), 400 paired windows, 2 method(s)
[19:59:48]   diagnosis: single_sensor_0 (1.0 observed on average), 400 paired windows, 2 method(s)
[19:59:48]   Diagnosis completed on validation engines only; no confirmatory PASS/FAIL inferred.
[19:59:48] --- stage diagnosis done in 3.5s ---
[19:59:48] === run ok · 3.5s · peak RSS 0.377 GB ===
