[11:26:30] === run start · seed13 · seed 13 · hash f01ae25f1809 ===
[11:26:30] stages ['diagnosis'] · device cpu · dataset synthetic
[11:26:30] --- stage: diagnosis ---
    [pc] epoch   0  nll   26.122  val   25.050
    [pc] epoch  18  nll   22.059  val   22.113
    [pc] epoch  36  nll   20.816  val   21.058
    [pc] epoch  54  nll   20.510  val   20.758
    [pc] epoch  72  nll   20.396  val   20.703
    [pc] epoch  90  nll   20.327  val   20.692
    [pc] epoch 108  nll   20.297  val   20.699
    [pc] restored epoch 96 (selected by objective; val nll 20.673, last 20.702)
[11:26:38]   pc_train_nll: first=26.1219 last=20.2720 (122 epochs)
[11:26:38]   pc_train_objective: first=31.4391 last=24.3157 (122 epochs)
[11:26:38]   pc_selection_loss: first=30.0599 last=24.8420 (122 epochs)
[11:26:38]   pc_val_nll: first=25.0499 last=20.7016 (122 epochs)
[11:26:38]   pc: fit 8.7s · 1,488 params · score sd 2.778 · device cpu · layered · 14,413 win/s
[11:26:38]   pc: validation on 200 windows from explicit subset of held-out units · best epoch 96 of 150 · val nll 20.673
[11:26:38]   shortcut audit: target-channel-only AUROC 0.498 (0.5 = no marginal shortcut)
[11:26:38]   diagnosis: full (4.0 observed on average), 400 paired windows, 1 method(s)
[11:26:38]   diagnosis: random1:0 (3.0 observed on average), 400 paired windows, 1 method(s)
[11:26:38]   diagnosis: random2:1-2 (2.0 observed on average), 400 paired windows, 1 method(s)
[11:26:39]   diagnosis: random3:1-2-3 (1.0 observed on average), 400 paired windows, 1 method(s)
[11:26:39]   diagnosis: bank0:0-1 (2.0 observed on average), 400 paired windows, 1 method(s)
[11:26:39]   diagnosis: single_sensor_0 (1.0 observed on average), 400 paired windows, 1 method(s)
[11:26:39]   Diagnosis completed on validation engines only; no confirmatory PASS/FAIL inferred.
[11:26:39] --- stage diagnosis done in 9.0s ---
[11:26:39] === run ok · 9.1s · peak RSS 0.357 GB ===
[11:47:17] === run start · seed13 · seed 13 · hash b2177a47d87a ===
[11:47:17] stages ['diagnosis'] · device cpu · dataset synthetic
[11:47:17] --- stage: diagnosis ---
    [pc] epoch   0  nll   26.122  val   25.050
    [pc] epoch  18  nll   22.059  val   22.113
    [pc] epoch  36  nll   20.816  val   21.058
    [pc] epoch  54  nll   20.510  val   20.758
    [pc] epoch  72  nll   20.396  val   20.703
    [pc] epoch  90  nll   20.327  val   20.692
    [pc] epoch 108  nll   20.297  val   20.699
    [pc] restored epoch 96 (selected by objective; val nll 20.673, last 20.702)
[11:47:28]   pc_train_nll: first=26.1219 last=20.2720 (122 epochs)
[11:47:28]   pc_train_objective: first=31.4391 last=24.3157 (122 epochs)
[11:47:28]   pc_selection_loss: first=30.0599 last=24.8420 (122 epochs)
[11:47:28]   pc_val_nll: first=25.0499 last=20.7016 (122 epochs)
[11:47:28]   pc: fit 11.1s · 1,488 params · score sd 2.778 · device cpu · layered · 11,206 win/s
[11:47:28]   pc: validation on 200 windows from explicit subset of held-out units · best epoch 96 of 150 · val nll 20.673
[11:47:28]   shortcut audit: target-channel-only AUROC 0.498 (0.5 = no marginal shortcut)
[11:47:28]   diagnosis: full (4.0 observed on average), 400 paired windows, 2 method(s)
[11:47:28]   diagnosis: random1:0 (3.0 observed on average), 400 paired windows, 2 method(s)
[11:47:28]   diagnosis: random2:1-2 (2.0 observed on average), 400 paired windows, 2 method(s)
[11:47:28]   diagnosis: random3:1-2-3 (1.0 observed on average), 400 paired windows, 2 method(s)
[11:47:28]   diagnosis: bank0:0-1 (2.0 observed on average), 400 paired windows, 2 method(s)
[11:47:29]   diagnosis: single_sensor_0 (1.0 observed on average), 400 paired windows, 2 method(s)
[11:47:29]   Diagnosis completed on validation engines only; no confirmatory PASS/FAIL inferred.
[11:47:29] --- stage diagnosis done in 11.9s ---
[11:47:29] === run ok · 12.0s · peak RSS 0.357 GB ===
[20:01:31] === run start · seed13 · seed 13 · hash ef49b55561ac ===
[20:01:31] stages ['diagnosis'] · device cpu · dataset synthetic
[20:01:31] --- stage: diagnosis ---
    [pc] epoch   0  nll   26.122  val   25.050
    [pc] epoch  18  nll   22.059  val   22.113
    [pc] epoch  36  nll   20.816  val   21.058
    [pc] epoch  54  nll   20.510  val   20.758
    [pc] epoch  72  nll   20.396  val   20.703
    [pc] epoch  90  nll   20.327  val   20.692
    [pc] epoch 108  nll   20.297  val   20.699
    [pc] restored epoch 96 (selected by objective; val nll 20.673, last 20.702)
[20:01:40]   pc_train_nll: first=26.1219 last=20.2720 (122 epochs)
[20:01:40]   pc_train_objective: first=31.4391 last=24.3157 (122 epochs)
[20:01:40]   pc_selection_loss: first=30.0599 last=24.8420 (122 epochs)
[20:01:40]   pc_val_nll: first=25.0499 last=20.7016 (122 epochs)
[20:01:40]   pc: fit 8.8s · 1,488 params · score sd 2.778 · device cpu · layered · 14,208 win/s
[20:01:40]   pc: validation on 200 windows from explicit subset of held-out units · best epoch 96 of 150 · val nll 20.673
[20:01:40]   shortcut audit: target-channel-only AUROC 0.498 (0.5 = no marginal shortcut)
[20:01:40]   diagnosis: full (4.0 observed on average), 400 paired windows, 2 method(s)
[20:01:40]   diagnosis: random1:0 (3.0 observed on average), 400 paired windows, 2 method(s)
[20:01:40]   diagnosis: random2:1-2 (2.0 observed on average), 400 paired windows, 2 method(s)
[20:01:41]   diagnosis: random3:1-2-3 (1.0 observed on average), 400 paired windows, 2 method(s)
[20:01:41]   diagnosis: bank0:0-1 (2.0 observed on average), 400 paired windows, 2 method(s)
[20:01:41]   diagnosis: single_sensor_0 (1.0 observed on average), 400 paired windows, 2 method(s)
[20:01:41]   Diagnosis completed on validation engines only; no confirmatory PASS/FAIL inferred.
[20:01:41] --- stage diagnosis done in 9.3s ---
[20:01:41] === run ok · 9.3s · peak RSS 0.353 GB ===
