[16:36:14] === run start · seed2 · seed 2 · hash 5292975e0812 ===
[16:36:14] stages ['ad'] · device cuda · dataset cmapss:FD001
[16:36:14] --- stage: ad ---
[16:36:14]   data: FleetPair(cmapss:FD001: train=100 units, test=100 units, C=15, regimes=3, cap=125)  (0.1s)
[16:36:14]   task: {'kind': 'ad', 'n_train': 5290, 'n_test': 4608, 'd': 300, 'window': 20, 'n_channels': 15, 'anomaly_rate': 0.1265190988779068, 'kind_counts': {'normal': 4025, 'offset': 105, 'drift': 102, 'spike': 111, 'decouple': 94, 'desync': 125, 'organic': 46}, 'train_units': 100, 'test_units': 100, 'n_regimes': 3, 'seed': 2, 'per_regime_norm': True, 'official_test_fleet': True, 'dataset': 'cmapss:FD001', 'cap': 125.0, 'subset': 'FD001', 'dropped_constant_sensors': 6, 'source': 'NASA C-MAPSS (real)'}
    [pc] epoch   0  nll 12292.855
    [pc] epoch   6  nll  124.130
    [pc] epoch  12  nll   94.411
    [pc] epoch  18  nll   90.230
    [pc] epoch  24  nll   82.813
    [pc] epoch  30  nll   83.268
    [pc] epoch  36  nll   82.251
    [pc] epoch  42  nll   79.202
    [pc] epoch  48  nll   75.846
[16:36:46]   pc_train_nll: first=12292.8548 last=75.4584 (50 epochs)
[16:36:46]   pc: fit 31.6s · 23,880 params · score sd 14.506 · device cuda · layered · 8,373 win/s
[16:36:50]   typed decomposition (mean worst-channel surprise):
[16:36:50]        normal  n= 4025  marginal    23.13  conditional    22.46  structural     1.42
[16:36:50]      decouple  n=   94  marginal    22.81  conditional    22.05  structural     1.44
[16:36:50]        desync  n=  125  marginal    23.11  conditional    32.19  structural    15.61
[16:36:50]         drift  n=  102  marginal   402.96  conditional   428.71  structural    41.47
[16:36:50]        offset  n=  105  marginal   314.18  conditional   338.63  structural    45.17
[16:36:50]       organic  n=   46  marginal   113.58  conditional   110.92  structural     0.87
[16:36:50]         spike  n=  111  marginal    74.52  conditional    75.77  structural     2.95
[16:36:50] --- stage ad done in 36.2s ---
[16:36:50] === run ok · 36.2s · peak RSS 1.936 GB ===
[15:54:51] === run start · seed2 · seed 2 · hash 9b8a3359fc94 ===
[15:54:51] stages ['ad'] · device cuda · dataset cmapss:FD001
[15:54:51] --- stage: ad ---
[15:54:51]   data: FleetPair(cmapss:FD001: train=100 units, test=100 units, C=15, regimes=1, cap=125)  (0.1s)
[15:54:51]   task: {'kind': 'ad', 'n_train': 5290, 'n_test': 4608, 'd': 300, 'window': 20, 'n_channels': 15, 'anomaly_rate': 0.1265190988779068, 'kind_counts': {'normal': 4025, 'offset': 105, 'drift': 102, 'spike': 111, 'decouple': 94, 'desync': 125, 'organic': 46}, 'train_units': 100, 'test_units': 100, 'n_regimes': 1, 'seed': 2, 'per_regime_norm': False, 'official_test_fleet': True, 'dataset': 'cmapss:FD001', 'cap': 125.0, 'subset': 'FD001', 'dropped_constant_sensors': 6, 'source': 'NASA C-MAPSS (real)', 'source_name': 'cmapss', 'source_kind': 'fleet'}
[15:54:51]   caveat: Ships no anomaly annotations: detection anomalies are injected.
    [pc] epoch   0  nll 33332.468
    [pc] epoch   6  nll  133.346
    [pc] epoch  12  nll  106.994
    [pc] epoch  18  nll   92.091
    [pc] epoch  24  nll   88.947
    [pc] epoch  30  nll   88.272
    [pc] epoch  36  nll   91.693
    [pc] epoch  42  nll   84.722
    [pc] epoch  48  nll   84.950
[15:55:31]   pc_train_nll: first=33332.4678 last=86.5968 (50 epochs)
[15:55:31]   pc: fit 39.8s · 13,576 params · score sd 22.398 · device cuda · layered · 6,639 win/s
[15:55:37]   typed decomposition (mean worst-channel surprise):
[15:55:37]        normal  n= 4025  marginal    23.83  conditional    23.08  structural     1.64
[15:55:37]      decouple  n=   94  marginal    23.64  conditional    22.67  structural     1.46
[15:55:37]        desync  n=  125  marginal    23.93  conditional    30.73  structural    12.95
[15:55:37]         drift  n=  102  marginal 122950.99  conditional 122968.88  structural    31.36
[15:55:37]        offset  n=  105  marginal 62663.80  conditional 62682.98  structural    36.49
[15:55:37]       organic  n=   46  marginal   112.04  conditional   108.76  structural     0.51
[15:55:37]         spike  n=  111  marginal  4290.11  conditional  4291.55  structural     3.50
[15:55:37] --- stage ad done in 45.9s ---
[15:55:37] === run ok · 45.9s · peak RSS 1.956 GB ===
[20:59:20] === run start · seed2 · seed 2 · hash 6042727b258a ===
[20:59:20] stages ['ad'] · device cpu · dataset cmapss:FD001
[20:59:20] --- stage: ad ---
[20:59:20]   data: FleetPair(cmapss:FD001: train=100 units, test=100 units, C=15, regimes=1, cap=125)  (0.1s)
[20:59:20]   task: {'kind': 'ad', 'n_train': 5290, 'n_test': 4608, 'd': 300, 'window': 20, 'n_channels': 15, 'anomaly_rate': 0.1265190988779068, 'kind_counts': {'normal': 4025, 'offset': 105, 'drift': 102, 'spike': 111, 'decouple': 94, 'desync': 125, 'organic': 46}, 'train_units': 100, 'test_units': 100, 'n_regimes': 1, 'seed': 2, 'per_regime_norm': False, 'official_test_fleet': True, 'dataset': 'cmapss:FD001', 'cap': 125.0, 'subset': 'FD001', 'dropped_constant_sensors': 6, 'source': 'NASA C-MAPSS (real)', 'source_name': 'cmapss', 'source_kind': 'fleet'}
[20:59:20]   caveat: Ships no anomaly annotations: detection anomalies are injected.
    [pc] epoch   0  nll 33095.815
    [pc] epoch   6  nll  145.824
    [pc] epoch  12  nll  104.759
    [pc] epoch  18  nll   92.159
    [pc] epoch  24  nll   91.315
    [pc] epoch  30  nll   92.044
    fit forman_rg K=8: 34/50 (68%) · 1.11 it/s · elapsed 00:30 · ETA 00:14
    [pc] epoch  36  nll   89.354
    [pc] epoch  42  nll   89.171
    [pc] epoch  48  nll   88.692
    fit forman_rg K=8: done 50/50 in 00:45
[21:00:10]   pc_train_nll: first=33095.8155 last=86.7929 (50 epochs)
[21:00:11]   pc: fit 49.8s · 13,576 params · score sd 24.895 · device cpu · layered · 5,308 win/s
[21:00:23]   typed decomposition (mean worst-channel surprise):
[21:00:23]        normal  n= 4025  marginal    24.06  conditional    23.31  structural     1.58
[21:00:23]      decouple  n=   94  marginal    23.68  conditional    22.73  structural     1.45
[21:00:23]        desync  n=  125  marginal    24.24  conditional    30.96  structural    12.85
[21:00:23]         drift  n=  102  marginal 126008.19  conditional 126026.00  structural    31.63
[21:00:23]        offset  n=  105  marginal 65194.13  conditional 65213.44  structural    36.86
[21:00:23]       organic  n=   46  marginal   110.10  conditional   107.23  structural     0.37
[21:00:23]         spike  n=  111  marginal  6663.68  conditional  6665.41  structural     3.76
[21:00:23] --- stage ad done in 63.0s ---
[21:00:23] === run ok · 63.0s · peak RSS 3.884 GB ===
