[16:01:50] === run start · seed0 · seed 0 · hash aac4eb99237a ===
[16:01:50] stages ['ad'] · device cuda · dataset cmapss:FD001
[16:01:50] --- stage: ad ---
[16:01:50]   data: FleetPair(cmapss:FD001: train=100 units, test=100 units, C=15, regimes=3, cap=125)  (0.1s)
[16:01:50]   task: {'kind': 'ad', 'n_train': 5290, 'n_test': 4608, 'd': 300, 'window': 20, 'n_channels': 15, 'anomaly_rate': 0.1317274272441864, 'kind_counts': {'normal': 4001, 'spike': 130, 'offset': 113, 'drift': 102, 'desync': 111, 'decouple': 105, 'organic': 46}, 'train_units': 100, 'test_units': 100, 'n_regimes': 3, 'seed': 0, 'per_regime_norm': True, 'official_test_fleet': True, 'dataset': 'cmapss:FD001', 'cap': 125.0, 'subset': 'FD001', 'dropped_constant_sensors': 6, 'source': 'NASA C-MAPSS (real)'}
    [pc] epoch   0  nll 11913.419
    [pc] epoch   6  nll  200.232
    [pc] epoch  12  nll  157.872
    [pc] epoch  18  nll  133.324
    [pc] epoch  24  nll  123.692
    [pc] epoch  30  nll  118.170
    [pc] epoch  36  nll  115.767
    [pc] epoch  42  nll  114.722
    [pc] epoch  48  nll  111.700
[16:02:11]   pc_train_nll: first=11913.4190 last=111.0243 (50 epochs)
[16:02:11]   pc: fit 20.6s · 157,440 params · score sd 18.365 · device cuda · layered · 12,817 win/s
[16:02:15]   typed decomposition (mean worst-channel surprise):
[16:02:15]        normal  n= 4001  marginal    23.38  conditional    22.66  structural     1.65
[16:02:15]      decouple  n=  105  marginal    23.77  conditional    22.88  structural     1.46
[16:02:15]        desync  n=  111  marginal    23.42  conditional    33.46  structural    16.96
[16:02:15]         drift  n=  102  marginal   531.90  conditional   551.91  structural    48.73
[16:02:15]        offset  n=  113  marginal   337.00  conditional   362.99  structural    52.75
[16:02:15]       organic  n=   46  marginal   120.49  conditional   106.63  structural     0.61
[16:02:15]         spike  n=  130  marginal    66.18  conditional    65.83  structural     2.19
[16:02:15] --- stage ad done in 25.3s ---
[16:02:15] === run ok · 25.3s · peak RSS 1.772 GB ===
[15:15:43] === run start · seed0 · seed 0 · hash bb1af713883c ===
[15:15:43] stages ['ad'] · device cuda · dataset cmapss:FD001
[15:15:43] --- stage: ad ---
[15:15:43]   data: FleetPair(cmapss:FD001: train=100 units, test=100 units, C=15, regimes=1, cap=125)  (0.1s)
[15:15:43]   task: {'kind': 'ad', 'n_train': 5290, 'n_test': 4608, 'd': 300, 'window': 20, 'n_channels': 15, 'anomaly_rate': 0.1317274272441864, 'kind_counts': {'normal': 4001, 'spike': 130, 'offset': 113, 'drift': 102, 'desync': 111, 'decouple': 105, 'organic': 46}, 'train_units': 100, 'test_units': 100, 'n_regimes': 1, 'seed': 0, 'per_regime_norm': False, 'official_test_fleet': True, 'dataset': 'cmapss:FD001', 'cap': 125.0, 'subset': 'FD001', 'dropped_constant_sensors': 6, 'source': 'NASA C-MAPSS (real)', 'source_name': 'cmapss', 'source_kind': 'fleet'}
[15:15:43]   caveat: Ships no anomaly annotations: detection anomalies are injected.
    [pc] epoch   0  nll 31022.390
    [pc] epoch   6  nll  134.392
    [pc] epoch  12  nll   90.028
    [pc] epoch  18  nll   69.469
    [pc] epoch  24  nll   64.958
    [pc] epoch  30  nll   64.630
    [pc] epoch  36  nll   58.751
    fit chow_liu K=8: 40/50 (80%) · 1.32 it/s · elapsed 00:30 · ETA 00:07
    [pc] epoch  42  nll   64.805
    [pc] epoch  48  nll   64.500
    fit chow_liu K=8: done 50/50 in 00:37
[15:16:27]   pc_train_nll: first=31022.3902 last=64.5612 (50 epochs)
[15:16:27]   pc: fit 44.5s · 157,440 params · score sd 16.140 · device cuda · layered · 5,948 win/s
[15:16:36]   typed decomposition (mean worst-channel surprise):
[15:16:36]        normal  n= 4001  marginal    23.27  conditional    22.70  structural     1.86
[15:16:36]      decouple  n=  105  marginal    23.75  conditional    23.10  structural     1.97
[15:16:36]        desync  n=  111  marginal    23.19  conditional    33.07  structural    17.06
[15:16:36]         drift  n=  102  marginal 143627.83  conditional 143650.91  structural    49.75
[15:16:36]        offset  n=  113  marginal 64284.96  conditional 64314.87  structural    52.72
[15:16:36]       organic  n=   46  marginal   118.71  conditional   108.18  structural     1.02
[15:16:36]         spike  n=  130  marginal  9412.63  conditional  9412.58  structural     2.26
[15:16:36] --- stage ad done in 53.4s ---
[15:16:36] === run ok · 53.4s · peak RSS 1.779 GB ===
[19:16:45] === run start · seed0 · seed 0 · hash 22581e48802f ===
[19:16:45] stages ['ad'] · device cpu · dataset cmapss:FD001
[19:16:45] --- stage: ad ---
[19:16:45]   data: FleetPair(cmapss:FD001: train=100 units, test=100 units, C=15, regimes=1, cap=125)  (0.1s)
[19:16:45]   task: {'kind': 'ad', 'n_train': 5290, 'n_test': 4608, 'd': 300, 'window': 20, 'n_channels': 15, 'anomaly_rate': 0.1317274272441864, 'kind_counts': {'normal': 4001, 'spike': 130, 'offset': 113, 'drift': 102, 'desync': 111, 'decouple': 105, 'organic': 46}, 'train_units': 100, 'test_units': 100, 'n_regimes': 1, 'seed': 0, 'per_regime_norm': False, 'official_test_fleet': True, 'dataset': 'cmapss:FD001', 'cap': 125.0, 'subset': 'FD001', 'dropped_constant_sensors': 6, 'source': 'NASA C-MAPSS (real)', 'source_name': 'cmapss', 'source_kind': 'fleet'}
[19:16:45]   caveat: Ships no anomaly annotations: detection anomalies are injected.
    [pc] epoch   0  nll 31413.269
    fit chow_liu K=8: 6/50 (12%) · 0.18 it/s · elapsed 00:32 · ETA 04:00
    [pc] epoch   6  nll  128.647
    fit chow_liu K=8: 12/50 (24%) · 0.18 it/s · elapsed 01:05 · ETA 03:27
    [pc] epoch  12  nll   81.501
    fit chow_liu K=8: 18/50 (36%) · 0.18 it/s · elapsed 01:38 · ETA 02:54
    [pc] epoch  18  nll   66.968
    fit chow_liu K=8: 24/50 (48%) · 0.18 it/s · elapsed 02:10 · ETA 02:21
    [pc] epoch  24  nll   57.128
    fit chow_liu K=8: 30/50 (60%) · 0.18 it/s · elapsed 02:44 · ETA 01:49
    [pc] epoch  30  nll   55.632
    fit chow_liu K=8: 36/50 (72%) · 0.18 it/s · elapsed 03:16 · ETA 01:16
    [pc] epoch  36  nll   53.026
    fit chow_liu K=8: 42/50 (84%) · 0.18 it/s · elapsed 03:49 · ETA 00:43
    [pc] epoch  42  nll   53.487
    fit chow_liu K=8: 48/50 (96%) · 0.18 it/s · elapsed 04:22 · ETA 00:10
    [pc] epoch  48  nll   78.148
    fit chow_liu K=8: done 50/50 in 04:33
[19:21:20]   pc_train_nll: first=31413.2688 last=76.2120 (50 epochs)
[19:21:21]   pc: fit 275.3s · 157,440 params · score sd 16.975 · device cpu · layered · 961 win/s
    typed decomposition (per channel): 4/15 (27%) · 0.12 it/s · elapsed 00:32 · ETA 01:28
    typed decomposition (per channel): 8/15 (53%) · 0.12 it/s · elapsed 01:04 · ETA 00:56
    typed decomposition (per channel): 12/15 (80%) · 0.12 it/s · elapsed 01:36 · ETA 00:24
    typed decomposition (per channel): done 15/15 in 02:00
[19:23:24]   typed decomposition (mean worst-channel surprise):
[19:23:24]        normal  n= 4001  marginal    23.17  conditional    22.61  structural     1.80
[19:23:24]      decouple  n=  105  marginal    23.59  conditional    22.91  structural     1.72
[19:23:24]        desync  n=  111  marginal    23.09  conditional    33.16  structural    17.00
[19:23:24]         drift  n=  102  marginal 144726.70  conditional 144749.45  structural    50.34
[19:23:24]        offset  n=  113  marginal 64720.89  conditional 64749.07  structural    52.31
[19:23:24]       organic  n=   46  marginal   279.56  conditional   270.51  structural     0.77
[19:23:24]         spike  n=  130  marginal  9365.46  conditional  9365.45  structural     2.37
[19:23:24] --- stage ad done in 399.3s ---
[19:23:24] === run ok · 399.3s · peak RSS 1.614 GB ===
