[11:51:19] === run start · seed12 · seed 12 · hash facccb8b23f2 ===
[11:51:19] stages ['diagnosis'] · device cpu · dataset synthetic
[11:51:19] --- stage: diagnosis ---
    [pc] epoch   0  nll   26.025  val   23.723
    [pc] epoch   7  nll   22.671  val   21.785
    [pc] epoch  14  nll   22.085  val   21.246
    [pc] epoch  21  nll   21.498  val   20.864
    [pc] epoch  28  nll   20.814  val   20.281
    [pc] epoch  35  nll   20.410  val   20.071
    [pc] epoch  42  nll   20.318  val   20.037
    [pc] epoch  49  nll   20.242  val   19.975
    [pc] epoch  56  nll   20.144  val   19.894
    [pc] restored epoch 57 (selected by nll; val nll 19.858, last 19.872)
[11:51:21]   pc_train_nll: first=26.0255 last=20.0929 (60 epochs)
[11:51:21]   pc_train_objective: first=26.0255 last=20.0929 (60 epochs)
[11:51:21]   pc_selection_loss: first=23.7227 last=19.8723 (60 epochs)
[11:51:21]   pc_val_nll: first=23.7227 last=19.8723 (60 epochs)
[11:51:21]   pc: fit 2.3s · 1,488 params · score sd 5.212 · device cpu · layered · 27,255 win/s
[11:51:21]   pc: validation on 200 windows from explicit subset of held-out units · best epoch 57 of 60 · val nll 19.858
[11:51:21]   shortcut audit: target-channel-only AUROC 0.456 (0.5 = no marginal shortcut)
[11:51:21]   diagnosis: full (4.0 observed on average), 400 paired windows, 2 method(s)
[11:51:21]   diagnosis: random1:0 (3.0 observed on average), 400 paired windows, 2 method(s)
[11:51:22]   diagnosis: random2:1-2 (2.0 observed on average), 400 paired windows, 2 method(s)
[11:51:22]   diagnosis: bank0:0-1 (2.0 observed on average), 400 paired windows, 2 method(s)
[11:51:22]   diagnosis: single_sensor_0 (1.0 observed on average), 400 paired windows, 2 method(s)
[11:51:22]   Diagnosis completed on validation engines only; no confirmatory PASS/FAIL inferred.
[11:51:22] --- stage diagnosis done in 3.4s ---
[11:51:22] === run ok · 3.5s · peak RSS 0.341 GB ===
[20:04:46] === run start · seed12 · seed 12 · hash 4ec6eec8c296 ===
[20:04:46] stages ['diagnosis'] · device cpu · dataset synthetic
[20:04:46] --- stage: diagnosis ---
    [pc] epoch   0  nll   26.025  val   23.723
    [pc] epoch   7  nll   22.671  val   21.785
    [pc] epoch  14  nll   22.085  val   21.246
    [pc] epoch  21  nll   21.498  val   20.864
    [pc] epoch  28  nll   20.814  val   20.281
    [pc] epoch  35  nll   20.410  val   20.071
    [pc] epoch  42  nll   20.318  val   20.037
    [pc] epoch  49  nll   20.242  val   19.975
    [pc] epoch  56  nll   20.144  val   19.894
    [pc] restored epoch 57 (selected by nll; val nll 19.858, last 19.872)
[20:04:47]   pc_train_nll: first=26.0255 last=20.0929 (60 epochs)
[20:04:47]   pc_train_objective: first=26.0255 last=20.0929 (60 epochs)
[20:04:47]   pc_selection_loss: first=23.7227 last=19.8723 (60 epochs)
[20:04:47]   pc_val_nll: first=23.7227 last=19.8723 (60 epochs)
[20:04:47]   pc: fit 1.2s · 1,488 params · score sd 5.212 · device cpu · layered · 50,339 win/s
[20:04:47]   pc: validation on 200 windows from explicit subset of held-out units · best epoch 57 of 60 · val nll 19.858
[20:04:47]   shortcut audit: target-channel-only AUROC 0.456 (0.5 = no marginal shortcut)
[20:04:47]   diagnosis: full (4.0 observed on average), 400 paired windows, 2 method(s)
[20:04:48]   diagnosis: random1:0 (3.0 observed on average), 400 paired windows, 2 method(s)
[20:04:48]   diagnosis: random2:1-2 (2.0 observed on average), 400 paired windows, 2 method(s)
[20:04:48]   diagnosis: bank0:0-1 (2.0 observed on average), 400 paired windows, 2 method(s)
[20:04:48]   diagnosis: single_sensor_0 (1.0 observed on average), 400 paired windows, 2 method(s)
[20:04:48]   Diagnosis completed on validation engines only; no confirmatory PASS/FAIL inferred.
[20:04:48] --- stage diagnosis done in 1.7s ---
[20:04:48] === run ok · 1.7s · peak RSS 0.347 GB ===
