[11:27:05] === run start · seed12 · seed 12 · hash b31bc819107e ===
[11:27:05] stages ['diagnosis'] · device cpu · dataset synthetic
[11:27:05] --- stage: diagnosis ---
    [pc] epoch   0  nll   25.898  val   24.346
    [pc] epoch  18  nll   21.452  val   21.473
    [pc] epoch  36  nll   20.530  val   20.708
    [pc] epoch  54  nll   20.214  val   20.564
    [pc] epoch  72  nll   20.010  val   20.491
    [pc] epoch  90  nll   19.899  val   20.518
    [pc] restored epoch 68 (selected by nll; val nll 20.475, last 20.527)
[11:27:09]   pc_train_nll: first=25.8981 last=19.8919 (94 epochs)
[11:27:09]   pc_train_objective: first=25.8981 last=19.8919 (94 epochs)
[11:27:09]   pc_selection_loss: first=24.3464 last=20.5274 (94 epochs)
[11:27:09]   pc_val_nll: first=24.3464 last=20.5274 (94 epochs)
[11:27:09]   pc: fit 4.1s · 6,416 params · score sd 2.868 · device cpu · layered · 23,433 win/s
[11:27:09]   pc: validation on 200 windows from explicit subset of held-out units · best epoch 68 of 150 · val nll 20.475
[11:27:09]   shortcut audit: target-channel-only AUROC 0.456 (0.5 = no marginal shortcut)
[11:27:09]   diagnosis: full (4.0 observed on average), 400 paired windows, 1 method(s)
[11:27:09]   diagnosis: random1:0 (3.0 observed on average), 400 paired windows, 1 method(s)
[11:27:10]   diagnosis: random2:1-2 (2.0 observed on average), 400 paired windows, 1 method(s)
[11:27:10]   diagnosis: random3:1-2-3 (1.0 observed on average), 400 paired windows, 1 method(s)
[11:27:10]   diagnosis: bank0:0-1 (2.0 observed on average), 400 paired windows, 1 method(s)
[11:27:10]   diagnosis: single_sensor_0 (1.0 observed on average), 400 paired windows, 1 method(s)
[11:27:10]   Diagnosis completed on validation engines only; no confirmatory PASS/FAIL inferred.
[11:27:10] --- stage diagnosis done in 4.7s ---
[11:27:10] === run ok · 4.7s · peak RSS 0.369 GB ===
[11:48:11] === run start · seed12 · seed 12 · hash 068c488d8873 ===
[11:48:11] stages ['diagnosis'] · device cpu · dataset synthetic
[11:48:11] --- stage: diagnosis ---
    [pc] epoch   0  nll   25.898  val   24.346
    [pc] epoch  18  nll   21.452  val   21.473
    [pc] epoch  36  nll   20.530  val   20.708
    [pc] epoch  54  nll   20.214  val   20.564
    [pc] epoch  72  nll   20.010  val   20.491
    [pc] epoch  90  nll   19.899  val   20.518
    [pc] restored epoch 68 (selected by nll; val nll 20.475, last 20.527)
[11:48:20]   pc_train_nll: first=25.8981 last=19.8919 (94 epochs)
[11:48:20]   pc_train_objective: first=25.8981 last=19.8919 (94 epochs)
[11:48:20]   pc_selection_loss: first=24.3464 last=20.5274 (94 epochs)
[11:48:20]   pc_val_nll: first=24.3464 last=20.5274 (94 epochs)
[11:48:20]   pc: fit 8.4s · 6,416 params · score sd 2.868 · device cpu · layered · 11,516 win/s
[11:48:20]   pc: validation on 200 windows from explicit subset of held-out units · best epoch 68 of 150 · val nll 20.475
[11:48:20]   shortcut audit: target-channel-only AUROC 0.456 (0.5 = no marginal shortcut)
[11:48:20]   diagnosis: full (4.0 observed on average), 400 paired windows, 2 method(s)
[11:48:20]   diagnosis: random1:0 (3.0 observed on average), 400 paired windows, 2 method(s)
[11:48:21]   diagnosis: random2:1-2 (2.0 observed on average), 400 paired windows, 2 method(s)
[11:48:21]   diagnosis: random3:1-2-3 (1.0 observed on average), 400 paired windows, 2 method(s)
[11:48:21]   diagnosis: bank0:0-1 (2.0 observed on average), 400 paired windows, 2 method(s)
[11:48:21]   diagnosis: single_sensor_0 (1.0 observed on average), 400 paired windows, 2 method(s)
[11:48:22]   Diagnosis completed on validation engines only; no confirmatory PASS/FAIL inferred.
[11:48:22] --- stage diagnosis done in 10.0s ---
[11:48:22] === run ok · 10.1s · peak RSS 0.366 GB ===
[20:02:07] === run start · seed12 · seed 12 · hash 5d2da8f1fa84 ===
[20:02:07] stages ['diagnosis'] · device cpu · dataset synthetic
[20:02:07] --- stage: diagnosis ---
    [pc] epoch   0  nll   25.898  val   24.346
    [pc] epoch  18  nll   21.452  val   21.473
    [pc] epoch  36  nll   20.530  val   20.708
    [pc] epoch  54  nll   20.214  val   20.564
    [pc] epoch  72  nll   20.010  val   20.491
    [pc] epoch  90  nll   19.899  val   20.518
    [pc] restored epoch 68 (selected by nll; val nll 20.475, last 20.527)
[20:02:11]   pc_train_nll: first=25.8981 last=19.8919 (94 epochs)
[20:02:11]   pc_train_objective: first=25.8981 last=19.8919 (94 epochs)
[20:02:11]   pc_selection_loss: first=24.3464 last=20.5274 (94 epochs)
[20:02:11]   pc_val_nll: first=24.3464 last=20.5274 (94 epochs)
[20:02:11]   pc: fit 4.3s · 6,416 params · score sd 2.868 · device cpu · layered · 22,624 win/s
[20:02:11]   pc: validation on 200 windows from explicit subset of held-out units · best epoch 68 of 150 · val nll 20.475
[20:02:11]   shortcut audit: target-channel-only AUROC 0.456 (0.5 = no marginal shortcut)
[20:02:11]   diagnosis: full (4.0 observed on average), 400 paired windows, 2 method(s)
[20:02:12]   diagnosis: random1:0 (3.0 observed on average), 400 paired windows, 2 method(s)
[20:02:12]   diagnosis: random2:1-2 (2.0 observed on average), 400 paired windows, 2 method(s)
[20:02:12]   diagnosis: random3:1-2-3 (1.0 observed on average), 400 paired windows, 2 method(s)
[20:02:12]   diagnosis: bank0:0-1 (2.0 observed on average), 400 paired windows, 2 method(s)
[20:02:12]   diagnosis: single_sensor_0 (1.0 observed on average), 400 paired windows, 2 method(s)
[20:02:12]   Diagnosis completed on validation engines only; no confirmatory PASS/FAIL inferred.
[20:02:12] --- stage diagnosis done in 5.0s ---
[20:02:12] === run ok · 5.0s · peak RSS 0.353 GB ===
