[16:40:27] === run start · seed2 · seed 2 · hash 4f479151e03f ===
[16:40:27] stages ['ad'] · device cuda · dataset cmapss:FD001
[16:40:27] --- stage: ad ---
[16:40:27]   data: FleetPair(cmapss:FD001: train=100 units, test=100 units, C=15, regimes=3, cap=125)  (0.1s)
[16:40:27]   task: {'kind': 'ad', 'n_train': 5290, 'n_test': 4608, 'd': 300, 'window': 20, 'n_channels': 15, 'anomaly_rate': 0.1265190988779068, 'kind_counts': {'normal': 4025, 'offset': 105, 'drift': 102, 'spike': 111, 'decouple': 94, 'desync': 125, 'organic': 46}, 'train_units': 100, 'test_units': 100, 'n_regimes': 3, 'seed': 2, 'per_regime_norm': True, 'official_test_fleet': True, 'dataset': 'cmapss:FD001', 'cap': 125.0, 'subset': 'FD001', 'dropped_constant_sensors': 6, 'source': 'NASA C-MAPSS (real)'}
    [pc] epoch   0  nll  285.980
    [pc] epoch   6  nll  144.872
    [pc] epoch  12  nll  138.523
    [pc] epoch  18  nll  134.718
    [pc] epoch  24  nll  133.217
    [pc] epoch  30  nll  131.772
    [pc] epoch  36  nll  129.931
    [pc] epoch  42  nll  128.969
    [pc] epoch  48  nll  128.047
[16:40:36]   pc_train_nll: first=285.9799 last=127.9968 (50 epochs)
[16:40:36]   pc: fit 8.5s · 32,160 params · score sd 23.386 · device cuda · layered · 31,092 win/s
[16:40:37]   typed decomposition (mean worst-channel surprise):
[16:40:37]        normal  n= 4025  marginal    23.35  conditional    23.34  structural    10.15
[16:40:37]      decouple  n=   94  marginal    23.15  conditional    22.91  structural     9.08
[16:40:37]        desync  n=  125  marginal    23.08  conditional    37.75  structural    25.09
[16:40:37]         drift  n=  102  marginal   102.62  conditional   128.05  structural    53.07
[16:40:37]        offset  n=  105  marginal   111.09  conditional   156.07  structural    73.35
[16:40:37]       organic  n=   46  marginal   113.01  conditional   129.88  structural    45.23
[16:40:37]         spike  n=  111  marginal    46.75  conditional    52.91  structural    14.74
[16:40:37] --- stage ad done in 10.1s ---
[16:40:37] === run ok · 10.1s · peak RSS 1.598 GB ===
[16:01:36] === run start · seed2 · seed 2 · hash d26294ce367c ===
[16:01:36] stages ['ad'] · device cuda · dataset cmapss:FD001
[16:01:36] --- stage: ad ---
[16:01:36]   data: FleetPair(cmapss:FD001: train=100 units, test=100 units, C=15, regimes=1, cap=125)  (0.1s)
[16:01:36]   task: {'kind': 'ad', 'n_train': 5290, 'n_test': 4608, 'd': 300, 'window': 20, 'n_channels': 15, 'anomaly_rate': 0.1265190988779068, 'kind_counts': {'normal': 4025, 'offset': 105, 'drift': 102, 'spike': 111, 'decouple': 94, 'desync': 125, 'organic': 46}, 'train_units': 100, 'test_units': 100, 'n_regimes': 1, 'seed': 2, 'per_regime_norm': False, 'official_test_fleet': True, 'dataset': 'cmapss:FD001', 'cap': 125.0, 'subset': 'FD001', 'dropped_constant_sensors': 6, 'source': 'NASA C-MAPSS (real)', 'source_name': 'cmapss', 'source_kind': 'fleet'}
[16:01:36]   caveat: Ships no anomaly annotations: detection anomalies are injected.
    [pc] epoch   0  nll  245.452
    [pc] epoch   6  nll  108.680
    [pc] epoch  12  nll   98.752
    [pc] epoch  18  nll  103.627
    [pc] epoch  24  nll  106.087
    [pc] epoch  30  nll  111.528
    [pc] epoch  36  nll  125.156
    [pc] epoch  42  nll  112.118
    [pc] epoch  48  nll  100.705
[16:01:54]   pc_train_nll: first=245.4516 last=100.2898 (50 epochs)
[16:01:54]   pc: fit 18.1s · 32,160 params · score sd 27.626 · device cuda · layered · 14,628 win/s
[16:01:57]   typed decomposition (mean worst-channel surprise):
[16:01:57]        normal  n= 4025  marginal    23.62  conditional    24.04  structural     6.10
[16:01:57]      decouple  n=   94  marginal    23.53  conditional    23.38  structural     4.96
[16:01:57]        desync  n=  125  marginal    23.32  conditional    34.69  structural    18.99
[16:01:57]         drift  n=  102  marginal   254.72  conditional   311.35  structural    68.87
[16:01:57]        offset  n=  105  marginal   204.09  conditional   256.05  structural    80.31
[16:01:57]       organic  n=   46  marginal   116.04  conditional   130.65  structural    51.78
[16:01:57]         spike  n=  111  marginal    53.37  conditional    59.03  structural    10.65
[16:01:57] --- stage ad done in 21.0s ---
[16:01:57] === run ok · 21.0s · peak RSS 1.603 GB ===
