[11:23:44] === run start · seed12 · seed 12 · hash 8b9ff7e962ad ===
[11:23:44] stages ['diagnosis'] · device cpu · dataset synthetic
[11:23:44] --- stage: diagnosis ---
    [pc] epoch   0  nll   26.039  val   23.748
    [pc] epoch  18  nll   21.628  val   20.959
    [pc] epoch  36  nll   19.677  val   19.539
    [pc] epoch  54  nll   19.337  val   19.331
    [pc] epoch  72  nll   19.114  val   19.071
    [pc] epoch  90  nll   18.930  val   18.914
    [pc] epoch 108  nll   18.872  val   18.942
    [pc] restored epoch 89 (selected by nll; val nll 18.890, last 18.936)
[11:23:51]   pc_train_nll: first=26.0391 last=18.8619 (115 epochs)
[11:23:51]   pc_train_objective: first=31.2425 last=22.5747 (115 epochs)
[11:23:51]   pc_selection_loss: first=23.7479 last=18.9358 (115 epochs)
[11:23:51]   pc_val_nll: first=23.7479 last=18.9358 (115 epochs)
[11:23:51]   pc: fit 7.0s · 1,488 params · score sd 4.729 · device cpu · layered · 16,879 win/s
[11:23:51]   pc: validation on 200 windows from explicit subset of held-out units · best epoch 89 of 150 · val nll 18.890
[11:23:51]   shortcut audit: target-channel-only AUROC 0.456 (0.5 = no marginal shortcut)
[11:23:51]   diagnosis: full (4.0 observed on average), 400 paired windows, 1 method(s)
[11:23:51]   diagnosis: random1:0 (3.0 observed on average), 400 paired windows, 1 method(s)
[11:23:51]   diagnosis: random2:1-2 (2.0 observed on average), 400 paired windows, 1 method(s)
[11:23:51]   diagnosis: random3:1-2-3 (1.0 observed on average), 400 paired windows, 1 method(s)
[11:23:51]   diagnosis: bank0:0-1 (2.0 observed on average), 400 paired windows, 1 method(s)
[11:23:51]   diagnosis: single_sensor_0 (1.0 observed on average), 400 paired windows, 1 method(s)
[11:23:51]   Diagnosis completed on validation engines only; no confirmatory PASS/FAIL inferred.
[11:23:51] --- stage diagnosis done in 7.4s ---
[11:23:51] === run ok · 7.5s · peak RSS 0.33 GB ===
[11:42:37] === run start · seed12 · seed 12 · hash d7a641cfd871 ===
[11:42:37] stages ['diagnosis'] · device cpu · dataset synthetic
[11:42:37] --- stage: diagnosis ---
    [pc] epoch   0  nll   26.039  val   23.748
    [pc] epoch  18  nll   21.628  val   20.959
    [pc] epoch  36  nll   19.677  val   19.539
    [pc] epoch  54  nll   19.337  val   19.331
    [pc] epoch  72  nll   19.114  val   19.071
    [pc] epoch  90  nll   18.930  val   18.914
    [pc] epoch 108  nll   18.872  val   18.942
    [pc] restored epoch 89 (selected by nll; val nll 18.890, last 18.936)
[11:42:50]   pc_train_nll: first=26.0391 last=18.8619 (115 epochs)
[11:42:50]   pc_train_objective: first=31.2425 last=22.5747 (115 epochs)
[11:42:50]   pc_selection_loss: first=23.7479 last=18.9358 (115 epochs)
[11:42:50]   pc_val_nll: first=23.7479 last=18.9358 (115 epochs)
[11:42:50]   pc: fit 12.8s · 1,488 params · score sd 4.729 · device cpu · layered · 9,193 win/s
[11:42:50]   pc: validation on 200 windows from explicit subset of held-out units · best epoch 89 of 150 · val nll 18.890
[11:42:50]   shortcut audit: target-channel-only AUROC 0.456 (0.5 = no marginal shortcut)
[11:42:50]   diagnosis: full (4.0 observed on average), 400 paired windows, 2 method(s)
[11:42:50]   diagnosis: random1:0 (3.0 observed on average), 400 paired windows, 2 method(s)
[11:42:50]   diagnosis: random2:1-2 (2.0 observed on average), 400 paired windows, 2 method(s)
[11:42:50]   diagnosis: random3:1-2-3 (1.0 observed on average), 400 paired windows, 2 method(s)
[11:42:51]   diagnosis: bank0:0-1 (2.0 observed on average), 400 paired windows, 2 method(s)
[11:42:51]   diagnosis: single_sensor_0 (1.0 observed on average), 400 paired windows, 2 method(s)
[11:42:51]   Diagnosis completed on validation engines only; no confirmatory PASS/FAIL inferred.
[11:42:51] --- stage diagnosis done in 13.9s ---
[11:42:51] === run ok · 14.1s · peak RSS 0.362 GB ===
[19:56:53] === run start · seed12 · seed 12 · hash 3beefc7664c8 ===
[19:56:53] stages ['diagnosis'] · device cpu · dataset synthetic
[19:56:53] --- stage: diagnosis ---
    [pc] epoch   0  nll   26.039  val   23.748
    [pc] epoch  18  nll   21.628  val   20.959
    [pc] epoch  36  nll   19.677  val   19.539
    [pc] epoch  54  nll   19.337  val   19.331
    [pc] epoch  72  nll   19.114  val   19.071
    [pc] epoch  90  nll   18.930  val   18.914
    [pc] epoch 108  nll   18.872  val   18.942
    [pc] restored epoch 89 (selected by nll; val nll 18.890, last 18.936)
[19:57:00]   pc_train_nll: first=26.0391 last=18.8619 (115 epochs)
[19:57:00]   pc_train_objective: first=31.2425 last=22.5747 (115 epochs)
[19:57:00]   pc_selection_loss: first=23.7479 last=18.9358 (115 epochs)
[19:57:00]   pc_val_nll: first=23.7479 last=18.9358 (115 epochs)
[19:57:00]   pc: fit 6.5s · 1,488 params · score sd 4.729 · device cpu · layered · 18,074 win/s
[19:57:00]   pc: validation on 200 windows from explicit subset of held-out units · best epoch 89 of 150 · val nll 18.890
[19:57:00]   shortcut audit: target-channel-only AUROC 0.456 (0.5 = no marginal shortcut)
[19:57:00]   diagnosis: full (4.0 observed on average), 400 paired windows, 2 method(s)
[19:57:00]   diagnosis: random1:0 (3.0 observed on average), 400 paired windows, 2 method(s)
[19:57:00]   diagnosis: random2:1-2 (2.0 observed on average), 400 paired windows, 2 method(s)
[19:57:00]   diagnosis: random3:1-2-3 (1.0 observed on average), 400 paired windows, 2 method(s)
[19:57:00]   diagnosis: bank0:0-1 (2.0 observed on average), 400 paired windows, 2 method(s)
[19:57:00]   diagnosis: single_sensor_0 (1.0 observed on average), 400 paired windows, 2 method(s)
[19:57:00]   Diagnosis completed on validation engines only; no confirmatory PASS/FAIL inferred.
[19:57:00] --- stage diagnosis done in 7.0s ---
[19:57:00] === run ok · 7.1s · peak RSS 0.367 GB ===
