[15:53:56] === run start · seed1 · seed 1 · hash 8da603c59cdc ===
[15:53:56] stages ['explain'] · device cuda · dataset synthetic
[15:53:56] --- stage: explain ---
[15:53:56]   data: FleetPair(synthetic: train=60 units, C=14, regimes=3, cap=130)  (0.1s)
[15:53:56]   task: {'kind': 'ad', 'n_train': 1961, 'n_test': 1713, 'd': 112, 'window': 8, 'n_channels': 14, 'anomaly_rate': 0.20431990921497345, 'kind_counts': {'normal': 1363, 'offset': 30, 'desync': 44, 'drift': 32, 'decouple': 31, 'spike': 38, 'organic': 175}, 'train_units': 36, 'test_units': 24, 'n_regimes': 3, 'seed': 1, 'dataset': 'synthetic', 'cap': 130.0, 'source': 'synthetic simulator', 'units': 60}
[15:53:56]   explain: capped test set to 1500 windows
    [pc] epoch   0  nll  156.276
    [pc] epoch   5  nll   67.050
    [pc] epoch  10  nll   55.403
    [pc] epoch  15  nll   54.284
    [pc] epoch  20  nll   54.049
    [pc] epoch  25  nll   53.981
    [pc] epoch  30  nll   53.820
    [pc] epoch  35  nll   53.317
[15:53:57]   pc_train_nll: first=156.2756 last=53.1062 (40 epochs)
[15:53:57]   pc: fit 1.0s · 2,964 params · score sd 13.697 · device cuda · layered · 79,330 win/s
[15:53:59]   attribution cost: PC exact (all views) 0.2s · AE sampling-SHAP (one view) 1.3s
[15:53:59]   completeness: max residual 3.05e-05 nats, mean 2.15e-06
[15:53:59]   deletion curves scored with the circuit's own scorer — PC attributions have home-field advantage here, the localisation columns do not
[15:53:59]   worked examples (median-scoring window of each kind):
[15:53:59]    [normal]
[15:53:59]   anomaly score 51.2 nats
[15:53:59]       ch8  broken relationship  marginal    4.29  structural   10.12  worst at t=6
[15:53:59]       ch2  out of range         marginal    7.71  structural    0.54  worst at t=5
[15:53:59]      ch10  out of range         marginal    8.06  structural   -1.60  worst at t=7
[15:54:00]    [spike]
[15:54:00]   anomaly score 110.3 nats   [injected: spike, channels [8]]
[15:54:00]       ch8  out of range         marginal   72.07  structural   -5.45  worst at t=1  <- CORRECT
[15:54:00]      ch10  out of range         marginal   12.57  structural   -0.12  worst at t=1  <- miss
[15:54:00]       ch0  out of range         marginal    9.72  structural   -4.21  worst at t=4  <- miss
[15:54:00]    [offset]
[15:54:00]   anomaly score 206.0 nats   [injected: offset, channels [5, 8, 10]]
[15:54:00]       ch5  broken relationship  marginal    5.70  structural   79.20  worst at t=4  <- CORRECT
[15:54:00]       ch8  broken relationship  marginal   23.27  structural   20.94  worst at t=3  <- CORRECT
[15:54:00]       ch1  out of range         marginal   13.80  structural    3.47  worst at t=7  <- miss
[15:54:01]    [drift]
[15:54:01]   anomaly score 214.5 nats   [injected: drift, channels [1, 6, 12]]
[15:54:01]       ch1  broken relationship  marginal   35.23  structural   31.67  worst at t=7  <- CORRECT
[15:54:01]      ch12  broken relationship  marginal    8.40  structural   41.02  worst at t=5  <- CORRECT
[15:54:01]       ch6  broken relationship  marginal   20.13  structural   22.21  worst at t=7  <- CORRECT
[15:54:01]    [decouple]
[15:54:01]   anomaly score 55.0 nats   [injected: decouple, channels [0, 9]]
[15:54:01]       ch3  broken relationship  marginal    2.12  structural   23.41  worst at t=4  <- miss
[15:54:01]      ch10  out of range         marginal    7.27  structural    0.48  worst at t=1  <- miss
[15:54:01]       ch2  out of range         marginal    7.58  structural   -1.43  worst at t=5  <- miss
[15:54:01]    [desync]
[15:54:01]   anomaly score 115.6 nats   [injected: desync, channels [3, 9]]
[15:54:01]       ch9  broken relationship  marginal    9.36  structural   32.65  worst at t=1  <- CORRECT
[15:54:01]       ch3  broken relationship  marginal    3.63  structural   25.91  worst at t=4  <- CORRECT
[15:54:01]      ch10  out of range         marginal   10.42  structural   -0.82  worst at t=4  <- miss
[15:54:01] --- stage explain done in 5.5s ---
[15:54:01] === run ok · 5.5s · peak RSS 1.696 GB ===
