[11:52:14] === run start · seed13 · seed 13 · hash 935a722f4eea ===
[11:52:14] stages ['diagnosis'] · device cpu · dataset synthetic
[11:52:14] --- stage: diagnosis ---
    [pc] epoch   0  nll   25.276  val   24.344
    [pc] epoch  18  nll   20.751  val   20.891
    [pc] epoch  36  nll   19.658  val   19.903
    [pc] epoch  54  nll   19.539  val   19.792
    [pc] epoch  72  nll   19.390  val   19.680
    [pc] epoch  90  nll   19.326  val   19.694
    [pc] epoch 108  nll   19.293  val   19.682
    [pc] restored epoch 81 (selected by nll; val nll 19.625, last 19.707)
[11:52:19]   pc_train_nll: first=25.2760 last=19.3034 (112 epochs)
[11:52:19]   pc_train_objective: first=25.2760 last=19.3034 (112 epochs)
[11:52:19]   pc_selection_loss: first=24.3444 last=19.7074 (112 epochs)
[11:52:19]   pc_val_nll: first=24.3444 last=19.7074 (112 epochs)
[11:52:19]   pc: fit 5.5s · 1,488 params · score sd 4.253 · device cpu · layered · 21,038 win/s
[11:52:19]   pc: validation on 200 windows from explicit subset of held-out units · best epoch 81 of 150 · val nll 19.625
[11:52:19]   shortcut audit: target-channel-only AUROC 0.498 (0.5 = no marginal shortcut)
[11:52:19]   diagnosis: full (4.0 observed on average), 400 paired windows, 2 method(s)
[11:52:19]   diagnosis: random1:0 (3.0 observed on average), 400 paired windows, 2 method(s)
[11:52:19]   diagnosis: random2:1-2 (2.0 observed on average), 400 paired windows, 2 method(s)
[11:52:20]   diagnosis: bank0:0-1 (2.0 observed on average), 400 paired windows, 2 method(s)
[11:52:20]   diagnosis: single_sensor_0 (1.0 observed on average), 400 paired windows, 2 method(s)
[11:52:20]   Diagnosis completed on validation engines only; no confirmatory PASS/FAIL inferred.
[11:52:20] --- stage diagnosis done in 6.5s ---
[11:52:20] === run ok · 6.6s · peak RSS 0.341 GB ===
[20:07:13] === run start · seed13 · seed 13 · hash 9b799ca1872b ===
[20:07:13] stages ['diagnosis'] · device cpu · dataset synthetic
[20:07:13] --- stage: diagnosis ---
    [pc] epoch   0  nll   25.276  val   24.344
    [pc] epoch  18  nll   20.751  val   20.891
    [pc] epoch  36  nll   19.658  val   19.903
    [pc] epoch  54  nll   19.539  val   19.792
    [pc] epoch  72  nll   19.390  val   19.680
    [pc] epoch  90  nll   19.326  val   19.694
    [pc] epoch 108  nll   19.293  val   19.682
    [pc] restored epoch 81 (selected by nll; val nll 19.625, last 19.707)
[20:07:15]   pc_train_nll: first=25.2760 last=19.3034 (112 epochs)
[20:07:15]   pc_train_objective: first=25.2760 last=19.3034 (112 epochs)
[20:07:15]   pc_selection_loss: first=24.3444 last=19.7074 (112 epochs)
[20:07:15]   pc_val_nll: first=24.3444 last=19.7074 (112 epochs)
[20:07:15]   pc: fit 2.3s · 1,488 params · score sd 4.253 · device cpu · layered · 50,253 win/s
[20:07:15]   pc: validation on 200 windows from explicit subset of held-out units · best epoch 81 of 150 · val nll 19.625
[20:07:15]   shortcut audit: target-channel-only AUROC 0.498 (0.5 = no marginal shortcut)
[20:07:15]   diagnosis: full (4.0 observed on average), 400 paired windows, 2 method(s)
[20:07:15]   diagnosis: random1:0 (3.0 observed on average), 400 paired windows, 2 method(s)
[20:07:15]   diagnosis: random2:1-2 (2.0 observed on average), 400 paired windows, 2 method(s)
[20:07:15]   diagnosis: bank0:0-1 (2.0 observed on average), 400 paired windows, 2 method(s)
[20:07:15]   diagnosis: single_sensor_0 (1.0 observed on average), 400 paired windows, 2 method(s)
[20:07:15]   Diagnosis completed on validation engines only; no confirmatory PASS/FAIL inferred.
[20:07:15] --- stage diagnosis done in 2.7s ---
[20:07:15] === run ok · 2.8s · peak RSS 0.348 GB ===
