[16:08:09] === run start · seed22 · seed 22 · hash e84370a44607 ===
[16:08:09] stages ['diagnosis'] · device cuda · dataset cmapss:FD001
[16:08:09] --- stage: diagnosis ---
[16:08:09]   data: FleetPair(cmapss:FD001: train=100 units, test=100 units, C=15, regimes=1, cap=125)  (0.1s)
[16:08:09]   task: {'kind': 'ad', 'n_train': 3614, 'n_val': 1676, 'n_test': 4639, 'd': 300, 'window': 20, 'n_channels': 15, 'anomaly_rate': 0.14442767202854156, 'kind_counts': {'normal': 3969, 'offset': 117, 'decouple': 122, 'spike': 116, 'drift': 132, 'desync': 131, 'organic': 52}, 'train_units': 100, 'val_units': 30, 'test_units': 100, 'n_val_windows': 1676, 'n_regimes': 1, 'seed': 22, 'per_regime_norm': False, 'official_test_fleet': True, 'dataset': 'cmapss:FD001', 'cap': 125.0, 'subset': 'FD001', 'dropped_constant_sensors': 6, 'source': 'NASA C-MAPSS (real)', 'source_name': 'cmapss', 'source_kind': 'fleet'}
[16:08:09]   caveat: Ships no anomaly annotations: detection anomalies are injected.
    [pc] epoch   0  nll  499.491  val  302.827
    [pc] epoch  75  nll   50.491  val   61.081
    fit chow_liu K=8: 116/600 (19%) · 3.86 it/s · elapsed 00:30 · ETA 02:05
    [pc] restored epoch 80 (selected by nll; val nll 60.370, last 63.746)
    [pc] epoch   0  nll  503.570  val  306.346
    [pc] epoch  75  nll   57.682  val   68.850
    fit chow_liu K=8 restart 1: 116/600 (19%) · 3.87 it/s · elapsed 00:30 · ETA 02:05
    [pc] epoch 150  nll   51.379  val   63.768
    [pc] epoch 225  nll   48.185  val   61.371
    fit chow_liu K=8 restart 1: 232/600 (39%) · 3.87 it/s · elapsed 01:00 · ETA 01:35
    [pc] epoch 300  nll   43.580  val   56.110
    fit chow_liu K=8 restart 1: 348/600 (58%) · 3.87 it/s · elapsed 01:30 · ETA 01:05
    [pc] epoch 375  nll   39.937  val   51.909
    [pc] restored epoch 369 (selected by nll; val nll 50.226, last 52.595)
    [pc] epoch   0  nll  500.946  val  304.424
    [pc] epoch  75  nll   52.883  val   61.708
    fit chow_liu K=8 restart 2: 116/600 (19%) · 3.85 it/s · elapsed 00:30 · ETA 02:05
    [pc] epoch 150  nll   38.315  val   45.948
    [pc] epoch 225  nll   37.152  val   44.065
    [pc] restored epoch 168 (selected by nll; val nll 41.179, last 42.312)
    [pc] epoch   0  nll  498.150  val  301.576
    [pc] epoch  75  nll   51.064  val   58.171
    [pc] restart 3 abandoned at epoch 99 (52.933 vs 41.179 best so far)
    [pc] restored epoch 88 (selected by nll; val nll 52.933, last 56.414)
    [pc] restart 2 of 4 selected by nll (checkpoint losses: 60.370 50.226 41.179 52.933)
[16:12:11]   pc_train_nll: first=500.9463 last=35.4036 (229 epochs)
[16:12:11]   pc_train_objective: first=500.9463 last=35.4036 (229 epochs)
[16:12:11]   pc_selection_loss: first=304.4241 last=42.3125 (229 epochs)
[16:12:11]   pc_val_nll: first=304.4241 last=42.3125 (229 epochs)
[16:12:11]   pc: fit 242.5s · 195,840 params · score sd 18.987 · device cuda · layered · 3,413 win/s
[16:12:11]   pc: restart 0 (init seed 22) checkpoint 60.370 at epoch 80 of 141 run · stopped early
[16:12:11]   pc: restart 1 (init seed 7941) checkpoint 50.226 at epoch 369 of 430 run · stopped early
[16:12:11]   pc: restart 2 (init seed 15860) checkpoint 41.179 at epoch 168 of 229 run · stopped early
[16:12:11]   pc: restart 3 (init seed 23779) checkpoint 52.933 at epoch 88 of 100 run · abandoned
[16:12:11]   pc: selected restart 2 of 4
[16:12:11]   pc: validation on 531 windows from explicit subset of held-out units · best epoch 168 of 600 · val nll 41.179
[16:12:12]   shortcut audit: target-channel-only AUROC 0.534 (0.5 = no marginal shortcut)
[16:12:13]   baseline gaussian_fitted: fit 0.19s · 45,450 params · selection {'shrinkage': 0.01}
[16:12:14]   detection comparators: ['mahalanobis_refit', 'mahalanobis_impute', 'gmm_refit', 'gmm_impute', 'knn_refit', 'knn_impute']
[16:12:14]   diagnosis: full (15.0 observed on average), 386 paired windows, 2 method(s)
[16:12:18]   diagnosis: random1:1 (14.0 observed on average), 386 paired windows, 2 method(s)
[16:12:22]   diagnosis: random3:5-8-14 (12.0 observed on average), 386 paired windows, 2 method(s)
[16:12:38]   diagnosis: random7:3-4-8-10-11-12-14 (8.0 observed on average), 386 paired windows, 2 method(s)
[16:12:40]   diagnosis: bank0:0-1-2-4-5-7-8 (8.0 observed on average), 386 paired windows, 2 method(s)
[16:12:44]   diagnosis: bank1:3 (14.0 observed on average), 386 paired windows, 2 method(s)
[16:12:48]   diagnosis: bank2:6-10 (13.0 observed on average), 386 paired windows, 2 method(s)
[16:12:51]   diagnosis: single_sensor_0 (1.0 observed on average), 386 paired windows, 2 method(s)
[16:12:52]   Diagnosis completed on validation engines only; no confirmatory PASS/FAIL inferred.
[16:12:52] --- stage diagnosis done in 283.9s ---
[16:12:52] === run ok · 283.9s · peak RSS 2.515 GB ===
