[16:03:06] === run start · seed0 · seed 0 · hash da6276b0bdb3 ===
[16:03:06] stages ['ad'] · device cuda · dataset cmapss:FD001
[16:03:06] --- stage: ad ---
[16:03:06]   data: FleetPair(cmapss:FD001: train=100 units, test=100 units, C=15, regimes=3, cap=125)  (0.1s)
[16:03:06]   task: {'kind': 'ad', 'n_train': 5290, 'n_test': 4608, 'd': 300, 'window': 20, 'n_channels': 15, 'anomaly_rate': 0.1317274272441864, 'kind_counts': {'normal': 4001, 'spike': 130, 'offset': 113, 'drift': 102, 'desync': 111, 'decouple': 105, 'organic': 46}, 'train_units': 100, 'test_units': 100, 'n_regimes': 3, 'seed': 0, 'per_regime_norm': True, 'official_test_fleet': True, 'dataset': 'cmapss:FD001', 'cap': 125.0, 'subset': 'FD001', 'dropped_constant_sensors': 6, 'source': 'NASA C-MAPSS (real)'}
    [pc] epoch   0  nll 11976.381
    [pc] epoch   6  nll  181.973
    [pc] epoch  12  nll  144.144
    [pc] epoch  18  nll  130.992
    [pc] epoch  24  nll  119.677
    [pc] epoch  30  nll  108.364
    [pc] epoch  36  nll  113.008
    [pc] epoch  42  nll  103.607
    [pc] epoch  48  nll   98.326
[16:03:24]   pc_train_nll: first=11976.3810 last=97.7372 (50 epochs)
[16:03:24]   pc: fit 18.2s · 157,440 params · score sd 15.814 · device cuda · layered · 14,567 win/s
[16:03:28]   typed decomposition (mean worst-channel surprise):
[16:03:28]        normal  n= 4001  marginal    23.21  conditional    22.54  structural     1.19
[16:03:28]      decouple  n=  105  marginal    23.54  conditional    22.97  structural     1.26
[16:03:28]        desync  n=  111  marginal    23.27  conditional    29.87  structural    11.88
[16:03:28]         drift  n=  102  marginal   450.31  conditional   463.29  structural    36.45
[16:03:28]        offset  n=  113  marginal   286.94  conditional   302.69  structural    39.85
[16:03:28]       organic  n=   46  marginal   107.91  conditional   102.43  structural     0.18
[16:03:28]         spike  n=  130  marginal    65.77  conditional    65.04  structural     1.52
[16:03:28] --- stage ad done in 21.6s ---
[16:03:28] === run ok · 21.7s · peak RSS 1.78 GB ===
[15:18:24] === run start · seed0 · seed 0 · hash a04eb583ac64 ===
[15:18:24] stages ['ad'] · device cuda · dataset cmapss:FD001
[15:18:24] --- stage: ad ---
[15:18:24]   data: FleetPair(cmapss:FD001: train=100 units, test=100 units, C=15, regimes=1, cap=125)  (0.1s)
[15:18:24]   task: {'kind': 'ad', 'n_train': 5290, 'n_test': 4608, 'd': 300, 'window': 20, 'n_channels': 15, 'anomaly_rate': 0.1317274272441864, 'kind_counts': {'normal': 4001, 'spike': 130, 'offset': 113, 'drift': 102, 'desync': 111, 'decouple': 105, 'organic': 46}, 'train_units': 100, 'test_units': 100, 'n_regimes': 1, 'seed': 0, 'per_regime_norm': False, 'official_test_fleet': True, 'dataset': 'cmapss:FD001', 'cap': 125.0, 'subset': 'FD001', 'dropped_constant_sensors': 6, 'source': 'NASA C-MAPSS (real)', 'source_name': 'cmapss', 'source_kind': 'fleet'}
[15:18:24]   caveat: Ships no anomaly annotations: detection anomalies are injected.
    [pc] epoch   0  nll 31090.758
    [pc] epoch   6  nll  107.174
    [pc] epoch  12  nll   77.147
    [pc] epoch  18  nll   56.764
    [pc] epoch  24  nll   47.177
    [pc] epoch  30  nll   47.318
    [pc] epoch  36  nll   49.631
    [pc] epoch  42  nll   55.682
    fit spectral K=8: 45/50 (90%) · 1.50 it/s · elapsed 00:30 · ETA 00:03
    [pc] epoch  48  nll   63.550
    fit spectral K=8: done 50/50 in 00:33
[15:19:04]   pc_train_nll: first=31090.7576 last=59.4286 (50 epochs)
[15:19:04]   pc: fit 40.0s · 157,440 params · score sd 16.984 · device cuda · layered · 6,615 win/s
[15:19:11]   typed decomposition (mean worst-channel surprise):
[15:19:11]        normal  n= 4001  marginal    23.24  conditional    22.68  structural     1.24
[15:19:11]      decouple  n=  105  marginal    23.49  conditional    22.94  structural     1.43
[15:19:11]        desync  n=  111  marginal    23.29  conditional    29.08  structural    10.94
[15:19:11]         drift  n=  102  marginal 143871.34  conditional 143885.38  structural    37.82
[15:19:11]        offset  n=  113  marginal 64245.41  conditional 64261.16  structural    37.89
[15:19:11]       organic  n=   46  marginal   114.26  conditional   109.63  structural     0.04
[15:19:11]         spike  n=  130  marginal  9183.00  conditional  9182.56  structural     1.78
[15:19:11] --- stage ad done in 47.7s ---
[15:19:11] === run ok · 47.7s · peak RSS 1.779 GB ===
[19:35:33] === run start · seed0 · seed 0 · hash 29bdec29ada1 ===
[19:35:33] stages ['ad'] · device cpu · dataset cmapss:FD001
[19:35:33] --- stage: ad ---
[19:35:33]   data: FleetPair(cmapss:FD001: train=100 units, test=100 units, C=15, regimes=1, cap=125)  (0.1s)
[19:35:33]   task: {'kind': 'ad', 'n_train': 5290, 'n_test': 4608, 'd': 300, 'window': 20, 'n_channels': 15, 'anomaly_rate': 0.1317274272441864, 'kind_counts': {'normal': 4001, 'spike': 130, 'offset': 113, 'drift': 102, 'desync': 111, 'decouple': 105, 'organic': 46}, 'train_units': 100, 'test_units': 100, 'n_regimes': 1, 'seed': 0, 'per_regime_norm': False, 'official_test_fleet': True, 'dataset': 'cmapss:FD001', 'cap': 125.0, 'subset': 'FD001', 'dropped_constant_sensors': 6, 'source': 'NASA C-MAPSS (real)', 'source_name': 'cmapss', 'source_kind': 'fleet'}
[19:35:33]   caveat: Ships no anomaly annotations: detection anomalies are injected.
    [pc] epoch   0  nll 31419.240
    [pc] epoch   6  nll  110.756
    fit spectral K=8: 8/50 (16%) · 0.24 it/s · elapsed 00:32 · ETA 02:52
    [pc] epoch  12  nll   74.172
    fit spectral K=8: 16/50 (32%) · 0.24 it/s · elapsed 01:05 · ETA 02:19
    [pc] epoch  18  nll   62.612
    fit spectral K=8: 24/50 (48%) · 0.24 it/s · elapsed 01:38 · ETA 01:46
    [pc] epoch  24  nll   53.365
    [pc] epoch  30  nll   49.058
    fit spectral K=8: 32/50 (64%) · 0.24 it/s · elapsed 02:11 · ETA 01:14
    [pc] epoch  36  nll   57.136
    fit spectral K=8: 40/50 (80%) · 0.24 it/s · elapsed 02:44 · ETA 00:41
    [pc] epoch  42  nll   58.648
    fit spectral K=8: 48/50 (96%) · 0.24 it/s · elapsed 03:18 · ETA 00:08
    [pc] epoch  48  nll   59.101
    fit spectral K=8: done 50/50 in 03:26
[19:39:01]   pc_train_nll: first=31419.2401 last=62.8065 (50 epochs)
[19:39:02]   pc: fit 208.3s · 157,440 params · score sd 16.799 · device cpu · layered · 1,270 win/s
    typed decomposition (per channel): 6/15 (40%) · 0.17 it/s · elapsed 00:34 · ETA 00:52
    typed decomposition (per channel): 12/15 (80%) · 0.17 it/s · elapsed 01:10 · ETA 00:17
    typed decomposition (per channel): done 15/15 in 01:27
[19:40:32]   typed decomposition (mean worst-channel surprise):
[19:40:32]        normal  n= 4001  marginal    23.21  conditional    22.58  structural     1.16
[19:40:32]      decouple  n=  105  marginal    23.51  conditional    22.85  structural     1.33
[19:40:32]        desync  n=  111  marginal    23.23  conditional    28.72  structural    10.62
[19:40:32]         drift  n=  102  marginal 143472.11  conditional 143486.05  structural    38.41
[19:40:32]        offset  n=  113  marginal 63880.91  conditional 63895.92  structural    37.92
[19:40:32]       organic  n=   46  marginal   126.61  conditional   122.65  structural    -0.12
[19:40:32]         spike  n=  130  marginal  9091.06  conditional  9090.49  structural     1.40
[19:40:32] --- stage ad done in 299.2s ---
[19:40:32] === run ok · 299.2s · peak RSS 1.634 GB ===
