[16:40:03] === run start · seed11 · seed 11 · hash 97bf85cd0691 ===
[16:40:03] stages ['diagnosis'] · device cuda · dataset cmapss:FD001
[16:40:03] --- stage: diagnosis ---
[16:40:03]   data: FleetPair(cmapss:FD001: train=100 units, test=100 units, C=15, regimes=1, cap=125)  (0.1s)
[16:40:03]   task: {'kind': 'ad', 'n_train': 3711, 'n_val': 1579, 'n_test': 4639, 'd': 300, 'window': 20, 'n_channels': 15, 'anomaly_rate': 0.12869152426719666, 'kind_counts': {'normal': 4042, 'desync': 107, 'offset': 109, 'spike': 98, 'drift': 113, 'decouple': 118, 'organic': 52}, 'train_units': 100, 'val_units': 30, 'test_units': 100, 'n_val_windows': 1579, 'n_regimes': 1, 'seed': 11, 'per_regime_norm': False, 'official_test_fleet': True, 'dataset': 'cmapss:FD001', 'cap': 125.0, 'subset': 'FD001', 'dropped_constant_sensors': 6, 'source': 'NASA C-MAPSS (real)', 'source_name': 'cmapss', 'source_kind': 'fleet'}
[16:40:03]   caveat: Ships no anomaly annotations: detection anomalies are injected.
    [pc] epoch   0  nll  360.802  val  287.352
    [pc] epoch  22  nll   83.314  val   86.130
    [pc] epoch  44  nll   60.408  val   65.326
    [pc] epoch  66  nll   55.684  val   60.735
    fit chow_liu K=8: 86/180 (48%) · 2.84 it/s · elapsed 00:30 · ETA 00:33
    [pc] epoch  88  nll   50.909  val   55.927
    [pc] epoch 110  nll   48.381  val   53.434
    [pc] epoch 132  nll   41.312  val   48.029
    [pc] epoch 154  nll   38.009  val   44.062
    [pc] epoch 176  nll   36.523  val   42.576
    fit chow_liu K=8: done 180/180 in 00:53
    [pc] restored epoch 173 (selected by nll; val nll 41.886, last 43.228)
[16:41:00]   pc_train_nll: first=360.8019 last=36.9651 (180 epochs)
[16:41:00]   pc_train_objective: first=360.8019 last=36.9651 (180 epochs)
[16:41:00]   pc_selection_loss: first=287.3517 last=43.2283 (180 epochs)
[16:41:00]   pc_val_nll: first=287.3517 last=43.2283 (180 epochs)
[16:41:00]   pc: fit 56.7s · 174,240 params · score sd 22.397 · device cuda · layered · 11,791 win/s
[16:41:00]   pc: validation on 546 windows from explicit subset of held-out units · best epoch 173 of 180 · val nll 41.886
[16:41:01]   shortcut audit: target-channel-only AUROC 0.559 (0.5 = no marginal shortcut)
[16:41:01]   diagnosis: full (15.0 observed on average), 940 paired windows, 1 method(s)
[16:41:02]   diagnosis: random1:1 (14.0 observed on average), 940 paired windows, 1 method(s)
[16:41:03]   diagnosis: random3:5-8-14 (12.0 observed on average), 940 paired windows, 1 method(s)
[16:41:04]   diagnosis: random7:3-4-8-10-11-12-14 (8.0 observed on average), 940 paired windows, 1 method(s)
[16:41:05]   diagnosis: bank0:0-1-2-4-5-7-8 (8.0 observed on average), 940 paired windows, 1 method(s)
[16:41:06]   diagnosis: bank1:3 (14.0 observed on average), 940 paired windows, 1 method(s)
[16:41:08]   diagnosis: bank2:6-10 (13.0 observed on average), 940 paired windows, 1 method(s)
[16:41:09]   diagnosis: single_sensor_0 (1.0 observed on average), 940 paired windows, 1 method(s)
[16:41:09]   Diagnosis completed on validation engines only; no confirmatory PASS/FAIL inferred.
[16:41:09] --- stage diagnosis done in 66.5s ---
[16:41:09] === run ok · 66.5s · peak RSS 1.842 GB ===
