[11:32:39] === run start · seed1 · seed 1 · hash 916efea32637 ===
[11:32:39] stages ['explain'] · device cuda · dataset cmapss:FD001
[11:32:39] --- stage: explain ---
[11:32:39]   data: FleetPair(cmapss:FD001: train=100 units, test=100 units, C=15, regimes=3, cap=125)  (0.1s)
[11:32:39]   task: {'kind': 'ad', 'n_train': 5290, 'n_test': 4608, 'd': 300, 'window': 20, 'n_channels': 15, 'anomaly_rate': 0.1564670205116272, 'kind_counts': {'normal': 3887, 'desync': 133, 'offset': 135, 'drift': 137, 'decouple': 142, 'spike': 128, 'organic': 46}, 'train_units': 100, 'test_units': 100, 'n_regimes': 3, 'seed': 1, 'per_regime_norm': True, 'official_test_fleet': True, 'dataset': 'cmapss:FD001', 'cap': 125.0, 'subset': 'FD001', 'dropped_constant_sensors': 6, 'source': 'NASA C-MAPSS (real)'}
[11:32:39]   explain: capped test set to 1500 windows
    [pc] epoch   0  nll 45391.056
    [pc] epoch   6  nll  171.049
    [pc] epoch  12  nll  164.731
    [pc] epoch  18  nll  159.256
    [pc] epoch  24  nll  156.063
    [pc] epoch  30  nll  156.827
    [pc] epoch  36  nll  156.049
    [pc] epoch  42  nll  155.004
    [pc] epoch  48  nll  154.490
[11:32:49]   pc_train_nll: first=45391.0560 last=154.3854 (50 epochs)
[11:32:49]   pc: fit 9.6s · 15,360 params · score sd 26.599 · device cuda · layered · 27,668 win/s
[11:32:55]   attribution cost: PC exact (all views) 1.8s · AE sampling-SHAP (one view) 3.1s
[11:32:57]   completeness: max residual 6.10e-05 nats, mean 4.41e-06
[11:32:57]   deletion curves scored with the circuit's own scorer — PC attributions have home-field advantage here, the localisation columns do not
[11:32:58]   worked examples (median-scoring window of each kind):
[11:33:00]    [normal]
[11:33:00]   anomaly score 151.0 nats
[11:33:00]       ch1  out of range         marginal   22.90  structural   -1.57  worst at t=4
[11:33:00]      ch14  out of range         marginal   20.82  structural   -0.74  worst at t=4
[11:33:00]       ch0  out of range         marginal   20.18  structural   -1.45  worst at t=9
[11:33:03]    [spike]
[11:33:03]   anomaly score 196.3 nats   [injected: spike, channels [13]]
[11:33:03]      ch13  broken relationship  marginal   46.07  structural   28.53  worst at t=4  <- CORRECT
[11:33:03]      ch12  out of range         marginal   22.60  structural   -0.90  worst at t=18  <- miss
[11:33:03]      ch14  out of range         marginal   23.23  structural   -1.83  worst at t=12  <- miss
[11:33:06]    [offset]
[11:33:06]   anomaly score 403.5 nats   [injected: offset, channels [2, 8, 13]]
[11:33:06]       ch8  broken relationship  marginal   28.36  structural  106.95  worst at t=6  <- CORRECT
[11:33:06]       ch2  broken relationship  marginal   55.82  structural   41.62  worst at t=6  <- CORRECT
[11:33:06]      ch13  broken relationship  marginal   34.32  structural   41.78  worst at t=5  <- CORRECT
[11:33:08]    [drift]
[11:33:08]   anomaly score 429.8 nats   [injected: drift, channels [1, 7, 8, 10, 11, 12]]
[11:33:08]       ch8  out of range         marginal   78.02  structural   14.84  worst at t=18  <- CORRECT
[11:33:08]       ch7  broken relationship  marginal   28.47  structural   59.75  worst at t=16  <- CORRECT
[11:33:08]      ch11  broken relationship  marginal   27.54  structural   29.25  worst at t=14  <- CORRECT
[11:33:11]    [decouple]
[11:33:11]   anomaly score 143.9 nats   [injected: decouple, channels [0, 8]]
[11:33:11]       ch0  out of range         marginal   17.11  structural    2.61  worst at t=12  <- CORRECT
[11:33:11]       ch1  out of range         marginal   19.32  structural    0.27  worst at t=3  <- miss
[11:33:11]      ch11  out of range         marginal   16.83  structural    2.49  worst at t=14  <- miss
[11:33:14]    [desync]
[11:33:14]   anomaly score 163.3 nats   [injected: desync, channels [0]]
[11:33:14]       ch0  broken relationship  marginal   16.17  structural    8.56  worst at t=0  <- CORRECT
[11:33:14]       ch1  out of range         marginal   21.56  structural    0.20  worst at t=8  <- miss
[11:33:14]      ch12  out of range         marginal   18.84  structural   -1.01  worst at t=14  <- miss
[11:33:14] --- stage explain done in 35.0s ---
[11:33:14] === run ok · 35.0s · peak RSS 1.853 GB ===
[15:18:04] === run start · seed1 · seed 1 · hash 6a52336af508 ===
[15:18:04] stages ['explain'] · device cuda · dataset cmapss:FD001
[15:18:04] --- stage: explain ---
[15:18:04]   data: FleetPair(cmapss:FD001: train=100 units, test=100 units, C=15, regimes=3, cap=125)  (0.1s)
[15:18:04]   task: {'kind': 'ad', 'n_train': 5290, 'n_test': 4608, 'd': 300, 'window': 20, 'n_channels': 15, 'anomaly_rate': 0.1564670205116272, 'kind_counts': {'normal': 3887, 'desync': 133, 'offset': 135, 'drift': 137, 'decouple': 142, 'spike': 128, 'organic': 46}, 'train_units': 100, 'test_units': 100, 'n_regimes': 3, 'seed': 1, 'per_regime_norm': True, 'official_test_fleet': True, 'dataset': 'cmapss:FD001', 'cap': 125.0, 'subset': 'FD001', 'dropped_constant_sensors': 6, 'source': 'NASA C-MAPSS (real)'}
[15:18:04]   explain: capped test set to 1500 windows
    [pc] epoch   0  nll 42789.982
    [pc] epoch   6  nll  173.132
    [pc] epoch  12  nll  161.796
    [pc] epoch  18  nll  158.701
    [pc] epoch  24  nll  155.356
    [pc] epoch  30  nll  153.959
    [pc] epoch  36  nll  153.071
    [pc] epoch  42  nll  152.672
    [pc] epoch  48  nll  151.952
[15:18:12]   pc_train_nll: first=42789.9824 last=152.0902 (50 epochs)
[15:18:12]   pc: fit 8.6s · 15,360 params · score sd 26.862 · device cuda · layered · 30,770 win/s
[15:18:16]   attribution cost: PC exact (all views) 0.9s · AE sampling-SHAP (one view) 2.0s
[15:18:18]   completeness: max residual 3.05e-05 nats, mean 3.10e-06
[15:18:18]   deletion curves scored with the circuit's own scorer — PC attributions have home-field advantage here, the localisation columns do not
[15:18:18]   worked examples (median-scoring window of each kind):
[15:18:20]    [normal]
[15:18:20]   anomaly score 150.4 nats
[15:18:20]       ch8  out of range         marginal   21.05  structural   -0.06  worst at t=0
[15:18:20]       ch2  out of range         marginal   20.95  structural   -0.12  worst at t=10
[15:18:20]      ch11  out of range         marginal   17.94  structural   -0.31  worst at t=13
[15:18:22]    [spike]
[15:18:22]   anomaly score 196.0 nats   [injected: spike, channels [13]]
[15:18:22]      ch13  out of range         marginal   67.21  structural    2.35  worst at t=4  <- CORRECT
[15:18:22]      ch14  out of range         marginal   23.12  structural   -1.38  worst at t=12  <- miss
[15:18:22]      ch12  out of range         marginal   22.31  structural   -1.17  worst at t=10  <- miss
[15:18:24]    [offset]
[15:18:24]   anomaly score 414.1 nats   [injected: offset, channels [2, 8, 13]]
[15:18:24]       ch8  broken relationship  marginal   27.57  structural  114.47  worst at t=6  <- CORRECT
[15:18:24]       ch2  broken relationship  marginal   54.86  structural   64.48  worst at t=6  <- CORRECT
[15:18:24]      ch13  broken relationship  marginal   34.79  structural   38.32  worst at t=5  <- CORRECT
[15:18:26]    [drift]
[15:18:26]   anomaly score 426.8 nats   [injected: drift, channels [1, 7, 8, 10, 11, 12]]
[15:18:26]       ch7  broken relationship  marginal   26.74  structural   58.79  worst at t=16  <- CORRECT
[15:18:26]       ch8  out of range         marginal   77.59  structural    5.14  worst at t=18  <- CORRECT
[15:18:26]      ch11  broken relationship  marginal   27.04  structural   28.87  worst at t=14  <- CORRECT
[15:18:28]    [decouple]
[15:18:28]   anomaly score 143.6 nats   [injected: decouple, channels [0, 8]]
[15:18:28]       ch1  out of range         marginal   18.94  structural    1.40  worst at t=3  <- miss
[15:18:28]      ch11  out of range         marginal   17.41  structural    1.82  worst at t=14  <- miss
[15:18:28]       ch0  out of range         marginal   17.24  structural    0.94  worst at t=9  <- CORRECT
[15:18:30]    [desync]
[15:18:30]   anomaly score 155.3 nats   [injected: desync, channels [8, 12]]
[15:18:30]      ch14  out of range         marginal   26.63  structural   -0.57  worst at t=14  <- miss
[15:18:30]       ch0  out of range         marginal   23.63  structural    2.18  worst at t=6  <- miss
[15:18:30]      ch11  out of range         marginal   23.37  structural    1.20  worst at t=6  <- miss
[15:18:30] --- stage explain done in 26.7s ---
[15:18:30] === run ok · 26.7s · peak RSS 1.868 GB ===
