2026-06-10 15:04:45 [seed 1] config: {"seed": 1, "timestamp": "2026-06-10T15:04:45", "train": ["adbench:cardio"], "test": ["adbench:thyroid"], "adapt_modes": ["zero_shot", "leaves"], "latent_dim": 32, "n_sum_components": 3, "epochs": 30, "finetune_epochs": 10, "use_sos": false, "vtree_method": "chow_liu"}
2026-06-10 15:04:45 [seed 1] training shared PC once on 1 source dataset(s)
2026-06-10 15:42:23 [seed 1] config: {"seed": 1, "timestamp": "2026-06-10T15:42:23", "train": ["adbench:cardio"], "test": ["adbench:thyroid"], "adapt_modes": ["zero_shot", "leaves", "finetune"], "latent_dim": 32, "n_sum_components": 3, "epochs": 40, "finetune_epochs": 10, "use_sos": false, "vtree_method": "chow_liu"}
2026-06-10 15:42:23 [seed 1] training shared PC once on 1 source dataset(s)
2026-06-11 12:07:03 [seed 1] config: {"seed": 1, "timestamp": "2026-06-11T12:07:03", "train": ["adbench:cardio"], "test": ["adbench:thyroid"], "adapt_modes": ["zero_shot", "leaves", "finetune"], "latent_dim": 32, "n_sum_components": 3, "epochs": 40, "finetune_epochs": 10, "use_sos": false, "vtree_method": "chow_liu"}
2026-06-11 12:07:03 [seed 1] training shared PC once on 1 source dataset(s)
2026-06-11 13:42:09 [seed 1] train_nll: first=47.1109 last=11.5144 (40 epochs)
2026-06-11 13:42:15 [seed 1] result: {"seed": 1, "timestamp": "2026-06-11T13:42:15", "dataset": "adbench:cardio", "modality": "tabular", "adaptation": "zero_shot", "auroc": 0.9714673913043478, "n_test": 1004, "role": "source"}
2026-06-11 13:42:22 [seed 1] result: {"seed": 1, "timestamp": "2026-06-11T13:42:22", "dataset": "adbench:thyroid", "modality": "tabular", "adaptation": "zero_shot", "auroc": 0.9461138382421692, "n_test": 1933, "role": "held_out"}
2026-06-11 13:42:57 [seed 1] result: {"seed": 1, "timestamp": "2026-06-11T13:42:57", "dataset": "adbench:thyroid", "modality": "tabular", "adaptation": "leaves", "auroc": 0.9302886863020103, "n_test": 1933, "role": "held_out"}
2026-06-11 13:49:39 [seed 1] result: {"seed": 1, "timestamp": "2026-06-11T13:49:39", "dataset": "adbench:thyroid", "modality": "tabular", "adaptation": "finetune", "auroc": 0.9406907433380084, "n_test": 1933, "role": "held_out"}
2026-06-11 13:49:39 [seed 1] result: {"seed": 1, "timestamp": "2026-06-11T13:49:39", "dataset": "adbench:thyroid", "modality": "tabular", "adaptation": "iforest", "role": "baseline", "auroc": 0.9639317438055166, "n_test": 1933}
2026-06-11 13:49:39 [seed 1] result: {"seed": 1, "timestamp": "2026-06-11T13:49:39", "dataset": "adbench:thyroid", "modality": "tabular", "adaptation": "lof", "role": "baseline", "auroc": 0.9730364656381487, "n_test": 1933}
2026-06-11 13:49:39 [seed 1] result: {"seed": 1, "timestamp": "2026-06-11T13:49:39", "dataset": "adbench:thyroid", "modality": "tabular", "adaptation": "ocsvm", "role": "baseline", "auroc": 0.9756778868630201, "n_test": 1933}
2026-06-11 13:49:39 [seed 1] result: {"seed": 1, "timestamp": "2026-06-11T13:49:39", "dataset": "adbench:thyroid", "modality": "tabular", "adaptation": "knn", "role": "baseline", "auroc": 0.9688990182328191, "n_test": 1933}
2026-06-11 13:49:39 [seed 1] result: {"seed": 1, "timestamp": "2026-06-11T13:49:39", "dataset": "adbench:thyroid", "modality": "tabular", "adaptation": "gmm", "role": "baseline", "auroc": 0.9846072931276297, "n_test": 1933}
2026-06-24 16:52:05 [seed 1] config: {"seed": 1, "timestamp": "2026-06-24T16:52:05", "train": ["adbench:cardio"], "test": ["adbench:thyroid"], "adapt_modes": ["zero_shot", "leaves", "finetune"], "latent_dim": 32, "n_sum_components": 3, "epochs": 40, "finetune_epochs": 10, "use_sos": false, "vtree_method": "chow_liu"}
2026-06-24 16:52:05 [seed 1] training shared PC once on 1 source dataset(s)
2026-06-25 14:35:47 [seed 1] train_nll: first=47.1109 last=11.5144 (40 epochs)
2026-06-25 14:36:00 [seed 1] result: {"seed": 1, "timestamp": "2026-06-25T14:36:00", "dataset": "adbench:cardio", "modality": "tabular", "adaptation": "zero_shot", "auroc": 0.9714673913043478, "nll": 36.4142951965332, "n_test": 1004, "role": "source", "vtree": "chow_liu"}
2026-06-25 14:36:21 [seed 1] result: {"seed": 1, "timestamp": "2026-06-25T14:36:21", "dataset": "adbench:thyroid", "modality": "tabular", "adaptation": "zero_shot", "auroc": 0.9461138382421692, "nll": 60.29105758666992, "n_test": 1933, "role": "held_out", "vtree": "chow_liu"}
2026-06-25 14:37:20 [seed 1] result: {"seed": 1, "timestamp": "2026-06-25T14:37:20", "dataset": "adbench:thyroid", "modality": "tabular", "adaptation": "leaves", "auroc": 0.9302886863020103, "nll": 47.155609130859375, "n_test": 1933, "role": "held_out", "vtree": "chow_liu"}
2026-06-25 14:52:17 [seed 1] result: {"seed": 1, "timestamp": "2026-06-25T14:52:17", "dataset": "adbench:thyroid", "modality": "tabular", "adaptation": "finetune", "auroc": 0.9406907433380084, "nll": 42.47481155395508, "n_test": 1933, "role": "held_out", "vtree": "chow_liu"}
2026-06-25 14:52:17 [seed 1] result: {"seed": 1, "timestamp": "2026-06-25T14:52:17", "dataset": "adbench:thyroid", "modality": "tabular", "adaptation": "iforest", "role": "baseline", "auroc": 0.9639317438055166, "n_test": 1933}
2026-06-25 14:52:17 [seed 1] result: {"seed": 1, "timestamp": "2026-06-25T14:52:17", "dataset": "adbench:thyroid", "modality": "tabular", "adaptation": "lof", "role": "baseline", "auroc": 0.9730364656381487, "n_test": 1933}
2026-06-25 14:52:17 [seed 1] result: {"seed": 1, "timestamp": "2026-06-25T14:52:17", "dataset": "adbench:thyroid", "modality": "tabular", "adaptation": "ocsvm", "role": "baseline", "auroc": 0.9756778868630201, "n_test": 1933}
2026-06-25 14:52:17 [seed 1] result: {"seed": 1, "timestamp": "2026-06-25T14:52:17", "dataset": "adbench:thyroid", "modality": "tabular", "adaptation": "knn", "role": "baseline", "auroc": 0.9688990182328191, "n_test": 1933}
2026-06-25 14:52:17 [seed 1] result: {"seed": 1, "timestamp": "2026-06-25T14:52:17", "dataset": "adbench:thyroid", "modality": "tabular", "adaptation": "gmm", "role": "baseline", "auroc": 0.9846072931276297, "n_test": 1933}
