[11:25:21] === run start · seed11 · seed 11 · hash e90e7f2e89a3 ===
[11:25:21] stages ['diagnosis'] · device cpu · dataset synthetic
[11:25:21] --- stage: diagnosis ---
    [pc] epoch   0  nll   26.353  val   24.591
    [pc] epoch  18  nll   19.357  val   18.847
    [pc] epoch  36  nll   17.485  val   17.007
    [pc] epoch  54  nll   16.815  val   16.442
    [pc] epoch  72  nll   16.665  val   16.397
    [pc] epoch  90  nll   16.583  val   16.346
    [pc] epoch 108  nll   16.529  val   16.314
    [pc] epoch 126  nll   16.495  val   16.274
    [pc] epoch 144  nll   16.443  val   16.196
[11:25:24]   pc_train_nll: first=26.3532 last=16.4179 (150 epochs)
[11:25:24]   pc_train_objective: first=26.3532 last=16.4179 (150 epochs)
[11:25:24]   pc_selection_loss: first=24.5906 last=16.1528 (150 epochs)
[11:25:24]   pc_val_nll: first=24.5906 last=16.1528 (150 epochs)
[11:25:24]   pc: fit 3.6s · 1,488 params · score sd 4.129 · device cpu · layered · 43,223 win/s
[11:25:24]   pc: validation on 200 windows from explicit subset of held-out units · best epoch 149 of 150 · val nll 16.153
[11:25:24]   shortcut audit: target-channel-only AUROC 0.491 (0.5 = no marginal shortcut)
[11:25:24]   diagnosis: full (4.0 observed on average), 400 paired windows, 1 method(s)
[11:25:24]   diagnosis: random1:0 (3.0 observed on average), 400 paired windows, 1 method(s)
[11:25:24]   diagnosis: random2:1-2 (2.0 observed on average), 400 paired windows, 1 method(s)
[11:25:24]   diagnosis: random3:1-2-3 (1.0 observed on average), 400 paired windows, 1 method(s)
[11:25:24]   diagnosis: bank0:0-1 (2.0 observed on average), 400 paired windows, 1 method(s)
[11:25:24]   diagnosis: single_sensor_0 (1.0 observed on average), 400 paired windows, 1 method(s)
[11:25:24]   Diagnosis completed on validation engines only; no confirmatory PASS/FAIL inferred.
[11:25:24] --- stage diagnosis done in 3.9s ---
[11:25:24] === run ok · 4.0s · peak RSS 0.37 GB ===
[11:45:44] === run start · seed11 · seed 11 · hash ba7116cb2fdd ===
[11:45:44] stages ['diagnosis'] · device cpu · dataset synthetic
[11:45:44] --- stage: diagnosis ---
    [pc] epoch   0  nll   26.353  val   24.591
    [pc] epoch  18  nll   19.357  val   18.847
    [pc] epoch  36  nll   17.485  val   17.007
    [pc] epoch  54  nll   16.815  val   16.442
    [pc] epoch  72  nll   16.665  val   16.397
    [pc] epoch  90  nll   16.583  val   16.346
    [pc] epoch 108  nll   16.529  val   16.314
    [pc] epoch 126  nll   16.495  val   16.274
    [pc] epoch 144  nll   16.443  val   16.196
[11:45:49]   pc_train_nll: first=26.3532 last=16.4179 (150 epochs)
[11:45:49]   pc_train_objective: first=26.3532 last=16.4179 (150 epochs)
[11:45:49]   pc_selection_loss: first=24.5906 last=16.1528 (150 epochs)
[11:45:49]   pc_val_nll: first=24.5906 last=16.1528 (150 epochs)
[11:45:49]   pc: fit 5.0s · 1,488 params · score sd 4.129 · device cpu · layered · 30,472 win/s
[11:45:49]   pc: validation on 200 windows from explicit subset of held-out units · best epoch 149 of 150 · val nll 16.153
[11:45:49]   shortcut audit: target-channel-only AUROC 0.491 (0.5 = no marginal shortcut)
[11:45:49]   diagnosis: full (4.0 observed on average), 400 paired windows, 2 method(s)
[11:45:49]   diagnosis: random1:0 (3.0 observed on average), 400 paired windows, 2 method(s)
[11:45:49]   diagnosis: random2:1-2 (2.0 observed on average), 400 paired windows, 2 method(s)
[11:45:49]   diagnosis: random3:1-2-3 (1.0 observed on average), 400 paired windows, 2 method(s)
[11:45:50]   diagnosis: bank0:0-1 (2.0 observed on average), 400 paired windows, 2 method(s)
[11:45:50]   diagnosis: single_sensor_0 (1.0 observed on average), 400 paired windows, 2 method(s)
[11:45:50]   Diagnosis completed on validation engines only; no confirmatory PASS/FAIL inferred.
[11:45:50] --- stage diagnosis done in 5.9s ---
[11:45:50] === run ok · 5.9s · peak RSS 0.367 GB ===
[19:59:38] === run start · seed11 · seed 11 · hash a8b26dd1518e ===
[19:59:38] stages ['diagnosis'] · device cpu · dataset synthetic
[19:59:38] --- stage: diagnosis ---
    [pc] epoch   0  nll   26.353  val   24.591
    [pc] epoch  18  nll   19.357  val   18.847
    [pc] epoch  36  nll   17.485  val   17.007
    [pc] epoch  54  nll   16.815  val   16.442
    [pc] epoch  72  nll   16.665  val   16.397
    [pc] epoch  90  nll   16.583  val   16.346
    [pc] epoch 108  nll   16.529  val   16.314
    [pc] epoch 126  nll   16.495  val   16.274
    [pc] epoch 144  nll   16.443  val   16.196
[19:59:44]   pc_train_nll: first=26.3532 last=16.4179 (150 epochs)
[19:59:44]   pc_train_objective: first=26.3532 last=16.4179 (150 epochs)
[19:59:44]   pc_selection_loss: first=24.5906 last=16.1528 (150 epochs)
[19:59:44]   pc_val_nll: first=24.5906 last=16.1528 (150 epochs)
[19:59:44]   pc: fit 6.1s · 1,488 params · score sd 4.129 · device cpu · layered · 25,328 win/s
[19:59:44]   pc: validation on 200 windows from explicit subset of held-out units · best epoch 149 of 150 · val nll 16.153
[19:59:44]   shortcut audit: target-channel-only AUROC 0.491 (0.5 = no marginal shortcut)
[19:59:44]   diagnosis: full (4.0 observed on average), 400 paired windows, 2 method(s)
[19:59:44]   diagnosis: random1:0 (3.0 observed on average), 400 paired windows, 2 method(s)
[19:59:45]   diagnosis: random2:1-2 (2.0 observed on average), 400 paired windows, 2 method(s)
[19:59:45]   diagnosis: random3:1-2-3 (1.0 observed on average), 400 paired windows, 2 method(s)
[19:59:45]   diagnosis: bank0:0-1 (2.0 observed on average), 400 paired windows, 2 method(s)
[19:59:45]   diagnosis: single_sensor_0 (1.0 observed on average), 400 paired windows, 2 method(s)
[19:59:45]   Diagnosis completed on validation engines only; no confirmatory PASS/FAIL inferred.
[19:59:45] --- stage diagnosis done in 6.6s ---
[19:59:45] === run ok · 6.7s · peak RSS 0.377 GB ===
