[16:26:38] === run start · seed21 · seed 21 · hash 4c57232d092a ===
[16:26:38] stages ['diagnosis'] · device cuda · dataset cmapss:FD001
[16:26:38] --- stage: diagnosis ---
[16:26:38]   data: FleetPair(cmapss:FD001: train=100 units, test=100 units, C=15, regimes=1, cap=125)  (0.1s)
[16:26:38]   task: {'kind': 'ad', 'n_train': 3559, 'n_val': 1731, 'n_test': 4639, 'd': 300, 'window': 20, 'n_channels': 15, 'anomaly_rate': 0.12200905382633209, 'kind_counts': {'normal': 4073, 'desync': 134, 'spike': 79, 'decouple': 120, 'drift': 98, 'offset': 83, 'organic': 52}, 'train_units': 100, 'val_units': 30, 'test_units': 100, 'n_val_windows': 1731, 'n_regimes': 1, 'seed': 21, 'per_regime_norm': False, 'official_test_fleet': True, 'dataset': 'cmapss:FD001', 'cap': 125.0, 'subset': 'FD001', 'dropped_constant_sensors': 6, 'source': 'NASA C-MAPSS (real)', 'source_name': 'cmapss', 'source_kind': 'fleet'}
[16:26:38]   caveat: Ships no anomaly annotations: detection anomalies are injected.
    [pc] epoch   0  nll  506.510  val  301.850
    [pc] epoch  75  nll   49.283  val   47.739
    fit chow_liu K=8: 125/600 (21%) · 4.15 it/s · elapsed 00:30 · ETA 01:54
    [pc] epoch 150  nll   39.298  val   38.149
    [pc] epoch 225  nll   32.211  val   33.323
    fit chow_liu K=8: 250/600 (42%) · 4.16 it/s · elapsed 01:00 · ETA 01:24
    [pc] epoch 300  nll   28.799  val   29.198
    fit chow_liu K=8: 375/600 (62%) · 4.15 it/s · elapsed 01:30 · ETA 00:54
    [pc] epoch 375  nll   24.375  val   26.677
    [pc] epoch 450  nll    3.484  val    4.798
    fit chow_liu K=8: 500/600 (83%) · 4.15 it/s · elapsed 02:00 · ETA 00:24
    [pc] epoch 525  nll  -20.225  val  -18.400
    fit chow_liu K=8: done 600/600 in 02:24
    [pc] epoch   0  nll  508.120  val  302.853
    [pc] epoch  75  nll   43.076  val   42.767
    [pc] restart 1 abandoned at epoch 99 (37.775 vs -28.762 best so far)
    [pc] restored epoch 98 (selected by nll; val nll 37.775, last 37.966)
    [pc] epoch   0  nll  506.201  val  300.710
    [pc] epoch  75  nll   53.184  val   57.993
    [pc] restart 2 abandoned at epoch 99 (47.569 vs -28.762 best so far)
    [pc] restored epoch 98 (selected by nll; val nll 47.569, last 64.285)
    [pc] epoch   0  nll  509.106  val  300.194
    [pc] epoch  75  nll   47.880  val   45.627
    [pc] restart 3 abandoned at epoch 99 (43.555 vs -28.762 best so far)
    [pc] restart 0 of 4 selected by nll (checkpoint losses: -28.762 37.775 47.569 43.555)
[16:30:24]   pc_train_nll: first=506.5101 last=-31.7958 (600 epochs)
[16:30:24]   pc_train_objective: first=506.5101 last=-31.7958 (600 epochs)
[16:30:24]   pc_selection_loss: first=301.8500 last=-28.7624 (600 epochs)
[16:30:24]   pc_val_nll: first=301.8500 last=-28.7624 (600 epochs)
[16:30:24]   pc: fit 226.5s · 195,840 params · score sd 26.118 · device cuda · layered · 9,429 win/s
[16:30:24]   pc: restart 0 (init seed 21) checkpoint -28.762 at epoch 599 of 600 run
[16:30:24]   pc: restart 1 (init seed 7940) checkpoint 37.775 at epoch 98 of 100 run · abandoned
[16:30:24]   pc: restart 2 (init seed 15859) checkpoint 47.569 at epoch 98 of 100 run · abandoned
[16:30:24]   pc: restart 3 (init seed 23778) checkpoint 43.555 at epoch 99 of 100 run · abandoned
[16:30:24]   pc: selected restart 0 of 4
[16:30:24]   pc: validation on 535 windows from explicit subset of held-out units · best epoch 599 of 600 · val nll -28.762
[16:30:25]   shortcut audit: target-channel-only AUROC 0.547 (0.5 = no marginal shortcut)
[16:30:26]   baseline gaussian_fitted: fit 0.20s · 45,450 params · selection {'shrinkage': 0.01}
[16:30:28]   detection comparators: ['mahalanobis_refit', 'mahalanobis_impute', 'gmm_refit', 'gmm_impute', 'knn_refit', 'knn_impute']
[16:30:28]   diagnosis: full (15.0 observed on average), 680 paired windows, 2 method(s)
[16:30:33]   diagnosis: random1:1 (14.0 observed on average), 680 paired windows, 2 method(s)
[16:30:38]   diagnosis: random3:5-8-14 (12.0 observed on average), 680 paired windows, 2 method(s)
[16:30:43]   diagnosis: random7:3-4-8-10-11-12-14 (8.0 observed on average), 680 paired windows, 2 method(s)
[16:30:46]   diagnosis: bank0:0-1-2-4-5-7-8 (8.0 observed on average), 680 paired windows, 2 method(s)
[16:30:50]   diagnosis: bank1:3 (14.0 observed on average), 680 paired windows, 2 method(s)
[16:30:54]   diagnosis: bank2:6-10 (13.0 observed on average), 680 paired windows, 2 method(s)
[16:31:02]   diagnosis: single_sensor_0 (1.0 observed on average), 680 paired windows, 2 method(s)
[16:31:03]   Diagnosis completed on validation engines only; no confirmatory PASS/FAIL inferred.
[16:31:03] --- stage diagnosis done in 265.7s ---
[16:31:03] === run ok · 265.8s · peak RSS 2.612 GB ===
