[15:57:25] === run start · seed2 · seed 2 · hash 13f8128816b0 ===
[15:57:25] stages ['ad'] · device cuda · dataset cmapss:FD001
[15:57:25] --- stage: ad ---
[15:57:25]   data: FleetPair(cmapss:FD001: train=100 units, test=100 units, C=15, regimes=3, cap=125)  (0.1s)
[15:57:25]   task: {'kind': 'ad', 'n_train': 5290, 'n_test': 4608, 'd': 300, 'window': 20, 'n_channels': 15, 'anomaly_rate': 0.1265190988779068, 'kind_counts': {'normal': 4025, 'offset': 105, 'drift': 102, 'spike': 111, 'decouple': 94, 'desync': 125, 'organic': 46}, 'train_units': 100, 'test_units': 100, 'n_regimes': 3, 'seed': 2, 'per_regime_norm': True, 'official_test_fleet': True, 'dataset': 'cmapss:FD001', 'cap': 125.0, 'subset': 'FD001', 'dropped_constant_sensors': 6, 'source': 'NASA C-MAPSS (real)'}
    [pc] epoch   0  nll 12299.011
    [pc] epoch   6  nll  143.801
    [pc] epoch  12  nll  139.786
    [pc] epoch  18  nll  138.636
    [pc] epoch  24  nll  137.597
    [pc] epoch  30  nll  137.008
    [pc] epoch  36  nll  136.715
    [pc] epoch  42  nll  136.792
    [pc] epoch  48  nll  136.623
[15:57:32]   pc_train_nll: first=12299.0106 last=136.5536 (50 epochs)
[15:57:32]   pc: fit 7.6s · 15,360 params · score sd 21.332 · device cuda · layered · 35,022 win/s
[15:57:34]   typed decomposition (mean worst-channel surprise):
[15:57:34]        normal  n= 4025  marginal    23.49  conditional    23.31  structural     5.68
[15:57:34]      decouple  n=   94  marginal    23.30  conditional    22.88  structural     4.96
[15:57:34]        desync  n=  125  marginal    23.42  conditional    38.05  structural    23.44
[15:57:34]         drift  n=  102  marginal   652.20  conditional   718.32  structural    88.38
[15:57:34]        offset  n=  105  marginal   451.33  conditional   525.24  structural   101.81
[15:57:34]       organic  n=   46  marginal   116.53  conditional   149.07  structural    70.87
[15:57:34]         spike  n=  111  marginal    54.45  conditional    64.39  structural    14.74
[15:57:34] --- stage ad done in 8.7s ---
[15:57:34] === run ok · 8.7s · peak RSS 1.601 GB ===
[15:04:46] === run start · seed2 · seed 2 · hash 9bf98b0d572f ===
[15:04:46] stages ['ad'] · device cuda · dataset cmapss:FD001
[15:04:46] --- stage: ad ---
[15:04:46]   data: FleetPair(cmapss:FD001: train=100 units, test=100 units, C=15, regimes=1, cap=125)  (0.1s)
[15:04:46]   task: {'kind': 'ad', 'n_train': 5290, 'n_test': 4608, 'd': 300, 'window': 20, 'n_channels': 15, 'anomaly_rate': 0.1265190988779068, 'kind_counts': {'normal': 4025, 'offset': 105, 'drift': 102, 'spike': 111, 'decouple': 94, 'desync': 125, 'organic': 46}, 'train_units': 100, 'test_units': 100, 'n_regimes': 1, 'seed': 2, 'per_regime_norm': False, 'official_test_fleet': True, 'dataset': 'cmapss:FD001', 'cap': 125.0, 'subset': 'FD001', 'dropped_constant_sensors': 6, 'source': 'NASA C-MAPSS (real)', 'source_name': 'cmapss', 'source_kind': 'fleet'}
[15:04:46]   caveat: Ships no anomaly annotations: detection anomalies are injected.
    [pc] epoch   0  nll 31858.692
    [pc] epoch   6  nll  176.365
    [pc] epoch  12  nll  173.093
    [pc] epoch  18  nll  172.732
    [pc] epoch  24  nll  176.960
    [pc] epoch  30  nll  171.651
    [pc] epoch  36  nll  175.354
    [pc] epoch  42  nll  177.558
    [pc] epoch  48  nll  177.670
[15:04:56]   pc_train_nll: first=31858.6921 last=176.4668 (50 epochs)
[15:04:57]   pc: fit 10.9s · 15,360 params · score sd 58.436 · device cuda · layered · 24,362 win/s
[15:04:59]   typed decomposition (mean worst-channel surprise):
[15:04:59]        normal  n= 4025  marginal    26.85  conditional    26.80  structural    20.78
[15:04:59]      decouple  n=   94  marginal    27.20  conditional    27.09  structural    22.96
[15:04:59]        desync  n=  125  marginal    27.67  conditional    28.13  structural    15.38
[15:04:59]         drift  n=  102  marginal 161388.67  conditional 161424.84  structural    47.03
[15:04:59]        offset  n=  105  marginal 96999.73  conditional 97039.25  structural    49.16
[15:04:59]       organic  n=   46  marginal   114.56  conditional   114.21  structural    33.80
[15:04:59]         spike  n=  111  marginal 11865.44  conditional 11870.22  structural    21.71
[15:04:59] --- stage ad done in 13.7s ---
[15:04:59] === run ok · 13.7s · peak RSS 1.597 GB ===
[18:04:23] === run start · seed2 · seed 2 · hash 69e92f96a264 ===
[18:04:23] stages ['ad'] · device cpu · dataset cmapss:FD001
[18:04:23] --- stage: ad ---
[18:04:23]   data: FleetPair(cmapss:FD001: train=100 units, test=100 units, C=15, regimes=1, cap=125)  (0.1s)
[18:04:23]   task: {'kind': 'ad', 'n_train': 5290, 'n_test': 4608, 'd': 300, 'window': 20, 'n_channels': 15, 'anomaly_rate': 0.1265190988779068, 'kind_counts': {'normal': 4025, 'offset': 105, 'drift': 102, 'spike': 111, 'decouple': 94, 'desync': 125, 'organic': 46}, 'train_units': 100, 'test_units': 100, 'n_regimes': 1, 'seed': 2, 'per_regime_norm': False, 'official_test_fleet': True, 'dataset': 'cmapss:FD001', 'cap': 125.0, 'subset': 'FD001', 'dropped_constant_sensors': 6, 'source': 'NASA C-MAPSS (real)', 'source_name': 'cmapss', 'source_kind': 'fleet'}
[18:04:23]   caveat: Ships no anomaly annotations: detection anomalies are injected.
    [pc] epoch   0  nll 31630.877
    [pc] epoch   6  nll  178.735
    [pc] epoch  12  nll  175.637
    [pc] epoch  18  nll  179.526
    [pc] epoch  24  nll  175.919
    [pc] epoch  30  nll  178.725
    [pc] epoch  36  nll  173.472
    [pc] epoch  42  nll  177.349
    [pc] epoch  48  nll  173.480
[18:04:40]   pc_train_nll: first=31630.8774 last=177.6010 (50 epochs)
[18:04:40]   pc: fit 16.8s · 15,360 params · score sd 58.596 · device cpu · layered · 15,721 win/s
[18:04:45]   typed decomposition (mean worst-channel surprise):
[18:04:45]        normal  n= 4025  marginal    26.96  conditional    26.90  structural    18.77
[18:04:45]      decouple  n=   94  marginal    27.32  conditional    27.21  structural    20.45
[18:04:45]        desync  n=  125  marginal    27.61  conditional    27.75  structural    13.17
[18:04:45]         drift  n=  102  marginal 155240.23  conditional 155273.02  structural    42.41
[18:04:45]        offset  n=  105  marginal 95012.34  conditional 95049.77  structural    44.88
[18:04:45]       organic  n=   46  marginal   109.03  conditional   108.55  structural    12.60
[18:04:45]         spike  n=  111  marginal 11960.49  conditional 11964.87  structural    19.43
[18:04:45] --- stage ad done in 21.7s ---
[18:04:45] === run ok · 21.7s · peak RSS 0.921 GB ===
