[16:31:01] === run start · seed12 · seed 12 · hash fc0a8487cf8f ===
[16:31:01] stages ['diagnosis'] · device cuda · dataset cmapss:FD001
[16:31:01] --- stage: diagnosis ---
[16:31:01]   data: FleetPair(cmapss:FD001: train=100 units, test=100 units, C=15, regimes=1, cap=125)  (0.1s)
[16:31:01]   task: {'kind': 'ad', 'n_train': 3753, 'n_val': 1537, 'n_test': 4639, 'd': 300, 'window': 20, 'n_channels': 15, 'anomaly_rate': 0.12416469305753708, 'kind_counts': {'decouple': 113, 'normal': 4063, 'spike': 89, 'offset': 117, 'desync': 103, 'drift': 102, 'organic': 52}, 'train_units': 100, 'val_units': 30, 'test_units': 100, 'n_val_windows': 1537, 'n_regimes': 1, 'seed': 12, 'per_regime_norm': False, 'official_test_fleet': True, 'dataset': 'cmapss:FD001', 'cap': 125.0, 'subset': 'FD001', 'dropped_constant_sensors': 6, 'source': 'NASA C-MAPSS (real)', 'source_name': 'cmapss', 'source_kind': 'fleet'}
[16:31:01]   caveat: Ships no anomaly annotations: detection anomalies are injected.
    [pc] epoch   0  nll  360.049  val  336.353
    fit channel_blocked K=8: 18/180 (10%) · 0.59 it/s · elapsed 00:30 · ETA 04:33
    [pc] epoch  22  nll   85.505  val   96.744
    [pc] epoch  44  nll   53.063  val   64.249
    fit channel_blocked K=8: 53/180 (29%) · 0.87 it/s · elapsed 01:00 · ETA 02:25
    [pc] epoch  66  nll   40.081  val   49.380
    fit channel_blocked K=8: 79/180 (44%) · 0.87 it/s · elapsed 01:30 · ETA 01:56
    [pc] epoch  88  nll   33.035  val   41.839
    fit channel_blocked K=8: 104/180 (58%) · 0.86 it/s · elapsed 02:01 · ETA 01:28
    [pc] epoch 110  nll   29.294  val   37.717
    fit channel_blocked K=8: 119/180 (66%) · 0.78 it/s · elapsed 02:32 · ETA 01:18
    [pc] epoch 132  nll   27.165  val   34.792
    fit channel_blocked K=8: 136/180 (76%) · 0.74 it/s · elapsed 03:03 · ETA 00:59
    [pc] epoch 154  nll   24.974  val   34.159
    fit channel_blocked K=8: 171/180 (95%) · 0.80 it/s · elapsed 03:33 · ETA 00:11
    [pc] epoch 176  nll   23.773  val   32.325
    fit channel_blocked K=8: done 180/180 in 03:42
[16:35:06]   pc_train_nll: first=360.0494 last=23.3371 (180 epochs)
[16:35:06]   pc_train_objective: first=426.8917 last=30.5153 (180 epochs)
[16:35:06]   pc_selection_loss: first=403.6232 last=37.6803 (180 epochs)
[16:35:06]   pc_val_nll: first=336.3526 last=31.6632 (180 epochs)
[16:35:06]   pc: fit 244.6s · 174,240 params · score sd 19.484 · device cuda · layered · 2,762 win/s
[16:35:06]   pc: validation on 650 windows from explicit subset of held-out units · best epoch 179 of 180 · val nll 31.663
[16:35:07]   shortcut audit: target-channel-only AUROC 0.547 (0.5 = no marginal shortcut)
[16:35:07]   diagnosis: full (15.0 observed on average), 830 paired windows, 1 method(s)
[16:35:10]   diagnosis: random1:1 (14.0 observed on average), 830 paired windows, 1 method(s)
[16:35:13]   diagnosis: random3:5-8-14 (12.0 observed on average), 830 paired windows, 1 method(s)
[16:35:16]   diagnosis: random7:3-4-8-10-11-12-14 (8.0 observed on average), 830 paired windows, 1 method(s)
[16:35:18]   diagnosis: bank0:0-1-2-4-5-7-8 (8.0 observed on average), 830 paired windows, 1 method(s)
[16:35:21]   diagnosis: bank1:3 (14.0 observed on average), 830 paired windows, 1 method(s)
[16:35:24]   diagnosis: bank2:6-10 (13.0 observed on average), 830 paired windows, 1 method(s)
[16:35:27]   diagnosis: single_sensor_0 (1.0 observed on average), 830 paired windows, 1 method(s)
[16:35:29]   Diagnosis completed on validation engines only; no confirmatory PASS/FAIL inferred.
[16:35:29] --- stage diagnosis done in 268.1s ---
[16:35:29] === run ok · 268.1s · peak RSS 1.796 GB ===
