[11:23:14] === run start · seed12 · seed 12 · hash 11c596b08384 ===
[11:23:14] stages ['diagnosis'] · device cpu · dataset synthetic
[11:23:14] --- stage: diagnosis ---
    [pc] epoch   0  nll   26.039  val   23.748
    [pc] epoch  18  nll   21.628  val   20.959
    [pc] epoch  36  nll   19.677  val   19.539
    [pc] epoch  54  nll   19.337  val   19.331
    [pc] epoch  72  nll   19.114  val   19.071
    [pc] epoch  90  nll   18.930  val   18.914
    [pc] epoch 108  nll   18.872  val   18.942
    [pc] restored epoch 89 (selected by objective; val nll 18.890, last 18.936)
[11:23:23]   pc_train_nll: first=26.0391 last=18.8619 (115 epochs)
[11:23:23]   pc_train_objective: first=31.2425 last=22.5747 (115 epochs)
[11:23:23]   pc_selection_loss: first=28.4974 last=22.6234 (115 epochs)
[11:23:23]   pc_val_nll: first=23.7479 last=18.9358 (115 epochs)
[11:23:23]   pc: fit 8.5s · 1,488 params · score sd 4.729 · device cpu · layered · 13,805 win/s
[11:23:23]   pc: validation on 200 windows from explicit subset of held-out units · best epoch 89 of 150 · val nll 18.890
[11:23:23]   shortcut audit: target-channel-only AUROC 0.456 (0.5 = no marginal shortcut)
[11:23:23]   diagnosis: full (4.0 observed on average), 400 paired windows, 1 method(s)
[11:23:23]   diagnosis: random1:0 (3.0 observed on average), 400 paired windows, 1 method(s)
[11:23:23]   diagnosis: random2:1-2 (2.0 observed on average), 400 paired windows, 1 method(s)
[11:23:23]   diagnosis: random3:1-2-3 (1.0 observed on average), 400 paired windows, 1 method(s)
[11:23:23]   diagnosis: bank0:0-1 (2.0 observed on average), 400 paired windows, 1 method(s)
[11:23:23]   diagnosis: single_sensor_0 (1.0 observed on average), 400 paired windows, 1 method(s)
[11:23:23]   Diagnosis completed on validation engines only; no confirmatory PASS/FAIL inferred.
[11:23:23] --- stage diagnosis done in 9.0s ---
[11:23:23] === run ok · 9.1s · peak RSS 0.33 GB ===
[11:41:53] === run start · seed12 · seed 12 · hash ee340f3a3c84 ===
[11:41:53] stages ['diagnosis'] · device cpu · dataset synthetic
[11:41:53] --- stage: diagnosis ---
    [pc] epoch   0  nll   26.039  val   23.748
    [pc] epoch  18  nll   21.628  val   20.959
    [pc] epoch  36  nll   19.677  val   19.539
    [pc] epoch  54  nll   19.337  val   19.331
    [pc] epoch  72  nll   19.114  val   19.071
    [pc] epoch  90  nll   18.930  val   18.914
    [pc] epoch 108  nll   18.872  val   18.942
    [pc] restored epoch 89 (selected by objective; val nll 18.890, last 18.936)
[11:42:06]   pc_train_nll: first=26.0391 last=18.8619 (115 epochs)
[11:42:06]   pc_train_objective: first=31.2425 last=22.5747 (115 epochs)
[11:42:06]   pc_selection_loss: first=28.4974 last=22.6234 (115 epochs)
[11:42:06]   pc_val_nll: first=23.7479 last=18.9358 (115 epochs)
[11:42:06]   pc: fit 13.3s · 1,488 params · score sd 4.729 · device cpu · layered · 8,833 win/s
[11:42:06]   pc: validation on 200 windows from explicit subset of held-out units · best epoch 89 of 150 · val nll 18.890
[11:42:06]   shortcut audit: target-channel-only AUROC 0.456 (0.5 = no marginal shortcut)
[11:42:06]   diagnosis: full (4.0 observed on average), 400 paired windows, 2 method(s)
[11:42:07]   diagnosis: random1:0 (3.0 observed on average), 400 paired windows, 2 method(s)
[11:42:07]   diagnosis: random2:1-2 (2.0 observed on average), 400 paired windows, 2 method(s)
[11:42:07]   diagnosis: random3:1-2-3 (1.0 observed on average), 400 paired windows, 2 method(s)
[11:42:07]   diagnosis: bank0:0-1 (2.0 observed on average), 400 paired windows, 2 method(s)
[11:42:07]   diagnosis: single_sensor_0 (1.0 observed on average), 400 paired windows, 2 method(s)
[11:42:07]   Diagnosis completed on validation engines only; no confirmatory PASS/FAIL inferred.
[11:42:07] --- stage diagnosis done in 14.4s ---
[11:42:07] === run ok · 14.5s · peak RSS 0.362 GB ===
[19:55:17] === run start · seed12 · seed 12 · hash 5b66a15c8715 ===
[19:55:17] stages ['diagnosis'] · device cpu · dataset synthetic
[19:55:17] --- stage: diagnosis ---
    [pc] epoch   0  nll   26.039  val   23.748
    [pc] epoch  18  nll   21.628  val   20.959
    [pc] epoch  36  nll   19.677  val   19.539
    [pc] epoch  54  nll   19.337  val   19.331
    [pc] epoch  72  nll   19.114  val   19.071
    [pc] epoch  90  nll   18.930  val   18.914
    [pc] epoch 108  nll   18.872  val   18.942
    [pc] restored epoch 89 (selected by objective; val nll 18.890, last 18.936)
[19:55:25]   pc_train_nll: first=26.0391 last=18.8619 (115 epochs)
[19:55:25]   pc_train_objective: first=31.2425 last=22.5747 (115 epochs)
[19:55:25]   pc_selection_loss: first=28.4974 last=22.6234 (115 epochs)
[19:55:25]   pc_val_nll: first=23.7479 last=18.9358 (115 epochs)
[19:55:25]   pc: fit 8.2s · 1,488 params · score sd 4.729 · device cpu · layered · 14,402 win/s
[19:55:25]   pc: validation on 200 windows from explicit subset of held-out units · best epoch 89 of 150 · val nll 18.890
[19:55:25]   shortcut audit: target-channel-only AUROC 0.456 (0.5 = no marginal shortcut)
[19:55:25]   diagnosis: full (4.0 observed on average), 400 paired windows, 2 method(s)
[19:55:25]   diagnosis: random1:0 (3.0 observed on average), 400 paired windows, 2 method(s)
[19:55:25]   diagnosis: random2:1-2 (2.0 observed on average), 400 paired windows, 2 method(s)
[19:55:25]   diagnosis: random3:1-2-3 (1.0 observed on average), 400 paired windows, 2 method(s)
[19:55:26]   diagnosis: bank0:0-1 (2.0 observed on average), 400 paired windows, 2 method(s)
[19:55:26]   diagnosis: single_sensor_0 (1.0 observed on average), 400 paired windows, 2 method(s)
[19:55:26]   Diagnosis completed on validation engines only; no confirmatory PASS/FAIL inferred.
[19:55:26] --- stage diagnosis done in 8.7s ---
[19:55:26] === run ok · 8.7s · peak RSS 0.367 GB ===
