[11:56:08] === run start · seed11 · seed 11 · hash 0b3d0cf347ae ===
[11:56:08] stages ['diagnosis'] · device cpu · dataset synthetic
[11:56:08] --- stage: diagnosis ---
    [pc] epoch   0  nll   25.413  val   23.202
    [pc] epoch  37  nll   19.434  val   19.238
    [pc] epoch  74  nll   19.236  val   19.060
    [pc] epoch 111  nll   18.832  val   18.867
    [pc] restored epoch 98 (selected by nll; val nll 18.818, last 18.849)
[11:56:14]   pc_train_nll: first=25.4131 last=18.7852 (129 epochs)
[11:56:14]   pc_train_objective: first=25.4131 last=18.7852 (129 epochs)
[11:56:14]   pc_selection_loss: first=23.2024 last=18.8493 (129 epochs)
[11:56:14]   pc_val_nll: first=23.2024 last=18.8493 (129 epochs)
[11:56:14]   pc: fit 6.5s · 2,688 params · score sd 4.872 · device cpu · layered · 20,318 win/s
[11:56:14]   pc: validation on 200 windows from explicit subset of held-out units · best epoch 98 of 300 · val nll 18.818
[11:56:14]   shortcut audit: target-channel-only AUROC 0.491 (0.5 = no marginal shortcut)
[11:56:14]   diagnosis: full (4.0 observed on average), 400 paired windows, 2 method(s)
[11:56:14]   diagnosis: random1:0 (3.0 observed on average), 400 paired windows, 2 method(s)
[11:56:15]   diagnosis: random2:1-2 (2.0 observed on average), 400 paired windows, 2 method(s)
[11:56:15]   diagnosis: bank0:0-1 (2.0 observed on average), 400 paired windows, 2 method(s)
[11:56:15]   diagnosis: single_sensor_0 (1.0 observed on average), 400 paired windows, 2 method(s)
[11:56:15]   Diagnosis completed on validation engines only; no confirmatory PASS/FAIL inferred.
[11:56:15] --- stage diagnosis done in 7.7s ---
[11:56:15] === run ok · 7.8s · peak RSS 0.341 GB ===
[20:16:05] === run start · seed11 · seed 11 · hash e87a6373b047 ===
[20:16:05] stages ['diagnosis'] · device cpu · dataset synthetic
[20:16:05] --- stage: diagnosis ---
    [pc] epoch   0  nll   25.413  val   23.202
    [pc] epoch  37  nll   19.434  val   19.238
    [pc] epoch  74  nll   19.236  val   19.060
    [pc] epoch 111  nll   18.832  val   18.867
    [pc] restored epoch 98 (selected by nll; val nll 18.818, last 18.849)
[20:16:30]   pc_train_nll: first=25.4131 last=18.7852 (129 epochs)
[20:16:30]   pc_train_objective: first=25.4131 last=18.7852 (129 epochs)
[20:16:30]   pc_selection_loss: first=23.2024 last=18.8493 (129 epochs)
[20:16:30]   pc_val_nll: first=23.2024 last=18.8493 (129 epochs)
[20:16:30]   pc: fit 25.6s · 2,688 params · score sd 4.872 · device cpu · layered · 5,151 win/s
[20:16:30]   pc: validation on 200 windows from explicit subset of held-out units · best epoch 98 of 300 · val nll 18.818
[20:16:30]   shortcut audit: target-channel-only AUROC 0.491 (0.5 = no marginal shortcut)
[20:16:30]   diagnosis: full (4.0 observed on average), 400 paired windows, 2 method(s)
[20:16:31]   diagnosis: random1:0 (3.0 observed on average), 400 paired windows, 2 method(s)
[20:16:31]   diagnosis: random2:1-2 (2.0 observed on average), 400 paired windows, 2 method(s)
[20:16:31]   diagnosis: bank0:0-1 (2.0 observed on average), 400 paired windows, 2 method(s)
[20:16:31]   diagnosis: single_sensor_0 (1.0 observed on average), 400 paired windows, 2 method(s)
[20:16:31]   Diagnosis completed on validation engines only; no confirmatory PASS/FAIL inferred.
[20:16:31] --- stage diagnosis done in 26.2s ---
[20:16:31] === run ok · 26.3s · peak RSS 0.348 GB ===
