[16:39:47] === run start · seed1 · seed 1 · hash 0557aca74f7b ===
[16:39:47] stages ['ad'] · device cuda · dataset cmapss:FD001
[16:39:47] --- stage: ad ---
[16:39:47]   data: FleetPair(cmapss:FD001: train=100 units, test=100 units, C=15, regimes=3, cap=125)  (0.1s)
[16:39:47]   task: {'kind': 'ad', 'n_train': 5290, 'n_test': 4608, 'd': 300, 'window': 20, 'n_channels': 15, 'anomaly_rate': 0.1228298619389534, 'kind_counts': {'normal': 4042, 'desync': 102, 'drift': 102, 'offset': 103, 'decouple': 102, 'spike': 111, 'organic': 46}, 'train_units': 100, 'test_units': 100, 'n_regimes': 3, 'seed': 1, 'per_regime_norm': True, 'official_test_fleet': True, 'dataset': 'cmapss:FD001', 'cap': 125.0, 'subset': 'FD001', 'dropped_constant_sensors': 6, 'source': 'NASA C-MAPSS (real)'}
    [pc] epoch   0  nll 42789.982
    [pc] epoch   6  nll  173.132
    [pc] epoch  12  nll  161.796
    [pc] epoch  18  nll  158.701
    [pc] epoch  24  nll  155.356
    [pc] epoch  30  nll  153.959
    [pc] epoch  36  nll  153.071
    [pc] epoch  42  nll  152.672
    [pc] epoch  48  nll  151.952
[16:39:56]   pc_train_nll: first=42789.9824 last=152.0902 (50 epochs)
[16:39:56]   pc: fit 8.2s · 15,360 params · score sd 26.862 · device cuda · layered · 32,395 win/s
[16:39:57]   typed decomposition (mean worst-channel surprise):
[16:39:57]        normal  n= 4042  marginal    23.73  conditional    24.27  structural     6.85
[16:39:57]      decouple  n=  102  marginal    23.73  conditional    24.32  structural     7.55
[16:39:57]        desync  n=  102  marginal    24.05  conditional    35.44  structural    20.18
[16:39:57]         drift  n=  102  marginal   960.32  conditional  1039.03  structural    94.88
[16:39:57]        offset  n=  103  marginal   446.42  conditional   500.98  structural    78.14
[16:39:57]       organic  n=   46  marginal   121.29  conditional   135.81  structural    43.35
[16:39:57]         spike  n=  111  marginal    58.09  conditional    66.54  structural    16.04
[16:39:57] --- stage ad done in 9.7s ---
[16:39:57] === run ok · 9.7s · peak RSS 1.593 GB ===
[16:00:17] === run start · seed1 · seed 1 · hash 2a90e0bd4464 ===
[16:00:17] stages ['ad'] · device cuda · dataset cmapss:FD001
[16:00:17] --- stage: ad ---
[16:00:17]   data: FleetPair(cmapss:FD001: train=100 units, test=100 units, C=15, regimes=1, cap=125)  (0.1s)
[16:00:17]   task: {'kind': 'ad', 'n_train': 5290, 'n_test': 4608, 'd': 300, 'window': 20, 'n_channels': 15, 'anomaly_rate': 0.1228298619389534, 'kind_counts': {'normal': 4042, 'desync': 102, 'drift': 102, 'offset': 103, 'decouple': 102, 'spike': 111, 'organic': 46}, 'train_units': 100, 'test_units': 100, 'n_regimes': 1, 'seed': 1, 'per_regime_norm': False, 'official_test_fleet': True, 'dataset': 'cmapss:FD001', 'cap': 125.0, 'subset': 'FD001', 'dropped_constant_sensors': 6, 'source': 'NASA C-MAPSS (real)', 'source_name': 'cmapss', 'source_kind': 'fleet'}
[16:00:17]   caveat: Ships no anomaly annotations: detection anomalies are injected.
    [pc] epoch   0  nll 31888.978
    [pc] epoch   6  nll  174.880
    [pc] epoch  12  nll  178.318
    [pc] epoch  18  nll  172.699
    [pc] epoch  24  nll  172.757
    [pc] epoch  30  nll  179.532
    [pc] epoch  36  nll  175.577
    [pc] epoch  42  nll  174.201
    [pc] epoch  48  nll  173.432
[16:00:33]   pc_train_nll: first=31888.9779 last=180.3254 (50 epochs)
[16:00:33]   pc: fit 15.8s · 15,360 params · score sd 59.588 · device cuda · layered · 16,713 win/s
[16:00:35]   typed decomposition (mean worst-channel surprise):
[16:00:35]        normal  n= 4042  marginal    26.97  conditional    26.84  structural    15.33
[16:00:35]      decouple  n=  102  marginal    26.88  conditional    26.77  structural    10.15
[16:00:35]        desync  n=  102  marginal    28.61  conditional    28.49  structural    11.53
[16:00:35]         drift  n=  102  marginal 159967.39  conditional 159999.20  structural    37.55
[16:00:35]        offset  n=  103  marginal 48878.38  conditional 48899.98  structural    33.08
[16:00:35]       organic  n=   46  marginal   112.06  conditional   111.58  structural    37.29
[16:00:35]         spike  n=  111  marginal 13707.75  conditional 13712.95  structural    20.87
[16:00:35] --- stage ad done in 18.4s ---
[16:00:36] === run ok · 18.4s · peak RSS 1.602 GB ===
[18:09:28] === run start · seed1 · seed 1 · hash c28ec58bd256 ===
[18:09:28] stages ['ad'] · device cpu · dataset cmapss:FD001
[18:09:28] --- stage: ad ---
[18:09:28]   data: FleetPair(cmapss:FD001: train=100 units, test=100 units, C=15, regimes=1, cap=125)  (0.1s)
[18:09:28]   task: {'kind': 'ad', 'n_train': 5290, 'n_test': 4608, 'd': 300, 'window': 20, 'n_channels': 15, 'anomaly_rate': 0.1228298619389534, 'kind_counts': {'normal': 4042, 'desync': 102, 'drift': 102, 'offset': 103, 'decouple': 102, 'spike': 111, 'organic': 46}, 'train_units': 100, 'test_units': 100, 'n_regimes': 1, 'seed': 1, 'per_regime_norm': False, 'official_test_fleet': True, 'dataset': 'cmapss:FD001', 'cap': 125.0, 'subset': 'FD001', 'dropped_constant_sensors': 6, 'source': 'NASA C-MAPSS (real)', 'source_name': 'cmapss', 'source_kind': 'fleet'}
[18:09:28]   caveat: Ships no anomaly annotations: detection anomalies are injected.
    [pc] epoch   0  nll 31506.744
    [pc] epoch   6  nll  177.265
    [pc] epoch  12  nll  171.489
    [pc] epoch  18  nll  173.548
    [pc] epoch  24  nll  184.908
    [pc] epoch  30  nll  174.433
    [pc] epoch  36  nll  171.641
    [pc] epoch  42  nll  176.524
    [pc] epoch  48  nll  172.258
[18:09:46]   pc_train_nll: first=31506.7442 last=174.9106 (50 epochs)
[18:09:46]   pc: fit 18.6s · 15,360 params · score sd 58.863 · device cpu · layered · 14,225 win/s
[18:09:52]   typed decomposition (mean worst-channel surprise):
[18:09:52]        normal  n= 4042  marginal    26.82  conditional    26.72  structural    17.04
[18:09:52]      decouple  n=  102  marginal    26.77  conditional    26.63  structural    11.51
[18:09:52]        desync  n=  102  marginal    28.35  conditional    28.68  structural    13.14
[18:09:52]         drift  n=  102  marginal 159540.77  conditional 159575.02  structural    40.15
[18:09:52]        offset  n=  103  marginal 48840.56  conditional 48862.26  structural    33.04
[18:09:52]       organic  n=   46  marginal   116.72  conditional   116.32  structural    28.71
[18:09:52]         spike  n=  111  marginal 14104.70  conditional 14110.10  structural    22.40
[18:09:52] --- stage ad done in 23.9s ---
[18:09:52] === run ok · 23.9s · peak RSS 0.914 GB ===
