[11:22:36] === run start · seed11 · seed 11 · hash 7369149018ac ===
[11:22:36] stages ['diagnosis'] · device cpu · dataset synthetic
[11:22:36] --- stage: diagnosis ---
    [pc] epoch   0  nll   26.341  val   24.589
    [pc] epoch  18  nll   21.658  val   21.156
    [pc] epoch  36  nll   19.756  val   19.569
    [pc] epoch  54  nll   19.535  val   19.409
    [pc] epoch  72  nll   19.404  val   19.318
    [pc] epoch  90  nll   19.316  val   19.261
    [pc] epoch 108  nll   19.283  val   19.252
    [pc] epoch 126  nll   19.259  val   19.267
    [pc] restored epoch 113 (selected by nll; val nll 19.232, last 19.271)
[11:22:39]   pc_train_nll: first=26.3410 last=19.2425 (139 epochs)
[11:22:39]   pc_train_objective: first=26.3410 last=19.2425 (139 epochs)
[11:22:39]   pc_selection_loss: first=24.5887 last=19.2715 (139 epochs)
[11:22:39]   pc_val_nll: first=24.5887 last=19.2715 (139 epochs)
[11:22:39]   pc: fit 3.2s · 1,488 params · score sd 4.850 · device cpu · layered · 43,924 win/s
[11:22:39]   pc: validation on 200 windows from explicit subset of held-out units · best epoch 113 of 150 · val nll 19.232
[11:22:39]   shortcut audit: target-channel-only AUROC 0.491 (0.5 = no marginal shortcut)
[11:22:39]   diagnosis: full (4.0 observed on average), 400 paired windows, 1 method(s)
[11:22:39]   diagnosis: random1:0 (3.0 observed on average), 400 paired windows, 1 method(s)
[11:22:39]   diagnosis: random2:1-2 (2.0 observed on average), 400 paired windows, 1 method(s)
[11:22:39]   diagnosis: random3:1-2-3 (1.0 observed on average), 400 paired windows, 1 method(s)
[11:22:39]   diagnosis: bank0:0-1 (2.0 observed on average), 400 paired windows, 1 method(s)
[11:22:39]   diagnosis: single_sensor_0 (1.0 observed on average), 400 paired windows, 1 method(s)
[11:22:39]   Diagnosis completed on validation engines only; no confirmatory PASS/FAIL inferred.
[11:22:39] --- stage diagnosis done in 3.6s ---
[11:22:39] === run ok · 3.8s · peak RSS 0.33 GB ===
[11:40:39] === run start · seed11 · seed 11 · hash 0d46f114f507 ===
[11:40:39] stages ['diagnosis'] · device cpu · dataset synthetic
[11:40:39] --- stage: diagnosis ---
    [pc] epoch   0  nll   26.341  val   24.589
    [pc] epoch  18  nll   21.658  val   21.156
    [pc] epoch  36  nll   19.756  val   19.569
    [pc] epoch  54  nll   19.535  val   19.409
    [pc] epoch  72  nll   19.404  val   19.318
    [pc] epoch  90  nll   19.316  val   19.261
    [pc] epoch 108  nll   19.283  val   19.252
    [pc] epoch 126  nll   19.259  val   19.267
    [pc] restored epoch 113 (selected by nll; val nll 19.232, last 19.271)
[11:40:44]   pc_train_nll: first=26.3410 last=19.2425 (139 epochs)
[11:40:44]   pc_train_objective: first=26.3410 last=19.2425 (139 epochs)
[11:40:44]   pc_selection_loss: first=24.5887 last=19.2715 (139 epochs)
[11:40:44]   pc_val_nll: first=24.5887 last=19.2715 (139 epochs)
[11:40:44]   pc: fit 5.5s · 1,488 params · score sd 4.850 · device cpu · layered · 25,922 win/s
[11:40:44]   pc: validation on 200 windows from explicit subset of held-out units · best epoch 113 of 150 · val nll 19.232
[11:40:44]   shortcut audit: target-channel-only AUROC 0.491 (0.5 = no marginal shortcut)
[11:40:44]   diagnosis: full (4.0 observed on average), 400 paired windows, 2 method(s)
[11:40:45]   diagnosis: random1:0 (3.0 observed on average), 400 paired windows, 2 method(s)
[11:40:45]   diagnosis: random2:1-2 (2.0 observed on average), 400 paired windows, 2 method(s)
[11:40:45]   diagnosis: random3:1-2-3 (1.0 observed on average), 400 paired windows, 2 method(s)
[11:40:45]   diagnosis: bank0:0-1 (2.0 observed on average), 400 paired windows, 2 method(s)
[11:40:45]   diagnosis: single_sensor_0 (1.0 observed on average), 400 paired windows, 2 method(s)
[11:40:45]   Diagnosis completed on validation engines only; no confirmatory PASS/FAIL inferred.
[11:40:45] --- stage diagnosis done in 6.6s ---
[11:40:45] === run ok · 6.7s · peak RSS 0.34 GB ===
[19:53:57] === run start · seed11 · seed 11 · hash cf9c862207a1 ===
[19:53:57] stages ['diagnosis'] · device cpu · dataset synthetic
[19:53:57] --- stage: diagnosis ---
    [pc] epoch   0  nll   26.341  val   24.589
    [pc] epoch  18  nll   21.658  val   21.156
    [pc] epoch  36  nll   19.756  val   19.569
    [pc] epoch  54  nll   19.535  val   19.409
    [pc] epoch  72  nll   19.404  val   19.318
    [pc] epoch  90  nll   19.316  val   19.261
    [pc] epoch 108  nll   19.283  val   19.252
    [pc] epoch 126  nll   19.259  val   19.267
    [pc] restored epoch 113 (selected by nll; val nll 19.232, last 19.271)
[19:54:01]   pc_train_nll: first=26.3410 last=19.2425 (139 epochs)
[19:54:01]   pc_train_objective: first=26.3410 last=19.2425 (139 epochs)
[19:54:01]   pc_selection_loss: first=24.5887 last=19.2715 (139 epochs)
[19:54:01]   pc_val_nll: first=24.5887 last=19.2715 (139 epochs)
[19:54:01]   pc: fit 3.8s · 1,488 params · score sd 4.850 · device cpu · layered · 37,228 win/s
[19:54:01]   pc: validation on 200 windows from explicit subset of held-out units · best epoch 113 of 150 · val nll 19.232
[19:54:01]   shortcut audit: target-channel-only AUROC 0.491 (0.5 = no marginal shortcut)
[19:54:01]   diagnosis: full (4.0 observed on average), 400 paired windows, 2 method(s)
[19:54:01]   diagnosis: random1:0 (3.0 observed on average), 400 paired windows, 2 method(s)
[19:54:01]   diagnosis: random2:1-2 (2.0 observed on average), 400 paired windows, 2 method(s)
[19:54:01]   diagnosis: random3:1-2-3 (1.0 observed on average), 400 paired windows, 2 method(s)
[19:54:01]   diagnosis: bank0:0-1 (2.0 observed on average), 400 paired windows, 2 method(s)
[19:54:01]   diagnosis: single_sensor_0 (1.0 observed on average), 400 paired windows, 2 method(s)
[19:54:01]   Diagnosis completed on validation engines only; no confirmatory PASS/FAIL inferred.
[19:54:01] --- stage diagnosis done in 4.4s ---
[19:54:01] === run ok · 4.5s · peak RSS 0.338 GB ===
