[15:50:49] === run start · seed0 · seed 0 · hash 7b6c65c88fea ===
[15:50:49] stages ['ad'] · device cuda · dataset cmapss:FD001
[15:50:49] --- stage: ad ---
[15:50:49]   data: FleetPair(cmapss:FD001: train=100 units, test=100 units, C=15, regimes=1, cap=125)  (0.6s)
[15:50:49]   task: {'kind': 'ad', 'n_train': 5290, 'n_test': 4608, 'd': 300, 'window': 20, 'n_channels': 15, 'anomaly_rate': 0.1317274272441864, 'kind_counts': {'normal': 4001, 'spike': 130, 'offset': 113, 'drift': 102, 'desync': 111, 'decouple': 105, 'organic': 46}, 'train_units': 100, 'test_units': 100, 'n_regimes': 1, 'seed': 0, 'per_regime_norm': False, 'official_test_fleet': True, 'dataset': 'cmapss:FD001', 'cap': 125.0, 'subset': 'FD001', 'dropped_constant_sensors': 6, 'source': 'NASA C-MAPSS (real)', 'source_name': 'cmapss', 'source_kind': 'fleet'}
[15:50:49]   caveat: Ships no anomaly annotations: detection anomalies are injected.
    [pc] epoch   0  nll 30881.114
    [pc] epoch   6  nll  174.734
    [pc] epoch  12  nll  175.442
    [pc] epoch  18  nll  186.927
    [pc] epoch  24  nll  176.242
    [pc] epoch  30  nll  175.419
    [pc] epoch  36  nll  177.398
    [pc] epoch  42  nll  173.919
    [pc] epoch  48  nll  174.199
[15:50:57]   pc_train_nll: first=30881.1138 last=180.7326 (50 epochs)
[15:50:57]   pc: fit 7.9s · 15,360 params · score sd 62.576 · device cuda · layered · 33,646 win/s
[15:50:58]   typed decomposition (mean worst-channel surprise):
[15:50:58]        normal  n= 4001  marginal    27.30  conditional    27.36  structural    21.56
[15:50:58]      decouple  n=  105  marginal    28.33  conditional    28.32  structural    21.76
[15:50:58]        desync  n=  111  marginal    27.64  conditional    28.14  structural    19.09
[15:50:58]         drift  n=  102  marginal 144390.61  conditional 144424.56  structural    44.74
[15:50:58]        offset  n=  113  marginal 63718.75  conditional 63745.27  structural    38.19
[15:50:58]       organic  n=   46  marginal   115.41  conditional   115.48  structural    33.58
[15:50:58]         spike  n=  130  marginal  9152.30  conditional  9157.38  structural    23.19
[15:50:58] --- stage ad done in 9.4s ---
[15:50:58] === run ok · 9.5s · peak RSS 1.584 GB ===
