[12:11:23] === run start · seed11 · seed 11 · hash f7097a244ec4 ===
[12:11:23] stages ['diagnosis'] · device cpu · dataset synthetic
[12:11:23] --- stage: diagnosis ---
    [pc] epoch   0  nll   32.428  val   31.025
    [pc] epoch  18  nll   26.652  val   26.449
    [pc] epoch  36  nll   25.612  val   25.521
    [pc] epoch  54  nll   25.081  val   25.060
    [pc] epoch  72  nll   24.972  val   25.024
    [pc] epoch  90  nll   24.909  val   24.956
    [pc] epoch 108  nll   24.767  val   24.910
    [pc] epoch 126  nll   24.717  val   24.860
    [pc] epoch 144  nll   24.662  val   24.880
    [pc] restored epoch 143 (selected by objective; val nll 24.833, last 24.839)
[12:11:37]   pc_train_nll: first=32.4285 last=24.6466 (150 epochs)
[12:11:37]   pc_train_objective: first=38.9401 last=29.4871 (150 epochs)
[12:11:37]   pc_selection_loss: first=37.2300 last=29.7713 (150 epochs)
[12:11:37]   pc_val_nll: first=31.0250 last=24.8393 (150 epochs)
[12:11:37]   pc: fit 14.1s · 1,888 params · score sd 4.199 · device cpu · layered · 10,855 win/s
[12:11:37]   pc: validation on 200 windows from explicit subset of held-out units · best epoch 143 of 150 · val nll 24.833
[12:11:37]   shortcut audit: target-channel-only AUROC 0.516 (0.5 = no marginal shortcut)
[12:11:37]   baseline gaussian_fitted: fit 0.00s · 230 params · selection {'shrinkage': 0.0}
[12:11:37]   diagnosis: full (5.0 observed on average), 400 paired windows, 3 method(s)
[12:11:40]   diagnosis: random1:0 (4.0 observed on average), 400 paired windows, 3 method(s)
[12:11:43]   diagnosis: random2:2-3 (3.0 observed on average), 400 paired windows, 3 method(s)
[12:11:46]   diagnosis: bank0:0-1 (3.0 observed on average), 400 paired windows, 3 method(s)
[12:11:49]   diagnosis: single_sensor_0 (1.0 observed on average), 400 paired windows, 3 method(s)
[12:11:51]   diagnosis: witnesses_all (5.0 observed on average), 400 paired windows, 3 method(s)
[12:11:54]   diagnosis: witnesses_drop1 (4.0 observed on average), 400 paired windows, 3 method(s)
[12:11:58]   diagnosis: witnesses_none (3.0 observed on average), 400 paired windows, 3 method(s)
[12:12:01]   diagnosis: target_hidden (4.0 observed on average), 400 paired windows, 3 method(s)
[12:12:04]   diagnosis: independent_random (4.0 observed on average), 400 paired windows, 3 method(s)
[12:12:06]   diagnosis: fixed_unseen (4.0 observed on average), 400 paired windows, 3 method(s)
[12:12:08]   diagnosis: informative_value (4.5 observed on average), 400 paired windows, 3 method(s)
[12:12:10]   diagnosis: informative_fault (4.8 observed on average), 400 paired windows, 3 method(s)
[12:12:12]   Diagnosis completed on validation engines only; no confirmatory PASS/FAIL inferred.
[12:12:12] --- stage diagnosis done in 48.8s ---
[12:12:12] === run ok · 48.9s · peak RSS 0.345 GB ===
[20:56:27] === run start · seed11 · seed 11 · hash ccc18b9653f6 ===
[20:56:27] stages ['diagnosis'] · device cpu · dataset synthetic
[20:56:27] --- stage: diagnosis ---
    [pc] epoch   0  nll   32.428  val   31.025
    [pc] epoch  18  nll   26.652  val   26.449
    [pc] epoch  36  nll   25.612  val   25.521
    [pc] epoch  54  nll   25.081  val   25.060
    [pc] epoch  72  nll   24.972  val   25.024
    [pc] epoch  90  nll   24.909  val   24.956
    [pc] epoch 108  nll   24.767  val   24.910
    [pc] epoch 126  nll   24.717  val   24.860
    [pc] epoch 144  nll   24.662  val   24.880
    [pc] restored epoch 143 (selected by objective; val nll 24.833, last 24.839)
[20:56:44]   pc_train_nll: first=32.4285 last=24.6466 (150 epochs)
[20:56:44]   pc_train_objective: first=38.9401 last=29.4871 (150 epochs)
[20:56:44]   pc_selection_loss: first=37.2300 last=29.7713 (150 epochs)
[20:56:44]   pc_val_nll: first=31.0250 last=24.8393 (150 epochs)
[20:56:44]   pc: fit 16.3s · 1,888 params · score sd 4.199 · device cpu · layered · 9,444 win/s
[20:56:44]   pc: validation on 200 windows from explicit subset of held-out units · best epoch 143 of 150 · val nll 24.833
[20:56:44]   shortcut audit: target-channel-only AUROC 0.516 (0.5 = no marginal shortcut)
[20:56:44]   baseline gaussian_fitted: fit 0.00s · 230 params · selection {'shrinkage': 0.0}
[20:56:44]   diagnosis: full (5.0 observed on average), 400 paired windows, 3 method(s)
[20:56:47]   diagnosis: random1:0 (4.0 observed on average), 400 paired windows, 3 method(s)
[20:56:50]   diagnosis: random2:2-3 (3.0 observed on average), 400 paired windows, 3 method(s)
[20:56:53]   diagnosis: bank0:0-1 (3.0 observed on average), 400 paired windows, 3 method(s)
[20:57:30]   diagnosis: single_sensor_0 (1.0 observed on average), 400 paired windows, 3 method(s)
[20:57:33]   diagnosis: witnesses_all (5.0 observed on average), 400 paired windows, 3 method(s)
[20:57:35]   diagnosis: witnesses_drop1 (4.0 observed on average), 400 paired windows, 3 method(s)
[20:57:38]   diagnosis: witnesses_none (3.0 observed on average), 400 paired windows, 3 method(s)
[20:57:41]   diagnosis: target_hidden (4.0 observed on average), 400 paired windows, 3 method(s)
[20:57:43]   diagnosis: independent_random (4.0 observed on average), 400 paired windows, 3 method(s)
[20:57:45]   diagnosis: fixed_unseen (4.0 observed on average), 400 paired windows, 3 method(s)
[20:57:47]   diagnosis: informative_value (4.5 observed on average), 400 paired windows, 3 method(s)
[20:57:49]   diagnosis: informative_fault (4.8 observed on average), 400 paired windows, 3 method(s)
[20:57:51]   Diagnosis completed on validation engines only; no confirmatory PASS/FAIL inferred.
[20:57:51] --- stage diagnosis done in 83.6s ---
[20:57:51] === run ok · 83.6s · peak RSS 0.342 GB ===
