[11:26:01] === run start · seed13 · seed 13 · hash bb8fadcac7cf ===
[11:26:01] stages ['diagnosis'] · device cpu · dataset synthetic
[11:26:01] --- stage: diagnosis ---
    [pc] epoch   0  nll   26.110  val   25.022
    [pc] epoch  18  nll   21.987  val   22.118
    [pc] epoch  36  nll   21.186  val   21.405
    [pc] epoch  54  nll   20.594  val   20.826
    [pc] epoch  72  nll   20.479  val   20.734
    [pc] epoch  90  nll   20.346  val   20.658
    [pc] epoch 108  nll   20.268  val   20.682
    [pc] restored epoch 93 (selected by nll; val nll 20.637, last 20.682)
[11:26:04]   pc_train_nll: first=26.1104 last=20.2496 (119 epochs)
[11:26:04]   pc_train_objective: first=26.1104 last=20.2496 (119 epochs)
[11:26:04]   pc_selection_loss: first=25.0224 last=20.6817 (119 epochs)
[11:26:04]   pc_val_nll: first=25.0224 last=20.6817 (119 epochs)
[11:26:04]   pc: fit 3.2s · 2,688 params · score sd 2.727 · device cpu · layered · 38,260 win/s
[11:26:04]   pc: validation on 200 windows from explicit subset of held-out units · best epoch 93 of 150 · val nll 20.637
[11:26:04]   shortcut audit: target-channel-only AUROC 0.498 (0.5 = no marginal shortcut)
[11:26:04]   diagnosis: full (4.0 observed on average), 400 paired windows, 1 method(s)
[11:26:04]   diagnosis: random1:0 (3.0 observed on average), 400 paired windows, 1 method(s)
[11:26:04]   diagnosis: random2:1-2 (2.0 observed on average), 400 paired windows, 1 method(s)
[11:26:04]   diagnosis: random3:1-2-3 (1.0 observed on average), 400 paired windows, 1 method(s)
[11:26:05]   diagnosis: bank0:0-1 (2.0 observed on average), 400 paired windows, 1 method(s)
[11:26:05]   diagnosis: single_sensor_0 (1.0 observed on average), 400 paired windows, 1 method(s)
[11:26:05]   Diagnosis completed on validation engines only; no confirmatory PASS/FAIL inferred.
[11:26:05] --- stage diagnosis done in 3.7s ---
[11:26:05] === run ok · 3.7s · peak RSS 0.357 GB ===
[11:46:38] === run start · seed13 · seed 13 · hash 181aa40be3bf ===
[11:46:38] stages ['diagnosis'] · device cpu · dataset synthetic
[11:46:38] --- stage: diagnosis ---
    [pc] epoch   0  nll   26.110  val   25.022
    [pc] epoch  18  nll   21.987  val   22.118
    [pc] epoch  36  nll   21.186  val   21.405
    [pc] epoch  54  nll   20.594  val   20.826
    [pc] epoch  72  nll   20.479  val   20.734
    [pc] epoch  90  nll   20.346  val   20.658
    [pc] epoch 108  nll   20.268  val   20.682
    [pc] restored epoch 93 (selected by nll; val nll 20.637, last 20.682)
[11:46:43]   pc_train_nll: first=26.1104 last=20.2496 (119 epochs)
[11:46:43]   pc_train_objective: first=26.1104 last=20.2496 (119 epochs)
[11:46:43]   pc_selection_loss: first=25.0224 last=20.6817 (119 epochs)
[11:46:43]   pc_val_nll: first=25.0224 last=20.6817 (119 epochs)
[11:46:43]   pc: fit 4.1s · 2,688 params · score sd 2.727 · device cpu · layered · 30,072 win/s
[11:46:43]   pc: validation on 200 windows from explicit subset of held-out units · best epoch 93 of 150 · val nll 20.637
[11:46:43]   shortcut audit: target-channel-only AUROC 0.498 (0.5 = no marginal shortcut)
[11:46:43]   diagnosis: full (4.0 observed on average), 400 paired windows, 2 method(s)
[11:46:43]   diagnosis: random1:0 (3.0 observed on average), 400 paired windows, 2 method(s)
[11:46:43]   diagnosis: random2:1-2 (2.0 observed on average), 400 paired windows, 2 method(s)
[11:46:43]   diagnosis: random3:1-2-3 (1.0 observed on average), 400 paired windows, 2 method(s)
[11:46:43]   diagnosis: bank0:0-1 (2.0 observed on average), 400 paired windows, 2 method(s)
[11:46:43]   diagnosis: single_sensor_0 (1.0 observed on average), 400 paired windows, 2 method(s)
[11:46:43]   Diagnosis completed on validation engines only; no confirmatory PASS/FAIL inferred.
[11:46:43] --- stage diagnosis done in 5.0s ---
[11:46:43] === run ok · 5.1s · peak RSS 0.357 GB ===
[20:01:05] === run start · seed13 · seed 13 · hash 452104c754cf ===
[20:01:05] stages ['diagnosis'] · device cpu · dataset synthetic
[20:01:05] --- stage: diagnosis ---
    [pc] epoch   0  nll   26.110  val   25.022
    [pc] epoch  18  nll   21.987  val   22.118
    [pc] epoch  36  nll   21.186  val   21.405
    [pc] epoch  54  nll   20.594  val   20.826
    [pc] epoch  72  nll   20.479  val   20.734
    [pc] epoch  90  nll   20.346  val   20.658
    [pc] epoch 108  nll   20.268  val   20.682
    [pc] restored epoch 93 (selected by nll; val nll 20.637, last 20.682)
[20:01:08]   pc_train_nll: first=26.1104 last=20.2496 (119 epochs)
[20:01:08]   pc_train_objective: first=26.1104 last=20.2496 (119 epochs)
[20:01:08]   pc_selection_loss: first=25.0224 last=20.6817 (119 epochs)
[20:01:08]   pc_val_nll: first=25.0224 last=20.6817 (119 epochs)
[20:01:08]   pc: fit 2.7s · 2,688 params · score sd 2.727 · device cpu · layered · 44,611 win/s
[20:01:08]   pc: validation on 200 windows from explicit subset of held-out units · best epoch 93 of 150 · val nll 20.637
[20:01:08]   shortcut audit: target-channel-only AUROC 0.498 (0.5 = no marginal shortcut)
[20:01:08]   diagnosis: full (4.0 observed on average), 400 paired windows, 2 method(s)
[20:01:08]   diagnosis: random1:0 (3.0 observed on average), 400 paired windows, 2 method(s)
[20:01:08]   diagnosis: random2:1-2 (2.0 observed on average), 400 paired windows, 2 method(s)
[20:01:08]   diagnosis: random3:1-2-3 (1.0 observed on average), 400 paired windows, 2 method(s)
[20:01:08]   diagnosis: bank0:0-1 (2.0 observed on average), 400 paired windows, 2 method(s)
[20:01:08]   diagnosis: single_sensor_0 (1.0 observed on average), 400 paired windows, 2 method(s)
[20:01:08]   Diagnosis completed on validation engines only; no confirmatory PASS/FAIL inferred.
[20:01:08] --- stage diagnosis done in 3.4s ---
[20:01:08] === run ok · 3.5s · peak RSS 0.353 GB ===
