==============================================================================
 experiment: cmapss_calibration   (config/ts/cmapss_calibration.yaml)
 Split conformal (CQR-style and PIT recalibration) applied to the circuit's own
 output:     logs/ts/cmapss_calibration
==============================================================================

4 variant(s) × 5 seed(s) = 20 run(s)

  subset-FD001_alpha-0.1                 dataset=cmapss:FD001     stages=calibration
  subset-FD001_alpha-0.2                 dataset=cmapss:FD001     stages=calibration
  subset-FD002_alpha-0.1                 dataset=cmapss:FD002     stages=calibration
  subset-FD002_alpha-0.2                 dataset=cmapss:FD002     stages=calibration


>>> subset-FD001_alpha-0.1 · seed 0 · logs/ts/cmapss_calibration/subset-FD001_alpha-0.1/seed0
[11:40:14] === run start · seed0 · seed 0 · hash 89804b0f0ed6 ===
[11:40:14] stages ['calibration'] · device cuda · dataset cmapss:FD001
[11:40:14] --- stage: calibration ---
[11:40:15]   data: FleetPair(cmapss:FD001: train=100 units, test=100 units, C=15, regimes=3, cap=125)  (0.6s)
[11:40:15]   task: {'kind': 'rul', 'n_train': 8391, 'n_test': 5625, 'd': 300, 'window': 20, 'n_channels': 15, 'n_bins': 25, 'cap': 125.0, 'censored_frac': 0.2173757553100586, 'train_units': 100, 'test_units': 100, 'censored_units': 30, 'n_regimes': 3, 'seed': 0, 'per_regime_norm': True, 'test_windows': 'all', 'official_test_fleet': True, 'dataset': 'cmapss:FD001', 'subset': 'FD001', 'dropped_constant_sensors': 6, 'source': 'NASA C-MAPSS (real)'}
[11:40:15]   conformal split: 5821 fit windows / 1985 calibration windows (100 units total)
    [surv] epoch   0  censored-NLL 7170.701
    [surv] epoch   7  censored-NLL  169.450
    [surv] epoch  14  censored-NLL  166.357
    [surv] epoch  21  censored-NLL  164.902
    [surv] epoch  28  censored-NLL  164.619
    [surv] epoch  35  censored-NLL  164.008
    [surv] epoch  42  censored-NLL  163.736
    [surv] epoch  49  censored-NLL  163.567
    [surv] epoch  56  censored-NLL  163.602
[12:14:28]   surv_conformal_nll: first=7170.7006 last=163.5513 (60 epochs)
[12:14:28]   surv_conformal: fit 2053.1s · 43,356 params
[12:16:18]   conformal[cqr]: PICP 0.951 (nominal 0.90), MPIW 53.2 (raw PICP 0.375, MPIW 48.2)
[12:17:23]   conformal[pit]: PICP 0.391 (nominal 0.90), MPIW 55.5 (raw PICP 0.375, MPIW 48.2)
[12:17:23] --- stage calibration done in 2229.1s ---
[12:17:24] === run ok · 2229.1s · peak RSS 2.011 GB ===

>>> subset-FD001_alpha-0.1 · seed 1 · logs/ts/cmapss_calibration/subset-FD001_alpha-0.1/seed1
[12:17:24] === run start · seed1 · seed 1 · hash 89804b0f0ed6 ===
[12:17:24] stages ['calibration'] · device cuda · dataset cmapss:FD001
[12:17:24] --- stage: calibration ---
[12:17:24]   data: FleetPair(cmapss:FD001: train=100 units, test=100 units, C=15, regimes=3, cap=125)  (0.1s)
[12:17:24]   task: {'kind': 'rul', 'n_train': 8295, 'n_test': 5625, 'd': 300, 'window': 20, 'n_channels': 15, 'n_bins': 25, 'cap': 125.0, 'censored_frac': 0.2788426876068115, 'train_units': 100, 'test_units': 100, 'censored_units': 38, 'n_regimes': 3, 'seed': 1, 'per_regime_norm': True, 'test_windows': 'all', 'official_test_fleet': True, 'dataset': 'cmapss:FD001', 'subset': 'FD001', 'dropped_constant_sensors': 6, 'source': 'NASA C-MAPSS (real)'}
[12:17:24]   conformal split: 5748 fit windows / 1879 calibration windows (100 units total)
    [surv] epoch   0  censored-NLL 26757.325
    [surv] epoch   7  censored-NLL  209.576
    [surv] epoch  14  censored-NLL  198.255
