==============================================================================
 experiment: cmapss_explain   (config/ts/cmapss_explain.yaml)
 Exact attribution vs Gaussian conditional / AE reconstruction / sampling-SHAP
 output:     logs/ts/cmapss_explain
==============================================================================

3 variant(s) × 3 seed(s) = 9 run(s)

  subset-FD001                           dataset=cmapss:FD001     stages=explain
  subset-FD002                           dataset=cmapss:FD002     stages=explain
  subset-FD004                           dataset=cmapss:FD004     stages=explain


>>> [1/9] subset-FD001 · seed 0 · logs/ts/cmapss_explain/subset-FD001/seed0
[15:17:35] === run start · seed0 · seed 0 · hash 6a52336af508 ===
[15:17:35] stages ['explain'] · device cuda · dataset cmapss:FD001
[15:17:35] --- stage: explain ---
[15:17:36]   data: FleetPair(cmapss:FD001: train=100 units, test=100 units, C=15, regimes=3, cap=125)  (0.7s)
[15:17:36]   task: {'kind': 'ad', 'n_train': 5290, 'n_test': 4608, 'd': 300, 'window': 20, 'n_channels': 15, 'anomaly_rate': 0.1638454794883728, 'kind_counts': {'normal': 3853, 'spike': 142, 'offset': 159, 'drift': 128, 'desync': 158, 'decouple': 122, 'organic': 46}, 'train_units': 100, 'test_units': 100, 'n_regimes': 3, 'seed': 0, 'per_regime_norm': True, 'official_test_fleet': True, 'dataset': 'cmapss:FD001', 'cap': 125.0, 'subset': 'FD001', 'dropped_constant_sensors': 6, 'source': 'NASA C-MAPSS (real)'}
[15:17:36]   explain: capped test set to 1500 windows
    [pc] epoch   0  nll 11892.794
    [pc] epoch   6  nll  144.622
    [pc] epoch  12  nll  139.282
    [pc] epoch  18  nll  138.702
    [pc] epoch  24  nll  138.323
    [pc] epoch  30  nll  137.957
    [pc] epoch  36  nll  137.987
    [pc] epoch  42  nll  137.780
    [pc] epoch  48  nll  137.660
[15:17:46]   pc_train_nll: first=11892.7944 last=137.6767 (50 epochs)
[15:17:46]   pc: fit 9.9s · 15,360 params · score sd 20.963 · device cuda · layered · 26,594 win/s
[15:17:50]   attribution cost: PC exact (all views) 0.9s · AE sampling-SHAP (one view) 1.9s
[15:17:51]   completeness: max residual 2.44e-04 nats, mean 7.39e-06
[15:17:51]   deletion curves scored with the circuit's own scorer — PC attributions have home-field advantage here, the localisation columns do not
[15:17:52]   worked examples (median-scoring window of each kind):
[15:17:53]    [normal]
[15:17:53]   anomaly score 140.6 nats
[15:17:53]      ch12  out of range         marginal   21.18  structural   -0.80  worst at t=14
[15:17:53]      ch14  out of range         marginal   18.39  structural    0.71  worst at t=4
[15:17:53]      ch11  out of range         marginal   19.06  structural   -0.95  worst at t=2
[15:17:55]    [spike]
[15:17:55]   anomaly score 204.4 nats   [injected: spike, channels [2, 14]]
[15:17:55]      ch14  out of range         marginal   40.78  structural    0.61  worst at t=16  <- CORRECT
[15:17:55]       ch2  out of range         marginal   32.78  structural    7.88  worst at t=16  <- CORRECT
[15:17:55]       ch1  out of range         marginal   21.15  structural   -0.39  worst at t=13  <- miss
[15:17:57]    [offset]
[15:17:57]   anomaly score 381.5 nats   [injected: offset, channels [2, 4, 5, 11]]
[15:17:57]       ch5  out of range         marginal   93.81  structural   -0.69  worst at t=16  <- CORRECT
[15:17:57]       ch4  broken relationship  marginal   23.91  structural   62.89  worst at t=13  <- CORRECT
[15:17:57]       ch2  out of range         marginal   59.27  structural   -2.19  worst at t=19  <- CORRECT
[15:17:59]    [drift]
[15:17:59]   anomaly score 446.6 nats   [injected: drift, channels [1, 8, 10, 11, 13, 14]]
[15:17:59]      ch10  broken relationship  marginal   35.05  structural   82.25  worst at t=16  <- CORRECT
[15:17:59]      ch11  broken relationship  marginal   46.35  structural   38.86  worst at t=19  <- CORRECT
[15:17:59]       ch1  out of range         marginal   43.41  structural   19.18  worst at t=18  <- CORRECT
[15:18:01]    [decouple]
[15:18:01]   anomaly score 134.6 nats   [injected: decouple, channels [13]]
[15:18:01]      ch12  out of range         marginal   22.55  structural   -0.26  worst at t=2  <- miss
[15:18:01]       ch4  out of range         marginal   17.95  structural    3.55  worst at t=13  <- miss
[15:18:01]      ch11  out of range         marginal   16.87  structural    2.63  worst at t=3  <- miss
[15:18:03]    [desync]
[15:18:03]   anomaly score 159.7 nats   [injected: desync, channels [9]]
[15:18:03]       ch9  broken relationship  marginal    5.71  structural   31.54  worst at t=15  <- CORRECT
[15:18:03]      ch13  out of range         marginal   18.95  structural    1.10  worst at t=13  <- miss
[15:18:03]      ch11  out of range         marginal   15.59  structural    4.30  worst at t=1  <- miss
[15:18:04] --- stage explain done in 28.3s ---
[15:18:04] === run ok · 28.4s · peak RSS 1.834 GB ===

>>> [2/9] subset-FD001 · seed 1 · logs/ts/cmapss_explain/subset-FD001/seed1 · mean 0.5 min/run · ETA 4 min for the remaining 8
[15:18:04] === run start · seed1 · seed 1 · hash 6a52336af508 ===
[15:18:04] stages ['explain'] · device cuda · dataset cmapss:FD001
[15:18:04] --- stage: explain ---
[15:18:04]   data: FleetPair(cmapss:FD001: train=100 units, test=100 units, C=15, regimes=3, cap=125)  (0.1s)
[15:18:04]   task: {'kind': 'ad', 'n_train': 5290, 'n_test': 4608, 'd': 300, 'window': 20, 'n_channels': 15, 'anomaly_rate': 0.1564670205116272, 'kind_counts': {'normal': 3887, 'desync': 133, 'offset': 135, 'drift': 137, 'decouple': 142, 'spike': 128, 'organic': 46}, 'train_units': 100, 'test_units': 100, 'n_regimes': 3, 'seed': 1, 'per_regime_norm': True, 'official_test_fleet': True, 'dataset': 'cmapss:FD001', 'cap': 125.0, 'subset': 'FD001', 'dropped_constant_sensors': 6, 'source': 'NASA C-MAPSS (real)'}
[15:18:04]   explain: capped test set to 1500 windows
    [pc] epoch   0  nll 42789.982
    [pc] epoch   6  nll  173.132
    [pc] epoch  12  nll  161.796
    [pc] epoch  18  nll  158.701
    [pc] epoch  24  nll  155.356
    [pc] epoch  30  nll  153.959
    [pc] epoch  36  nll  153.071
    [pc] epoch  42  nll  152.672
    [pc] epoch  48  nll  151.952
[15:18:12]   pc_train_nll: first=42789.9824 last=152.0902 (50 epochs)
[15:18:12]   pc: fit 8.6s · 15,360 params · score sd 26.862 · device cuda · layered · 30,770 win/s
[15:18:16]   attribution cost: PC exact (all views) 0.9s · AE sampling-SHAP (one view) 2.0s
[15:18:18]   completeness: max residual 3.05e-05 nats, mean 3.10e-06
[15:18:18]   deletion curves scored with the circuit's own scorer — PC attributions have home-field advantage here, the localisation columns do not
[15:18:18]   worked examples (median-scoring window of each kind):
[15:18:20]    [normal]
[15:18:20]   anomaly score 150.4 nats
[15:18:20]       ch8  out of range         marginal   21.05  structural   -0.06  worst at t=0
[15:18:20]       ch2  out of range         marginal   20.95  structural   -0.12  worst at t=10
[15:18:20]      ch11  out of range         marginal   17.94  structural   -0.31  worst at t=13
[15:18:22]    [spike]
[15:18:22]   anomaly score 196.0 nats   [injected: spike, channels [13]]
[15:18:22]      ch13  out of range         marginal   67.21  structural    2.35  worst at t=4  <- CORRECT
[15:18:22]      ch14  out of range         marginal   23.12  structural   -1.38  worst at t=12  <- miss
[15:18:22]      ch12  out of range         marginal   22.31  structural   -1.17  worst at t=10  <- miss
[15:18:24]    [offset]
[15:18:24]   anomaly score 414.1 nats   [injected: offset, channels [2, 8, 13]]
[15:18:24]       ch8  broken relationship  marginal   27.57  structural  114.47  worst at t=6  <- CORRECT
[15:18:24]       ch2  broken relationship  marginal   54.86  structural   64.48  worst at t=6  <- CORRECT
[15:18:24]      ch13  broken relationship  marginal   34.79  structural   38.32  worst at t=5  <- CORRECT
[15:18:26]    [drift]
[15:18:26]   anomaly score 426.8 nats   [injected: drift, channels [1, 7, 8, 10, 11, 12]]
[15:18:26]       ch7  broken relationship  marginal   26.74  structural   58.79  worst at t=16  <- CORRECT
[15:18:26]       ch8  out of range         marginal   77.59  structural    5.14  worst at t=18  <- CORRECT
[15:18:26]      ch11  broken relationship  marginal   27.04  structural   28.87  worst at t=14  <- CORRECT
[15:18:28]    [decouple]
[15:18:28]   anomaly score 143.6 nats   [injected: decouple, channels [0, 8]]
[15:18:28]       ch1  out of range         marginal   18.94  structural    1.40  worst at t=3  <- miss
[15:18:28]      ch11  out of range         marginal   17.41  structural    1.82  worst at t=14  <- miss
[15:18:28]       ch0  out of range         marginal   17.24  structural    0.94  worst at t=9  <- CORRECT
[15:18:30]    [desync]
[15:18:30]   anomaly score 155.3 nats   [injected: desync, channels [8, 12]]
[15:18:30]      ch14  out of range         marginal   26.63  structural   -0.57  worst at t=14  <- miss
[15:18:30]       ch0  out of range         marginal   23.63  structural    2.18  worst at t=6  <- miss
[15:18:30]      ch11  out of range         marginal   23.37  structural    1.20  worst at t=6  <- miss
[15:18:30] --- stage explain done in 26.7s ---
[15:18:30] === run ok · 26.7s · peak RSS 1.868 GB ===

>>> [3/9] subset-FD001 · seed 2 · logs/ts/cmapss_explain/subset-FD001/seed2 · mean 0.5 min/run · ETA 3 min for the remaining 7
[15:18:30] === run start · seed2 · seed 2 · hash 6a52336af508 ===
[15:18:30] stages ['explain'] · device cuda · dataset cmapss:FD001
[15:18:30] --- stage: explain ---
[15:18:30]   data: FleetPair(cmapss:FD001: train=100 units, test=100 units, C=15, regimes=3, cap=125)  (0.1s)
[15:18:30]   task: {'kind': 'ad', 'n_train': 5290, 'n_test': 4608, 'd': 300, 'window': 20, 'n_channels': 15, 'anomaly_rate': 0.1618923544883728, 'kind_counts': {'normal': 3862, 'offset': 131, 'drift': 130, 'spike': 149, 'decouple': 123, 'desync': 167, 'organic': 46}, 'train_units': 100, 'test_units': 100, 'n_regimes': 3, 'seed': 2, 'per_regime_norm': True, 'official_test_fleet': True, 'dataset': 'cmapss:FD001', 'cap': 125.0, 'subset': 'FD001', 'dropped_constant_sensors': 6, 'source': 'NASA C-MAPSS (real)'}
[15:18:30]   explain: capped test set to 1500 windows
    [pc] epoch   0  nll 12299.011
    [pc] epoch   6  nll  143.801
    [pc] epoch  12  nll  139.786
    [pc] epoch  18  nll  138.636
    [pc] epoch  24  nll  137.597
    [pc] epoch  30  nll  137.008
    [pc] epoch  36  nll  136.715
    [pc] epoch  42  nll  136.792
    [pc] epoch  48  nll  136.623
[15:18:39]   pc_train_nll: first=12299.0106 last=136.5536 (50 epochs)
[15:18:39]   pc: fit 8.7s · 15,360 params · score sd 21.332 · device cuda · layered · 30,296 win/s
[15:18:43]   attribution cost: PC exact (all views) 0.9s · AE sampling-SHAP (one view) 1.9s
[15:18:44]   completeness: max residual 3.05e-05 nats, mean 3.93e-06
[15:18:45]   deletion curves scored with the circuit's own scorer — PC attributions have home-field advantage here, the localisation columns do not
[15:18:45]   worked examples (median-scoring window of each kind):
[15:18:47]    [normal]
[15:18:47]   anomaly score 140.9 nats
[15:18:47]      ch14  out of range         marginal   27.55  structural   -1.74  worst at t=9
[15:18:47]       ch1  out of range         marginal   23.79  structural    0.15  worst at t=16
[15:18:47]       ch0  out of range         marginal   21.01  structural    0.15  worst at t=13
[15:18:49]    [spike]
[15:18:49]   anomaly score 196.1 nats   [injected: spike, channels [3, 13]]
[15:18:49]      ch13  out of range         marginal   48.09  structural    8.09  worst at t=2  <- CORRECT
[15:18:49]      ch12  out of range         marginal   28.96  structural   -2.28  worst at t=17  <- miss
[15:18:49]       ch0  out of range         marginal   22.49  structural   -0.37  worst at t=15  <- miss
[15:18:51]    [offset]
[15:18:51]   anomaly score 500.9 nats   [injected: offset, channels [2, 9, 13, 14]]
[15:18:51]       ch9  broken relationship  marginal   33.97  structural  143.01  worst at t=15  <- CORRECT
[15:18:51]       ch2  broken relationship  marginal   24.55  structural   89.64  worst at t=17  <- CORRECT
[15:18:51]      ch14  out of range         marginal   71.60  structural    7.74  worst at t=18  <- CORRECT
[15:18:53]    [drift]
[15:18:53]   anomaly score 500.8 nats   [injected: drift, channels [5, 6, 7, 12]]
[15:18:53]       ch6  broken relationship  marginal   77.90  structural   92.73  worst at t=18  <- CORRECT
[15:18:53]       ch5  out of range         marginal  107.73  structural   28.12  worst at t=19  <- CORRECT
[15:18:53]      ch12  out of range         marginal   61.38  structural   -2.98  worst at t=18  <- CORRECT
[15:18:55]    [decouple]
[15:18:55]   anomaly score 137.1 nats   [injected: decouple, channels [7]]
[15:18:55]       ch0  out of range         marginal   24.36  structural   -1.93  worst at t=13  <- miss
[15:18:55]      ch12  out of range         marginal   19.20  structural    1.03  worst at t=13  <- miss
[15:18:55]      ch13  out of range         marginal   15.65  structural    0.35  worst at t=2  <- miss
[15:18:57]    [desync]
[15:18:57]   anomaly score 154.9 nats   [injected: desync, channels [13]]
[15:18:57]       ch8  out of range         marginal   21.75  structural   -1.41  worst at t=16  <- miss
[15:18:57]      ch13  out of range         marginal   18.46  structural    1.36  worst at t=3  <- CORRECT
[15:18:57]       ch4  out of range         marginal   14.49  structural    4.69  worst at t=18  <- miss
[15:18:57] --- stage explain done in 26.7s ---
[15:18:57] === run ok · 26.7s · peak RSS 1.87 GB ===

>>> [4/9] subset-FD002 · seed 0 · logs/ts/cmapss_explain/subset-FD002/seed0 · mean 0.5 min/run · ETA 3 min for the remaining 6
[15:18:57] === run start · seed0 · seed 0 · hash 53302df00549 ===
[15:18:57] stages ['explain'] · device cuda · dataset cmapss:FD002
[15:18:57] --- stage: explain ---
[15:18:57]   data: FleetPair(cmapss:FD002: train=260 units, test=259 units, C=21, regimes=3, cap=125)  (0.3s)
[15:18:57]   task: {'kind': 'ad', 'n_train': 13817, 'n_test': 11812, 'd': 420, 'window': 20, 'n_channels': 21, 'anomaly_rate': 0.16703352332115173, 'kind_counts': {'normal': 9839, 'spike': 362, 'offset': 365, 'drift': 336, 'desync': 351, 'decouple': 358, 'organic': 201}, 'train_units': 260, 'test_units': 259, 'n_regimes': 3, 'seed': 0, 'per_regime_norm': True, 'official_test_fleet': True, 'dataset': 'cmapss:FD002', 'cap': 125.0, 'subset': 'FD002', 'dropped_constant_sensors': 0, 'source': 'NASA C-MAPSS (real)'}
[15:18:57]   explain: capped test set to 1500 windows
    [pc] epoch   0  nll 11062.454
    [pc] epoch   6  nll  273.388
    [pc] epoch  12  nll  283.250
    [pc] epoch  18  nll  268.725
    [pc] epoch  24  nll  256.265
    [pc] epoch  30  nll  234.323
    [pc] epoch  36  nll  237.134
    [pc] epoch  42  nll  231.834
    [pc] epoch  48  nll  216.394
[15:19:19]   pc_train_nll: first=11062.4538 last=219.4927 (50 epochs)
[15:19:19]   pc: fit 21.9s · 17,280 params · score sd 72.741 · device cuda · layered · 31,583 win/s
[15:19:28]   attribution cost: PC exact (all views) 1.4s · AE sampling-SHAP (one view) 3.9s
[15:19:29]   completeness: max residual 4.00e+00 nats, mean 4.22e-01
[15:19:30]   deletion curves scored with the circuit's own scorer — PC attributions have home-field advantage here, the localisation columns do not
[15:19:30]   worked examples (median-scoring window of each kind):
[15:19:33]    [normal]
[15:19:33]   anomaly score 15907376.0 nats
[15:19:33]      ch15  out of range         marginal 15268880.00  structural 331817.00  worst at t=11
[15:19:33]       ch0  broken relationship  marginal 10823.95  structural 164576.06  worst at t=14
[15:19:33]      ch17  broken relationship  marginal 8261.95  structural 112964.05  worst at t=14
[15:19:35]    [spike]
[15:19:35]   anomaly score 15524268.0 nats   [injected: spike, channels [17]]
[15:19:35]      ch15  out of range         marginal 14894954.00  structural 345815.00  worst at t=8  <- miss
[15:19:35]       ch0  broken relationship  marginal 9364.84  structural 164253.16  worst at t=13  <- miss
[15:19:35]      ch17  broken relationship  marginal 7804.32  structural 133253.67  worst at t=13  <- CORRECT
[15:19:38]    [offset]
[15:19:38]   anomaly score 16094399.0 nats   [injected: offset, channels [8, 9, 10]]
[15:19:38]      ch15  out of range         marginal 15477877.00  structural 291696.00  worst at t=15  <- miss
[15:19:38]       ch0  broken relationship  marginal 9975.72  structural 165545.28  worst at t=14  <- miss
[15:19:38]      ch17  broken relationship  marginal 7455.29  structural 113528.70  worst at t=14  <- miss
[15:19:41]    [drift]
[15:19:41]   anomaly score 16086511.0 nats   [injected: drift, channels [3, 4, 6, 7, 12, 13, 15]]
[15:19:41]      ch15  out of range         marginal 15528672.00  structural 291959.00  worst at t=8  <- CORRECT
[15:19:41]       ch0  broken relationship  marginal 7427.64  structural 120696.36  worst at t=2  <- miss
[15:19:41]       ch9  out of range         marginal 89534.14  structural 14725.86  worst at t=2  <- miss
[15:19:44]    [decouple]
[15:19:44]   anomaly score 15842637.0 nats   [injected: decouple, channels [8, 20]]
[15:19:44]      ch15  out of range         marginal 15236347.00  structural 342606.00  worst at t=7  <- miss
[15:19:44]       ch0  broken relationship  marginal 7634.28  structural 163633.72  worst at t=19  <- miss
[15:19:44]      ch17  broken relationship  marginal 5864.49  structural 111365.51  worst at t=19  <- miss
[15:19:46]    [desync]
[15:19:46]   anomaly score 18216248.0 nats   [injected: desync, channels [7, 16, 20]]
[15:19:46]      ch15  out of range         marginal 17868704.00  structural 98636.00  worst at t=11  <- miss
[15:19:46]       ch9  out of range         marginal 91196.04  structural 27803.96  worst at t=9  <- miss
[15:19:46]       ch0  broken relationship  marginal 10171.26  structural 82204.74  worst at t=2  <- miss
[15:19:46] --- stage explain done in 49.5s ---
[15:19:46] === run ok · 49.5s · peak RSS 1.99 GB ===

>>> [5/9] subset-FD002 · seed 1 · logs/ts/cmapss_explain/subset-FD002/seed1 · mean 0.5 min/run · ETA 3 min for the remaining 5
[15:19:47] === run start · seed1 · seed 1 · hash 53302df00549 ===
[15:19:47] stages ['explain'] · device cuda · dataset cmapss:FD002
[15:19:47] --- stage: explain ---
[15:19:47]   data: FleetPair(cmapss:FD002: train=260 units, test=259 units, C=21, regimes=3, cap=125)  (0.3s)
[15:19:47]   task: {'kind': 'ad', 'n_train': 13817, 'n_test': 11812, 'd': 420, 'window': 20, 'n_channels': 21, 'anomaly_rate': 0.1675414890050888, 'kind_counts': {'normal': 9833, 'desync': 349, 'offset': 380, 'drift': 361, 'decouple': 335, 'spike': 353, 'organic': 201}, 'train_units': 260, 'test_units': 259, 'n_regimes': 3, 'seed': 1, 'per_regime_norm': True, 'official_test_fleet': True, 'dataset': 'cmapss:FD002', 'cap': 125.0, 'subset': 'FD002', 'dropped_constant_sensors': 0, 'source': 'NASA C-MAPSS (real)'}
[15:19:47]   explain: capped test set to 1500 windows
    [pc] epoch   0  nll 11179.369
    [pc] epoch   6  nll  294.696
    [pc] epoch  12  nll  297.202
    [pc] epoch  18  nll  289.240
    [pc] epoch  24  nll  269.976
    [pc] epoch  30  nll  272.032
    [pc] epoch  36  nll  250.755
    [pc] epoch  42  nll  236.273
    [pc] epoch  48  nll  236.795
[15:20:09]   pc_train_nll: first=11179.3686 last=237.5799 (50 epochs)
[15:20:09]   pc: fit 22.1s · 17,280 params · score sd 76.531 · device cuda · layered · 31,317 win/s
[15:20:18]   attribution cost: PC exact (all views) 1.5s · AE sampling-SHAP (one view) 4.0s
[15:20:21]   completeness: max residual 3.12e-02 nats, mean 5.58e-04
[15:20:22]   deletion curves scored with the circuit's own scorer — PC attributions have home-field advantage here, the localisation columns do not
[15:20:22]   worked examples (median-scoring window of each kind):
[15:20:28]    [normal]
[15:20:28]   anomaly score 248.0 nats
[15:20:28]       ch9  out of range         marginal   40.39  structural   -0.71  worst at t=14
[15:20:28]      ch14  out of range         marginal   36.07  structural    1.70  worst at t=6
[15:20:28]       ch3  out of range         marginal   34.34  structural   -0.42  worst at t=18
[15:20:33]    [spike]
[15:20:33]   anomaly score 263.0 nats   [injected: spike, channels [3, 17]]
[15:20:33]       ch9  out of range         marginal   42.91  structural   -2.78  worst at t=19  <- miss
[15:20:33]       ch3  out of range         marginal   33.43  structural   -1.18  worst at t=7  <- CORRECT
[15:20:33]      ch14  out of range         marginal   29.00  structural   -0.36  worst at t=5  <- miss
[15:20:38]    [offset]
[15:20:38]   anomaly score 16358.1 nats   [injected: offset, channels [0, 6, 10, 14, 15, 16]]
[15:20:38]      ch18  broken relationship  marginal  -76.53  structural 15553.43  worst at t=16  <- miss
[15:20:38]       ch6  broken relationship  marginal   42.83  structural 1633.34  worst at t=17  <- CORRECT
[15:20:38]       ch0  broken relationship  marginal  179.95  structural  886.92  worst at t=18  <- CORRECT
[15:20:43]    [drift]
[15:20:43]   anomaly score 23246.4 nats   [injected: drift, channels [0, 2, 3, 4, 5, 7, 8, 9, 15]]
[15:20:43]      ch18  broken relationship  marginal  -74.91  structural 22336.91  worst at t=18  <- miss
[15:20:43]       ch0  broken relationship  marginal  160.73  structural 1868.24  worst at t=18  <- CORRECT
[15:20:43]       ch7  broken relationship  marginal   51.00  structural  749.12  worst at t=18  <- CORRECT
[15:20:48]    [decouple]
[15:20:48]   anomaly score 720.9 nats   [injected: decouple, channels [1, 5]]
[15:20:48]       ch1  broken relationship  marginal   23.33  structural  360.26  worst at t=17  <- CORRECT
[15:20:48]      ch18  broken relationship  marginal  -75.55  structural  333.56  worst at t=18  <- miss
[15:20:48]       ch5  broken relationship  marginal   22.10  structural   60.81  worst at t=1  <- CORRECT
[15:20:53]    [desync]
[15:20:53]   anomaly score 4787.3 nats   [injected: desync, channels [17]]
[15:20:53]      ch17  broken relationship  marginal   12.38  structural 4546.57  worst at t=7  <- CORRECT
[15:20:53]      ch18  broken relationship  marginal  -76.55  structural 4329.21  worst at t=7  <- miss
[15:20:53]      ch16  out of range         marginal   26.27  structural    0.97  worst at t=17  <- miss
[15:20:54] --- stage explain done in 67.1s ---
[15:20:54] === run ok · 67.2s · peak RSS 2.037 GB ===

>>> [6/9] subset-FD002 · seed 2 · logs/ts/cmapss_explain/subset-FD002/seed2 · mean 0.7 min/run · ETA 3 min for the remaining 4
[15:20:54] === run start · seed2 · seed 2 · hash 53302df00549 ===
[15:20:54] stages ['explain'] · device cuda · dataset cmapss:FD002
[15:20:54] --- stage: explain ---
[15:20:54]   data: FleetPair(cmapss:FD002: train=260 units, test=259 units, C=21, regimes=3, cap=125)  (0.4s)
[15:20:54]   task: {'kind': 'ad', 'n_train': 13817, 'n_test': 11812, 'd': 420, 'window': 20, 'n_channels': 21, 'anomaly_rate': 0.16686420142650604, 'kind_counts': {'normal': 9841, 'offset': 367, 'drift': 340, 'spike': 351, 'decouple': 333, 'desync': 379, 'organic': 201}, 'train_units': 260, 'test_units': 259, 'n_regimes': 3, 'seed': 2, 'per_regime_norm': True, 'official_test_fleet': True, 'dataset': 'cmapss:FD002', 'cap': 125.0, 'subset': 'FD002', 'dropped_constant_sensors': 0, 'source': 'NASA C-MAPSS (real)'}
[15:20:54]   explain: capped test set to 1500 windows
    [pc] epoch   0  nll 11157.585
    [pc] epoch   6  nll  321.767
    [pc] epoch  12  nll  326.906
    [pc] epoch  18  nll  315.743
    [pc] epoch  24  nll  298.387
    [pc] epoch  30  nll  274.124
    [pc] epoch  36  nll  267.848
    [pc] epoch  42  nll  259.184
    fit chain K=8: 47/50 (94%) · 1.55 it/s · elapsed 00:30 · ETA 00:01
    [pc] epoch  48  nll  256.540
    fit chain K=8: done 50/50 in 00:32
[15:21:30]   pc_train_nll: first=11157.5852 last=255.0624 (50 epochs)
[15:21:30]   pc: fit 35.7s · 17,280 params · score sd 74.280 · device cuda · layered · 19,329 win/s
[15:21:46]   attribution cost: PC exact (all views) 3.5s · AE sampling-SHAP (one view) 6.7s
[15:21:50]   completeness: max residual 4.40e+12 nats, mean 3.24e+11
[15:21:50]   deletion curves scored with the circuit's own scorer — PC attributions have home-field advantage here, the localisation columns do not
[15:21:51]   worked examples (median-scoring window of each kind):
[15:21:55]    [normal]
[15:21:55]   anomaly score 10072727177125691392.0 nats
[15:21:55]      ch18  out of range         marginal 9172504230907346944.00  structural 549755813888.00  worst at t=18
[15:21:55]      ch17  out of range         marginal 900222259023577088.00  structural 687194767360.00  worst at t=13
[15:21:55]      ch10  out of range         marginal 5193.11  structural -5193.11  worst at t=0
[15:22:00]    [spike]
[15:22:00]   anomaly score 9919243050469556224.0 nats   [injected: spike, channels [8, 11]]
[15:22:00]      ch18  out of range         marginal 9006452686345732096.00  structural    0.00  worst at t=8  <- miss
[15:22:00]      ch17  out of range         marginal 912790639001731072.00  structural -274877906944.00  worst at t=10  <- miss
[15:22:00]      ch10  out of range         marginal 5533.38  structural -5533.38  worst at t=0  <- miss
[15:22:04]    [offset]
[15:22:04]   anomaly score 10480626199821287424.0 nats   [injected: offset, channels [1, 6, 11]]
[15:22:04]      ch18  out of range         marginal 9267279934198382592.00  structural 2199023255552.00  worst at t=3  <- miss
[15:22:04]      ch17  out of range         marginal 1213344341477556224.00  structural 1924145348608.00  worst at t=13  <- miss
[15:22:04]      ch10  out of range         marginal 7820.09  structural -7820.09  worst at t=0  <- miss
[15:22:08]    [drift]
[15:22:08]   anomaly score 12390565858198421504.0 nats   [injected: drift, channels [0, 3, 14]]
[15:22:08]      ch18  out of range         marginal 11052503088148512768.00  structural 2199023255552.00  worst at t=3  <- miss
[15:22:08]      ch17  out of range         marginal 1338060845904560128.00  structural 1924145348608.00  worst at t=9  <- miss
[15:22:08]      ch10  out of range         marginal 9534.11  structural -9534.11  worst at t=0  <- miss
[15:22:12]    [decouple]
[15:22:12]   anomaly score 9320370952657174528.0 nats   [injected: decouple, channels [2, 4]]
[15:22:12]      ch18  out of range         marginal 7734331476904247296.00  structural 1649267441664.00  worst at t=8  <- miss
[15:22:12]      ch17  out of range         marginal 1586037963924439040.00  structural 1511828488192.00  worst at t=9  <- miss
[15:22:12]      ch10  out of range         marginal 7719.02  structural -7719.02  worst at t=0  <- miss
[15:22:16]    [desync]
[15:22:16]   anomaly score 10743312721836507136.0 nats   [injected: desync, channels [6, 19]]
[15:22:16]      ch18  out of range         marginal 8848195579713421312.00  structural 1099511627776.00  worst at t=4  <- miss
[15:22:16]      ch17  out of range         marginal 1895116180050411520.00  structural 962072674304.00  worst at t=13  <- miss
[15:22:16]      ch10  out of range         marginal 7748.45  structural -7748.45  worst at t=0  <- miss
[15:22:16] --- stage explain done in 82.1s ---
[15:22:16] === run ok · 82.1s · peak RSS 2.037 GB ===

>>> [7/9] subset-FD004 · seed 0 · logs/ts/cmapss_explain/subset-FD004/seed0 · mean 0.8 min/run · ETA 2 min for the remaining 3
[15:22:16] === run start · seed0 · seed 0 · hash 9ec604aa9621 ===
[15:22:16] stages ['explain'] · device cuda · dataset cmapss:FD004
[15:22:16] --- stage: explain ---
[15:22:16]   data: FleetPair(cmapss:FD004: train=249 units, test=248 units, C=21, regimes=3, cap=125)  (0.5s)
[15:22:16]   task: {'kind': 'ad', 'n_train': 18107, 'n_test': 15855, 'd': 420, 'window': 20, 'n_channels': 21, 'anomaly_rate': 0.16253547370433807, 'kind_counts': {'normal': 13278, 'spike': 482, 'offset': 493, 'drift': 468, 'desync': 491, 'decouple': 491, 'organic': 152}, 'train_units': 249, 'test_units': 248, 'n_regimes': 3, 'seed': 0, 'per_regime_norm': True, 'official_test_fleet': True, 'dataset': 'cmapss:FD004', 'cap': 125.0, 'subset': 'FD004', 'dropped_constant_sensors': 0, 'source': 'NASA C-MAPSS (real)'}
[15:22:16]   explain: capped test set to 1500 windows
    [pc] epoch   0  nll 8615.505
    [pc] epoch   6  nll  350.350
    [pc] epoch  12  nll  334.458
    [pc] epoch  18  nll  299.254
    [pc] epoch  24  nll  269.839
    [pc] epoch  30  nll  256.930
    [pc] epoch  36  nll  248.828
    [pc] epoch  42  nll  244.891
    [pc] epoch  48  nll  240.193
[15:22:50]   pc_train_nll: first=8615.5050 last=235.6405 (50 epochs)
[15:22:50]   pc: fit 33.6s · 17,280 params · score sd 89.547 · device cuda · layered · 26,938 win/s
[15:23:03]   attribution cost: PC exact (all views) 3.0s · AE sampling-SHAP (one view) 4.6s
[15:23:06]   completeness: max residual 1.95e-03 nats, mean 4.04e-05
[15:23:07]   deletion curves scored with the circuit's own scorer — PC attributions have home-field advantage here, the localisation columns do not
[15:23:07]   worked examples (median-scoring window of each kind):
[15:23:11]    [normal]
[15:23:11]   anomaly score 233.0 nats
[15:23:11]       ch9  out of range         marginal   27.21  structural    0.89  worst at t=11
[15:23:11]      ch11  out of range         marginal   28.44  structural   -2.49  worst at t=4
[15:23:11]      ch14  out of range         marginal   25.57  structural    0.19  worst at t=9
[15:23:15]    [spike]
[15:23:15]   anomaly score 263.0 nats   [injected: spike, channels [7, 13]]
[15:23:15]      ch13  out of range         marginal   37.18  structural   -0.62  worst at t=5  <- CORRECT
[15:23:15]       ch2  out of range         marginal   28.65  structural   -1.92  worst at t=19  <- miss
[15:23:15]       ch3  out of range         marginal   25.68  structural    0.54  worst at t=10  <- miss
[15:23:19]    [offset]
[15:23:19]   anomaly score 6790.9 nats   [injected: offset, channels [0, 1]]
[15:23:19]       ch0  broken relationship  marginal   62.69  structural 6320.23  worst at t=14  <- CORRECT
[15:23:19]      ch18  broken relationship  marginal  -87.73  structural 6397.84  worst at t=14  <- miss
[15:23:19]       ch1  broken relationship  marginal   55.37  structural  168.23  worst at t=11  <- CORRECT
[15:23:23]    [drift]
[15:23:23]   anomaly score 25794.9 nats   [injected: drift, channels [0, 3]]
[15:23:23]       ch0  broken relationship  marginal  106.43  structural 25447.47  worst at t=11  <- CORRECT
[15:23:23]      ch18  broken relationship  marginal  -87.42  structural 25284.56  worst at t=11  <- miss
[15:23:23]       ch4  broken relationship  marginal   -9.29  structural 1676.71  worst at t=2  <- miss
[15:23:28]    [decouple]
[15:23:28]   anomaly score 803.1 nats   [injected: decouple, channels [2, 20]]
[15:23:28]      ch20  broken relationship  marginal   27.28  structural  579.86  worst at t=10  <- CORRECT
[15:23:28]      ch18  broken relationship  marginal  -87.25  structural  478.82  worst at t=10  <- miss
[15:23:28]       ch2  out of range         marginal   25.94  structural    1.42  worst at t=2  <- CORRECT
[15:23:32]    [desync]
[15:23:32]   anomaly score 1194.5 nats   [injected: desync, channels [20]]
[15:23:32]      ch20  broken relationship  marginal   24.77  structural  898.94  worst at t=2  <- CORRECT
[15:23:32]      ch18  broken relationship  marginal  -87.09  structural  830.67  worst at t=2  <- miss
[15:23:32]       ch9  out of range         marginal   57.53  structural   -4.24  worst at t=14  <- miss
[15:23:32] --- stage explain done in 76.2s ---
[15:23:32] === run ok · 76.2s · peak RSS 2.082 GB ===

>>> [8/9] subset-FD004 · seed 1 · logs/ts/cmapss_explain/subset-FD004/seed1 · mean 0.8 min/run · ETA 2 min for the remaining 2
[15:23:32] === run start · seed1 · seed 1 · hash 9ec604aa9621 ===
[15:23:32] stages ['explain'] · device cuda · dataset cmapss:FD004
[15:23:32] --- stage: explain ---
[15:23:32]   data: FleetPair(cmapss:FD004: train=249 units, test=248 units, C=21, regimes=3, cap=125)  (0.5s)
[15:23:32]   task: {'kind': 'ad', 'n_train': 18107, 'n_test': 15855, 'd': 420, 'window': 20, 'n_channels': 21, 'anomaly_rate': 0.15976032614707947, 'kind_counts': {'normal': 13322, 'desync': 480, 'offset': 506, 'drift': 489, 'decouple': 430, 'spike': 476, 'organic': 152}, 'train_units': 249, 'test_units': 248, 'n_regimes': 3, 'seed': 1, 'per_regime_norm': True, 'official_test_fleet': True, 'dataset': 'cmapss:FD004', 'cap': 125.0, 'subset': 'FD004', 'dropped_constant_sensors': 0, 'source': 'NASA C-MAPSS (real)'}
[15:23:32]   explain: capped test set to 1500 windows
    [pc] epoch   0  nll 8784.743
    [pc] epoch   6  nll  342.379
    [pc] epoch  12  nll  336.724
    [pc] epoch  18  nll  303.919
    [pc] epoch  24  nll  283.015
    [pc] epoch  30  nll  257.562
    [pc] epoch  36  nll  244.550
    [pc] epoch  42  nll  246.414
    [pc] epoch  48  nll  236.220
[15:24:06]   pc_train_nll: first=8784.7430 last=241.4701 (50 epochs)
[15:24:06]   pc: fit 33.9s · 17,280 params · score sd 93.591 · device cuda · layered · 26,693 win/s
[15:24:20]   attribution cost: PC exact (all views) 2.9s · AE sampling-SHAP (one view) 4.6s
[15:24:22]   completeness: max residual 4.40e+12 nats, mean 2.97e+11
[15:24:23]   deletion curves scored with the circuit's own scorer — PC attributions have home-field advantage here, the localisation columns do not
[15:24:23]   worked examples (median-scoring window of each kind):
[15:24:27]    [normal]
[15:24:27]   anomaly score 15920750249312780288.0 nats
[15:24:27]      ch18  out of range         marginal 15920750249312780288.00  structural    0.00  worst at t=10
[15:24:27]      ch10  out of range         marginal 2208.37  structural -2208.37  worst at t=0
[15:24:27]      ch20  out of range         marginal 1550.03  structural -1550.03  worst at t=0
[15:24:31]    [spike]
[15:24:31]   anomaly score 15999989853303341056.0 nats   [injected: spike, channels [7, 13]]
[15:24:31]      ch18  out of range         marginal 15999989853303341056.00  structural    0.00  worst at t=0  <- miss
[15:24:31]      ch10  out of range         marginal 2018.59  structural -2018.59  worst at t=0  <- miss
[15:24:31]      ch20  out of range         marginal 1751.51  structural -1751.51  worst at t=0  <- miss
[15:24:36]    [offset]
[15:24:36]   anomaly score 19053485376241926144.0 nats   [injected: offset, channels [3, 4, 7, 11, 17]]
[15:24:36]      ch18  out of range         marginal 19053485376241926144.00  structural    0.00  worst at t=11  <- miss
[15:24:36]      ch10  out of range         marginal 1421.84  structural -1421.84  worst at t=0  <- miss
[15:24:36]      ch20  out of range         marginal  704.46  structural -704.46  worst at t=0  <- miss
[15:24:40]    [drift]
[15:24:40]   anomaly score 16040868596112424960.0 nats   [injected: drift, channels [1, 16]]
[15:24:40]      ch18  out of range         marginal 16040868596112424960.00  structural    0.00  worst at t=10  <- miss
[15:24:40]      ch10  out of range         marginal 2930.26  structural -2930.26  worst at t=0  <- miss
[15:24:40]      ch20  out of range         marginal 1921.61  structural -1921.61  worst at t=0  <- miss
[15:24:45]    [decouple]
[15:24:45]   anomaly score 18000377537204584448.0 nats   [injected: decouple, channels [17]]
[15:24:45]      ch18  out of range         marginal 18000377537204584448.00  structural    0.00  worst at t=5  <- miss
[15:24:45]      ch10  out of range         marginal 2243.71  structural -2243.71  worst at t=0  <- miss
[15:24:45]      ch20  out of range         marginal 1835.11  structural -1835.11  worst at t=0  <- miss
[15:24:49]    [desync]
[15:24:49]   anomaly score 15311642797757431808.0 nats   [injected: desync, channels [3, 6, 13, 15]]
[15:24:49]      ch18  out of range         marginal 15311642797757431808.00  structural    0.00  worst at t=3  <- miss
[15:24:49]      ch10  out of range         marginal 2132.13  structural -2132.13  worst at t=0  <- miss
[15:24:49]      ch20  out of range         marginal 1246.21  structural -1246.21  worst at t=0  <- miss
[15:24:49] --- stage explain done in 77.0s ---
[15:24:49] === run ok · 77.0s · peak RSS 2.082 GB ===

>>> [9/9] subset-FD004 · seed 2 · logs/ts/cmapss_explain/subset-FD004/seed2 · mean 0.9 min/run · ETA 1 min for the remaining 1
[15:24:49] === run start · seed2 · seed 2 · hash 9ec604aa9621 ===
[15:24:49] stages ['explain'] · device cuda · dataset cmapss:FD004
[15:24:49] --- stage: explain ---
[15:24:49]   data: FleetPair(cmapss:FD004: train=249 units, test=248 units, C=21, regimes=3, cap=125)  (0.4s)
[15:24:49]   task: {'kind': 'ad', 'n_train': 18107, 'n_test': 15855, 'd': 420, 'window': 20, 'n_channels': 21, 'anomaly_rate': 0.16007567942142487, 'kind_counts': {'normal': 13317, 'offset': 489, 'drift': 466, 'spike': 456, 'decouple': 466, 'desync': 509, 'organic': 152}, 'train_units': 249, 'test_units': 248, 'n_regimes': 3, 'seed': 2, 'per_regime_norm': True, 'official_test_fleet': True, 'dataset': 'cmapss:FD004', 'cap': 125.0, 'subset': 'FD004', 'dropped_constant_sensors': 0, 'source': 'NASA C-MAPSS (real)'}
[15:24:49]   explain: capped test set to 1500 windows
    [pc] epoch   0  nll 8530.117
    [pc] epoch   6  nll  330.055
    [pc] epoch  12  nll  309.109
    [pc] epoch  18  nll  288.293
    [pc] epoch  24  nll  254.060
    [pc] epoch  30  nll  243.569
    [pc] epoch  36  nll  236.055
    [pc] epoch  42  nll  223.874
    [pc] epoch  48  nll  217.949
[15:25:23]   pc_train_nll: first=8530.1171 last=216.6466 (50 epochs)
[15:25:23]   pc: fit 33.8s · 17,280 params · score sd 90.957 · device cuda · layered · 26,766 win/s
[15:25:36]   attribution cost: PC exact (all views) 2.9s · AE sampling-SHAP (one view) 4.3s
[15:25:39]   completeness: max residual 2.20e+12 nats, mean 2.10e+11
[15:25:40]   deletion curves scored with the circuit's own scorer — PC attributions have home-field advantage here, the localisation columns do not
[15:25:40]   worked examples (median-scoring window of each kind):
[15:25:44]    [normal]
[15:25:44]   anomaly score 12415036588986204160.0 nats
[15:25:44]      ch18  out of range         marginal 12415036588986204160.00  structural    0.00  worst at t=6
[15:25:44]      ch10  out of range         marginal 2354.05  structural -2354.05  worst at t=0
[15:25:44]      ch20  out of range         marginal 1431.37  structural -1431.37  worst at t=0
[15:25:48]    [spike]
[15:25:48]   anomaly score 9871517648754311168.0 nats   [injected: spike, channels [6]]
[15:25:48]      ch18  out of range         marginal 9871517648754311168.00  structural    0.00  worst at t=15  <- miss
[15:25:48]      ch10  out of range         marginal 1940.42  structural -1940.42  worst at t=0  <- miss
[15:25:48]      ch20  out of range         marginal 2228.40  structural -2228.40  worst at t=0  <- miss
[15:25:52]    [offset]
[15:25:52]   anomaly score 11294280197538316288.0 nats   [injected: offset, channels [1, 2, 4, 7, 8, 14]]
[15:25:52]      ch18  out of range         marginal 11294280197538316288.00  structural    0.00  worst at t=13  <- miss
[15:25:52]      ch10  out of range         marginal 1859.50  structural -1859.50  worst at t=0  <- miss
[15:25:52]      ch20  out of range         marginal 1047.58  structural -1047.58  worst at t=0  <- miss
[15:25:56]    [drift]
[15:25:56]   anomaly score 10041083232478298112.0 nats   [injected: drift, channels [2, 9, 11, 13, 18]]
[15:25:56]      ch18  out of range         marginal 10041083232478298112.00  structural    0.00  worst at t=15  <- CORRECT
[15:25:56]      ch10  out of range         marginal 1798.23  structural -1798.23  worst at t=0  <- miss
[15:25:56]      ch20  out of range         marginal 1049.96  structural -1049.96  worst at t=0  <- miss
[15:26:00]    [decouple]
[15:26:00]   anomaly score 11946713904786178048.0 nats   [injected: decouple, channels [3, 12]]
[15:26:00]      ch18  out of range         marginal 11946713904786178048.00  structural    0.00  worst at t=12  <- miss
[15:26:00]      ch10  out of range         marginal 1932.13  structural -1932.13  worst at t=0  <- miss
[15:26:00]      ch20  out of range         marginal 2304.43  structural -2304.43  worst at t=0  <- miss
[15:26:04]    [desync]
[15:26:04]   anomaly score 10187848243577094144.0 nats   [injected: desync, channels [13]]
[15:26:04]      ch18  out of range         marginal 10187848243577094144.00  structural    0.00  worst at t=15  <- miss
[15:26:04]      ch10  out of range         marginal 2149.87  structural -2149.87  worst at t=0  <- miss
[15:26:04]      ch20  out of range         marginal 1508.50  structural -1508.50  worst at t=0  <- miss
[15:26:04] --- stage explain done in 74.9s ---
[15:26:04] === run ok · 74.9s · peak RSS 2.082 GB ===

==============================================================================
 batch finished in 8.5 min — 9 ok, 0 skipped, 0 failed
==============================================================================

=== explain (mean ± sd over seeds) ===

method                           dataset          variant                           loc_auroc          prec_at_k       deletion_auc  max_residual_nats mean_residual_nats loc_auroc[decouple]  loc_auroc[desync]   loc_auroc[drift]  seeds
------------------------------------------------------------------------------------------------------------------------------------------------------------------------------------------------------------------------------------------
PC Shapley (exact conditionals)  cmapss:FD001     subset-FD001                  0.8804±0.0063      0.6897±0.0255      0.2542±0.0154                  —                  —      0.4846±0.0339      0.6754±0.0384      0.9899±0.0052      3
PC conditional (exact)           cmapss:FD001     subset-FD001                  0.8774±0.0073      0.6844±0.0168      0.2490±0.0147                  —                  —      0.4884±0.0313      0.6851±0.0362      0.9770±0.0097      3
Gaussian conditional (exact)     cmapss:FD001     subset-FD001                  0.8593±0.0080      0.6258±0.0075      0.4576±0.0943                  —                  —      0.4715±0.0378      0.7187±0.0228      0.9442±0.0025      3
PC marginal (exact)              cmapss:FD001     subset-FD001                  0.8576±0.0034      0.6067±0.0150      0.2590±0.0169                  —                  —      0.4797±0.0416      0.5099±0.0318      0.9800±0.0064      3
z-score (per channel)            cmapss:FD001     subset-FD001                  0.8219±0.0085      0.5336±0.0073      0.5096±0.0433                  —                  —      0.4838±0.0409      0.4990±0.0231      0.9249±0.0005      3
PC structural (exact)            cmapss:FD001     subset-FD001                  0.7468±0.0139      0.4938±0.0116      0.7005±0.0153                  —                  —      0.5434±0.0359      0.7561±0.0451      0.8086±0.0283      3
AE reconstruction (per channel)  cmapss:FD001     subset-FD001                  0.7326±0.0119      0.3703±0.0285      0.3081±0.0774                  —                  —      0.4860±0.0037      0.5526±0.0315      0.8244±0.0042      3
AE sampling-SHAP (32/ch)         cmapss:FD001     subset-FD001                  0.6658±0.0137      0.3033±0.0267      0.2857±0.0888                  —                  —      0.4925±0.0109      0.4748±0.0037      0.7468±0.0070      3
Gaussian conditional (exact)     cmapss:FD004     subset-FD004                  0.6266±0.1954      0.3304±0.2843      0.1536±0.1701                  —                  —      0.6292±0.2315      0.6135±0.2080      0.5997±0.1413      3
AE reconstruction (per channel)  cmapss:FD002     subset-FD002                  0.6198±0.1957      0.3121±0.2803      0.4168±0.3541                  —                  —      0.6340±0.2041      0.6135±0.1886      0.6080±0.1779      3
PC conditional (exact)           cmapss:FD004     subset-FD004                  0.6182±0.1922      0.2938±0.2525      0.0733±0.0441                  —                  —      0.5967±0.1507      0.5493±0.1347      0.6375±0.2029      3
AE reconstruction (per channel)  cmapss:FD004     subset-FD004                  0.6124±0.1968      0.3187±0.2843      0.1580±0.1762                  —                  —      0.6070±0.2207      0.5862±0.2047      0.5945±0.1711      3
PC conditional (exact)           cmapss:FD002     subset-FD002                  0.6123±0.2058      0.2920±0.2407      0.0621±0.0236                  —                  —      0.6150±0.1440      0.4465±0.2434      0.6372±0.2099      3
PC structural (exact)            cmapss:FD002     subset-FD002                  0.6049±0.1118      0.2716±0.1272      0.2180±0.2264                  —                  —      0.6492±0.1901      0.7139±0.2582      0.5497±0.1180      3
Gaussian conditional (exact)     cmapss:FD002     subset-FD002                  0.5949±0.1747      0.3087±0.2828      0.1359±0.0722                  —                  —      0.6585±0.1995      0.5967±0.1996      0.5553±0.1208      3
PC Shapley (exact conditionals)  cmapss:FD002     subset-FD002                  0.5853±0.2306      0.2809±0.2375      0.0630±0.0247                  —                  —      0.6174±0.1350      0.3106±0.3390      0.6395±0.2098      3
PC Shapley (exact conditionals)  cmapss:FD004     subset-FD004                  0.5841±0.2228      0.2869±0.2569      0.0734±0.0440                  —                  —      0.6059±0.1408      0.2916±0.3342      0.6384±0.2165      3
PC structural (exact)            cmapss:FD004     subset-FD004                  0.5809±0.1029      0.2441±0.1308      0.1413±0.1430                  —                  —      0.5836±0.1769      0.7870±0.0620      0.5190±0.1452      3
z-score (per channel)            cmapss:FD004     subset-FD004                  0.5735±0.2089      0.2735±0.2342      0.0566±0.0174                  —                  —      0.5297±0.0018      0.1695±0.2518      0.6652±0.2463      3
PC marginal (exact)              cmapss:FD002     subset-FD002                  0.5724±0.2291      0.2767±0.2417      0.1057±0.0878                  —                  —      0.5193±0.0391      0.1907±0.2393      0.6659±0.2520      3
z-score (per channel)            cmapss:FD002     subset-FD002                  0.5702±0.2288      0.2713±0.2459      0.0768±0.0200                  —                  —      0.4776±0.0489      0.1738±0.2547      0.6667±0.2456      3
PC marginal (exact)              cmapss:FD004     subset-FD004                  0.5658±0.1977      0.2664±0.2263      0.1234±0.1245                  —                  —      0.5204±0.0166      0.2064±0.2502      0.6536±0.2443      3
AE sampling-SHAP (32/ch)         cmapss:FD004     subset-FD004                  0.4490±0.0382      0.0960±0.0422      0.1777±0.2049                  —                  —      0.4561±0.0934      0.2906±0.0199      0.4876±0.0361      3
AE sampling-SHAP (32/ch)         cmapss:FD002     subset-FD002                  0.4444±0.0077      0.1056±0.0089      0.1935±0.1940                  —                  —      0.3623±0.1186      0.2381±0.1106      0.4936±0.0237      3
PC chain-rule completeness       cmapss:FD004     subset-FD004                              —                  —                  —   2.566e+12±2e+12    2.400e+11±2e+11                   —                  —                  —      3
PC chain-rule completeness       cmapss:FD002     subset-FD002                              —                  —                  —   1.466e+12±2e+12    1.208e+11±2e+11                   —                  —                  —      3
PC chain-rule completeness       cmapss:FD001     subset-FD001                              —                  —                  —   1.068e-04±1e-04    5.682e-06±3e-06                   —                  —                  —      3

wrote logs/ts/cmapss_explain/summary.csv, summary.json, summary.md

