==============================================================================
 experiment: cmapss_explain   (config/ts/cmapss_explain.yaml)
 Exact attribution vs Gaussian conditional / AE reconstruction / sampling-SHAP
 output:     logs/ts/cmapss_explain
==============================================================================

3 variant(s) × 3 seed(s) = 9 run(s)

  subset-FD001                           dataset=cmapss:FD001     stages=explain
  subset-FD002                           dataset=cmapss:FD002     stages=explain
  subset-FD004                           dataset=cmapss:FD004     stages=explain

  [skip] subset-FD001 seed 0 (done in 37.25s)
  [skip] subset-FD001 seed 1 (done in 35.01s)
  [skip] subset-FD001 seed 2 (done in 33.84s)
  [skip] subset-FD002 seed 0 (done in 60.27s)
  [skip] subset-FD002 seed 1 (done in 60.23s)
  [skip] subset-FD002 seed 2 (done in 60.38s)
  [skip] subset-FD004 seed 0 (done in 68.08s)
  [skip] subset-FD004 seed 1 (done in 68.12s)
  [skip] subset-FD004 seed 2 (done in 68.36s)

==============================================================================
 batch finished in 0.0 min — 0 ok, 9 skipped, 0 failed
==============================================================================

=== explain (mean ± sd over seeds) ===

method                           dataset          variant                           loc_auroc          prec_at_k       deletion_auc  max_residual_nats mean_residual_nats loc_auroc[decouple]  loc_auroc[desync]   loc_auroc[drift]  seeds
------------------------------------------------------------------------------------------------------------------------------------------------------------------------------------------------------------------------------------------
PC Shapley (exact conditionals)  cmapss:FD001     subset-FD001                  0.8806±0.0069      0.6889±0.0292      0.2505±0.0089                  —                  —      0.4845±0.0387      0.6761±0.0417      0.9899±0.0058      3
PC conditional (exact)           cmapss:FD001     subset-FD001                  0.8775±0.0082      0.6833±0.0197      0.2462±0.0100                  —                  —      0.4877±0.0367      0.6853±0.0403      0.9769±0.0109      3
Gaussian conditional (exact)     cmapss:FD001     subset-FD001                  0.8593±0.0090      0.6258±0.0084      0.4603±0.1095                  —                  —      0.4715±0.0423      0.7187±0.0254      0.9442±0.0028      3
PC marginal (exact)              cmapss:FD001     subset-FD001                  0.8576±0.0038      0.6059±0.0167      0.2556±0.0115                  —                  —      0.4789±0.0472      0.5099±0.0357      0.9800±0.0072      3
z-score (per channel)            cmapss:FD001     subset-FD001                  0.8219±0.0095      0.5336±0.0081      0.5119±0.0520                  —                  —      0.4838±0.0457      0.4990±0.0258      0.9249±0.0006      3
PC structural (exact)            cmapss:FD001     subset-FD001                  0.7469±0.0158      0.4915±0.0140      0.6970±0.0099                  —                  —      0.5488±0.0463      0.7578±0.0513      0.8049±0.0357      3
AE reconstruction (per channel)  cmapss:FD001     subset-FD001                  0.7332±0.0130      0.3698±0.0334      0.3194±0.0814                  —                  —      0.4867±0.0040      0.5517±0.0361      0.8260±0.0038      3
AE sampling-SHAP (32/ch)         cmapss:FD001     subset-FD001                  0.6668±0.0147      0.3043±0.0292      0.2856±0.1051                  —                  —      0.4929±0.0106      0.4753±0.0047      0.7486±0.0080      3
Gaussian conditional (exact)     cmapss:FD004     subset-FD004                  0.6266±0.2185      0.3304±0.3178      0.1692±0.2143                  —                  —      0.6292±0.2588      0.6135±0.2325      0.5997±0.1580      3
AE reconstruction (per channel)  cmapss:FD002     subset-FD002                  0.6201±0.2188      0.3130±0.3137      0.4384±0.4094                  —                  —      0.6333±0.2293      0.6137±0.2103      0.6091±0.1997      3
PC conditional (exact)           cmapss:FD002     subset-FD002                  0.6198±0.2309      0.3002±0.2632      0.0678±0.0343                  —                  —      0.6053±0.1008      0.4344±0.2277      0.6539±0.2581      3
PC conditional (exact)           cmapss:FD004     subset-FD004                  0.6140±0.2085      0.2846±0.2684      0.0781±0.0565                  —                  —      0.5744±0.1301      0.5239±0.1031      0.6444±0.2375      3
AE reconstruction (per channel)  cmapss:FD004     subset-FD004                  0.6124±0.2199      0.3190±0.3182      0.1711±0.2177                  —                  —      0.6074±0.2473      0.5864±0.2290      0.5933±0.1892      3
Gaussian conditional (exact)     cmapss:FD002     subset-FD002                  0.5949±0.1954      0.3087±0.3162      0.1382±0.0843                  —                  —      0.6585±0.2230      0.5967±0.2231      0.5553±0.1350      3
PC structural (exact)            cmapss:FD002     subset-FD002                  0.5948±0.0145      0.2779±0.0536      0.3215±0.3086                  —                  —      0.6860±0.1741      0.7863±0.1213      0.5032±0.0197      3
PC Shapley (exact conditionals)  cmapss:FD002     subset-FD002                  0.5927±0.2592      0.2844±0.2521      0.0682±0.0350                  —                  —      0.6096±0.0946      0.2975±0.3440      0.6560±0.2563      3
PC Shapley (exact conditionals)  cmapss:FD004     subset-FD004                  0.5806±0.2474      0.2790±0.2726      0.0777±0.0559                  —                  —      0.5929±0.1277      0.2602±0.3475      0.6437±0.2531      3
z-score (per channel)            cmapss:FD004     subset-FD004                  0.5735±0.2335      0.2735±0.2619      0.0580±0.0217                  —                  —      0.5297±0.0020      0.1695±0.2815      0.6652±0.2754      3
PC marginal (exact)              cmapss:FD002     subset-FD002                  0.5722±0.2551      0.2803±0.2611      0.1096±0.1056                  —                  —      0.5214±0.0485      0.1945±0.2730      0.6641±0.2792      3
z-score (per channel)            cmapss:FD002     subset-FD002                  0.5702±0.2558      0.2713±0.2749      0.0777±0.0219                  —                  —      0.4776±0.0546      0.1738±0.2848      0.6667±0.2746      3
PC marginal (exact)              cmapss:FD004     subset-FD004                  0.5640±0.2188      0.2654±0.2518      0.1394±0.1628                  —                  —      0.5204±0.0199      0.2053±0.2782      0.6492±0.2685      3
PC structural (exact)            cmapss:FD004     subset-FD004                  0.5367±0.0135      0.2165±0.0872      0.1973±0.2041                  —                  —      0.5636±0.1653      0.7637±0.0872      0.4452±0.1307      3
AE sampling-SHAP (32/ch)         cmapss:FD004     subset-FD004                  0.4493±0.0435      0.0957±0.0466      0.1790±0.2313                  —                  —      0.4616±0.1072      0.2872±0.0250      0.4888±0.0437      3
AE sampling-SHAP (32/ch)         cmapss:FD002     subset-FD002                  0.4412±0.0066      0.1054±0.0097      0.2001±0.2260                  —                  —      0.3600±0.1297      0.2392±0.1246      0.4913±0.0280      3
PC chain-rule completeness       cmapss:FD004     subset-FD004                              —                  —                  —   2.932e+12±3e+12    3.107e+11±3e+11                   —                  —                  —      3
PC chain-rule completeness       cmapss:FD002     subset-FD002                              —                  —                  —   1.466e+12±3e+12    1.335e+11±2e+11                   —                  —                  —      3
PC chain-rule completeness       cmapss:FD001     subset-FD001                              —                  —                  —   1.119e-04±1e-04    6.557e-06±4e-06                   —                  —                  —      3

wrote logs/ts/cmapss_explain/summary.csv, summary.json, summary.md

