==============================================================================
 experiment: cmapss_ad   (config/ts/cmapss_ad.yaml)
 Detection on real NASA C-MAPSS, FD001-FD004: circuit vs the full baseline
 output:     logs/ts/cmapss_ad
==============================================================================

4 variant(s) × 3 seed(s) = 12 run(s)

  subset-FD001                           dataset=cmapss:FD001     stages=ad
  subset-FD002                           dataset=cmapss:FD002     stages=ad
  subset-FD003                           dataset=cmapss:FD003     stages=ad
  subset-FD004                           dataset=cmapss:FD004     stages=ad


>>> [1/12] subset-FD001 · seed 0 · logs/ts/cmapss_ad/subset-FD001/seed0
[16:33:17] === run start · seed0 · seed 0 · hash 50df6f8d714d ===
[16:33:17] stages ['ad'] · device cpu · dataset cmapss:FD001
[16:33:17] --- stage: ad ---
[16:33:17]   data: FleetPair(cmapss:FD001: train=100 units, test=100 units, C=15, regimes=1, cap=125)  (0.6s)
[16:33:17]   task: {'kind': 'ad', 'n_train': 5290, 'n_test': 4608, 'd': 300, 'window': 20, 'n_channels': 15, 'anomaly_rate': 0.1317274272441864, 'kind_counts': {'normal': 4001, 'spike': 130, 'offset': 113, 'drift': 102, 'desync': 111, 'decouple': 105, 'organic': 46}, 'train_units': 100, 'test_units': 100, 'n_regimes': 1, 'seed': 0, 'per_regime_norm': False, 'official_test_fleet': True, 'dataset': 'cmapss:FD001', 'cap': 125.0, 'subset': 'FD001', 'dropped_constant_sensors': 6, 'source': 'NASA C-MAPSS (real)', 'source_name': 'cmapss', 'source_kind': 'fleet'}
[16:33:17]   caveat: Ships no anomaly annotations: detection anomalies are injected.
    [pc] epoch   0  nll 31295.146
    [pc] epoch   6  nll  177.989
    [pc] epoch  12  nll  172.796
    [pc] epoch  18  nll  179.574
    [pc] epoch  24  nll  173.061
    [pc] epoch  30  nll  174.204
    [pc] epoch  36  nll  179.163
    [pc] epoch  42  nll  174.943
    [pc] epoch  48  nll  176.386
[16:33:35]   pc_train_nll: first=31295.1461 last=175.2704 (50 epochs)
[16:33:35]   pc: fit 18.1s · 15,360 params · score sd 60.398 · device cpu · layered · 14,640 win/s
[16:33:47]   typed decomposition (mean worst-channel surprise):
[16:33:47]        normal  n= 4001  marginal    27.20  conditional    27.08  structural    17.75
[16:33:47]      decouple  n=  105  marginal    28.38  conditional    28.27  structural    17.71
[16:33:47]        desync  n=  111  marginal    27.51  conditional    27.90  structural    15.92
[16:33:47]         drift  n=  102  marginal 146987.02  conditional 147032.73  structural    53.81
[16:33:47]        offset  n=  113  marginal 65090.30  conditional 65117.95  structural    36.39
[16:33:47]       organic  n=   46  marginal   112.18  conditional   111.72  structural    24.00
[16:33:47]         spike  n=  130  marginal  9085.72  conditional  9090.13  structural    19.16
[16:33:47] --- stage ad done in 30.2s ---
[16:33:47] === run ok · 30.2s · peak RSS 0.933 GB ===

>>> [2/12] subset-FD001 · seed 1 · logs/ts/cmapss_ad/subset-FD001/seed1 · mean 0.5 min/run · ETA 6 min for the remaining 11
[16:33:47] === run start · seed1 · seed 1 · hash 50df6f8d714d ===
[16:33:47] stages ['ad'] · device cpu · dataset cmapss:FD001
[16:33:47] --- stage: ad ---
[16:33:47]   data: FleetPair(cmapss:FD001: train=100 units, test=100 units, C=15, regimes=1, cap=125)  (0.1s)
[16:33:47]   task: {'kind': 'ad', 'n_train': 5290, 'n_test': 4608, 'd': 300, 'window': 20, 'n_channels': 15, 'anomaly_rate': 0.1228298619389534, 'kind_counts': {'normal': 4042, 'desync': 102, 'drift': 102, 'offset': 103, 'decouple': 102, 'spike': 111, 'organic': 46}, 'train_units': 100, 'test_units': 100, 'n_regimes': 1, 'seed': 1, 'per_regime_norm': False, 'official_test_fleet': True, 'dataset': 'cmapss:FD001', 'cap': 125.0, 'subset': 'FD001', 'dropped_constant_sensors': 6, 'source': 'NASA C-MAPSS (real)', 'source_name': 'cmapss', 'source_kind': 'fleet'}
[16:33:47]   caveat: Ships no anomaly annotations: detection anomalies are injected.
    [pc] epoch   0  nll 31506.744
    [pc] epoch   6  nll  177.265
    [pc] epoch  12  nll  171.489
    [pc] epoch  18  nll  173.548
    [pc] epoch  24  nll  184.908
    [pc] epoch  30  nll  174.433
    [pc] epoch  36  nll  171.641
    [pc] epoch  42  nll  176.524
    [pc] epoch  48  nll  172.258
[16:34:03]   pc_train_nll: first=31506.7442 last=174.9106 (50 epochs)
[16:34:03]   pc: fit 16.3s · 15,360 params · score sd 58.863 · device cpu · layered · 16,264 win/s
[16:34:12]   typed decomposition (mean worst-channel surprise):
[16:34:12]        normal  n= 4042  marginal    26.82  conditional    26.72  structural    17.04
[16:34:12]      decouple  n=  102  marginal    26.77  conditional    26.63  structural    11.51
[16:34:12]        desync  n=  102  marginal    28.35  conditional    28.68  structural    13.14
[16:34:12]         drift  n=  102  marginal 159540.77  conditional 159575.02  structural    40.15
[16:34:12]        offset  n=  103  marginal 48840.56  conditional 48862.26  structural    33.04
[16:34:12]       organic  n=   46  marginal   116.72  conditional   116.32  structural    28.71
[16:34:12]         spike  n=  111  marginal 14104.70  conditional 14110.10  structural    22.40
[16:34:12] --- stage ad done in 25.7s ---
[16:34:12] === run ok · 25.7s · peak RSS 0.939 GB ===

>>> [3/12] subset-FD001 · seed 2 · logs/ts/cmapss_ad/subset-FD001/seed2 · mean 0.5 min/run · ETA 5 min for the remaining 10
[16:34:12] === run start · seed2 · seed 2 · hash 50df6f8d714d ===
[16:34:12] stages ['ad'] · device cpu · dataset cmapss:FD001
[16:34:12] --- stage: ad ---
[16:34:12]   data: FleetPair(cmapss:FD001: train=100 units, test=100 units, C=15, regimes=1, cap=125)  (0.1s)
[16:34:12]   task: {'kind': 'ad', 'n_train': 5290, 'n_test': 4608, 'd': 300, 'window': 20, 'n_channels': 15, 'anomaly_rate': 0.1265190988779068, 'kind_counts': {'normal': 4025, 'offset': 105, 'drift': 102, 'spike': 111, 'decouple': 94, 'desync': 125, 'organic': 46}, 'train_units': 100, 'test_units': 100, 'n_regimes': 1, 'seed': 2, 'per_regime_norm': False, 'official_test_fleet': True, 'dataset': 'cmapss:FD001', 'cap': 125.0, 'subset': 'FD001', 'dropped_constant_sensors': 6, 'source': 'NASA C-MAPSS (real)', 'source_name': 'cmapss', 'source_kind': 'fleet'}
[16:34:12]   caveat: Ships no anomaly annotations: detection anomalies are injected.
    [pc] epoch   0  nll 31630.877
    [pc] epoch   6  nll  178.735
    [pc] epoch  12  nll  175.637
    [pc] epoch  18  nll  179.526
    [pc] epoch  24  nll  175.919
    [pc] epoch  30  nll  178.725
    [pc] epoch  36  nll  173.472
    [pc] epoch  42  nll  177.349
    [pc] epoch  48  nll  173.480
[16:34:31]   pc_train_nll: first=31630.8774 last=177.6010 (50 epochs)
[16:34:31]   pc: fit 18.2s · 15,360 params · score sd 58.596 · device cpu · layered · 14,554 win/s
[16:34:41]   typed decomposition (mean worst-channel surprise):
[16:34:41]        normal  n= 4025  marginal    26.96  conditional    26.90  structural    18.77
[16:34:41]      decouple  n=   94  marginal    27.32  conditional    27.21  structural    20.45
[16:34:41]        desync  n=  125  marginal    27.61  conditional    27.75  structural    13.17
[16:34:41]         drift  n=  102  marginal 155240.23  conditional 155273.02  structural    42.41
[16:34:41]        offset  n=  105  marginal 95012.34  conditional 95049.77  structural    44.88
[16:34:41]       organic  n=   46  marginal   109.03  conditional   108.55  structural    12.60
[16:34:41]         spike  n=  111  marginal 11960.49  conditional 11964.87  structural    19.43
[16:34:42] --- stage ad done in 29.1s ---
[16:34:42] === run ok · 29.1s · peak RSS 0.944 GB ===

>>> [4/12] subset-FD002 · seed 0 · logs/ts/cmapss_ad/subset-FD002/seed0 · mean 0.5 min/run · ETA 4 min for the remaining 9
[16:34:42] === run start · seed0 · seed 0 · hash dc6aa1824dd3 ===
[16:34:42] stages ['ad'] · device cpu · dataset cmapss:FD002
[16:34:42] --- stage: ad ---
[16:34:42]   data: FleetPair(cmapss:FD002: train=260 units, test=259 units, C=21, regimes=6, cap=125)  (0.3s)
[16:34:42]   task: {'kind': 'ad', 'n_train': 13817, 'n_test': 11812, 'd': 420, 'window': 20, 'n_channels': 21, 'anomaly_rate': 0.13782593607902527, 'kind_counts': {'normal': 10184, 'spike': 324, 'offset': 290, 'drift': 282, 'desync': 258, 'organic': 201, 'decouple': 273}, 'train_units': 260, 'test_units': 259, 'n_regimes': 6, 'seed': 0, 'per_regime_norm': True, 'official_test_fleet': True, 'dataset': 'cmapss:FD002', 'cap': 125.0, 'subset': 'FD002', 'dropped_constant_sensors': 0, 'source': 'NASA C-MAPSS (real)', 'source_name': 'cmapss', 'source_kind': 'fleet'}
[16:34:42]   caveat: Ships no anomaly annotations: detection anomalies are injected.
    [pc] epoch   0  nll 12819.941
    [pc] epoch   6  nll -122.666
    [pc] epoch  12  nll  -97.205
    [pc] epoch  18  nll  -83.316
    [pc] epoch  24  nll  -56.071
    fit chain K=8: 29/50 (58%) · 0.94 it/s · elapsed 00:30 · ETA 00:22
    [pc] epoch  30  nll  -72.920
    [pc] epoch  36  nll  -78.875
    [pc] epoch  42  nll  -68.612
    [pc] epoch  48  nll  -79.627
    fit chain K=8: done 50/50 in 00:53
[16:35:36]   pc_train_nll: first=12819.9415 last=-78.5245 (50 epochs)
[16:35:36]   pc: fit 54.5s · 17,280 params · score sd 81.487 · device cpu · layered · 12,670 win/s
[16:36:20]   typed decomposition (mean worst-channel surprise):
[16:36:20]        normal  n=10184  marginal    31.30  conditional    45.22  structural    33.31
[16:36:20]      decouple  n=  273  marginal    31.07  conditional  1959.54  structural  1960.84
[16:36:20]        desync  n=  258  marginal    31.86  conditional  2654.07  structural  2664.61
[16:36:20]         drift  n=  282  marginal 41617.17  conditional 208194.39  structural 167484.30
[16:36:20]        offset  n=  290  marginal 103996.48  conditional 232568.33  structural 130917.88
[16:36:20]       organic  n=  201  marginal   163.03  conditional   172.09  structural    60.04
[16:36:20]         spike  n=  324  marginal 14756.47  conditional 19268.16  structural  4555.44
[16:36:20] --- stage ad done in 98.5s ---
[16:36:20] === run ok · 98.5s · peak RSS 1.183 GB ===

>>> [5/12] subset-FD002 · seed 1 · logs/ts/cmapss_ad/subset-FD002/seed1 · mean 0.8 min/run · ETA 6 min for the remaining 8
[16:36:20] === run start · seed1 · seed 1 · hash dc6aa1824dd3 ===
[16:36:20] stages ['ad'] · device cpu · dataset cmapss:FD002
[16:36:20] --- stage: ad ---
[16:36:20]   data: FleetPair(cmapss:FD002: train=260 units, test=259 units, C=21, regimes=6, cap=125)  (0.3s)
[16:36:20]   task: {'kind': 'ad', 'n_train': 13817, 'n_test': 11812, 'd': 420, 'window': 20, 'n_channels': 21, 'anomaly_rate': 0.13460887968540192, 'kind_counts': {'normal': 10222, 'desync': 299, 'drift': 293, 'offset': 273, 'decouple': 266, 'spike': 258, 'organic': 201}, 'train_units': 260, 'test_units': 259, 'n_regimes': 6, 'seed': 1, 'per_regime_norm': True, 'official_test_fleet': True, 'dataset': 'cmapss:FD002', 'cap': 125.0, 'subset': 'FD002', 'dropped_constant_sensors': 0, 'source': 'NASA C-MAPSS (real)', 'source_name': 'cmapss', 'source_kind': 'fleet'}
[16:36:20]   caveat: Ships no anomaly annotations: detection anomalies are injected.
    [pc] epoch   0  nll 14617.101
    [pc] epoch   6  nll  -92.921
    [pc] epoch  12  nll  -86.299
    [pc] epoch  18  nll  -99.134
    [pc] epoch  24  nll  -93.653
    [pc] epoch  30  nll  -79.440
    fit chain K=8: 31/50 (62%) · 1.02 it/s · elapsed 00:30 · ETA 00:18
    [pc] epoch  36  nll  -72.113
    [pc] epoch  42  nll  -74.693
    [pc] epoch  48  nll  -73.675
    fit chain K=8: done 50/50 in 00:49
[16:37:11]   pc_train_nll: first=14617.1011 last=-77.0901 (50 epochs)
[16:37:11]   pc: fit 51.0s · 17,280 params · score sd 57.084 · device cpu · layered · 13,553 win/s
[16:37:54]   typed decomposition (mean worst-channel surprise):
[16:37:54]        normal  n=10222  marginal    31.42  conditional    33.92  structural    11.94
[16:37:54]      decouple  n=  266  marginal    31.89  conditional  2566.25  structural  2563.47
[16:37:54]        desync  n=  299  marginal    32.18  conditional  3702.05  structural  3706.56
[16:37:54]         drift  n=  293  marginal 32403.47  conditional 200606.77  structural 169447.77
[16:37:54]        offset  n=  273  marginal 71607.91  conditional 164109.56  structural 93599.24
[16:37:54]       organic  n=  201  marginal   158.53  conditional   168.48  structural    43.93
[16:37:54]         spike  n=  258  marginal 14360.85  conditional 16631.96  structural  2309.73
[16:37:54] --- stage ad done in 94.4s ---
[16:37:54] === run ok · 94.4s · peak RSS 1.185 GB ===

>>> [6/12] subset-FD002 · seed 2 · logs/ts/cmapss_ad/subset-FD002/seed2 · mean 0.9 min/run · ETA 6 min for the remaining 7
[16:37:54] === run start · seed2 · seed 2 · hash dc6aa1824dd3 ===
[16:37:54] stages ['ad'] · device cpu · dataset cmapss:FD002
[16:37:54] --- stage: ad ---
[16:37:55]   data: FleetPair(cmapss:FD002: train=260 units, test=259 units, C=21, regimes=6, cap=125)  (0.3s)
[16:37:55]   task: {'kind': 'ad', 'n_train': 13817, 'n_test': 11812, 'd': 420, 'window': 20, 'n_channels': 21, 'anomaly_rate': 0.1360480934381485, 'kind_counts': {'normal': 10205, 'offset': 283, 'drift': 282, 'spike': 288, 'decouple': 271, 'desync': 282, 'organic': 201}, 'train_units': 260, 'test_units': 259, 'n_regimes': 6, 'seed': 2, 'per_regime_norm': True, 'official_test_fleet': True, 'dataset': 'cmapss:FD002', 'cap': 125.0, 'subset': 'FD002', 'dropped_constant_sensors': 0, 'source': 'NASA C-MAPSS (real)', 'source_name': 'cmapss', 'source_kind': 'fleet'}
[16:37:55]   caveat: Ships no anomaly annotations: detection anomalies are injected.
    [pc] epoch   0  nll 12857.397
    [pc] epoch   6  nll  -87.114
    [pc] epoch  12  nll -106.823
    [pc] epoch  18  nll  -90.778
    [pc] epoch  24  nll  -92.873
    fit chain K=8: 30/50 (60%) · 0.97 it/s · elapsed 00:31 · ETA 00:20
    [pc] epoch  30  nll  -93.127
    [pc] epoch  36  nll  -90.472
    [pc] epoch  42  nll  -90.099
    [pc] epoch  48  nll  -91.643
    fit chain K=8: done 50/50 in 00:52
[16:38:48]   pc_train_nll: first=12857.3971 last=-91.0018 (50 epochs)
[16:38:48]   pc: fit 53.4s · 17,280 params · score sd 57.072 · device cpu · layered · 12,931 win/s
[16:39:29]   typed decomposition (mean worst-channel surprise):
[16:39:29]        normal  n=10205  marginal    31.49  conditional    34.22  structural     8.55
[16:39:29]      decouple  n=  271  marginal    32.00  conditional  2057.53  structural  2051.65
[16:39:29]        desync  n=  282  marginal    32.50  conditional  3413.16  structural  3416.93
[16:39:29]         drift  n=  282  marginal 35636.33  conditional 217094.75  structural 184492.03
[16:39:29]        offset  n=  283  marginal 81800.00  conditional 206660.14  structural 127166.20
[16:39:29]       organic  n=  201  marginal   164.13  conditional   171.72  structural    35.56
[16:39:29]         spike  n=  288  marginal 17344.87  conditional 25293.06  structural  8036.42
[16:39:30] --- stage ad done in 95.1s ---
[16:39:30] === run ok · 95.1s · peak RSS 1.19 GB ===

>>> [7/12] subset-FD003 · seed 0 · logs/ts/cmapss_ad/subset-FD003/seed0 · mean 1.0 min/run · ETA 6 min for the remaining 6
[16:39:30] === run start · seed0 · seed 0 · hash 6434c00aa1c5 ===
[16:39:30] stages ['ad'] · device cpu · dataset cmapss:FD003
[16:39:30] --- stage: ad ---
[16:39:30]   data: FleetPair(cmapss:FD003: train=100 units, test=100 units, C=16, regimes=1, cap=125)  (0.2s)
[16:39:30]   task: {'kind': 'ad', 'n_train': 7333, 'n_test': 6353, 'd': 320, 'window': 20, 'n_channels': 16, 'anomaly_rate': 0.12970250844955444, 'kind_counts': {'normal': 5529, 'spike': 169, 'offset': 161, 'drift': 158, 'desync': 138, 'decouple': 150, 'organic': 48}, 'train_units': 100, 'test_units': 100, 'n_regimes': 1, 'seed': 0, 'per_regime_norm': False, 'official_test_fleet': True, 'dataset': 'cmapss:FD003', 'cap': 125.0, 'subset': 'FD003', 'dropped_constant_sensors': 5, 'source': 'NASA C-MAPSS (real)', 'source_name': 'cmapss', 'source_kind': 'fleet'}
[16:39:30]   caveat: Ships no anomaly annotations: detection anomalies are injected.
    [pc] epoch   0  nll 31463.849
    [pc] epoch   6  nll  226.936
    [pc] epoch  12  nll  210.043
    [pc] epoch  18  nll  206.910
    [pc] epoch  24  nll  210.794
    [pc] epoch  30  nll  210.384
    [pc] epoch  36  nll  209.172
    [pc] epoch  42  nll  209.142
    [pc] epoch  48  nll  206.746
[16:39:55]   pc_train_nll: first=31463.8492 last=212.0434 (50 epochs)
[16:39:55]   pc: fit 25.4s · 15,680 params · score sd 89.635 · device cpu · layered · 14,427 win/s
[16:40:11]   typed decomposition (mean worst-channel surprise):
[16:40:11]        normal  n= 5529  marginal    36.66  conditional    44.21  structural    25.85
[16:40:11]      decouple  n=  150  marginal    43.09  conditional    53.29  structural    32.61
[16:40:11]        desync  n=  138  marginal    40.19  conditional    48.15  structural    23.67
[16:40:11]         drift  n=  158  marginal 12859.43  conditional 13006.40  structural   166.39
[16:40:11]        offset  n=  161  marginal 14416.53  conditional 15260.20  structural   864.35
[16:40:11]       organic  n=   48  marginal   194.50  conditional   195.43  structural    83.82
[16:40:11]         spike  n=  169  marginal   232.01  conditional   247.90  structural    42.34
[16:40:11] --- stage ad done in 41.8s ---
[16:40:11] === run ok · 41.9s · peak RSS 1.19 GB ===

>>> [8/12] subset-FD003 · seed 1 · logs/ts/cmapss_ad/subset-FD003/seed1 · mean 1.0 min/run · ETA 5 min for the remaining 5
[16:40:11] === run start · seed1 · seed 1 · hash 6434c00aa1c5 ===
[16:40:11] stages ['ad'] · device cpu · dataset cmapss:FD003
[16:40:11] --- stage: ad ---
[16:40:11]   data: FleetPair(cmapss:FD003: train=100 units, test=100 units, C=16, regimes=1, cap=125)  (0.1s)
[16:40:11]   task: {'kind': 'ad', 'n_train': 7333, 'n_test': 6353, 'd': 320, 'window': 20, 'n_channels': 16, 'anomaly_rate': 0.1246655136346817, 'kind_counts': {'normal': 5561, 'desync': 147, 'drift': 146, 'offset': 161, 'decouple': 154, 'spike': 136, 'organic': 48}, 'train_units': 100, 'test_units': 100, 'n_regimes': 1, 'seed': 1, 'per_regime_norm': False, 'official_test_fleet': True, 'dataset': 'cmapss:FD003', 'cap': 125.0, 'subset': 'FD003', 'dropped_constant_sensors': 5, 'source': 'NASA C-MAPSS (real)', 'source_name': 'cmapss', 'source_kind': 'fleet'}
[16:40:11]   caveat: Ships no anomaly annotations: detection anomalies are injected.
    [pc] epoch   0  nll 31416.862
    [pc] epoch   6  nll  224.930
    [pc] epoch  12  nll  210.048
    [pc] epoch  18  nll  210.051
    [pc] epoch  24  nll  210.086
    [pc] epoch  30  nll  211.937
    [pc] epoch  36  nll  210.926
    [pc] epoch  42  nll  207.343
    [pc] epoch  48  nll  209.778
[16:40:37]   pc_train_nll: first=31416.8619 last=213.8126 (50 epochs)
[16:40:37]   pc: fit 25.3s · 15,680 params · score sd 91.483 · device cpu · layered · 14,516 win/s
[16:40:56]   typed decomposition (mean worst-channel surprise):
[16:40:56]        normal  n= 5561  marginal    35.85  conditional    42.68  structural    23.31
[16:40:56]      decouple  n=  154  marginal    40.03  conditional    49.02  structural    25.30
[16:40:56]        desync  n=  147  marginal    37.89  conditional    44.51  structural    13.83
[16:40:56]         drift  n=  146  marginal 13183.56  conditional 13340.43  structural   171.36
[16:40:56]        offset  n=  161  marginal 13899.49  conditional 16002.64  structural  2120.73
[16:40:56]       organic  n=   48  marginal   175.64  conditional   172.34  structural    64.64
[16:40:56]         spike  n=  136  marginal   423.62  conditional   441.00  structural    31.68
[16:40:56] --- stage ad done in 45.1s ---
[16:40:56] === run ok · 45.1s · peak RSS 1.19 GB ===

>>> [9/12] subset-FD003 · seed 2 · logs/ts/cmapss_ad/subset-FD003/seed2 · mean 1.0 min/run · ETA 4 min for the remaining 4
[16:40:57] === run start · seed2 · seed 2 · hash 6434c00aa1c5 ===
[16:40:57] stages ['ad'] · device cpu · dataset cmapss:FD003
[16:40:57] --- stage: ad ---
[16:40:57]   data: FleetPair(cmapss:FD003: train=100 units, test=100 units, C=16, regimes=1, cap=125)  (0.1s)
[16:40:57]   task: {'kind': 'ad', 'n_train': 7333, 'n_test': 6353, 'd': 320, 'window': 20, 'n_channels': 16, 'anomaly_rate': 0.12639698386192322, 'kind_counts': {'normal': 5550, 'offset': 137, 'drift': 155, 'spike': 162, 'decouple': 123, 'desync': 178, 'organic': 48}, 'train_units': 100, 'test_units': 100, 'n_regimes': 1, 'seed': 2, 'per_regime_norm': False, 'official_test_fleet': True, 'dataset': 'cmapss:FD003', 'cap': 125.0, 'subset': 'FD003', 'dropped_constant_sensors': 5, 'source': 'NASA C-MAPSS (real)', 'source_name': 'cmapss', 'source_kind': 'fleet'}
[16:40:57]   caveat: Ships no anomaly annotations: detection anomalies are injected.
    [pc] epoch   0  nll 30151.307
    [pc] epoch   6  nll  208.657
    [pc] epoch  12  nll  193.169
    [pc] epoch  18  nll  193.734
    [pc] epoch  24  nll  189.336
    [pc] epoch  30  nll  190.874
    [pc] epoch  36  nll  200.003
    [pc] epoch  42  nll  196.139
    [pc] epoch  48  nll  197.871
[16:41:21]   pc_train_nll: first=30151.3072 last=205.5083 (50 epochs)
[16:41:21]   pc: fit 24.6s · 15,680 params · score sd 89.129 · device cpu · layered · 14,917 win/s
[16:41:39]   typed decomposition (mean worst-channel surprise):
[16:41:39]        normal  n= 5550  marginal    35.72  conditional    42.37  structural    25.96
[16:41:39]      decouple  n=  123  marginal    37.25  conditional    47.17  structural    26.75
[16:41:39]        desync  n=  178  marginal    35.64  conditional    40.84  structural    16.53
[16:41:39]         drift  n=  155  marginal 13489.38  conditional 13651.95  structural   182.12
[16:41:39]        offset  n=  137  marginal  9114.63  conditional 10811.02  structural  1710.40
[16:41:39]       organic  n=   48  marginal   203.39  conditional   167.22  structural    46.28
[16:41:39]         spike  n=  162  marginal   176.41  conditional   224.29  structural    67.17
[16:41:39] --- stage ad done in 42.7s ---
[16:41:39] === run ok · 42.7s · peak RSS 1.19 GB ===

>>> [10/12] subset-FD004 · seed 0 · logs/ts/cmapss_ad/subset-FD004/seed0 · mean 0.9 min/run · ETA 3 min for the remaining 3
[16:41:39] === run start · seed0 · seed 0 · hash f66b2308077a ===
[16:41:39] stages ['ad'] · device cpu · dataset cmapss:FD004
[16:41:39] --- stage: ad ---
[16:41:40]   data: FleetPair(cmapss:FD004: train=249 units, test=248 units, C=21, regimes=6, cap=125)  (0.3s)
[16:41:40]   task: {'kind': 'ad', 'n_train': 18107, 'n_test': 12000, 'd': 420, 'window': 20, 'n_channels': 21, 'anomaly_rate': 0.12999999523162842, 'kind_counts': {'normal': 10440, 'offset': 290, 'spike': 320, 'drift': 288, 'desync': 253, 'decouple': 293, 'organic': 116}, 'train_units': 249, 'test_units': 248, 'n_regimes': 6, 'seed': 0, 'per_regime_norm': True, 'official_test_fleet': True, 'dataset': 'cmapss:FD004', 'cap': 125.0, 'subset': 'FD004', 'dropped_constant_sensors': 0, 'source': 'NASA C-MAPSS (real)', 'source_name': 'cmapss', 'source_kind': 'fleet'}
[16:41:40]   caveat: Ships no anomaly annotations: detection anomalies are injected.
    [pc] epoch   0  nll 18423.016
    [pc] epoch   6  nll   -1.529
    [pc] epoch  12  nll    8.933
    [pc] epoch  18  nll   40.882
    fit chain K=8: 23/50 (46%) · 0.73 it/s · elapsed 00:31 · ETA 00:36
    [pc] epoch  24  nll   69.824
    [pc] epoch  30  nll   68.556
    [pc] epoch  36  nll   69.799
    [pc] epoch  42  nll   67.660
    fit chain K=8: 44/50 (88%) · 0.71 it/s · elapsed 01:02 · ETA 00:08
    [pc] epoch  48  nll   67.892
    fit chain K=8: done 50/50 in 01:09
[16:42:51]   pc_train_nll: first=18423.0164 last=68.7364 (50 epochs)
[16:42:51]   pc: fit 71.4s · 17,280 params · score sd 78.841 · device cpu · layered · 12,675 win/s
[16:44:03]   typed decomposition (mean worst-channel surprise):
[16:44:03]        normal  n=10440  marginal    38.04  conditional    39.10  structural     5.45
[16:44:03]      decouple  n=  293  marginal    35.45  conditional    68.83  structural    43.24
[16:44:03]        desync  n=  253  marginal    35.24  conditional    96.18  structural    72.73
[16:44:03]         drift  n=  288  marginal 23778.17  conditional 40283.45  structural 16940.38
[16:44:03]        offset  n=  290  marginal 23004.20  conditional 37560.60  structural 14906.00
[16:44:03]       organic  n=  116  marginal   126.47  conditional   138.62  structural    53.07
[16:44:03]         spike  n=  320  marginal  3221.00  conditional  4083.79  structural   875.18
[16:44:03] --- stage ad done in 144.0s ---
[16:44:03] === run ok · 144.0s · peak RSS 1.293 GB ===

>>> [11/12] subset-FD004 · seed 1 · logs/ts/cmapss_ad/subset-FD004/seed1 · mean 1.1 min/run · ETA 2 min for the remaining 2
[16:44:03] === run start · seed1 · seed 1 · hash f66b2308077a ===
[16:44:03] stages ['ad'] · device cpu · dataset cmapss:FD004
[16:44:03] --- stage: ad ---
[16:44:04]   data: FleetPair(cmapss:FD004: train=249 units, test=248 units, C=21, regimes=6, cap=125)  (0.3s)
[16:44:04]   task: {'kind': 'ad', 'n_train': 18107, 'n_test': 12000, 'd': 420, 'window': 20, 'n_channels': 21, 'anomaly_rate': 0.1277499943971634, 'kind_counts': {'normal': 10467, 'desync': 311, 'drift': 291, 'offset': 280, 'decouple': 253, 'spike': 276, 'organic': 122}, 'train_units': 249, 'test_units': 248, 'n_regimes': 6, 'seed': 1, 'per_regime_norm': True, 'official_test_fleet': True, 'dataset': 'cmapss:FD004', 'cap': 125.0, 'subset': 'FD004', 'dropped_constant_sensors': 0, 'source': 'NASA C-MAPSS (real)', 'source_name': 'cmapss', 'source_kind': 'fleet'}
[16:44:04]   caveat: Ships no anomaly annotations: detection anomalies are injected.
    [pc] epoch   0  nll 17648.218
    [pc] epoch   6  nll   14.030
    [pc] epoch  12  nll   23.761
    [pc] epoch  18  nll   19.043
    fit chain K=8: 21/50 (42%) · 0.69 it/s · elapsed 00:30 · ETA 00:41
    [pc] epoch  24  nll   23.834
    [pc] epoch  30  nll   52.776
    [pc] epoch  36  nll   40.231
    [pc] epoch  42  nll   42.985
    fit chain K=8: 47/50 (94%) · 0.77 it/s · elapsed 01:01 · ETA 00:03
    [pc] epoch  48  nll   45.159
    fit chain K=8: done 50/50 in 01:04
[16:45:10]   pc_train_nll: first=17648.2184 last=42.7147 (50 epochs)
[16:45:10]   pc: fit 66.3s · 17,280 params · score sd 79.343 · device cpu · layered · 13,660 win/s
[16:46:26]   typed decomposition (mean worst-channel surprise):
[16:46:26]        normal  n=10467  marginal    37.68  conditional    39.25  structural    11.14
[16:46:26]      decouple  n=  253  marginal    38.82  conditional   172.94  structural   156.86
[16:46:26]        desync  n=  311  marginal    37.29  conditional   240.61  structural   230.27
[16:46:26]         drift  n=  291  marginal 16937.19  conditional 87183.03  structural 70617.00
[16:46:26]        offset  n=  280  marginal 14385.45  conditional 66487.55  structural 52336.93
[16:46:26]       organic  n=  122  marginal   120.67  conditional   133.86  structural    67.34
[16:46:26]         spike  n=  276  marginal  2809.45  conditional  4395.01  structural  1597.84
[16:46:26] --- stage ad done in 143.0s ---
[16:46:26] === run ok · 143.0s · peak RSS 1.297 GB ===

>>> [12/12] subset-FD004 · seed 2 · logs/ts/cmapss_ad/subset-FD004/seed2 · mean 1.2 min/run · ETA 1 min for the remaining 1
[16:46:26] === run start · seed2 · seed 2 · hash f66b2308077a ===
[16:46:26] stages ['ad'] · device cpu · dataset cmapss:FD004
[16:46:26] --- stage: ad ---
[16:46:27]   data: FleetPair(cmapss:FD004: train=249 units, test=248 units, C=21, regimes=6, cap=125)  (0.3s)
[16:46:27]   task: {'kind': 'ad', 'n_train': 18107, 'n_test': 12000, 'd': 420, 'window': 20, 'n_channels': 21, 'anomaly_rate': 0.1313333362340927, 'kind_counts': {'offset': 292, 'normal': 10424, 'drift': 285, 'spike': 293, 'decouple': 284, 'desync': 305, 'organic': 117}, 'train_units': 249, 'test_units': 248, 'n_regimes': 6, 'seed': 2, 'per_regime_norm': True, 'official_test_fleet': True, 'dataset': 'cmapss:FD004', 'cap': 125.0, 'subset': 'FD004', 'dropped_constant_sensors': 0, 'source': 'NASA C-MAPSS (real)', 'source_name': 'cmapss', 'source_kind': 'fleet'}
[16:46:27]   caveat: Ships no anomaly annotations: detection anomalies are injected.
    [pc] epoch   0  nll 17464.716
    [pc] epoch   6  nll   -8.283
    [pc] epoch  12  nll    1.315
    [pc] epoch  18  nll    8.487
    [pc] epoch  24  nll   22.035
    fit chain K=8: 26/50 (52%) · 0.84 it/s · elapsed 00:31 · ETA 00:28
    [pc] epoch  30  nll   44.306
    [pc] epoch  36  nll   54.326
    [pc] epoch  42  nll   50.920
    [pc] epoch  48  nll   44.346
    fit chain K=8: done 50/50 in 00:59
[16:47:28]   pc_train_nll: first=17464.7161 last=45.2252 (50 epochs)
[16:47:28]   pc: fit 61.2s · 17,280 params · score sd 78.172 · device cpu · layered · 14,783 win/s
[16:48:49]   typed decomposition (mean worst-channel surprise):
[16:48:49]        normal  n=10424  marginal    38.13  conditional    39.59  structural     9.41
[16:48:49]      decouple  n=  284  marginal    38.46  conditional   155.46  structural   133.08
[16:48:49]        desync  n=  305  marginal    36.94  conditional   235.13  structural   216.56
[16:48:49]         drift  n=  285  marginal 12584.29  conditional 27970.91  structural 18169.06
[16:48:49]        offset  n=  292  marginal 13952.20  conditional 36251.54  structural 23167.43
[16:48:49]       organic  n=  117  marginal   123.89  conditional   134.87  structural    75.40
[16:48:49]         spike  n=  293  marginal  1466.25  conditional  2651.83  structural  1197.56
[16:48:49] --- stage ad done in 142.8s ---
[16:48:49] === run ok · 142.8s · peak RSS 1.305 GB ===

==============================================================================
 batch finished in 15.5 min — 12 ok, 0 skipped, 0 failed
==============================================================================

=== ad (mean ± sd over seeds) ===

method                                      dataset          variant                               auroc                 ap          train_nll              fit_s             params    auroc[decouple]      auroc[desync]       auroc[drift]  seeds
----------------------------------------------------------------------------------------------------------------------------------------------------------------------------------------------------------------------------------------------------
GMM (8 comp.)                               cmapss:FD002     subset-FD002                  0.8864±0.0057      0.7827±0.0090                  —      5.0430±0.6293                  —      0.6225±0.0207      0.7868±0.0301      0.9980±0.0005      3
GMM (8 comp.)                               cmapss:FD004     subset-FD004                  0.8817±0.0035      0.7395±0.0057                  —     40.4830±7.4405                  —      0.6308±0.0086      0.8044±0.0169      0.9980±0.0003      3
Mahalanobis                                 cmapss:FD002     subset-FD002                  0.8610±0.0052      0.7490±0.0062                  —      1.7268±0.0098                  —      0.5481±0.0253      0.7117±0.0292      0.9981±0.0001      3
Mahalanobis                                 cmapss:FD003     subset-FD003                  0.8531±0.0039      0.6568±0.0133                  —      0.5624±0.0051                  —      0.5426±0.0287      0.7730±0.0126      0.9926±0.0023      3
Mahalanobis                                 cmapss:FD004     subset-FD004                  0.8501±0.0043      0.6966±0.0070                  —      1.7554±0.0113                  —      0.5483±0.0107      0.7174±0.0154      0.9974±0.0002      3
RegionGraphPC [chain, K=8]                  cmapss:FD002     subset-FD002                  0.8495±0.0066      0.7523±0.0133    -94.5722±20.7349     52.9761±1.8191  17280.0000±0.0000      0.6246±0.0107      0.6949±0.0122      0.9876±0.0044      3
conv autoencoder                            cmapss:FD003     subset-FD003                  0.8475±0.0023      0.6952±0.0116                  —      3.1221±0.3209                  —      0.5371±0.0132      0.7636±0.0118      0.9948±0.0023      3
1-NN distance                               cmapss:FD001     subset-FD001                  0.8438±0.0030      0.7318±0.0016                  —      0.1456±0.0039                  —      0.5051±0.0329      0.6895±0.0512      0.9999±0.0001      3
conv autoencoder                            cmapss:FD004     subset-FD004                  0.8388±0.0063      0.7031±0.0010                  —      6.9876±0.4425                  —      0.5332±0.0123      0.6827±0.0136      0.9976±0.0004      3
conv autoencoder                            cmapss:FD002     subset-FD002                  0.8327±0.0051      0.7175±0.0030                  —      6.1175±0.7333                  —      0.5056±0.0175      0.6292±0.0269      0.9952±0.0017      3
GMM (8 comp.)                               cmapss:FD001     subset-FD001                  0.8324±0.0175      0.7023±0.0443                  —      1.0625±0.5780                  —      0.5075±0.0321      0.7159±0.0528      0.9992±0.0007      3
Mahalanobis                                 cmapss:FD001     subset-FD001                  0.8315±0.0024      0.6748±0.0007                  —      0.3638±0.0044                  —      0.5164±0.0378      0.7175±0.0427      0.9993±0.0007      3
1-NN distance                               cmapss:FD003     subset-FD003                  0.8310±0.0087      0.4810±0.0217                  —      0.2608±0.0065                  —      0.5342±0.0155      0.7343±0.0229      0.9660±0.0032      3
GMM (8 comp.)                               cmapss:FD003     subset-FD003                  0.8291±0.0093      0.5244±0.0146                  —      3.7032±1.3197                  —      0.5341±0.0101      0.7749±0.0202      0.9618±0.0060      3
1-NN distance                               cmapss:FD002     subset-FD002                  0.8248±0.0024      0.6765±0.0047                  —      0.9049±0.0070                  —      0.5121±0.0266      0.5980±0.0032      0.9978±0.0002      3
PC · 3 dead (exact marginal)                cmapss:FD002     subset-FD002                  0.8235±0.0079      0.7033±0.0175                  —                  —                  —      0.5920±0.0169      0.6468±0.0091      0.9784±0.0048      3
PCA reconstruction                          cmapss:FD001     subset-FD001                  0.8116±0.0052      0.6619±0.0060                  —      0.1127±0.0108                  —      0.5068±0.0282      0.6739±0.0329      0.9850±0.0060      3
1-NN distance                               cmapss:FD004     subset-FD004                  0.8057±0.0038      0.5732±0.0088                  —      1.0900±0.0090                  —      0.4925±0.0209      0.6188±0.0057      0.9923±0.0008      3
PC · structural-only score                  cmapss:FD002     subset-FD002                  0.8003±0.0155      0.6597±0.0369                  —                  —                  —      0.6615±0.0100      0.7235±0.0177      0.9609±0.0068      3
z-score (per channel)                       cmapss:FD002     subset-FD002                  0.8000±0.0034      0.6277±0.0036                  —      0.1169±0.0012                  —      0.5019±0.0175      0.5048±0.0075      0.9795±0.0014      3
conv autoencoder                            cmapss:FD001     subset-FD001                  0.7996±0.0094      0.6470±0.0188                  —      2.1516±0.2831                  —      0.5040±0.0363      0.6430±0.0235      0.9889±0.0099      3
RegionGraphPC [chain, K=8]                  cmapss:FD004     subset-FD004                  0.7992±0.0112      0.6283±0.0151     47.3639±13.8072     66.3174±5.0926  17280.0000±0.0000      0.5835±0.0429      0.6086±0.0324      0.9794±0.0030      3
diagonal Gaussian                           cmapss:FD002     subset-FD002                  0.7978±0.0029      0.6721±0.0051                  —      0.3703±0.0084                  —      0.4905±0.0053      0.5184±0.0128      0.9878±0.0012      3
moving-average residual                     cmapss:FD002     subset-FD002                  0.7952±0.0036      0.6519±0.0054                  —      0.7862±0.0067                  —      0.4972±0.0273      0.5030±0.0089      0.9540±0.0087      3
z-score (per channel)                       cmapss:FD004     subset-FD004                  0.7950±0.0041      0.5874±0.0069                  —      0.1324±0.0072                  —      0.5072±0.0076      0.5182±0.0066      0.9779±0.0031      3
diagonal Gaussian · 3 dead (imputed)        cmapss:FD002     subset-FD002                  0.7855±0.0018      0.6469±0.0039                  —                  —                  —      0.4905±0.0047      0.5166±0.0113      0.9789±0.0044      3
z-score (per channel) · 3 dead (imputed)    cmapss:FD002     subset-FD002                  0.7845±0.0019      0.5858±0.0020                  —                  —                  —      0.5014±0.0187      0.5042±0.0064      0.9643±0.0041      3
z-score (per channel) · 3 dead (imputed)    cmapss:FD004     subset-FD004                  0.7839±0.0053      0.5612±0.0085                  —                  —                  —      0.5112±0.0105      0.5153±0.0077      0.9668±0.0080      3
moving-average residual                     cmapss:FD004     subset-FD004                  0.7825±0.0039      0.5926±0.0099                  —      0.9088±0.0070                  —      0.4989±0.0055      0.5052±0.0080      0.9505±0.0080      3
PC · 3 dead (exact marginal)                cmapss:FD004     subset-FD004                  0.7821±0.0060      0.5929±0.0078                  —                  —                  —      0.5680±0.0381      0.5885±0.0171      0.9673±0.0072      3
z-score (per channel) · 3 dead (imputed)    cmapss:FD001     subset-FD001                  0.7775±0.0088      0.6547±0.0176                  —                  —                  —      0.4917±0.0152      0.4946±0.0031      0.9524±0.0187      3
Deep SVDD                                   cmapss:FD004     subset-FD004                  0.7748±0.0086      0.5874±0.0151                  —      0.9442±0.0482                  —      0.4961±0.0160      0.6039±0.0163      0.9873±0.0042      3
moving-average residual · 3 dead (imputed)  cmapss:FD002     subset-FD002                  0.7723±0.0039      0.6041±0.0048                  —                  —                  —      0.4956±0.0249      0.5056±0.0100      0.9196±0.0071      3
PC · structural-only score                  cmapss:FD004     subset-FD004                  0.7711±0.0162      0.6247±0.0224                  —                  —                  —      0.6140±0.0255      0.6191±0.0490      0.9523±0.0082      3
Deep SVDD                                   cmapss:FD003     subset-FD003                  0.7706±0.0076      0.5028±0.0343                  —      0.3029±0.0240                  —      0.5101±0.0040      0.6513±0.0136      0.9589±0.0145      3
Deep SVDD                                   cmapss:FD002     subset-FD002                  0.7703±0.0119      0.6173±0.0114                  —      0.8918±0.1695                  —      0.4961±0.0318      0.5499±0.0276      0.9624±0.0064      3
diagonal Gaussian                           cmapss:FD004     subset-FD004                  0.7696±0.0074      0.5861±0.0090                  —      0.3912±0.0114                  —      0.5137±0.0119      0.5156±0.0181      0.9780±0.0031      3
z-score (per channel)                       cmapss:FD003     subset-FD003                  0.7671±0.0097      0.3249±0.0169                  —      0.0523±0.0017                  —      0.5154±0.0123      0.5539±0.0115      0.8900±0.0028      3
moving-average residual · 3 dead (imputed)  cmapss:FD004     subset-FD004                  0.7630±0.0062      0.5518±0.0145                  —                  —                  —      0.5048±0.0088      0.5031±0.0039      0.9200±0.0149      3
PCA reconstruction                          cmapss:FD003     subset-FD003                  0.7605±0.0102      0.3006±0.0159                  —      0.1548±0.0051                  —      0.5203±0.0136      0.6343±0.0155      0.9155±0.0039      3
PC · 3 dead (exact marginal)                cmapss:FD001     subset-FD001                  0.7604±0.0087      0.4474±0.0112                  —                  —                  —      0.5102±0.0133      0.5796±0.0306      0.9424±0.0100      3
diagonal Gaussian · 3 dead (imputed)        cmapss:FD004     subset-FD004                  0.7588±0.0095      0.5607±0.0130                  —                  —                  —      0.5141±0.0130      0.5153±0.0210      0.9656±0.0079      3
RegionGraphPC [chain, K=8]                  cmapss:FD001     subset-FD001                  0.7532±0.0086      0.5038±0.0102    193.2325±10.8017     17.5015±1.0736  15360.0000±0.0000      0.5054±0.0105      0.5430±0.0175      0.9501±0.0076      3
Deep SVDD                                   cmapss:FD001     subset-FD001                  0.7527±0.0102      0.5272±0.0067                  —      0.2067±0.0335                  —      0.5010±0.0157      0.6141±0.0149      0.9598±0.0121      3
z-score (per channel) · 3 dead (imputed)    cmapss:FD003     subset-FD003                  0.7522±0.0099      0.3108±0.0161                  —                  —                  —      0.5126±0.0106      0.5552±0.0219      0.8807±0.0111      3
moving-average residual                     cmapss:FD003     subset-FD003                  0.7443±0.0095      0.4436±0.0220                  —      0.3230±0.0035                  —      0.5525±0.0078      0.5390±0.0218      0.8132±0.0132      3
PCA reconstruction                          cmapss:FD002     subset-FD002                  0.7377±0.0044      0.4076±0.0024                  —      0.4321±0.0086                  —      0.5185±0.0258      0.5717±0.0098      0.9283±0.0083      3
diagonal Gaussian                           cmapss:FD001     subset-FD001                  0.7349±0.0049      0.4490±0.0070                  —      0.0845±0.0015                  —      0.5055±0.0133      0.5316±0.0242      0.9276±0.0098      3
PCA reconstruction                          cmapss:FD004     subset-FD004                  0.7273±0.0045      0.3406±0.0081                  —      0.4583±0.0119                  —      0.5015±0.0261      0.5822±0.0086      0.9308±0.0026      3
RegionGraphPC [chain, K=8]                  cmapss:FD003     subset-FD003                  0.7261±0.0174      0.3808±0.0225    233.5483±1.3109     25.0840±0.4435  15680.0000±0.0000      0.5104±0.0131      0.5585±0.0241      0.8928±0.0100      3
PC · 3 dead (exact marginal)                cmapss:FD003     subset-FD003                  0.7217±0.0167      0.3729±0.0226                  —                  —                  —      0.5103±0.0088      0.5608±0.0288      0.8889±0.0137      3
PC · 3 dead (mean-imputed)                  cmapss:FD003     subset-FD003                  0.7204±0.0170      0.3731±0.0229                  —                  —                  —      0.5099±0.0091      0.5595±0.0288      0.8865±0.0139      3
moving-average residual · 3 dead (imputed)  cmapss:FD003     subset-FD003                  0.7171±0.0137      0.4048±0.0203                  —                  —                  —      0.5444±0.0066      0.5406±0.0395      0.7738±0.0227      3
diagonal Gaussian · 3 dead (imputed)        cmapss:FD001     subset-FD001                  0.7163±0.0083      0.3916±0.0071                  —                  —                  —      0.5078±0.0079      0.5340±0.0256      0.8923±0.0119      3
moving-average residual                     cmapss:FD001     subset-FD001                  0.7159±0.0193      0.5095±0.0205                  —      0.2163±0.0016                  —      0.5129±0.0270      0.4907±0.0299      0.8117±0.0292      3
Isolation Forest                            cmapss:FD002     subset-FD002                  0.7139±0.0069      0.4705±0.0143                  —      0.5885±0.0163                  —      0.4859±0.0069      0.5344±0.0226      0.9131±0.0175      3
diagonal Gaussian                           cmapss:FD003     subset-FD003                  0.7130±0.0171      0.2933±0.0182                  —      0.1341±0.0084                  —      0.5106±0.0131      0.5560±0.0231      0.8627±0.0131      3
Isolation Forest                            cmapss:FD001     subset-FD001                  0.7111±0.0085      0.3973±0.0074                  —      0.2115±0.0010                  —      0.4985±0.0248      0.5761±0.0257      0.9109±0.0131      3
PC · 3 dead (mean-imputed)                  cmapss:FD001     subset-FD001                  0.7100±0.0091      0.3651±0.0326                  —                  —                  —      0.5188±0.0013      0.5394±0.0249      0.8755±0.0223      3
PC · 3 dead (mean-imputed)                  cmapss:FD004     subset-FD004                  0.7095±0.0301      0.4732±0.0702                  —                  —                  —      0.5246±0.0190      0.5108±0.0176      0.9208±0.0351      3
diagonal Gaussian · 3 dead (imputed)        cmapss:FD003     subset-FD003                  0.7094±0.0167      0.2882±0.0179                  —                  —                  —      0.5101±0.0095      0.5583±0.0279      0.8594±0.0169      3
moving-average residual · 3 dead (imputed)  cmapss:FD001     subset-FD001                  0.7004±0.0269      0.4705±0.0299                  —                  —                  —      0.5237±0.0396      0.5013±0.0464      0.7837±0.0465      3
Isolation Forest                            cmapss:FD003     subset-FD003                  0.6940±0.0172      0.2855±0.0169                  —      0.2704±0.0068                  —      0.5152±0.0150      0.5893±0.0222      0.8627±0.0179      3
z-score (per channel)                       cmapss:FD001     subset-FD001                  0.6901±0.0038      0.4056±0.0163                  —      0.0333±0.0008                  —      0.4914±0.0208      0.5091±0.0210      0.8105±0.0173      3
PC · structural-only score                  cmapss:FD003     subset-FD003                  0.6760±0.0158      0.2679±0.0151                  —                  —                  —      0.4965±0.0060      0.5470±0.0413      0.8776±0.0063      3
Isolation Forest                            cmapss:FD004     subset-FD004                  0.6752±0.0081      0.2691±0.0142                  —      0.5718±0.0315                  —      0.5161±0.0168      0.5234±0.0088      0.8482±0.0136      3
PC · 3 dead (mean-imputed)                  cmapss:FD002     subset-FD002                  0.6416±0.0131      0.4056±0.0196                  —                  —                  —      0.5261±0.0186      0.5166±0.0208      0.8443±0.0044      3
PC · structural-only score                  cmapss:FD001     subset-FD001                  0.5626±0.0095      0.1927±0.0054                  —                  —                  —      0.4885±0.0441      0.5005±0.0079      0.6399±0.0236      3

wrote logs/ts/cmapss_ad/summary.csv, summary.json, summary.md

