==============================================================================
 experiment: cmapss_rul   (config/ts/cmapss_rul.yaml)
 Censoring ablation, point/distributional accuracy vs ridge/MLP/CQR, survival
 output:     logs/ts/cmapss_rul
==============================================================================

4 variant(s) × 3 seed(s) = 12 run(s)

  censor_frac-0.2                        dataset=cmapss:FD001     stages=rul
  censor_frac-0.35                       dataset=cmapss:FD001     stages=rul
  censor_frac-0.5                        dataset=cmapss:FD001     stages=rul
  censor_frac-0.7                        dataset=cmapss:FD001     stages=rul


>>> [1/12] censor_frac-0.2 · seed 0 · logs/ts/cmapss_rul/censor_frac-0.2/seed0
[15:41:57] === run start · seed0 · seed 0 · hash 46ddc470ac39 ===
[15:41:57] stages ['rul'] · device cuda · dataset cmapss:FD001
[15:41:57] --- stage: rul ---
[15:41:58]   data: FleetPair(cmapss:FD001: train=100 units, test=100 units, C=15, regimes=3, cap=125)  (0.6s)
[15:41:58]   task: {'kind': 'rul', 'n_train': 8810, 'n_test': 5625, 'd': 300, 'window': 20, 'n_channels': 15, 'n_bins': 25, 'cap': 125.0, 'censored_frac': 0.10397273302078247, 'train_units': 100, 'test_units': 100, 'censored_units': 16, 'n_regimes': 3, 'seed': 0, 'per_regime_norm': True, 'test_windows': 'all', 'official_test_fleet': True, 'dataset': 'cmapss:FD001', 'subset': 'FD001', 'dropped_constant_sensors': 6, 'source': 'NASA C-MAPSS (real)'}
    [surv] epoch   0  censored-NLL 6564.057
    [surv] epoch   7  censored-NLL  169.999
    [surv] epoch  14  censored-NLL  167.631
    [surv] epoch  21  censored-NLL  167.063
    [surv] epoch  28  censored-NLL  166.486
    [surv] epoch  35  censored-NLL  166.227
    [surv] epoch  42  censored-NLL  165.935
    [surv] epoch  49  censored-NLL  165.639
    [surv] epoch  56  censored-NLL  165.232
[15:42:20]   surv_dropped_nll: first=6564.0568 last=165.2490 (60 epochs)
[15:42:20]   surv_dropped: fit 21.9s · 43,356 params
    [surv] epoch   0  censored-NLL 6292.790
    [surv] epoch   7  censored-NLL  166.976
    [surv] epoch  14  censored-NLL  164.905
    [surv] epoch  21  censored-NLL  164.341
    [surv] epoch  28  censored-NLL  164.033
    [surv] epoch  35  censored-NLL  163.943
    [surv] epoch  42  censored-NLL  163.804
    survival fit (censored): 48/60 (80%) · 1.59 it/s · elapsed 00:30 · ETA 00:07
    [surv] epoch  49  censored-NLL  163.123
    [surv] epoch  56  censored-NLL  162.886
    survival fit (censored): done 60/60 in 00:37
[15:43:00]   surv_censored_nll: first=6292.7903 last=162.7316 (60 epochs)
[15:43:00]   surv_censored: fit 39.3s · 43,356 params
[15:43:05]   partial evidence (3 dead): CRPS exact-marginal 7.753 vs imputed 45.382 (full 7.619)
[15:43:05]   exact survival S(t|x), grouped by TRUE remaining life:
[15:43:05]     RUL   0-20  n=   55  S(20)=0.411  S(40)=0.119  S(60)=0.051
[15:43:05]     RUL  20-50  n=  372  S(20)=0.928  S(40)=0.665  S(60)=0.395
[15:43:05]     RUL  50-90  n=  836  S(20)=0.996  S(40)=0.931  S(60)=0.805
[15:43:05]     RUL  90-126 n= 4362  S(20)=1.000  S(40)=0.993  S(60)=0.964
[15:43:05] --- stage rul done in 68.0s ---
[15:43:05] === run ok · 68.1s · peak RSS 1.831 GB ===

>>> [2/12] censor_frac-0.2 · seed 1 · logs/ts/cmapss_rul/censor_frac-0.2/seed1 · mean 1.1 min/run · ETA 12 min for the remaining 11
[15:43:05] === run start · seed1 · seed 1 · hash 46ddc470ac39 ===
[15:43:05] stages ['rul'] · device cuda · dataset cmapss:FD001
[15:43:05] --- stage: rul ---
[15:43:05]   data: FleetPair(cmapss:FD001: train=100 units, test=100 units, C=15, regimes=3, cap=125)  (0.1s)
[15:43:05]   task: {'kind': 'rul', 'n_train': 8778, 'n_test': 5625, 'd': 300, 'window': 20, 'n_channels': 15, 'n_bins': 25, 'cap': 125.0, 'censored_frac': 0.1418318748474121, 'train_units': 100, 'test_units': 100, 'censored_units': 20, 'n_regimes': 3, 'seed': 1, 'per_regime_norm': True, 'test_windows': 'all', 'official_test_fleet': True, 'dataset': 'cmapss:FD001', 'subset': 'FD001', 'dropped_constant_sensors': 6, 'source': 'NASA C-MAPSS (real)'}
    [surv] epoch   0  censored-NLL 27386.867
    [surv] epoch   7  censored-NLL  207.922
    [surv] epoch  14  censored-NLL  201.585
    [surv] epoch  21  censored-NLL  195.697
    [surv] epoch  28  censored-NLL  194.120
    [surv] epoch  35  censored-NLL  193.632
    [surv] epoch  42  censored-NLL  193.466
    [surv] epoch  49  censored-NLL  193.269
    [surv] epoch  56  censored-NLL  193.233
[15:43:26]   surv_dropped_nll: first=27386.8669 last=193.3650 (60 epochs)
[15:43:26]   surv_dropped: fit 20.6s · 43,356 params
    [surv] epoch   0  censored-NLL 25318.425
    [surv] epoch   7  censored-NLL  200.960
    [surv] epoch  14  censored-NLL  198.165
    [surv] epoch  21  censored-NLL  194.559
    [surv] epoch  28  censored-NLL  193.790
    [surv] epoch  35  censored-NLL  193.134
    [surv] epoch  42  censored-NLL  192.810
    survival fit (censored): 48/60 (80%) · 1.59 it/s · elapsed 00:30 · ETA 00:07
    [surv] epoch  49  censored-NLL  192.666
    [surv] epoch  56  censored-NLL  192.768
    survival fit (censored): done 60/60 in 00:37
[15:44:06]   surv_censored_nll: first=25318.4252 last=192.7536 (60 epochs)
[15:44:06]   surv_censored: fit 39.2s · 43,356 params
[15:44:11]   partial evidence (3 dead): CRPS exact-marginal 8.995 vs imputed 19.690 (full 8.947)
[15:44:11]   exact survival S(t|x), grouped by TRUE remaining life:
[15:44:11]     RUL   0-20  n=   55  S(20)=0.382  S(40)=0.076  S(60)=0.025
[15:44:11]     RUL  20-50  n=  372  S(20)=0.902  S(40)=0.642  S(60)=0.402
[15:44:11]     RUL  50-90  n=  836  S(20)=0.994  S(40)=0.937  S(60)=0.834
[15:44:11]     RUL  90-126 n= 4362  S(20)=1.000  S(40)=0.992  S(60)=0.951
[15:44:11] --- stage rul done in 66.0s ---
[15:44:11] === run ok · 66.1s · peak RSS 1.872 GB ===

>>> [3/12] censor_frac-0.2 · seed 2 · logs/ts/cmapss_rul/censor_frac-0.2/seed2 · mean 1.1 min/run · ETA 11 min for the remaining 10
[15:44:11] === run start · seed2 · seed 2 · hash 46ddc470ac39 ===
[15:44:11] stages ['rul'] · device cuda · dataset cmapss:FD001
[15:44:11] --- stage: rul ---
[15:44:11]   data: FleetPair(cmapss:FD001: train=100 units, test=100 units, C=15, regimes=3, cap=125)  (0.1s)
[15:44:11]   task: {'kind': 'rul', 'n_train': 8669, 'n_test': 5625, 'd': 300, 'window': 20, 'n_channels': 15, 'n_bins': 25, 'cap': 125.0, 'censored_frac': 0.1691083312034607, 'train_units': 100, 'test_units': 100, 'censored_units': 23, 'n_regimes': 3, 'seed': 2, 'per_regime_norm': True, 'test_windows': 'all', 'official_test_fleet': True, 'dataset': 'cmapss:FD001', 'subset': 'FD001', 'dropped_constant_sensors': 6, 'source': 'NASA C-MAPSS (real)'}
    [surv] epoch   0  censored-NLL 11263.346
    [surv] epoch   7  censored-NLL  181.746
    [surv] epoch  14  censored-NLL  176.368
    [surv] epoch  21  censored-NLL  175.689
    [surv] epoch  28  censored-NLL  174.757
    [surv] epoch  35  censored-NLL  174.250
    [surv] epoch  42  censored-NLL  174.075
    [surv] epoch  49  censored-NLL  173.630
    [surv] epoch  56  censored-NLL  173.708
[15:44:31]   surv_dropped_nll: first=11263.3456 last=173.5372 (60 epochs)
[15:44:31]   surv_dropped: fit 20.0s · 43,356 params
    [surv] epoch   0  censored-NLL 10062.466
    [surv] epoch   7  censored-NLL  179.659
    [surv] epoch  14  censored-NLL  175.089
    [surv] epoch  21  censored-NLL  173.067
    [surv] epoch  28  censored-NLL  172.417
    [surv] epoch  35  censored-NLL  171.895
    [surv] epoch  42  censored-NLL  171.161
    survival fit (censored): 49/60 (82%) · 1.63 it/s · elapsed 00:30 · ETA 00:06
    [surv] epoch  49  censored-NLL  170.707
    [surv] epoch  56  censored-NLL  170.674
    survival fit (censored): done 60/60 in 00:36
[15:45:11]   surv_censored_nll: first=10062.4659 last=170.6370 (60 epochs)
[15:45:11]   surv_censored: fit 38.3s · 43,356 params
[15:45:16]   partial evidence (3 dead): CRPS exact-marginal 7.781 vs imputed 21.536 (full 7.691)
[15:45:16]   exact survival S(t|x), grouped by TRUE remaining life:
[15:45:16]     RUL   0-20  n=   55  S(20)=0.339  S(40)=0.099  S(60)=0.040
[15:45:16]     RUL  20-50  n=  372  S(20)=0.890  S(40)=0.624  S(60)=0.402
[15:45:16]     RUL  50-90  n=  836  S(20)=0.995  S(40)=0.932  S(60)=0.803
[15:45:16]     RUL  90-126 n= 4362  S(20)=1.000  S(40)=0.993  S(60)=0.962
[15:45:16] --- stage rul done in 64.8s ---
[15:45:16] === run ok · 64.8s · peak RSS 1.872 GB ===

>>> [4/12] censor_frac-0.35 · seed 0 · logs/ts/cmapss_rul/censor_frac-0.35/seed0 · mean 1.1 min/run · ETA 10 min for the remaining 9
[15:45:16] === run start · seed0 · seed 0 · hash 91291f805c32 ===
[15:45:16] stages ['rul'] · device cuda · dataset cmapss:FD001
[15:45:16] --- stage: rul ---
[15:45:16]   data: FleetPair(cmapss:FD001: train=100 units, test=100 units, C=15, regimes=3, cap=125)  (0.1s)
[15:45:16]   task: {'kind': 'rul', 'n_train': 8391, 'n_test': 5625, 'd': 300, 'window': 20, 'n_channels': 15, 'n_bins': 25, 'cap': 125.0, 'censored_frac': 0.2173757553100586, 'train_units': 100, 'test_units': 100, 'censored_units': 30, 'n_regimes': 3, 'seed': 0, 'per_regime_norm': True, 'test_windows': 'all', 'official_test_fleet': True, 'dataset': 'cmapss:FD001', 'subset': 'FD001', 'dropped_constant_sensors': 6, 'source': 'NASA C-MAPSS (real)'}
    [surv] epoch   0  censored-NLL 6223.289
    [surv] epoch   7  censored-NLL  176.226
    [surv] epoch  14  censored-NLL  173.293
    [surv] epoch  21  censored-NLL  172.262
    [surv] epoch  28  censored-NLL  171.625
    [surv] epoch  35  censored-NLL  171.464
    [surv] epoch  42  censored-NLL  171.232
    [surv] epoch  49  censored-NLL  171.130
    [surv] epoch  56  censored-NLL  171.079
[15:45:34]   surv_dropped_nll: first=6223.2891 last=171.1524 (60 epochs)
[15:45:34]   surv_dropped: fit 18.1s · 43,356 params
    [surv] epoch   0  censored-NLL 6312.228
    [surv] epoch   7  censored-NLL  172.720
    [surv] epoch  14  censored-NLL  170.288
    [surv] epoch  21  censored-NLL  169.818
    [surv] epoch  28  censored-NLL  169.474
    [surv] epoch  35  censored-NLL  169.090
    [surv] epoch  42  censored-NLL  168.850
    [surv] epoch  49  censored-NLL  168.742
    survival fit (censored): 51/60 (85%) · 1.68 it/s · elapsed 00:30 · ETA 00:05
    [surv] epoch  56  censored-NLL  168.611
    survival fit (censored): done 60/60 in 00:35
[15:46:12]   surv_censored_nll: first=6312.2276 last=168.6106 (60 epochs)
[15:46:12]   surv_censored: fit 37.0s · 43,356 params
[15:46:17]   partial evidence (3 dead): CRPS exact-marginal 7.760 vs imputed 34.120 (full 7.637)
[15:46:17]   exact survival S(t|x), grouped by TRUE remaining life:
[15:46:17]     RUL   0-20  n=   55  S(20)=0.406  S(40)=0.112  S(60)=0.024
[15:46:17]     RUL  20-50  n=  372  S(20)=0.930  S(40)=0.656  S(60)=0.415
[15:46:17]     RUL  50-90  n=  836  S(20)=0.997  S(40)=0.942  S(60)=0.831
[15:46:17]     RUL  90-126 n= 4362  S(20)=1.000  S(40)=0.993  S(60)=0.968
[15:46:17] --- stage rul done in 61.1s ---
[15:46:17] === run ok · 61.2s · peak RSS 1.872 GB ===

>>> [5/12] censor_frac-0.35 · seed 1 · logs/ts/cmapss_rul/censor_frac-0.35/seed1 · mean 1.1 min/run · ETA 9 min for the remaining 8
[15:46:17] === run start · seed1 · seed 1 · hash 91291f805c32 ===
[15:46:17] stages ['rul'] · device cuda · dataset cmapss:FD001
[15:46:17] --- stage: rul ---
[15:46:17]   data: FleetPair(cmapss:FD001: train=100 units, test=100 units, C=15, regimes=3, cap=125)  (0.1s)
[15:46:17]   task: {'kind': 'rul', 'n_train': 8295, 'n_test': 5625, 'd': 300, 'window': 20, 'n_channels': 15, 'n_bins': 25, 'cap': 125.0, 'censored_frac': 0.2788426876068115, 'train_units': 100, 'test_units': 100, 'censored_units': 38, 'n_regimes': 3, 'seed': 1, 'per_regime_norm': True, 'test_windows': 'all', 'official_test_fleet': True, 'dataset': 'cmapss:FD001', 'subset': 'FD001', 'dropped_constant_sensors': 6, 'source': 'NASA C-MAPSS (real)'}
    [surv] epoch   0  censored-NLL 23375.381
    [surv] epoch   7  censored-NLL  211.350
    [surv] epoch  14  censored-NLL  204.463
    [surv] epoch  21  censored-NLL  202.621
    [surv] epoch  28  censored-NLL  199.084
    [surv] epoch  35  censored-NLL  200.051
    [surv] epoch  42  censored-NLL  199.547
    [surv] epoch  49  censored-NLL  198.615
    [surv] epoch  56  censored-NLL  198.446
[15:46:34]   surv_dropped_nll: first=23375.3811 last=198.2267 (60 epochs)
[15:46:34]   surv_dropped: fit 16.7s · 43,356 params
    [surv] epoch   0  censored-NLL 19549.638
    [surv] epoch   7  censored-NLL  202.179
    [surv] epoch  14  censored-NLL  199.660
    [surv] epoch  21  censored-NLL  196.638
    [surv] epoch  28  censored-NLL  195.517
    [surv] epoch  35  censored-NLL  195.329
    [surv] epoch  42  censored-NLL  195.118
    [surv] epoch  49  censored-NLL  194.941
    survival fit (censored): 51/60 (85%) · 1.69 it/s · elapsed 00:30 · ETA 00:05
    [surv] epoch  56  censored-NLL  194.801
    survival fit (censored): done 60/60 in 00:35
[15:47:12]   surv_censored_nll: first=19549.6385 last=194.6468 (60 epochs)
[15:47:12]   surv_censored: fit 37.1s · 43,356 params
[15:47:17]   partial evidence (3 dead): CRPS exact-marginal 8.454 vs imputed 11.923 (full 8.282)
[15:47:17]   exact survival S(t|x), grouped by TRUE remaining life:
[15:47:17]     RUL   0-20  n=   55  S(20)=0.386  S(40)=0.124  S(60)=0.053
[15:47:17]     RUL  20-50  n=  372  S(20)=0.914  S(40)=0.675  S(60)=0.430
[15:47:17]     RUL  50-90  n=  836  S(20)=0.996  S(40)=0.934  S(60)=0.827
[15:47:17]     RUL  90-126 n= 4362  S(20)=1.000  S(40)=0.993  S(60)=0.966
[15:47:17] --- stage rul done in 59.6s ---
[15:47:17] === run ok · 59.7s · peak RSS 1.872 GB ===

>>> [6/12] censor_frac-0.35 · seed 2 · logs/ts/cmapss_rul/censor_frac-0.35/seed2 · mean 1.1 min/run · ETA 7 min for the remaining 7
[15:47:17] === run start · seed2 · seed 2 · hash 91291f805c32 ===
[15:47:17] stages ['rul'] · device cuda · dataset cmapss:FD001
[15:47:17] --- stage: rul ---
[15:47:17]   data: FleetPair(cmapss:FD001: train=100 units, test=100 units, C=15, regimes=3, cap=125)  (0.1s)
[15:47:17]   task: {'kind': 'rul', 'n_train': 8100, 'n_test': 5625, 'd': 300, 'window': 20, 'n_channels': 15, 'n_bins': 25, 'cap': 125.0, 'censored_frac': 0.2822222113609314, 'train_units': 100, 'test_units': 100, 'censored_units': 36, 'n_regimes': 3, 'seed': 2, 'per_regime_norm': True, 'test_windows': 'all', 'official_test_fleet': True, 'dataset': 'cmapss:FD001', 'subset': 'FD001', 'dropped_constant_sensors': 6, 'source': 'NASA C-MAPSS (real)'}
    [surv] epoch   0  censored-NLL 18402.971
    [surv] epoch   7  censored-NLL  199.344
    [surv] epoch  14  censored-NLL  192.529
    [surv] epoch  21  censored-NLL  191.532
    [surv] epoch  28  censored-NLL  190.939
    [surv] epoch  35  censored-NLL  189.645
    [surv] epoch  42  censored-NLL  188.685
    [surv] epoch  49  censored-NLL  188.155
    [surv] epoch  56  censored-NLL  187.871
[15:47:33]   surv_dropped_nll: first=18402.9713 last=187.7381 (60 epochs)
[15:47:33]   surv_dropped: fit 16.1s · 43,356 params
    [surv] epoch   0  censored-NLL 14200.262
    [surv] epoch   7  censored-NLL  186.386
    [surv] epoch  14  censored-NLL  184.205
    [surv] epoch  21  censored-NLL  184.281
    [surv] epoch  28  censored-NLL  182.178
    [surv] epoch  35  censored-NLL  181.547
    [surv] epoch  42  censored-NLL  181.164
    [surv] epoch  49  censored-NLL  180.798
    survival fit (censored): 53/60 (88%) · 1.75 it/s · elapsed 00:30 · ETA 00:04
    [surv] epoch  56  censored-NLL  180.678
    survival fit (censored): done 60/60 in 00:34
[15:48:10]   surv_censored_nll: first=14200.2619 last=180.4924 (60 epochs)
[15:48:10]   surv_censored: fit 35.7s · 43,356 params
[15:48:15]   partial evidence (3 dead): CRPS exact-marginal 8.515 vs imputed 21.139 (full 8.320)
[15:48:15]   exact survival S(t|x), grouped by TRUE remaining life:
[15:48:15]     RUL   0-20  n=   55  S(20)=0.354  S(40)=0.139  S(60)=0.057
[15:48:15]     RUL  20-50  n=  372  S(20)=0.918  S(40)=0.655  S(60)=0.390
[15:48:15]     RUL  50-90  n=  836  S(20)=0.993  S(40)=0.927  S(60)=0.821
[15:48:15]     RUL  90-126 n= 4362  S(20)=1.000  S(40)=0.991  S(60)=0.959
[15:48:15] --- stage rul done in 57.8s ---
[15:48:15] === run ok · 57.8s · peak RSS 1.872 GB ===

>>> [7/12] censor_frac-0.5 · seed 0 · logs/ts/cmapss_rul/censor_frac-0.5/seed0 · mean 1.0 min/run · ETA 6 min for the remaining 6
[15:48:15] === run start · seed0 · seed 0 · hash 567d23594466 ===
[15:48:15] stages ['rul'] · device cuda · dataset cmapss:FD001
[15:48:15] --- stage: rul ---
[15:48:15]   data: FleetPair(cmapss:FD001: train=100 units, test=100 units, C=15, regimes=3, cap=125)  (0.1s)
[15:48:15]   task: {'kind': 'rul', 'n_train': 7860, 'n_test': 5625, 'd': 300, 'window': 20, 'n_channels': 15, 'n_bins': 25, 'cap': 125.0, 'censored_frac': 0.4081425070762634, 'train_units': 100, 'test_units': 100, 'censored_units': 50, 'n_regimes': 3, 'seed': 0, 'per_regime_norm': True, 'test_windows': 'all', 'official_test_fleet': True, 'dataset': 'cmapss:FD001', 'subset': 'FD001', 'dropped_constant_sensors': 6, 'source': 'NASA C-MAPSS (real)'}
    [surv] epoch   0  censored-NLL 12273.394
    [surv] epoch   7  censored-NLL  202.846
    [surv] epoch  14  censored-NLL  194.228
    [surv] epoch  21  censored-NLL  190.096
    [surv] epoch  28  censored-NLL  191.138
    [surv] epoch  35  censored-NLL  189.171
    [surv] epoch  42  censored-NLL  188.628
    [surv] epoch  49  censored-NLL  188.036
    [surv] epoch  56  censored-NLL  187.735
[15:48:28]   surv_dropped_nll: first=12273.3944 last=187.6702 (60 epochs)
[15:48:28]   surv_dropped: fit 13.4s · 43,356 params
    [surv] epoch   0  censored-NLL 11615.370
    [surv] epoch   7  censored-NLL  188.719
    [surv] epoch  14  censored-NLL  187.288
    [surv] epoch  21  censored-NLL  185.730
    [surv] epoch  28  censored-NLL  184.270
    [surv] epoch  35  censored-NLL  183.519
    [surv] epoch  42  censored-NLL  182.997
    [surv] epoch  49  censored-NLL  182.793
    survival fit (censored): 55/60 (92%) · 1.82 it/s · elapsed 00:30 · ETA 00:02
    [surv] epoch  56  censored-NLL  182.541
    survival fit (censored): done 60/60 in 00:33
[15:49:04]   surv_censored_nll: first=11615.3696 last=182.4891 (60 epochs)
[15:49:04]   surv_censored: fit 34.5s · 43,356 params
[15:49:08]   partial evidence (3 dead): CRPS exact-marginal 8.265 vs imputed 10.961 (full 8.089)
[15:49:08]   exact survival S(t|x), grouped by TRUE remaining life:
[15:49:08]     RUL   0-20  n=   55  S(20)=0.381  S(40)=0.119  S(60)=0.053
[15:49:08]     RUL  20-50  n=  372  S(20)=0.906  S(40)=0.678  S(60)=0.446
[15:49:08]     RUL  50-90  n=  836  S(20)=0.995  S(40)=0.948  S(60)=0.849
[15:49:08]     RUL  90-126 n= 4362  S(20)=1.000  S(40)=0.995  S(60)=0.974
[15:49:08] --- stage rul done in 53.5s ---
[15:49:08] === run ok · 53.5s · peak RSS 1.872 GB ===

>>> [8/12] censor_frac-0.5 · seed 1 · logs/ts/cmapss_rul/censor_frac-0.5/seed1 · mean 1.0 min/run · ETA 5 min for the remaining 5
[15:49:08] === run start · seed1 · seed 1 · hash 567d23594466 ===
[15:49:08] stages ['rul'] · device cuda · dataset cmapss:FD001
[15:49:08] --- stage: rul ---
[15:49:08]   data: FleetPair(cmapss:FD001: train=100 units, test=100 units, C=15, regimes=3, cap=125)  (0.1s)
[15:49:08]   task: {'kind': 'rul', 'n_train': 7808, 'n_test': 5625, 'd': 300, 'window': 20, 'n_channels': 15, 'n_bins': 25, 'cap': 125.0, 'censored_frac': 0.3869108557701111, 'train_units': 100, 'test_units': 100, 'censored_units': 49, 'n_regimes': 3, 'seed': 1, 'per_regime_norm': True, 'test_windows': 'all', 'official_test_fleet': True, 'dataset': 'cmapss:FD001', 'subset': 'FD001', 'dropped_constant_sensors': 6, 'source': 'NASA C-MAPSS (real)'}
    [surv] epoch   0  censored-NLL 46363.005
    [surv] epoch   7  censored-NLL  234.175
    [surv] epoch  14  censored-NLL  231.425
    [surv] epoch  21  censored-NLL  226.485
    [surv] epoch  28  censored-NLL  221.905
    [surv] epoch  35  censored-NLL  220.597
    [surv] epoch  42  censored-NLL  219.899
    [surv] epoch  49  censored-NLL  219.826
    [surv] epoch  56  censored-NLL  219.613
[15:49:22]   surv_dropped_nll: first=46363.0048 last=219.7071 (60 epochs)
[15:49:22]   surv_dropped: fit 13.4s · 43,356 params
    [surv] epoch   0  censored-NLL 31329.571
    [surv] epoch   7  censored-NLL  222.012
    [surv] epoch  14  censored-NLL  219.488
    [surv] epoch  21  censored-NLL  216.996
    [surv] epoch  28  censored-NLL  215.763
    [surv] epoch  35  censored-NLL  215.231
    [surv] epoch  42  censored-NLL  215.017
    [surv] epoch  49  censored-NLL  214.878
    survival fit (censored): 55/60 (92%) · 1.82 it/s · elapsed 00:30 · ETA 00:02
    [surv] epoch  56  censored-NLL  214.769
    survival fit (censored): done 60/60 in 00:32
[15:49:57]   surv_censored_nll: first=31329.5714 last=214.7418 (60 epochs)
[15:49:57]   surv_censored: fit 34.5s · 43,356 params
[15:50:02]   partial evidence (3 dead): CRPS exact-marginal 9.416 vs imputed 16.276 (full 9.365)
[15:50:02]   exact survival S(t|x), grouped by TRUE remaining life:
[15:50:02]     RUL   0-20  n=   55  S(20)=0.582  S(40)=0.240  S(60)=0.089
[15:50:02]     RUL  20-50  n=  372  S(20)=0.847  S(40)=0.611  S(60)=0.451
[15:50:02]     RUL  50-90  n=  836  S(20)=0.984  S(40)=0.943  S(60)=0.861
[15:50:02]     RUL  90-126 n= 4362  S(20)=0.999  S(40)=0.990  S(60)=0.947
[15:50:02] --- stage rul done in 53.4s ---
[15:50:02] === run ok · 53.5s · peak RSS 1.872 GB ===

>>> [9/12] censor_frac-0.5 · seed 2 · logs/ts/cmapss_rul/censor_frac-0.5/seed2 · mean 1.0 min/run · ETA 4 min for the remaining 4
[15:50:02] === run start · seed2 · seed 2 · hash 567d23594466 ===
[15:50:02] stages ['rul'] · device cuda · dataset cmapss:FD001
[15:50:02] --- stage: rul ---
[15:50:02]   data: FleetPair(cmapss:FD001: train=100 units, test=100 units, C=15, regimes=3, cap=125)  (0.1s)
[15:50:02]   task: {'kind': 'rul', 'n_train': 7649, 'n_test': 5625, 'd': 300, 'window': 20, 'n_channels': 15, 'n_bins': 25, 'cap': 125.0, 'censored_frac': 0.37089812755584717, 'train_units': 100, 'test_units': 100, 'censored_units': 48, 'n_regimes': 3, 'seed': 2, 'per_regime_norm': True, 'test_windows': 'all', 'official_test_fleet': True, 'dataset': 'cmapss:FD001', 'subset': 'FD001', 'dropped_constant_sensors': 6, 'source': 'NASA C-MAPSS (real)'}
    [surv] epoch   0  censored-NLL 12111.848
    [surv] epoch   7  censored-NLL  192.426
    [surv] epoch  14  censored-NLL  187.338
    [surv] epoch  21  censored-NLL  186.158
    [surv] epoch  28  censored-NLL  185.524
    [surv] epoch  35  censored-NLL  185.134
    [surv] epoch  42  censored-NLL  185.058
    [surv] epoch  49  censored-NLL  184.966
    [surv] epoch  56  censored-NLL  184.901
[15:50:15]   surv_dropped_nll: first=12111.8481 last=184.8292 (60 epochs)
[15:50:15]   surv_dropped: fit 13.5s · 43,356 params
    [surv] epoch   0  censored-NLL 10475.147
    [surv] epoch   7  censored-NLL  183.938
    [surv] epoch  14  censored-NLL  180.332
    [surv] epoch  21  censored-NLL  178.158
    [surv] epoch  28  censored-NLL  179.469
    [surv] epoch  35  censored-NLL  181.143
    [surv] epoch  42  censored-NLL  179.951
    [surv] epoch  49  censored-NLL  179.224
    [surv] epoch  56  censored-NLL  178.993
    survival fit (censored): 57/60 (95%) · 1.87 it/s · elapsed 00:30 · ETA 00:01
    survival fit (censored): done 60/60 in 00:32
[15:50:50]   surv_censored_nll: first=10475.1471 last=178.8234 (60 epochs)
[15:50:50]   surv_censored: fit 33.5s · 43,356 params
[15:50:54]   partial evidence (3 dead): CRPS exact-marginal 7.870 vs imputed 20.026 (full 7.757)
[15:50:54]   exact survival S(t|x), grouped by TRUE remaining life:
[15:50:54]     RUL   0-20  n=   55  S(20)=0.376  S(40)=0.135  S(60)=0.055
[15:50:54]     RUL  20-50  n=  372  S(20)=0.924  S(40)=0.655  S(60)=0.420
[15:50:54]     RUL  50-90  n=  836  S(20)=0.994  S(40)=0.926  S(60)=0.815
[15:50:54]     RUL  90-126 n= 4362  S(20)=1.000  S(40)=0.993  S(60)=0.971
[15:50:54] --- stage rul done in 52.6s ---
[15:50:54] === run ok · 52.6s · peak RSS 1.872 GB ===

>>> [10/12] censor_frac-0.7 · seed 0 · logs/ts/cmapss_rul/censor_frac-0.7/seed0 · mean 1.0 min/run · ETA 3 min for the remaining 3
[15:50:54] === run start · seed0 · seed 0 · hash 6c9f98d3c4a8 ===
[15:50:54] stages ['rul'] · device cuda · dataset cmapss:FD001
[15:50:54] --- stage: rul ---
[15:50:54]   data: FleetPair(cmapss:FD001: train=100 units, test=100 units, C=15, regimes=3, cap=125)  (0.1s)
[15:50:54]   task: {'kind': 'rul', 'n_train': 7274, 'n_test': 5625, 'd': 300, 'window': 20, 'n_channels': 15, 'n_bins': 25, 'cap': 125.0, 'censored_frac': 0.5214462280273438, 'train_units': 100, 'test_units': 100, 'censored_units': 63, 'n_regimes': 3, 'seed': 0, 'per_regime_norm': True, 'test_windows': 'all', 'official_test_fleet': True, 'dataset': 'cmapss:FD001', 'subset': 'FD001', 'dropped_constant_sensors': 6, 'source': 'NASA C-MAPSS (real)'}
    [surv] epoch   0  censored-NLL 12734.070
    [surv] epoch   7  censored-NLL  213.683
    [surv] epoch  14  censored-NLL  194.098
    [surv] epoch  21  censored-NLL  192.938
    [surv] epoch  28  censored-NLL  191.384
    [surv] epoch  35  censored-NLL  191.683
    [surv] epoch  42  censored-NLL  191.238
    [surv] epoch  49  censored-NLL  190.582
    [surv] epoch  56  censored-NLL  190.642
[15:51:05]   surv_dropped_nll: first=12734.0699 last=190.6398 (60 epochs)
[15:51:05]   surv_dropped: fit 10.2s · 43,356 params
    [surv] epoch   0  censored-NLL 15550.825
    [surv] epoch   7  censored-NLL  191.509
    [surv] epoch  14  censored-NLL  187.282
    [surv] epoch  21  censored-NLL  188.845
    [surv] epoch  28  censored-NLL  187.157
    [surv] epoch  35  censored-NLL  188.504
    [surv] epoch  42  censored-NLL  187.255
    [surv] epoch  49  censored-NLL  186.777
    [surv] epoch  56  censored-NLL  186.557
    survival fit (censored): 59/60 (98%) · 1.95 it/s · elapsed 00:30 · ETA 00:00
    survival fit (censored): done 60/60 in 00:30
[15:51:38]   surv_censored_nll: first=15550.8249 last=186.3779 (60 epochs)
[15:51:38]   surv_censored: fit 32.1s · 43,356 params
[15:51:42]   partial evidence (3 dead): CRPS exact-marginal 8.641 vs imputed 16.001 (full 8.561)
[15:51:42]   exact survival S(t|x), grouped by TRUE remaining life:
[15:51:42]     RUL   0-20  n=   55  S(20)=0.476  S(40)=0.155  S(60)=0.074
[15:51:42]     RUL  20-50  n=  372  S(20)=0.929  S(40)=0.751  S(60)=0.498
[15:51:42]     RUL  50-90  n=  836  S(20)=0.998  S(40)=0.963  S(60)=0.875
[15:51:42]     RUL  90-126 n= 4362  S(20)=1.000  S(40)=0.996  S(60)=0.984
[15:51:42] --- stage rul done in 47.6s ---
[15:51:42] === run ok · 47.6s · peak RSS 1.872 GB ===

>>> [11/12] censor_frac-0.7 · seed 1 · logs/ts/cmapss_rul/censor_frac-0.7/seed1 · mean 1.0 min/run · ETA 2 min for the remaining 2
[15:51:42] === run start · seed1 · seed 1 · hash 6c9f98d3c4a8 ===
[15:51:42] stages ['rul'] · device cuda · dataset cmapss:FD001
[15:51:42] --- stage: rul ---
[15:51:42]   data: FleetPair(cmapss:FD001: train=100 units, test=100 units, C=15, regimes=3, cap=125)  (0.1s)
[15:51:42]   task: {'kind': 'rul', 'n_train': 7051, 'n_test': 5625, 'd': 300, 'window': 20, 'n_channels': 15, 'n_bins': 25, 'cap': 125.0, 'censored_frac': 0.5884271860122681, 'train_units': 100, 'test_units': 100, 'censored_units': 68, 'n_regimes': 3, 'seed': 1, 'per_regime_norm': True, 'test_windows': 'all', 'official_test_fleet': True, 'dataset': 'cmapss:FD001', 'subset': 'FD001', 'dropped_constant_sensors': 6, 'source': 'NASA C-MAPSS (real)'}
    [surv] epoch   0  censored-NLL 60491.113
    [surv] epoch   7  censored-NLL  270.655
    [surv] epoch  14  censored-NLL  232.658
    [surv] epoch  21  censored-NLL  229.106
    [surv] epoch  28  censored-NLL  227.208
    [surv] epoch  35  censored-NLL  225.030
    [surv] epoch  42  censored-NLL  223.132
    [surv] epoch  49  censored-NLL  221.990
    [surv] epoch  56  censored-NLL  222.898
[15:51:51]   surv_dropped_nll: first=60491.1135 last=222.9058 (60 epochs)
[15:51:51]   surv_dropped: fit 8.9s · 43,356 params
    [surv] epoch   0  censored-NLL 32736.682
    [surv] epoch   7  censored-NLL  227.557
    [surv] epoch  14  censored-NLL  215.116
    [surv] epoch  21  censored-NLL  212.491
    [surv] epoch  28  censored-NLL  211.643
    [surv] epoch  35  censored-NLL  211.282
    [surv] epoch  42  censored-NLL  211.026
    [surv] epoch  49  censored-NLL  210.964
    [surv] epoch  56  censored-NLL  210.809
[15:52:23]   surv_censored_nll: first=32736.6815 last=210.8027 (60 epochs)
[15:52:23]   surv_censored: fit 30.9s · 43,356 params
[15:52:27]   partial evidence (3 dead): CRPS exact-marginal 9.214 vs imputed 14.731 (full 9.160)
[15:52:27]   exact survival S(t|x), grouped by TRUE remaining life:
[15:52:27]     RUL   0-20  n=   55  S(20)=0.384  S(40)=0.087  S(60)=0.033
[15:52:27]     RUL  20-50  n=  372  S(20)=0.880  S(40)=0.677  S(60)=0.479
[15:52:27]     RUL  50-90  n=  836  S(20)=0.995  S(40)=0.952  S(60)=0.881
[15:52:27]     RUL  90-126 n= 4362  S(20)=1.000  S(40)=0.995  S(60)=0.975
[15:52:27] --- stage rul done in 44.8s ---
[15:52:27] === run ok · 44.8s · peak RSS 1.872 GB ===

>>> [12/12] censor_frac-0.7 · seed 2 · logs/ts/cmapss_rul/censor_frac-0.7/seed2 · mean 1.0 min/run · ETA 1 min for the remaining 1
[15:52:27] === run start · seed2 · seed 2 · hash 6c9f98d3c4a8 ===
[15:52:27] stages ['rul'] · device cuda · dataset cmapss:FD001
[15:52:27] --- stage: rul ---
[15:52:27]   data: FleetPair(cmapss:FD001: train=100 units, test=100 units, C=15, regimes=3, cap=125)  (0.1s)
[15:52:27]   task: {'kind': 'rul', 'n_train': 6935, 'n_test': 5625, 'd': 300, 'window': 20, 'n_channels': 15, 'n_bins': 25, 'cap': 125.0, 'censored_frac': 0.6187455058097839, 'train_units': 100, 'test_units': 100, 'censored_units': 73, 'n_regimes': 3, 'seed': 2, 'per_regime_norm': True, 'test_windows': 'all', 'official_test_fleet': True, 'dataset': 'cmapss:FD001', 'subset': 'FD001', 'dropped_constant_sensors': 6, 'source': 'NASA C-MAPSS (real)'}
    [surv] epoch   0  censored-NLL 13814.561
    [surv] epoch   7  censored-NLL  229.417
    [surv] epoch  14  censored-NLL  201.744
    [surv] epoch  21  censored-NLL  197.636
    [surv] epoch  28  censored-NLL  196.012
    [surv] epoch  35  censored-NLL  195.316
    [surv] epoch  42  censored-NLL  194.577
    [surv] epoch  49  censored-NLL  194.401
    [surv] epoch  56  censored-NLL  193.946
[15:52:35]   surv_dropped_nll: first=13814.5610 last=193.8267 (60 epochs)
[15:52:35]   surv_dropped: fit 8.3s · 43,356 params
    [surv] epoch   0  censored-NLL 11945.703
    [surv] epoch   7  censored-NLL  193.390
    [surv] epoch  14  censored-NLL  189.968
    [surv] epoch  21  censored-NLL  189.180
    [surv] epoch  28  censored-NLL  188.438
    [surv] epoch  35  censored-NLL  187.988
    [surv] epoch  42  censored-NLL  187.800
    [surv] epoch  49  censored-NLL  187.556
    [surv] epoch  56  censored-NLL  187.606
[15:53:07]   surv_censored_nll: first=11945.7028 last=187.3836 (60 epochs)
[15:53:07]   surv_censored: fit 31.0s · 43,356 params
[15:53:11]   partial evidence (3 dead): CRPS exact-marginal 9.577 vs imputed 14.181 (full 9.477)
[15:53:11]   exact survival S(t|x), grouped by TRUE remaining life:
[15:53:11]     RUL   0-20  n=   55  S(20)=0.471  S(40)=0.185  S(60)=0.079
[15:53:11]     RUL  20-50  n=  372  S(20)=0.931  S(40)=0.769  S(60)=0.575
[15:53:11]     RUL  50-90  n=  836  S(20)=0.997  S(40)=0.964  S(60)=0.894
[15:53:11]     RUL  90-126 n= 4362  S(20)=1.000  S(40)=0.997  S(60)=0.987
[15:53:11] --- stage rul done in 44.4s ---
[15:53:11] === run ok · 44.4s · peak RSS 1.872 GB ===

==============================================================================
 batch finished in 11.2 min — 12 ok, 0 skipped, 0 failed
==============================================================================

=== rul (mean ± sd over seeds) ===

method                                   variant                                rmse                mae               nasa               crps     interval_score               picp               mpiw          calib_err  seeds
--------------------------------------------------------------------------------------------------------------------------------------------------------------------------------------------------------------------------------
SurvivalPC (exact censored lik.) [all]   censor_frac-0.35             19.3441±0.6539     14.7369±0.7119   1.215e+05±1e+04       8.0793±0.3837     90.3090±0.3878      0.3791±0.0127     50.3618±3.1132      0.2058±0.0039      3
SurvivalPC (exact censored lik.) [all]   censor_frac-0.2              19.4711±1.2883     15.1379±1.2477   1.004e+05±1e+04       8.0860±0.7468     90.0234±2.4910      0.3807±0.0118     50.5881±1.1603      0.2216±0.0013      3
SurvivalPC (drop censored) [all]         censor_frac-0.2              19.8146±1.0552     15.8571±1.0363  77039.6382±15760.1527      8.2719±0.6261     90.9914±1.4155      0.3852±0.0108     52.4444±1.7765      0.2355±0.0060      3
SurvivalPC (exact censored lik.) [all]   censor_frac-0.5              19.8169±1.6107     14.7762±1.7181   1.468e+05±2e+04       8.4035±0.8494     91.5010±2.4291      0.3705±0.0158     48.7840±7.2689      0.1981±0.0040      3
SurvivalPC (drop censored) [all]         censor_frac-0.35             20.1498±1.2812     16.2484±1.3388  79769.0397±14153.9138      8.4345±0.6664     91.3938±1.2151      0.3936±0.0066     54.9701±2.8737      0.2318±0.0095      3
SurvivalPC (drop censored) [all]         censor_frac-0.7              20.0581±1.6733     15.9332±1.9465   1.010e+05±4e+04       8.4433±0.8557     91.1748±1.5426      0.3881±0.0093     53.0237±5.7430      0.2262±0.0195      3
SurvivalPC (drop censored) [all]         censor_frac-0.5              21.0346±2.4901     17.0821±2.4923  76022.7260±11641.7718      8.9307±1.3423     93.1449±2.8449      0.3906±0.0109     55.7606±5.8184      0.2388±0.0132      3
SurvivalPC (exact censored lik.) [all]   censor_frac-0.7              20.5872±0.7083     14.0411±0.7460   2.310e+05±4e+04       9.0659±0.4652     98.5034±6.3937      0.3186±0.0313     37.9695±7.0795      0.2078±0.0052      3
SurvivalPC (drop censored) [last]        censor_frac-0.2              18.8147±1.4127     14.1722±1.1936    983.3046±226.8655     10.2441±0.6754     70.9500±6.1010      0.7967±0.0208     56.2500±2.6754      0.0473±0.0133      3
SurvivalPC (drop censored) [last]        censor_frac-0.35             19.4981±1.5232     14.6280±1.3160   1909.0286±933.6211     10.4442±0.6783     71.3167±5.9936      0.8233±0.0115     57.4833±3.7072      0.0597±0.0067      3
SurvivalPC (drop censored) [last]        censor_frac-0.5              20.0167±2.3322     15.1139±2.0016   1970.4729±626.1225     10.8543±1.2403     75.9167±9.0239      0.8200±0.0173     57.9167±5.6583      0.0463±0.0147      3
SurvivalPC (drop censored) [last]        censor_frac-0.7              20.0215±0.9706     15.3291±0.6731   1809.6162±904.5888     10.9434±0.1196     73.0333±6.2977      0.7900±0.0265     54.8000±6.8361      0.0743±0.0329      3
SurvivalPC (exact censored lik.) [last]  censor_frac-0.2              20.1947±1.4088     14.8772±1.6698   2226.1344±553.9813     10.9930±0.7900     72.5833±8.0670      0.7933±0.0462     56.2500±1.5207      0.0647±0.0095      3
SurvivalPC (exact censored lik.) [last]  censor_frac-0.35             19.8047±1.0538     14.3640±1.0583   2443.5453±1205.8624     11.0300±0.6830     72.8667±1.5185      0.7900±0.0100     55.5667±2.9582      0.0940±0.0096      3
SurvivalPC (exact censored lik.) [last]  censor_frac-0.5              21.0923±2.4422     15.6177±1.6902   2649.9649±2162.9285     12.0841±1.4403     77.3167±8.8778      0.7967±0.0321     55.3500±6.8886      0.1117±0.0059      3
SurvivalPC (exact censored lik.) [last]  censor_frac-0.7              24.3149±0.5951     17.8190±0.3276   4429.3848±1548.4200     14.3318±0.3238     91.5500±10.2734      0.7067±0.0379     47.8167±4.3538      0.1693±0.0085      3
MLP regressor [all]                      censor_frac-0.2              17.8999±0.8406     14.0470±0.6434  33142.2033±3691.5423                  —                  —                  —                  —                  —      3
MLP regressor [all]                      censor_frac-0.35             18.2891±0.3084     14.3392±0.2638  37931.6195±1681.1539                  —                  —                  —                  —                  —      3
MLP regressor [all]                      censor_frac-0.5              18.9786±0.3506     14.9165±0.3378  43313.9459±4093.2745                  —                  —                  —                  —                  —      3
MLP regressor [all]                      censor_frac-0.7              20.0430±0.4860     15.8311±0.4108  49528.5436±7382.3949                  —                  —                  —                  —                  —      3
MLP regressor [last]                     censor_frac-0.2              17.4625±0.4178     13.0562±0.5921    675.7518±100.1038                  —                  —                  —                  —                  —      3
MLP regressor [last]                     censor_frac-0.35             18.1233±0.4378     13.2383±0.5356    827.7861±95.2429                  —                  —                  —                  —                  —      3
MLP regressor [last]                     censor_frac-0.5              18.9633±0.8245     13.6972±0.7003    898.2415±156.9609                  —                  —                  —                  —                  —      3
MLP regressor [last]                     censor_frac-0.7              19.6741±1.2734     14.7211±0.8933   1147.9622±316.7267                  —                  —                  —                  —                  —      3
quantile reg. + conformal (CQR) [all]    censor_frac-0.2              18.1105±0.1182     14.2564±0.1098  30117.1700±1278.7796                  —     80.5062±3.1691      0.7948±0.0293     48.8550±1.4253                  —      3
quantile reg. + conformal (CQR) [all]    censor_frac-0.35             18.5743±0.6170     14.6569±0.5730  32832.6502±461.3298                  —     83.5719±2.4312      0.8070±0.0191     50.3703±2.3155                  —      3
quantile reg. + conformal (CQR) [all]    censor_frac-0.5              19.5212±0.2685     15.4189±0.2920  39974.6302±1228.9159                  —     86.3314±3.0086      0.8337±0.0073     55.2660±0.1600                  —      3
quantile reg. + conformal (CQR) [all]    censor_frac-0.7              20.8636±0.5789     16.5897±0.4364  54439.9182±11259.7994                  —     96.5649±6.7176      0.8155±0.0430     58.6079±5.9862                  —      3
quantile reg. + conformal (CQR) [last]   censor_frac-0.2              17.0166±0.3115     12.1936±0.3419    691.3404±19.8756                  —     77.6447±4.2528      0.8700±0.0200     47.4467±0.2383                  —      3
quantile reg. + conformal (CQR) [last]   censor_frac-0.35             17.0392±0.1483     12.2858±0.1044    670.5570±104.4010                  —     78.2312±1.3660      0.8900±0.0200     48.3795±0.7115                  —      3
quantile reg. + conformal (CQR) [last]   censor_frac-0.5              18.5872±0.8049     13.8037±0.6953    940.4795±129.7461                  —     79.4773±2.8716      0.8833±0.0404     52.3512±0.9391                  —      3
quantile reg. + conformal (CQR) [last]   censor_frac-0.7              19.8371±1.1044     15.3150±1.4319   1021.0458±209.2724                  —     82.3010±2.7711      0.8867±0.0321     55.9820±4.6462                  —      3
ridge regression [all]                   censor_frac-0.2              18.2775±0.1812     14.7857±0.1676  28847.8878±109.1182                  —                  —                  —                  —                  —      3
ridge regression [all]                   censor_frac-0.35             18.2509±0.3492     14.7818±0.3605  29362.5361±463.5760                  —                  —                  —                  —                  —      3
ridge regression [all]                   censor_frac-0.5              18.3192±0.1276     14.8294±0.0447  29691.5598±1087.8205                  —                  —                  —                  —                  —      3
ridge regression [all]                   censor_frac-0.7              19.0356±0.6509     15.3340±0.6640  35156.8697±1694.4448                  —                  —                  —                  —                  —      3
ridge regression [last]                  censor_frac-0.2              17.8203±0.0851     14.4796±0.1234    586.6905±5.7305                  —                  —                  —                  —                  —      3
ridge regression [last]                  censor_frac-0.35             17.7795±0.3436     14.3929±0.3268    604.3683±42.3619                  —                  —                  —                  —                  —      3
ridge regression [last]                  censor_frac-0.5              17.8951±0.8769     14.3924±0.6041    608.2153±82.7251                  —                  —                  —                  —                  —      3
ridge regression [last]                  censor_frac-0.7              18.8759±1.0601     15.0003±0.6014    741.5402±186.0560                  —                  —                  —                  —                  —      3

=== rul_partial (mean ± sd over seeds) ===

method                       variant                           crps_full crps_exact_marginal       crps_imputed          rmse_full rmse_exact_marginal       rmse_imputed picp_exact_marginal       picp_imputed  seeds
-----------------------------------------------------------------------------------------------------------------------------------------------------------------------------------------------------------------------
PC · 3 dead sensors          censor_frac-0.2               8.0860±0.7468      8.1762±0.7089     28.8691±14.3303     19.4711±1.2883     19.6140±1.2224     49.4006±14.6104      0.3813±0.0120      0.3480±0.1495      3
PC · 3 dead sensors          censor_frac-0.35              8.0793±0.3837      8.2429±0.4198     22.3941±11.1517     19.3441±0.6539     19.6402±0.7063     41.6258±14.4997      0.3773±0.0108      0.3075±0.1517      3
PC · 3 dead sensors          censor_frac-0.5               8.4035±0.8494      8.5170±0.8033     15.7543±4.5552     19.8169±1.6107     20.0185±1.5355     33.4131±8.2638      0.3673±0.0153      0.4067±0.0438      3
PC · 3 dead sensors          censor_frac-0.7               9.0659±0.4652      9.1444±0.4719     14.9713±0.9335     20.5872±0.7083     20.7209±0.7111     32.6850±1.4340      0.3180±0.0331      0.4289±0.0025      3

wrote logs/ts/cmapss_rul/summary.csv, summary.json, summary.md

