==============================================================================
 experiment: cmapss_calibration   (config/ts/cmapss_calibration.yaml)
 Split conformal (CQR-style and PIT recalibration) applied to the circuit's own
 output:     logs/ts/cmapss_calibration
==============================================================================

4 variant(s) × 5 seed(s) = 20 run(s)

  subset-FD001_alpha-0.1                 dataset=cmapss:FD001     stages=calibration
  subset-FD001_alpha-0.2                 dataset=cmapss:FD001     stages=calibration
  subset-FD002_alpha-0.1                 dataset=cmapss:FD002     stages=calibration
  subset-FD002_alpha-0.2                 dataset=cmapss:FD002     stages=calibration

  [skip] subset-FD001_alpha-0.1 seed 0 (done in 2229.14s)

>>> subset-FD001_alpha-0.1 · seed 1 · logs/ts/cmapss_calibration/subset-FD001_alpha-0.1/seed1
[12:37:45] === run start · seed1 · seed 1 · hash 89804b0f0ed6 ===
[12:37:45] stages ['calibration'] · device cuda · dataset cmapss:FD001
[12:37:45] --- stage: calibration ---
[12:37:45]   data: FleetPair(cmapss:FD001: train=100 units, test=100 units, C=15, regimes=3, cap=125)  (0.6s)
[12:37:45]   task: {'kind': 'rul', 'n_train': 8295, 'n_test': 5625, 'd': 300, 'window': 20, 'n_channels': 15, 'n_bins': 25, 'cap': 125.0, 'censored_frac': 0.2788426876068115, 'train_units': 100, 'test_units': 100, 'censored_units': 38, 'n_regimes': 3, 'seed': 1, 'per_regime_norm': True, 'test_windows': 'all', 'official_test_fleet': True, 'dataset': 'cmapss:FD001', 'subset': 'FD001', 'dropped_constant_sensors': 6, 'source': 'NASA C-MAPSS (real)'}
[12:37:45]   conformal split: 5748 fit windows / 1879 calibration windows (100 units total)
    [surv] epoch   0  censored-NLL 26766.685
    [surv] epoch   7  censored-NLL  202.036
    [surv] epoch  14  censored-NLL  198.558
    [surv] epoch  21  censored-NLL  199.256
    [surv] epoch  28  censored-NLL  195.960
    [surv] epoch  35  censored-NLL  195.074
    [surv] epoch  42  censored-NLL  194.692
    [surv] epoch  49  censored-NLL  194.187
    [surv] epoch  56  censored-NLL  194.178
[13:13:18]   surv_conformal_nll: first=26766.6851 last=193.9788 (60 epochs)
[13:13:18]   surv_conformal: fit 2132.4s · 43,356 params
[13:15:08]   conformal[cqr]: PICP 0.951 (nominal 0.90), MPIW 55.4 (raw PICP 0.372, MPIW 50.4)
[13:16:12]   conformal[pit]: PICP 0.390 (nominal 0.90), MPIW 57.0 (raw PICP 0.372, MPIW 50.4)
[13:16:13] --- stage calibration done in 2308.4s ---
[13:16:13] === run ok · 2308.5s · peak RSS 2.028 GB ===

>>> subset-FD001_alpha-0.1 · seed 2 · logs/ts/cmapss_calibration/subset-FD001_alpha-0.1/seed2
[13:16:13] === run start · seed2 · seed 2 · hash 89804b0f0ed6 ===
[13:16:13] stages ['calibration'] · device cuda · dataset cmapss:FD001
[13:16:13] --- stage: calibration ---
[13:16:13]   data: FleetPair(cmapss:FD001: train=100 units, test=100 units, C=15, regimes=3, cap=125)  (0.2s)
[13:16:13]   task: {'kind': 'rul', 'n_train': 8100, 'n_test': 5625, 'd': 300, 'window': 20, 'n_channels': 15, 'n_bins': 25, 'cap': 125.0, 'censored_frac': 0.2822222113609314, 'train_units': 100, 'test_units': 100, 'censored_units': 36, 'n_regimes': 3, 'seed': 2, 'per_regime_norm': True, 'test_windows': 'all', 'official_test_fleet': True, 'dataset': 'cmapss:FD001', 'subset': 'FD001', 'dropped_constant_sensors': 6, 'source': 'NASA C-MAPSS (real)'}
[13:16:13]   conformal split: 5884 fit windows / 1217 calibration windows (100 units total)
    [surv] epoch   0  censored-NLL 19924.184
    [surv] epoch   7  censored-NLL  191.994
    [surv] epoch  14  censored-NLL  187.045
    [surv] epoch  21  censored-NLL  182.998
    [surv] epoch  28  censored-NLL  181.761
    [surv] epoch  35  censored-NLL  182.201
    [surv] epoch  42  censored-NLL  181.437
    [surv] epoch  49  censored-NLL  180.860
    [surv] epoch  56  censored-NLL  180.373
[13:52:06]   surv_conformal_nll: first=19924.1843 last=180.1982 (60 epochs)
[13:52:06]   surv_conformal: fit 2152.9s · 43,356 params
[13:53:51]   conformal[cqr]: PICP 0.968 (nominal 0.90), MPIW 59.6 (raw PICP 0.395, MPIW 54.6)
[13:54:50]   conformal[pit]: PICP 0.400 (nominal 0.90), MPIW 58.3 (raw PICP 0.395, MPIW 54.6)
[13:54:51] --- stage calibration done in 2317.5s ---
[13:54:51] === run ok · 2317.5s · peak RSS 2.086 GB ===

>>> subset-FD001_alpha-0.1 · seed 3 · logs/ts/cmapss_calibration/subset-FD001_alpha-0.1/seed3
[13:54:51] === run start · seed3 · seed 3 · hash 89804b0f0ed6 ===
[13:54:51] stages ['calibration'] · device cuda · dataset cmapss:FD001
[13:54:51] --- stage: calibration ---
[13:54:51]   data: FleetPair(cmapss:FD001: train=100 units, test=100 units, C=15, regimes=3, cap=125)  (0.1s)
[13:54:51]   task: {'kind': 'rul', 'n_train': 8194, 'n_test': 5625, 'd': 300, 'window': 20, 'n_channels': 15, 'n_bins': 25, 'cap': 125.0, 'censored_frac': 0.26348549127578735, 'train_units': 100, 'test_units': 100, 'censored_units': 34, 'n_regimes': 3, 'seed': 3, 'per_regime_norm': True, 'test_windows': 'all', 'official_test_fleet': True, 'dataset': 'cmapss:FD001', 'subset': 'FD001', 'dropped_constant_sensors': 6, 'source': 'NASA C-MAPSS (real)'}
[13:54:51]   conformal split: 5869 fit windows / 1610 calibration windows (100 units total)
    [surv] epoch   0  censored-NLL 12319.598
    [surv] epoch   7  censored-NLL  179.026
    [surv] epoch  14  censored-NLL  175.126
    [surv] epoch  21  censored-NLL  175.087
    [surv] epoch  28  censored-NLL  173.948
    [surv] epoch  35  censored-NLL  173.479
    [surv] epoch  42  censored-NLL  173.042
