==============================================================================
 experiment: cmapss_ad   (config/ts/cmapss_ad.yaml)
 Detection on real NASA C-MAPSS, FD001-FD004: circuit vs the full baseline
 output:     logs/ts/cmapss_ad
==============================================================================

4 variant(s) × 3 seed(s) = 12 run(s)

  subset-FD001                           dataset=cmapss:FD001     stages=ad
  subset-FD002                           dataset=cmapss:FD002     stages=ad
  subset-FD003                           dataset=cmapss:FD003     stages=ad
  subset-FD004                           dataset=cmapss:FD004     stages=ad


>>> [1/12] subset-FD001 · seed 0 · logs/ts/cmapss_ad/subset-FD001/seed0
[14:44:12] === run start · seed0 · seed 0 · hash bb7342c5db78 ===
[14:44:12] stages ['ad'] · device cuda · dataset cmapss:FD001
[14:44:12] --- stage: ad ---
[14:44:12]   data: FleetPair(cmapss:FD001: train=100 units, test=100 units, C=15, regimes=3, cap=125)  (0.7s)
[14:44:12]   task: {'kind': 'ad', 'n_train': 5290, 'n_test': 4608, 'd': 300, 'window': 20, 'n_channels': 15, 'anomaly_rate': 0.1317274272441864, 'kind_counts': {'normal': 4001, 'spike': 130, 'offset': 113, 'drift': 102, 'desync': 111, 'decouple': 105, 'organic': 46}, 'train_units': 100, 'test_units': 100, 'n_regimes': 3, 'seed': 0, 'per_regime_norm': True, 'official_test_fleet': True, 'dataset': 'cmapss:FD001', 'cap': 125.0, 'subset': 'FD001', 'dropped_constant_sensors': 6, 'source': 'NASA C-MAPSS (real)'}
    [pc] epoch   0  nll 11892.794
    [pc] epoch   6  nll  144.622
    [pc] epoch  12  nll  139.282
    [pc] epoch  18  nll  138.702
    [pc] epoch  24  nll  138.323
    [pc] epoch  30  nll  137.957
    [pc] epoch  36  nll  137.987
    [pc] epoch  42  nll  137.780
    [pc] epoch  48  nll  137.660
[14:44:21]   pc_train_nll: first=11892.7944 last=137.6767 (50 epochs)
[14:44:21]   pc: fit 8.9s · 15,360 params · score sd 20.963 · device cuda · layered · 29,687 win/s
[14:44:29]   typed decomposition (mean worst-channel surprise):
[14:44:29]        normal  n= 4001  marginal    23.55  conditional    23.36  structural     5.76
[14:44:29]      decouple  n=  105  marginal    24.07  conditional    23.79  structural     5.32
[14:44:29]        desync  n=  111  marginal    23.37  conditional    35.58  structural    21.89
[14:44:29]         drift  n=  102  marginal   625.38  conditional   706.15  structural   105.38
[14:44:29]        offset  n=  113  marginal   374.02  conditional   440.26  structural    89.05
[14:44:29]       organic  n=   46  marginal   112.72  conditional   157.36  structural    79.87
[14:44:29]         spike  n=  130  marginal    54.49  conditional    64.01  structural    15.11
[14:44:29] --- stage ad done in 17.2s ---
[14:44:29] === run ok · 17.3s · peak RSS 1.869 GB ===

>>> [2/12] subset-FD001 · seed 1 · logs/ts/cmapss_ad/subset-FD001/seed1 · mean 0.3 min/run · ETA 3 min for the remaining 11
[14:44:29] === run start · seed1 · seed 1 · hash bb7342c5db78 ===
[14:44:29] stages ['ad'] · device cuda · dataset cmapss:FD001
[14:44:29] --- stage: ad ---
[14:44:29]   data: FleetPair(cmapss:FD001: train=100 units, test=100 units, C=15, regimes=3, cap=125)  (0.1s)
[14:44:29]   task: {'kind': 'ad', 'n_train': 5290, 'n_test': 4608, 'd': 300, 'window': 20, 'n_channels': 15, 'anomaly_rate': 0.1228298619389534, 'kind_counts': {'normal': 4042, 'desync': 102, 'drift': 102, 'offset': 103, 'decouple': 102, 'spike': 111, 'organic': 46}, 'train_units': 100, 'test_units': 100, 'n_regimes': 3, 'seed': 1, 'per_regime_norm': True, 'official_test_fleet': True, 'dataset': 'cmapss:FD001', 'cap': 125.0, 'subset': 'FD001', 'dropped_constant_sensors': 6, 'source': 'NASA C-MAPSS (real)'}
    [pc] epoch   0  nll 42789.982
    [pc] epoch   6  nll  173.132
    [pc] epoch  12  nll  161.796
    [pc] epoch  18  nll  158.701
    [pc] epoch  24  nll  155.356
    [pc] epoch  30  nll  153.959
    [pc] epoch  36  nll  153.071
    [pc] epoch  42  nll  152.672
    [pc] epoch  48  nll  151.952
[14:44:39]   pc_train_nll: first=42789.9824 last=152.0902 (50 epochs)
[14:44:39]   pc: fit 10.2s · 15,360 params · score sd 26.862 · device cuda · layered · 25,958 win/s
[14:44:45]   typed decomposition (mean worst-channel surprise):
[14:44:45]        normal  n= 4042  marginal    23.73  conditional    24.27  structural     6.85
[14:44:45]      decouple  n=  102  marginal    23.73  conditional    24.32  structural     7.55
[14:44:45]        desync  n=  102  marginal    24.05  conditional    35.44  structural    20.18
[14:44:45]         drift  n=  102  marginal   960.32  conditional  1039.03  structural    94.88
[14:44:45]        offset  n=  103  marginal   446.42  conditional   500.98  structural    78.14
[14:44:45]       organic  n=   46  marginal   121.29  conditional   135.81  structural    43.35
[14:44:45]         spike  n=  111  marginal    58.09  conditional    66.54  structural    16.04
[14:44:45] --- stage ad done in 15.8s ---
[14:44:45] === run ok · 15.8s · peak RSS 1.888 GB ===

>>> [3/12] subset-FD001 · seed 2 · logs/ts/cmapss_ad/subset-FD001/seed2 · mean 0.3 min/run · ETA 3 min for the remaining 10
[14:44:45] === run start · seed2 · seed 2 · hash bb7342c5db78 ===
[14:44:45] stages ['ad'] · device cuda · dataset cmapss:FD001
[14:44:45] --- stage: ad ---
[14:44:45]   data: FleetPair(cmapss:FD001: train=100 units, test=100 units, C=15, regimes=3, cap=125)  (0.1s)
[14:44:45]   task: {'kind': 'ad', 'n_train': 5290, 'n_test': 4608, 'd': 300, 'window': 20, 'n_channels': 15, 'anomaly_rate': 0.1265190988779068, 'kind_counts': {'normal': 4025, 'offset': 105, 'drift': 102, 'spike': 111, 'decouple': 94, 'desync': 125, 'organic': 46}, 'train_units': 100, 'test_units': 100, 'n_regimes': 3, 'seed': 2, 'per_regime_norm': True, 'official_test_fleet': True, 'dataset': 'cmapss:FD001', 'cap': 125.0, 'subset': 'FD001', 'dropped_constant_sensors': 6, 'source': 'NASA C-MAPSS (real)'}
    [pc] epoch   0  nll 12299.011
    [pc] epoch   6  nll  143.801
    [pc] epoch  12  nll  139.786
    [pc] epoch  18  nll  138.636
    [pc] epoch  24  nll  137.597
    [pc] epoch  30  nll  137.008
    [pc] epoch  36  nll  136.715
    [pc] epoch  42  nll  136.792
    [pc] epoch  48  nll  136.623
[14:44:53]   pc_train_nll: first=12299.0106 last=136.5536 (50 epochs)
[14:44:53]   pc: fit 7.6s · 15,360 params · score sd 21.332 · device cuda · layered · 34,895 win/s
[14:44:59]   typed decomposition (mean worst-channel surprise):
[14:44:59]        normal  n= 4025  marginal    23.49  conditional    23.31  structural     5.68
[14:44:59]      decouple  n=   94  marginal    23.30  conditional    22.88  structural     4.96
[14:44:59]        desync  n=  125  marginal    23.42  conditional    38.05  structural    23.44
[14:44:59]         drift  n=  102  marginal   652.20  conditional   718.32  structural    88.38
[14:44:59]        offset  n=  105  marginal   451.33  conditional   525.24  structural   101.81
[14:44:59]       organic  n=   46  marginal   116.53  conditional   149.07  structural    70.87
[14:44:59]         spike  n=  111  marginal    54.45  conditional    64.39  structural    14.74
[14:44:59] --- stage ad done in 14.1s ---
[14:44:59] === run ok · 14.1s · peak RSS 1.888 GB ===

>>> [4/12] subset-FD002 · seed 0 · logs/ts/cmapss_ad/subset-FD002/seed0 · mean 0.3 min/run · ETA 2 min for the remaining 9
[14:44:59] === run start · seed0 · seed 0 · hash 66cfa58bf9d8 ===
[14:44:59] stages ['ad'] · device cuda · dataset cmapss:FD002
[14:44:59] --- stage: ad ---
[14:45:00]   data: FleetPair(cmapss:FD002: train=260 units, test=259 units, C=21, regimes=3, cap=125)  (0.9s)
[14:45:00]   task: {'kind': 'ad', 'n_train': 13817, 'n_test': 11812, 'd': 420, 'window': 20, 'n_channels': 21, 'anomaly_rate': 0.13782593607902527, 'kind_counts': {'normal': 10184, 'spike': 324, 'offset': 290, 'drift': 282, 'desync': 258, 'organic': 201, 'decouple': 273}, 'train_units': 260, 'test_units': 259, 'n_regimes': 3, 'seed': 0, 'per_regime_norm': True, 'official_test_fleet': True, 'dataset': 'cmapss:FD002', 'cap': 125.0, 'subset': 'FD002', 'dropped_constant_sensors': 0, 'source': 'NASA C-MAPSS (real)'}
    [pc] epoch   0  nll 11062.454
    [pc] epoch   6  nll  273.388
    [pc] epoch  12  nll  283.250
    [pc] epoch  18  nll  268.725
    [pc] epoch  24  nll  256.265
    [pc] epoch  30  nll  234.323
    [pc] epoch  36  nll  237.134
    [pc] epoch  42  nll  231.834
    [pc] epoch  48  nll  216.394
[14:45:26]   pc_train_nll: first=11062.4538 last=219.4927 (50 epochs)
[14:45:26]   pc: fit 26.5s · 17,280 params · score sd 72.741 · device cuda · layered · 26,037 win/s
[14:45:55]   typed decomposition (mean worst-channel surprise):
[14:45:55]        normal  n=10184  marginal 15668365.00  conditional 15948762.00  structural 281478.72
[14:45:55]      decouple  n=  273  marginal 16363211.00  conditional 16661812.00  structural 303504.81
[14:45:55]        desync  n=  258  marginal 14165319.00  conditional 14407880.00  structural 249445.94
[14:45:55]         drift  n=  282  marginal 15546637.00  conditional 15862228.00  structural 328775.97
[14:45:55]        offset  n=  290  marginal 14944395.00  conditional 15228506.00  structural 305026.44
[14:45:55]       organic  n=  201  marginal 21122874.00  conditional 21504738.00  structural 382122.44
[14:45:55]         spike  n=  324  marginal 15799230.00  conditional 16099091.00  structural 301073.81
[14:45:55] --- stage ad done in 56.4s ---
[14:45:55] === run ok · 56.4s · peak RSS 2.197 GB ===

>>> [5/12] subset-FD002 · seed 1 · logs/ts/cmapss_ad/subset-FD002/seed1 · mean 0.4 min/run · ETA 3 min for the remaining 8
[14:45:55] === run start · seed1 · seed 1 · hash 66cfa58bf9d8 ===
[14:45:55] stages ['ad'] · device cuda · dataset cmapss:FD002
[14:45:55] --- stage: ad ---
[14:45:56]   data: FleetPair(cmapss:FD002: train=260 units, test=259 units, C=21, regimes=3, cap=125)  (0.3s)
[14:45:56]   task: {'kind': 'ad', 'n_train': 13817, 'n_test': 11812, 'd': 420, 'window': 20, 'n_channels': 21, 'anomaly_rate': 0.13460887968540192, 'kind_counts': {'normal': 10222, 'desync': 299, 'drift': 293, 'offset': 273, 'decouple': 266, 'spike': 258, 'organic': 201}, 'train_units': 260, 'test_units': 259, 'n_regimes': 3, 'seed': 1, 'per_regime_norm': True, 'official_test_fleet': True, 'dataset': 'cmapss:FD002', 'cap': 125.0, 'subset': 'FD002', 'dropped_constant_sensors': 0, 'source': 'NASA C-MAPSS (real)'}
    [pc] epoch   0  nll 11179.369
    [pc] epoch   6  nll  294.696
    [pc] epoch  12  nll  297.202
    [pc] epoch  18  nll  289.240
    [pc] epoch  24  nll  269.976
    [pc] epoch  30  nll  272.032
    [pc] epoch  36  nll  250.755
    [pc] epoch  42  nll  236.273
    [pc] epoch  48  nll  236.795
[14:46:22]   pc_train_nll: first=11179.3686 last=237.5799 (50 epochs)
[14:46:22]   pc: fit 26.5s · 17,280 params · score sd 76.531 · device cuda · layered · 26,062 win/s
[14:46:52]   typed decomposition (mean worst-channel surprise):
[14:46:52]        normal  n=10222  marginal    32.75  conditional    50.49  structural    22.64
[14:46:52]      decouple  n=  266  marginal    33.74  conditional  8762.04  structural  8760.76
[14:46:52]        desync  n=  299  marginal    32.84  conditional 14217.63  structural 14235.28
[14:46:52]         drift  n=  293  marginal 63585.11  conditional 80999.28  structural 17526.17
[14:46:52]        offset  n=  273  marginal 59303.02  conditional 78008.51  structural 18791.66
[14:46:52]       organic  n=  201  marginal    88.47  conditional   107.71  structural    44.32
[14:46:52]         spike  n=  258  marginal 13772.89  conditional 14081.44  structural   321.42
[14:46:52] --- stage ad done in 56.6s ---
[14:46:52] === run ok · 56.6s · peak RSS 2.242 GB ===

>>> [6/12] subset-FD002 · seed 2 · logs/ts/cmapss_ad/subset-FD002/seed2 · mean 0.5 min/run · ETA 4 min for the remaining 7
[14:46:52] === run start · seed2 · seed 2 · hash 66cfa58bf9d8 ===
[14:46:52] stages ['ad'] · device cuda · dataset cmapss:FD002
[14:46:52] --- stage: ad ---
[14:46:53]   data: FleetPair(cmapss:FD002: train=260 units, test=259 units, C=21, regimes=3, cap=125)  (0.8s)
[14:46:53]   task: {'kind': 'ad', 'n_train': 13817, 'n_test': 11812, 'd': 420, 'window': 20, 'n_channels': 21, 'anomaly_rate': 0.1360480934381485, 'kind_counts': {'normal': 10205, 'offset': 283, 'drift': 282, 'spike': 288, 'decouple': 271, 'desync': 282, 'organic': 201}, 'train_units': 260, 'test_units': 259, 'n_regimes': 3, 'seed': 2, 'per_regime_norm': True, 'official_test_fleet': True, 'dataset': 'cmapss:FD002', 'cap': 125.0, 'subset': 'FD002', 'dropped_constant_sensors': 0, 'source': 'NASA C-MAPSS (real)'}
    [pc] epoch   0  nll 11157.585
    [pc] epoch   6  nll  321.767
    [pc] epoch  12  nll  326.906
    [pc] epoch  18  nll  315.743
    [pc] epoch  24  nll  298.387
    [pc] epoch  30  nll  274.124
    [pc] epoch  36  nll  267.848
    [pc] epoch  42  nll  259.184
    [pc] epoch  48  nll  256.540
[14:47:16]   pc_train_nll: first=11157.5852 last=255.0624 (50 epochs)
[14:47:16]   pc: fit 23.4s · 17,280 params · score sd 74.280 · device cuda · layered · 29,583 win/s
[14:47:45]   typed decomposition (mean worst-channel surprise):
[14:47:45]        normal  n=10205  marginal 11498795957374418944.00  conditional 11498797056886046720.00  structural 1176665063424.00
[14:47:45]      decouple  n=  271  marginal 12122867762183798784.00  conditional 12233385173449703424.00  structural 110518536547336192.00
[14:47:45]        desync  n=  282  marginal 10525091549560176640.00  conditional 10525093748583432192.00  structural 892670246912.00
[14:47:45]         drift  n=  282  marginal 11661425821750394880.00  conditional 11661426921262022656.00  structural 1174593208320.00
[14:47:45]        offset  n=  283  marginal 11318839988767948800.00  conditional 11318842187791204352.00  structural 1226336239616.00
[14:47:45]       organic  n=  201  marginal 9180726378859855872.00  conditional 9180726378859855872.00  structural 1075127123968.00
[14:47:45]         spike  n=  288  marginal 12064885016493031424.00  conditional 12064886116004659200.00  structural 1109186838528.00
[14:47:45] --- stage ad done in 53.3s ---
[14:47:45] === run ok · 53.3s · peak RSS 2.242 GB ===

>>> [7/12] subset-FD003 · seed 0 · logs/ts/cmapss_ad/subset-FD003/seed0 · mean 0.6 min/run · ETA 4 min for the remaining 6
[14:47:45] === run start · seed0 · seed 0 · hash 00521606a4f1 ===
[14:47:45] stages ['ad'] · device cuda · dataset cmapss:FD003
[14:47:45] --- stage: ad ---
[14:47:46]   data: FleetPair(cmapss:FD003: train=100 units, test=100 units, C=16, regimes=3, cap=125)  (0.4s)
[14:47:46]   task: {'kind': 'ad', 'n_train': 7333, 'n_test': 6353, 'd': 320, 'window': 20, 'n_channels': 16, 'anomaly_rate': 0.12970250844955444, 'kind_counts': {'normal': 5529, 'spike': 169, 'offset': 161, 'drift': 158, 'desync': 138, 'decouple': 150, 'organic': 48}, 'train_units': 100, 'test_units': 100, 'n_regimes': 3, 'seed': 0, 'per_regime_norm': True, 'official_test_fleet': True, 'dataset': 'cmapss:FD003', 'cap': 125.0, 'subset': 'FD003', 'dropped_constant_sensors': 5, 'source': 'NASA C-MAPSS (real)'}
    [pc] epoch   0  nll 1925.725
    [pc] epoch   6  nll   69.104
    [pc] epoch  12  nll   65.120
    [pc] epoch  18  nll   64.270
    [pc] epoch  24  nll   63.555
    [pc] epoch  30  nll   63.084
    [pc] epoch  36  nll   62.535
    [pc] epoch  42  nll   62.023
    [pc] epoch  48  nll   62.034
[14:48:01]   pc_train_nll: first=1925.7255 last=62.0985 (50 epochs)
[14:48:01]   pc: fit 15.0s · 15,680 params · score sd 52.420 · device cuda · layered · 24,474 win/s
[14:48:19]   typed decomposition (mean worst-channel surprise):
[14:48:19]        normal  n= 5529  marginal    23.51  conditional    25.59  structural    15.50
[14:48:19]      decouple  n=  150  marginal    24.98  conditional    32.75  structural    21.05
[14:48:19]        desync  n=  138  marginal    25.01  conditional    92.14  structural    85.51
[14:48:19]         drift  n=  158  marginal    68.68  conditional   218.69  structural   180.54
[14:48:19]        offset  n=  161  marginal   108.51  conditional   344.30  structural   254.88
[14:48:19]       organic  n=   48  marginal   153.25  conditional   126.47  structural    41.91
[14:48:19]         spike  n=  169  marginal    43.02  conditional    62.42  structural    33.15
[14:48:20] --- stage ad done in 34.3s ---
[14:48:20] === run ok · 34.3s · peak RSS 2.242 GB ===

>>> [8/12] subset-FD003 · seed 1 · logs/ts/cmapss_ad/subset-FD003/seed1 · mean 0.6 min/run · ETA 3 min for the remaining 5
[14:48:20] === run start · seed1 · seed 1 · hash 00521606a4f1 ===
[14:48:20] stages ['ad'] · device cuda · dataset cmapss:FD003
[14:48:20] --- stage: ad ---
[14:48:20]   data: FleetPair(cmapss:FD003: train=100 units, test=100 units, C=16, regimes=3, cap=125)  (0.9s)
[14:48:20]   task: {'kind': 'ad', 'n_train': 7333, 'n_test': 6353, 'd': 320, 'window': 20, 'n_channels': 16, 'anomaly_rate': 0.1246655136346817, 'kind_counts': {'normal': 5561, 'desync': 147, 'drift': 146, 'offset': 161, 'decouple': 154, 'spike': 136, 'organic': 48}, 'train_units': 100, 'test_units': 100, 'n_regimes': 3, 'seed': 1, 'per_regime_norm': True, 'official_test_fleet': True, 'dataset': 'cmapss:FD003', 'cap': 125.0, 'subset': 'FD003', 'dropped_constant_sensors': 5, 'source': 'NASA C-MAPSS (real)'}
    [pc] epoch   0  nll 2861.676
    [pc] epoch   6  nll   65.228
    [pc] epoch  12  nll   62.056
    [pc] epoch  18  nll   60.586
    [pc] epoch  24  nll   59.965
    [pc] epoch  30  nll   59.453
    [pc] epoch  36  nll   59.185
    [pc] epoch  42  nll   58.750
    [pc] epoch  48  nll   58.410
[14:48:35]   pc_train_nll: first=2861.6764 last=58.5342 (50 epochs)
[14:48:35]   pc: fit 14.1s · 15,680 params · score sd 41.114 · device cuda · layered · 25,995 win/s
[14:48:51]   typed decomposition (mean worst-channel surprise):
[14:48:51]        normal  n= 5561  marginal    23.61  conditional    25.21  structural    14.55
[14:48:51]      decouple  n=  154  marginal    24.01  conditional    31.49  structural    20.01
[14:48:51]        desync  n=  147  marginal    25.39  conditional    85.44  structural    76.03
[14:48:51]         drift  n=  146  marginal    62.29  conditional   240.59  structural   204.26
[14:48:51]        offset  n=  161  marginal    96.57  conditional   292.50  structural   228.39
[14:48:51]       organic  n=   48  marginal   170.61  conditional   144.44  structural    45.60
[14:48:51]         spike  n=  136  marginal    38.89  conditional    58.20  structural    37.24
[14:48:51] --- stage ad done in 32.0s ---
[14:48:51] === run ok · 32.0s · peak RSS 2.242 GB ===

>>> [9/12] subset-FD003 · seed 2 · logs/ts/cmapss_ad/subset-FD003/seed2 · mean 0.6 min/run · ETA 2 min for the remaining 4
[14:48:51] === run start · seed2 · seed 2 · hash 00521606a4f1 ===
[14:48:51] stages ['ad'] · device cuda · dataset cmapss:FD003
[14:48:51] --- stage: ad ---
[14:48:52]   data: FleetPair(cmapss:FD003: train=100 units, test=100 units, C=16, regimes=3, cap=125)  (0.2s)
[14:48:52]   task: {'kind': 'ad', 'n_train': 7333, 'n_test': 6353, 'd': 320, 'window': 20, 'n_channels': 16, 'anomaly_rate': 0.12639698386192322, 'kind_counts': {'normal': 5550, 'offset': 137, 'drift': 155, 'spike': 162, 'decouple': 123, 'desync': 178, 'organic': 48}, 'train_units': 100, 'test_units': 100, 'n_regimes': 3, 'seed': 2, 'per_regime_norm': True, 'official_test_fleet': True, 'dataset': 'cmapss:FD003', 'cap': 125.0, 'subset': 'FD003', 'dropped_constant_sensors': 5, 'source': 'NASA C-MAPSS (real)'}
    [pc] epoch   0  nll 27473.072
    [pc] epoch   6  nll  181.789
    [pc] epoch  12  nll  178.158
    [pc] epoch  18  nll  176.970
    [pc] epoch  24  nll  176.485
    [pc] epoch  30  nll  176.185
    [pc] epoch  36  nll  174.546
    [pc] epoch  42  nll  172.566
    [pc] epoch  48  nll  172.369
[14:49:12]   pc_train_nll: first=27473.0722 last=172.2396 (50 epochs)
[14:49:12]   pc: fit 19.9s · 15,680 params · score sd 72.365 · device cuda · layered · 18,451 win/s
[14:49:23]   typed decomposition (mean worst-channel surprise):
[14:49:23]        normal  n= 5550  marginal    31.16  conditional    36.34  structural    14.97
[14:49:23]      decouple  n=  123  marginal    33.48  conditional    40.84  structural    16.40
[14:49:23]        desync  n=  178  marginal    29.69  conditional    43.38  structural    24.66
[14:49:23]         drift  n=  155  marginal   230.64  conditional   413.79  structural   200.89
[14:49:23]        offset  n=  137  marginal   212.90  conditional   309.55  structural   111.74
[14:49:23]       organic  n=   48  marginal   225.51  conditional   206.04  structural    95.94
[14:49:23]         spike  n=  162  marginal    52.43  conditional    68.78  structural    26.83
[14:49:23] --- stage ad done in 31.6s ---
[14:49:23] === run ok · 31.6s · peak RSS 2.242 GB ===

>>> [10/12] subset-FD004 · seed 0 · logs/ts/cmapss_ad/subset-FD004/seed0 · mean 0.6 min/run · ETA 2 min for the remaining 3
[14:49:23] === run start · seed0 · seed 0 · hash fc028c233806 ===
[14:49:23] stages ['ad'] · device cuda · dataset cmapss:FD004
[14:49:23] --- stage: ad ---
[14:49:23]   data: FleetPair(cmapss:FD004: train=249 units, test=248 units, C=21, regimes=3, cap=125)  (0.4s)
[14:49:23]   task: {'kind': 'ad', 'n_train': 18107, 'n_test': 12000, 'd': 420, 'window': 20, 'n_channels': 21, 'anomaly_rate': 0.12999999523162842, 'kind_counts': {'normal': 10440, 'offset': 290, 'spike': 320, 'drift': 288, 'desync': 253, 'decouple': 293, 'organic': 116}, 'train_units': 249, 'test_units': 248, 'n_regimes': 3, 'seed': 0, 'per_regime_norm': True, 'official_test_fleet': True, 'dataset': 'cmapss:FD004', 'cap': 125.0, 'subset': 'FD004', 'dropped_constant_sensors': 0, 'source': 'NASA C-MAPSS (real)'}
    [pc] epoch   0  nll 8615.505
    [pc] epoch   6  nll  350.350
    [pc] epoch  12  nll  334.458
    [pc] epoch  18  nll  299.254
    [pc] epoch  24  nll  269.839
    [pc] epoch  30  nll  256.930
    [pc] epoch  36  nll  248.828
    [pc] epoch  42  nll  244.891
    [pc] epoch  48  nll  240.193
[14:49:54]   pc_train_nll: first=8615.5050 last=235.6405 (50 epochs)
[14:49:54]   pc: fit 30.4s · 17,280 params · score sd 89.547 · device cuda · layered · 29,752 win/s
[14:50:40]   typed decomposition (mean worst-channel surprise):
[14:50:40]        normal  n=10440  marginal    32.76  conditional    31.59  structural     1.93
[14:50:40]      decouple  n=  293  marginal    33.09  conditional 13771.70  structural 13766.50
[14:50:40]        desync  n=  253  marginal    33.74  conditional 16248.37  structural 16263.83
[14:50:40]         drift  n=  288  marginal 127950.79  conditional 150225.03  structural 22341.23
[14:50:40]        offset  n=  290  marginal 125965.60  conditional 140108.81  structural 14206.98
[14:50:40]       organic  n=  116  marginal    80.64  conditional    83.30  structural     9.85
[14:50:40]         spike  n=  320  marginal 24804.25  conditional 25432.06  structural   634.00
[14:50:40] --- stage ad done in 76.9s ---
[14:50:40] === run ok · 76.9s · peak RSS 2.317 GB ===

>>> [11/12] subset-FD004 · seed 1 · logs/ts/cmapss_ad/subset-FD004/seed1 · mean 0.6 min/run · ETA 1 min for the remaining 2
[14:50:40] === run start · seed1 · seed 1 · hash fc028c233806 ===
[14:50:40] stages ['ad'] · device cuda · dataset cmapss:FD004
[14:50:40] --- stage: ad ---
[14:50:40]   data: FleetPair(cmapss:FD004: train=249 units, test=248 units, C=21, regimes=3, cap=125)  (0.3s)
[14:50:40]   task: {'kind': 'ad', 'n_train': 18107, 'n_test': 12000, 'd': 420, 'window': 20, 'n_channels': 21, 'anomaly_rate': 0.1277499943971634, 'kind_counts': {'normal': 10467, 'desync': 311, 'drift': 291, 'offset': 280, 'decouple': 253, 'spike': 276, 'organic': 122}, 'train_units': 249, 'test_units': 248, 'n_regimes': 3, 'seed': 1, 'per_regime_norm': True, 'official_test_fleet': True, 'dataset': 'cmapss:FD004', 'cap': 125.0, 'subset': 'FD004', 'dropped_constant_sensors': 0, 'source': 'NASA C-MAPSS (real)'}
    [pc] epoch   0  nll 8784.743
    [pc] epoch   6  nll  342.379
    [pc] epoch  12  nll  336.724
    [pc] epoch  18  nll  303.919
    [pc] epoch  24  nll  283.015
    [pc] epoch  30  nll  257.562
    [pc] epoch  36  nll  244.550
    [pc] epoch  42  nll  246.414
    [pc] epoch  48  nll  236.220
[14:51:04]   pc_train_nll: first=8784.7430 last=241.4701 (50 epochs)
[14:51:04]   pc: fit 23.6s · 17,280 params · score sd 93.591 · device cuda · layered · 38,355 win/s
[14:51:30]   typed decomposition (mean worst-channel surprise):
[14:51:30]        normal  n=10467  marginal 16378611080374517760.00  conditional 16378611080374517760.00  structural 2591678976.00
[14:51:30]      decouple  n=  253  marginal 17094318383266004992.00  conditional 17094318383266004992.00  structural 1894767232.00
[14:51:30]        desync  n=  311  marginal 14773291118472724480.00  conditional 14773291118472724480.00  structural 1663002880.00
[14:51:30]         drift  n=  291  marginal 16461150318760034304.00  conditional 16461150318760034304.00  structural 704041088.00
[14:51:30]        offset  n=  280  marginal 15964215043470393344.00  conditional 15964215043470393344.00  structural 10815457280.00
[14:51:30]       organic  n=  122  marginal 16576246096443998208.00  conditional 16576246096443998208.00  structural 664202496.00
[14:51:30]         spike  n=  276  marginal 17246852531875741696.00  conditional 17246852531875741696.00  structural 1152486016.00
[14:51:30] --- stage ad done in 50.5s ---
[14:51:30] === run ok · 50.5s · peak RSS 2.317 GB ===

>>> [12/12] subset-FD004 · seed 2 · logs/ts/cmapss_ad/subset-FD004/seed2 · mean 0.7 min/run · ETA 1 min for the remaining 1
[14:51:30] === run start · seed2 · seed 2 · hash fc028c233806 ===
[14:51:30] stages ['ad'] · device cuda · dataset cmapss:FD004
[14:51:30] --- stage: ad ---
[14:51:31]   data: FleetPair(cmapss:FD004: train=249 units, test=248 units, C=21, regimes=3, cap=125)  (0.4s)
[14:51:31]   task: {'kind': 'ad', 'n_train': 18107, 'n_test': 12000, 'd': 420, 'window': 20, 'n_channels': 21, 'anomaly_rate': 0.1313333362340927, 'kind_counts': {'offset': 292, 'normal': 10424, 'drift': 285, 'spike': 293, 'decouple': 284, 'desync': 305, 'organic': 117}, 'train_units': 249, 'test_units': 248, 'n_regimes': 3, 'seed': 2, 'per_regime_norm': True, 'official_test_fleet': True, 'dataset': 'cmapss:FD004', 'cap': 125.0, 'subset': 'FD004', 'dropped_constant_sensors': 0, 'source': 'NASA C-MAPSS (real)'}
    [pc] epoch   0  nll 8530.117
    [pc] epoch   6  nll  330.055
    [pc] epoch  12  nll  309.109
    [pc] epoch  18  nll  288.293
    [pc] epoch  24  nll  254.060
    [pc] epoch  30  nll  243.569
    [pc] epoch  36  nll  236.055
    [pc] epoch  42  nll  223.874
    [pc] epoch  48  nll  217.949
[14:52:00]   pc_train_nll: first=8530.1171 last=216.6466 (50 epochs)
[14:52:00]   pc: fit 29.2s · 17,280 params · score sd 90.957 · device cuda · layered · 31,024 win/s
[14:52:56]   typed decomposition (mean worst-channel surprise):
[14:52:56]        normal  n=10424  marginal 13853615612535767040.00  conditional 13853615612535767040.00  structural 3699891456.00
[14:52:56]      decouple  n=  284  marginal 12973440061826662400.00  conditional 12973440061826662400.00  structural 1546717696.00
[14:52:56]        desync  n=  305  marginal 12553743279365029888.00  conditional 12553743279365029888.00  structural 10034097152.00
[14:52:56]         drift  n=  285  marginal 14293256436413628416.00  conditional 14293256436413628416.00  structural 1167351552.00
[14:52:56]        offset  n=  292  marginal 13092054276719509504.00  conditional 13092054276719509504.00  structural 1336990976.00
[14:52:56]       organic  n=  117  marginal 12616185644218056704.00  conditional 12616185644218056704.00  structural 1212418816.00
[14:52:56]         spike  n=  293  marginal 14152197890662989824.00  conditional 14152197890662989824.00  structural 10361437184.00
[14:52:56] --- stage ad done in 85.3s ---
[14:52:56] === run ok · 85.3s · peak RSS 2.317 GB ===

==============================================================================
 batch finished in 8.7 min — 12 ok, 0 skipped, 0 failed
==============================================================================

=== ad (mean ± sd over seeds) ===

method                                      dataset          variant                               auroc                 ap          train_nll              fit_s             params    auroc[decouple]      auroc[desync]       auroc[drift]  seeds
----------------------------------------------------------------------------------------------------------------------------------------------------------------------------------------------------------------------------------------------------
Mahalanobis                                 cmapss:FD003     subset-FD003                  0.8529±0.0035      0.6554±0.0121                  —      0.6247±0.0814                  —      0.5423±0.0250      0.7739±0.0112      0.9924±0.0021      3
conv autoencoder                            cmapss:FD003     subset-FD003                  0.8457±0.0036      0.6914±0.0088                  —      3.1423±1.9241                  —      0.5302±0.0156      0.7582±0.0121      0.9933±0.0024      3
GMM (8 comp.)                               cmapss:FD003     subset-FD003                  0.8381±0.0066      0.5955±0.0278                  —      8.1409±4.6278                  —      0.5341±0.0156      0.7654±0.0124      0.9822±0.0028      3
RegionGraphPC [chain, K=8]                  cmapss:FD001     subset-FD001                  0.8378±0.0044      0.6954±0.0141    145.4050±7.8625     88.3857±177.7173  15360.0000±0.0000      0.5113±0.0321      0.6934±0.0101      0.9972±0.0024      3
PC · 3 dead (exact marginal)                cmapss:FD001     subset-FD001                  0.8301±0.0048      0.6879±0.0167                  —                  —                  —      0.5157±0.0448      0.6840±0.0168      0.9929±0.0041      3
1-NN distance                               cmapss:FD003     subset-FD003                  0.8301±0.0074      0.4709±0.0181                  —      0.3261±0.0454                  —      0.5342±0.0137      0.7341±0.0196      0.9639±0.0027      3
Mahalanobis                                 cmapss:FD001     subset-FD001                  0.8246±0.0011      0.6537±0.0031                  —      0.3614±0.0076                  —      0.5171±0.0330      0.7134±0.0364      0.9974±0.0014      3
GMM (8 comp.)                               cmapss:FD001     subset-FD001                  0.8200±0.0211      0.6294±0.0458                  —      1.2446±0.4719                  —      0.5058±0.0322      0.7061±0.0459      0.9955±0.0016      3
conv autoencoder                            cmapss:FD001     subset-FD001                  0.8110±0.0140      0.6636±0.0136                  —      1.5534±0.4564                  —      0.4989±0.0314      0.6792±0.0272      0.9917±0.0059      3
RegionGraphPC [chain, K=8]                  cmapss:FD003     subset-FD003                  0.8085±0.0339      0.5843±0.1044    111.3455±64.5989    158.1492±338.2784  15680.0000±0.0000      0.5254±0.0286      0.6866±0.0670      0.9814±0.0182      3
z-score (per channel) · 3 dead (imputed)    cmapss:FD001     subset-FD001                  0.7971±0.0053      0.6663±0.0093                  —                  —                  —      0.4836±0.0201      0.5160±0.0185      0.9811±0.0072      3
PC · structural-only score                  cmapss:FD003     subset-FD003                  0.7924±0.0335      0.5261±0.0845                  —                  —                  —      0.5143±0.0213      0.7475±0.0757      0.9682±0.0105      3
PC · structural-only score                  cmapss:FD001     subset-FD001                  0.7921±0.0185      0.6093±0.0329                  —                  —                  —      0.4935±0.0146      0.7528±0.0035      0.9716±0.0220      3
PC · 3 dead (exact marginal)                cmapss:FD003     subset-FD003                  0.7905±0.0385      0.5543±0.1095                  —                  —                  —      0.5254±0.0290      0.6621±0.0766      0.9704±0.0261      3
1-NN distance                               cmapss:FD001     subset-FD001                  0.7837±0.0012      0.4460±0.0093                  —      0.1668±0.0133                  —      0.5001±0.0210      0.6202±0.0272      0.9648±0.0052      3
Deep SVDD                                   cmapss:FD003     subset-FD003                  0.7683±0.0051      0.5062±0.0214                  —      0.2884±0.1549                  —      0.5176±0.0058      0.6535±0.0112      0.9592±0.0115      3
z-score (per channel)                       cmapss:FD003     subset-FD003                  0.7670±0.0086      0.3269±0.0154                  —      0.0649±0.0162                  —      0.5159±0.0107      0.5533±0.0114      0.8894±0.0025      3
PCA reconstruction                          cmapss:FD003     subset-FD003                  0.7587±0.0089      0.2982±0.0132                  —      0.2168±0.0518                  —      0.5185±0.0113      0.6328±0.0137      0.9147±0.0033      3
z-score (per channel) · 3 dead (imputed)    cmapss:FD003     subset-FD003                  0.7519±0.0089      0.3128±0.0143                  —                  —                  —      0.5122±0.0091      0.5546±0.0192      0.8799±0.0101      3
moving-average residual                     cmapss:FD003     subset-FD003                  0.7449±0.0070      0.4424±0.0183                  —      0.3522±0.0363                  —      0.5527±0.0094      0.5380±0.0159      0.8158±0.0126      3
PC · 3 dead (mean-imputed)                  cmapss:FD003     subset-FD003                  0.7440±0.0203      0.3683±0.0157                  —                  —                  —      0.5242±0.0225      0.5991±0.0489      0.9191±0.0070      3
PCA reconstruction                          cmapss:FD001     subset-FD001                  0.7424±0.0010      0.4517±0.0041                  —      0.1113±0.0126                  —      0.5026±0.0226      0.6086±0.0283      0.9540±0.0130      3
Deep SVDD                                   cmapss:FD001     subset-FD001                  0.7270±0.0099      0.4850±0.0201                  —      0.1398±0.0191                  —      0.5044±0.0195      0.5884±0.0082      0.9324±0.0197      3
moving-average residual · 3 dead (imputed)  cmapss:FD003     subset-FD003                  0.7183±0.0117      0.4045±0.0171                  —                  —                  —      0.5447±0.0077      0.5396±0.0328      0.7782±0.0220      3
diagonal Gaussian                           cmapss:FD001     subset-FD001                  0.7147±0.0057      0.3861±0.0039                  —      0.0866±0.0088                  —      0.5054±0.0119      0.5303±0.0210      0.8903±0.0123      3
diagonal Gaussian                           cmapss:FD003     subset-FD003                  0.7125±0.0153      0.2924±0.0162                  —      0.1644±0.0497                  —      0.5106±0.0118      0.5558±0.0206      0.8617±0.0116      3
diagonal Gaussian · 3 dead (imputed)        cmapss:FD001     subset-FD001                  0.7107±0.0065      0.3769±0.0074                  —                  —                  —      0.5079±0.0080      0.5322±0.0221      0.8801±0.0096      3
diagonal Gaussian · 3 dead (imputed)        cmapss:FD003     subset-FD003                  0.7090±0.0150      0.2875±0.0159                  —                  —                  —      0.5102±0.0087      0.5582±0.0250      0.8584±0.0150      3
Isolation Forest                            cmapss:FD001     subset-FD001                  0.7081±0.0046      0.3799±0.0071                  —      0.2118±0.0082                  —      0.5090±0.0150      0.5673±0.0197      0.9042±0.0121      3
moving-average residual                     cmapss:FD001     subset-FD001                  0.7015±0.0155      0.4883±0.0189                  —      0.2112±0.0040                  —      0.5210±0.0261      0.4880±0.0307      0.7885±0.0292      3
Isolation Forest                            cmapss:FD003     subset-FD003                  0.6898±0.0142      0.2827±0.0156                  —      0.3399±0.0845                  —      0.5118±0.0104      0.5814±0.0137      0.8596±0.0187      3
PC · 3 dead (mean-imputed)                  cmapss:FD001     subset-FD001                  0.6886±0.0327      0.3349±0.0704                  —                  —                  —      0.4945±0.0227      0.5456±0.0199      0.8332±0.0609      3
moving-average residual · 3 dead (imputed)  cmapss:FD001     subset-FD001                  0.6885±0.0229      0.4494±0.0267                  —                  —                  —      0.5247±0.0413      0.4975±0.0423      0.7465±0.0369      3
z-score (per channel)                       cmapss:FD001     subset-FD001                  0.6641±0.0029      0.3186±0.0170                  —      0.0330±0.0023                  —      0.4926±0.0182      0.5103±0.0177      0.7037±0.0107      3
conv autoencoder                            cmapss:FD002     subset-FD002                  0.6603±0.2707      0.4013±0.4512                  —      4.4765±0.6611                  —      0.6542±0.2538      0.6209±0.3082      0.6707±0.2849      3
GMM (8 comp.)                               cmapss:FD002     subset-FD002                  0.6585±0.2616      0.3963±0.4338                  —     10.1568±2.9974                  —      0.6595±0.2412      0.6207±0.3057      0.6687±0.2859      3
Mahalanobis                                 cmapss:FD002     subset-FD002                  0.6578±0.2573      0.3906±0.4238                  —      2.1703±0.7641                  —      0.6519±0.2358      0.6218±0.3017      0.6687±0.2856      3
GMM (8 comp.)                               cmapss:FD004     subset-FD004                  0.6542±0.2769      0.3925±0.4583                  —     23.9902±11.7916                  —      0.6747±0.2546      0.6163±0.3139      0.6815±0.2757      3
conv autoencoder                            cmapss:FD004     subset-FD004                  0.6525±0.2743      0.3880±0.4504                  —      4.4205±1.4785                  —      0.6697±0.2487      0.6110±0.3081      0.6829±0.2741      3
Mahalanobis                                 cmapss:FD004     subset-FD004                  0.6512±0.2688      0.3800±0.4357                  —      1.9779±0.3740                  —      0.6689±0.2418      0.6118±0.3080      0.6828±0.2742      3
PC · structural-only score                  cmapss:FD002     subset-FD002                  0.6347±0.2197      0.3518±0.3469                  —                  —                  —      0.6422±0.2132      0.6015±0.2870      0.6872±0.2660      3
RegionGraphPC [chain, K=8]                  cmapss:FD002     subset-FD002                  0.6291±0.1822      0.3572±0.3124    261.0305±49.3956     24.9226±5.7258  17280.0000±0.0000      0.6155±0.1380      0.5906±0.2083      0.6647±0.2326      3
PC · 3 dead (exact marginal)                cmapss:FD002     subset-FD002                  0.6291±0.2132      0.3540±0.3622                  —                  —                  —      0.6126±0.1540      0.5874±0.2363      0.6645±0.2759      3
Deep SVDD                                   cmapss:FD002     subset-FD002                  0.6160±0.1900      0.3129±0.2911                  —      0.4217±0.0838                  —      0.5672±0.0992      0.5618±0.2018      0.6521±0.2683      3
Deep SVDD                                   cmapss:FD004     subset-FD004                  0.6157±0.1971      0.2971±0.2845                  —      0.4306±0.0959                  —      0.6071±0.1190      0.5691±0.2351      0.6725±0.2590      3
RegionGraphPC [chain, K=8]                  cmapss:FD004     subset-FD004                  0.6019±0.1654      0.3249±0.2894    242.6705±39.5078     31.1865±7.0988  17280.0000±0.0000      0.5921±0.1326      0.5708±0.1893      0.6636±0.2242      3
PC · 3 dead (exact marginal)                cmapss:FD004     subset-FD004                  0.6017±0.1958      0.3230±0.3384                  —                  —                  —      0.5855±0.1475      0.5737±0.2218      0.6622±0.2697      3
PC · structural-only score                  cmapss:FD004     subset-FD004                  0.6012±0.2362      0.3429±0.3757                  —                  —                  —      0.6123±0.2377      0.6514±0.2287      0.5807±0.3565      3
1-NN distance                               cmapss:FD002     subset-FD002                  0.5931±0.1517      0.2694±0.2198                  —      0.8005±0.2627                  —      0.5574±0.0757      0.5191±0.1425      0.6413±0.2220      3
diagonal Gaussian                           cmapss:FD002     subset-FD002                  0.5845±0.1360      0.2765±0.2309                  —      0.3711±0.0150                  —      0.5136±0.0211      0.4530±0.0230      0.6551±0.2567      3
diagonal Gaussian · 3 dead (imputed)        cmapss:FD002     subset-FD002                  0.5835±0.1341      0.2735±0.2256                  —                  —                  —      0.5135±0.0211      0.4531±0.0229      0.6522±0.2518      3
z-score (per channel)                       cmapss:FD002     subset-FD002                  0.5823±0.1336      0.2043±0.0671                  —      0.0662±0.0120                  —      0.5087±0.0146      0.4591±0.0297      0.6655±0.1871      3
z-score (per channel) · 3 dead (imputed)    cmapss:FD002     subset-FD002                  0.5803±0.1303      0.2030±0.0654                  —                  —                  —      0.5080±0.0134      0.4593±0.0301      0.6639±0.1847      3
1-NN distance                               cmapss:FD004     subset-FD004                  0.5754±0.1486      0.2259±0.1707                  —      0.8310±0.3106                  —      0.5586±0.0614      0.5111±0.1581      0.6377±0.2037      3
diagonal Gaussian                           cmapss:FD004     subset-FD004                  0.5736±0.1356      0.2115±0.1441                  —      0.4221±0.0712                  —      0.5179±0.0121      0.4681±0.0563      0.6539±0.2216      3
diagonal Gaussian · 3 dead (imputed)        cmapss:FD004     subset-FD004                  0.5734±0.1352      0.2100±0.1414                  —                  —                  —      0.5180±0.0120      0.4688±0.0575      0.6542±0.2221      3
z-score (per channel)                       cmapss:FD004     subset-FD004                  0.5729±0.1580      0.1939±0.0910                  —      0.0872±0.0203                  —      0.4985±0.0043      0.4653±0.0546      0.6056±0.2528      3
z-score (per channel) · 3 dead (imputed)    cmapss:FD004     subset-FD004                  0.5711±0.1548      0.1929±0.0892                  —                  —                  —      0.4990±0.0034      0.4658±0.0553      0.6057±0.2530      3
PCA reconstruction                          cmapss:FD002     subset-FD002                  0.5629±0.0951      0.1806±0.0599                  —      0.4390±0.0039                  —      0.5278±0.0292      0.4695±0.0329      0.6094±0.1858      3
Isolation Forest                            cmapss:FD004     subset-FD004                  0.5579±0.0793      0.1702±0.0589                  —      0.6623±0.1384                  —      0.5059±0.0284      0.4209±0.0977      0.6588±0.0768      3
PCA reconstruction                          cmapss:FD004     subset-FD004                  0.5441±0.0859      0.1766±0.0843                  —      0.5304±0.1506                  —      0.4915±0.0536      0.4250±0.0232      0.6283±0.1760      3
moving-average residual                     cmapss:FD004     subset-FD004                  0.5377±0.0812      0.1656±0.0382                  —      0.9195±0.1937                  —      0.5028±0.0140      0.4717±0.0388      0.5311±0.0365      3
moving-average residual · 3 dead (imputed)  cmapss:FD004     subset-FD004                  0.5374±0.0807      0.1649±0.0370                  —                  —                  —      0.5053±0.0172      0.4703±0.0363      0.5334±0.0404      3
Isolation Forest                            cmapss:FD002     subset-FD002                  0.5357±0.1194      0.2067±0.1294                  —      0.7262±0.3039                  —      0.5244±0.0106      0.3423±0.1643      0.5887±0.1979      3
moving-average residual                     cmapss:FD002     subset-FD002                  0.5328±0.0722      0.1747±0.0424                  —      0.6761±0.0614                  —      0.4979±0.0315      0.4646±0.0388      0.5240±0.0404      3
moving-average residual · 3 dead (imputed)  cmapss:FD002     subset-FD002                  0.5310±0.0691      0.1734±0.0405                  —                  —                  —      0.4999±0.0333      0.4628±0.0359      0.5251±0.0417      3
PC · 3 dead (mean-imputed)                  cmapss:FD002     subset-FD002                  0.5208±0.0321      0.1815±0.0645                  —                  —                  —      0.5180±0.0111      0.4818±0.0538      0.5688±0.1116      3
PC · 3 dead (mean-imputed)                  cmapss:FD004     subset-FD004                  0.5092±0.0359      0.1706±0.0744                  —                  —                  —      0.5066±0.0213      0.4570±0.0196      0.5526±0.0799      3

wrote logs/ts/cmapss_ad/summary.csv, summary.json, summary.md

