==============================================================================
 experiment: cmapss_structure_x_leaves   (config/ts/cmapss_structure_x_leaves.yaml)
 vtree x leaf_components crossed, at fixed K and epochs, on real C-MAPSS
 output:     logs/ts/cmapss_structure_x_leaves
==============================================================================

12 variant(s) × 3 seed(s) = 36 run(s)

  vtree-chain_leaf_components-1          dataset=cmapss:FD001     stages=ad
  vtree-chain_leaf_components-3          dataset=cmapss:FD001     stages=ad
  vtree-chain_perm_blocks_leaf_components-1 dataset=cmapss:FD001     stages=ad
  vtree-chain_perm_blocks_leaf_components-3 dataset=cmapss:FD001     stages=ad
  vtree-chain_perm_features_leaf_components-1 dataset=cmapss:FD001     stages=ad
  vtree-chain_perm_features_leaf_components-3 dataset=cmapss:FD001     stages=ad
  vtree-chow_liu_leaf_components-1       dataset=cmapss:FD001     stages=ad
  vtree-chow_liu_leaf_components-3       dataset=cmapss:FD001     stages=ad
  vtree-time_leaf_components-1           dataset=cmapss:FD001     stages=ad
  vtree-time_leaf_components-3           dataset=cmapss:FD001     stages=ad
  vtree-random_leaf_components-1         dataset=cmapss:FD001     stages=ad
  vtree-random_leaf_components-3         dataset=cmapss:FD001     stages=ad

  [skip] vtree-chain_leaf_components-1 seed 0 (done in 9.53s)
  [skip] vtree-chain_leaf_components-1 seed 1 (done in 8.33s)
  [skip] vtree-chain_leaf_components-1 seed 2 (done in 8.3s)
  [skip] vtree-chain_leaf_components-3 seed 0 (done in 8.55s)
  [skip] vtree-chain_leaf_components-3 seed 1 (done in 8.62s)
  [skip] vtree-chain_leaf_components-3 seed 2 (done in 8.55s)
  [skip] vtree-chain_perm_blocks_leaf_components-1 seed 0 (done in 8.33s)
  [skip] vtree-chain_perm_blocks_leaf_components-1 seed 1 (done in 8.39s)
  [skip] vtree-chain_perm_blocks_leaf_components-1 seed 2 (done in 8.37s)
  [skip] vtree-chain_perm_blocks_leaf_components-3 seed 0 (done in 8.49s)
  [skip] vtree-chain_perm_blocks_leaf_components-3 seed 1 (done in 8.58s)
  [skip] vtree-chain_perm_blocks_leaf_components-3 seed 2 (done in 8.51s)
  [skip] vtree-chain_perm_features_leaf_components-1 seed 0 (done in 8.24s)
  [skip] vtree-chain_perm_features_leaf_components-1 seed 1 (done in 8.31s)
  [skip] vtree-chain_perm_features_leaf_components-1 seed 2 (done in 8.25s)
  [skip] vtree-chain_perm_features_leaf_components-3 seed 0 (done in 8.57s)
  [skip] vtree-chain_perm_features_leaf_components-3 seed 1 (done in 8.67s)
  [skip] vtree-chain_perm_features_leaf_components-3 seed 2 (done in 8.5s)
  [skip] vtree-chow_liu_leaf_components-1 seed 0 (done in 23.68s)
  [skip] vtree-chow_liu_leaf_components-1 seed 1 (done in 23.9s)
  [skip] vtree-chow_liu_leaf_components-1 seed 2 (done in 23.8s)
  [skip] vtree-chow_liu_leaf_components-3 seed 0 (done in 24.18s)
  [skip] vtree-chow_liu_leaf_components-3 seed 1 (done in 24.19s)
  [skip] vtree-chow_liu_leaf_components-3 seed 2 (done in 24.19s)
  [skip] vtree-time_leaf_components-1 seed 0 (done in 20.57s)
  [skip] vtree-time_leaf_components-1 seed 1 (done in 20.51s)
  [skip] vtree-time_leaf_components-1 seed 2 (done in 20.38s)
  [skip] vtree-time_leaf_components-3 seed 0 (done in 20.96s)
  [skip] vtree-time_leaf_components-3 seed 1 (done in 20.92s)
  [skip] vtree-time_leaf_components-3 seed 2 (done in 20.84s)
  [skip] vtree-random_leaf_components-1 seed 0 (done in 20.22s)
  [skip] vtree-random_leaf_components-1 seed 1 (done in 20.12s)
  [skip] vtree-random_leaf_components-1 seed 2 (done in 20.11s)
  [skip] vtree-random_leaf_components-3 seed 0 (done in 20.46s)
  [skip] vtree-random_leaf_components-3 seed 1 (done in 20.37s)
  [skip] vtree-random_leaf_components-3 seed 2 (done in 20.61s)

==============================================================================
 batch finished in 0.0 min — 0 ok, 36 skipped, 0 failed
==============================================================================

=== ad (mean ± sd over seeds) ===

method                                    variant                               auroc                 ap          train_nll              fit_s             params    auroc[decouple]      auroc[desync]       auroc[drift]  seeds
---------------------------------------------------------------------------------------------------------------------------------------------------------------------------------------------------------------------------------
RegionGraphPC [chow_liu, K=8]             vtree-chow_liu_leaf_components-1      0.8539±0.0048      0.7319±0.0046     66.3168±3.9883     19.4273±0.0756   1.574e+05±0e+00       0.5266±0.0571      0.7255±0.0326      0.9992±0.0006      3
RegionGraphPC [random, K=8]               vtree-random_leaf_components-1      0.8388±0.0035      0.6972±0.0042     67.3298±14.1899     17.0565±0.0510   1.574e+05±0e+00       0.5135±0.0388      0.6952±0.0178      0.9981±0.0011      3
RegionGraphPC [chain_perm_features, K=8]  vtree-chain_perm_features_leaf_components-3      0.8347±0.0048      0.6843±0.0078     97.0629±1.6147      7.4358±0.0732  32160.0000±0.0000      0.5063±0.0465      0.6829±0.0259      0.9974±0.0016      3
RegionGraphPC [time, K=8]                 vtree-time_leaf_components-1      0.8325±0.0060      0.6859±0.0072     82.8968±5.4789     17.2398±0.0896   1.574e+05±0e+00       0.5062±0.0379      0.6779±0.0319      0.9967±0.0022      3
RegionGraphPC [chain_perm_blocks, K=8]    vtree-chain_perm_blocks_leaf_components-3      0.8278±0.0077      0.6697±0.0142     99.3923±2.8362      7.3990±0.0443  32160.0000±0.0000      0.5084±0.0428      0.6694±0.0386      0.9965±0.0021      3
RegionGraphPC [chow_liu, K=8]             vtree-chow_liu_leaf_components-3      0.8266±0.0038      0.6540±0.0057     89.8993±8.8335     19.7993±0.0036   1.742e+05±0e+00       0.5229±0.0353      0.6569±0.0518      0.9958±0.0022      3
RegionGraphPC [chain, K=8]                vtree-chain_leaf_components-3      0.8265±0.0068      0.6665±0.0108     97.2798±4.8810      7.4429±0.0285  32160.0000±0.0000      0.5021±0.0446      0.6708±0.0320      0.9959±0.0028      3
RegionGraphPC [time, K=8]                 vtree-time_leaf_components-3      0.8126±0.0044      0.6219±0.0055    114.9900±15.2864     17.6070±0.0659   1.742e+05±0e+00       0.5099±0.0196      0.6251±0.0266      0.9917±0.0031      3
RegionGraphPC [random, K=8]               vtree-random_leaf_components-3      0.8089±0.0082      0.6141±0.0140    126.8364±21.8417     17.3321±0.1289   1.742e+05±0e+00       0.5088±0.0202      0.6189±0.0361      0.9916±0.0031      3
RegionGraphPC [chain_perm_features, K=8]  vtree-chain_perm_features_leaf_components-1      0.7923±0.0029      0.5949±0.0081    162.3010±15.8561      7.1500±0.0356  15360.0000±0.0000      0.5043±0.0250      0.5894±0.0318      0.9856±0.0087      3
PC · structural-only score                vtree-chain_perm_blocks_leaf_components-3      0.7832±0.0079      0.5811±0.0200                  —                  —                  —      0.4967±0.0177      0.7551±0.0148      0.9576±0.0039      3
PC · structural-only score                vtree-chain_perm_features_leaf_components-3      0.7805±0.0149      0.6047±0.0079                  —                  —                  —      0.4738±0.0509      0.7405±0.0362      0.9654±0.0012      3
PC · structural-only score                vtree-chain_leaf_components-3      0.7791±0.0027      0.5906±0.0061                  —                  —                  —      0.4732±0.0266      0.7457±0.0073      0.9611±0.0015      3
RegionGraphPC [chain, K=8]                vtree-chain_leaf_components-1      0.7528±0.0081      0.5037±0.0118    189.4360±1.9045      7.4286±0.3750  15360.0000±0.0000      0.5059±0.0142      0.5430±0.0232      0.9496±0.0056      3
RegionGraphPC [chain_perm_blocks, K=8]    vtree-chain_perm_blocks_leaf_components-1      0.7512±0.0056      0.5019±0.0078    190.8153±7.7817      7.2492±0.0311  15360.0000±0.0000      0.5045±0.0167      0.5419±0.0198      0.9480±0.0081      3
PC · structural-only score                vtree-random_leaf_components-1      0.7488±0.0066      0.5644±0.0199                  —                  —                  —      0.5016±0.0079      0.7959±0.0090      0.9578±0.0035      3
PC · structural-only score                vtree-random_leaf_components-3      0.7303±0.0156      0.5513±0.0223                  —                  —                  —      0.4929±0.0320      0.7602±0.0074      0.9444±0.0174      3
PC · structural-only score                vtree-time_leaf_components-1      0.7275±0.0059      0.5256±0.0048                  —                  —                  —      0.4808±0.0131      0.7595±0.0127      0.9508±0.0055      3
PC · structural-only score                vtree-chow_liu_leaf_components-1      0.7266±0.0091      0.5785±0.0045                  —                  —                  —      0.4899±0.0510      0.8169±0.0125      0.9720±0.0085      3
PC · structural-only score                vtree-time_leaf_components-3      0.7168±0.0024      0.4803±0.0067                  —                  —                  —      0.4912±0.0023      0.7472±0.0125      0.9100±0.0139      3
PC · structural-only score                vtree-chow_liu_leaf_components-3      0.7027±0.0096      0.5415±0.0091                  —                  —                  —      0.4995±0.0354      0.7779±0.0297      0.9522±0.0136      3
PC · structural-only score                vtree-chain_perm_features_leaf_components-1      0.6788±0.0035      0.2662±0.0213                  —                  —                  —      0.4858±0.0294      0.6012±0.0091      0.8407±0.0241      3
PC · structural-only score                vtree-chain_leaf_components-1      0.5820±0.0030      0.1896±0.0087                  —                  —                  —      0.4933±0.0355      0.5105±0.0013      0.6484±0.0062      3
PC · structural-only score                vtree-chain_perm_blocks_leaf_components-1      0.5706±0.0068      0.1858±0.0085                  —                  —                  —      0.4909±0.0383      0.5097±0.0063      0.6527±0.0079      3

wrote logs/ts/cmapss_structure_x_leaves/summary.csv, summary.json, summary.md

