==============================================================================
 experiment: cmapss_explain   (config/ts/cmapss_explain.yaml)
 Exact attribution vs Gaussian conditional / AE reconstruction / sampling-SHAP
 output:     logs/ts/cmapss_explain
==============================================================================

3 variant(s) × 3 seed(s) = 9 run(s)

  subset-FD001                           dataset=cmapss:FD001     stages=explain
  subset-FD002                           dataset=cmapss:FD002     stages=explain
  subset-FD004                           dataset=cmapss:FD004     stages=explain


>>> [1/9] subset-FD001 · seed 0 · logs/ts/cmapss_explain/subset-FD001/seed0
[16:33:17] === run start · seed0 · seed 0 · hash 5e8dd1d7d062 ===
[16:33:17] stages ['explain'] · device cpu · dataset cmapss:FD001
[16:33:17] --- stage: explain ---
[16:33:17]   data: FleetPair(cmapss:FD001: train=100 units, test=100 units, C=15, regimes=1, cap=125)  (0.6s)
[16:33:17]   task: {'kind': 'ad', 'n_train': 5290, 'n_test': 4608, 'd': 300, 'window': 20, 'n_channels': 15, 'anomaly_rate': 0.1638454794883728, 'kind_counts': {'normal': 3853, 'spike': 142, 'offset': 159, 'drift': 128, 'desync': 158, 'decouple': 122, 'organic': 46}, 'train_units': 100, 'test_units': 100, 'n_regimes': 1, 'seed': 0, 'per_regime_norm': False, 'official_test_fleet': True, 'dataset': 'cmapss:FD001', 'cap': 125.0, 'subset': 'FD001', 'dropped_constant_sensors': 6, 'source': 'NASA C-MAPSS (real)', 'source_name': 'cmapss', 'source_kind': 'fleet'}
[16:33:17]   caveat: Ships no anomaly annotations: detection anomalies are injected.
[16:33:17]   explain: capped test set to 1500 windows
    [pc] epoch   0  nll 31295.146
    [pc] epoch   6  nll  177.989
    [pc] epoch  12  nll  172.796
    [pc] epoch  18  nll  179.574
    [pc] epoch  24  nll  173.061
    [pc] epoch  30  nll  174.204
    [pc] epoch  36  nll  179.163
    [pc] epoch  42  nll  174.943
    [pc] epoch  48  nll  176.386
[16:33:35]   pc_train_nll: first=31295.1461 last=175.2704 (50 epochs)
[16:33:35]   pc: fit 17.8s · 15,360 params · score sd 60.398 · device cpu · layered · 14,854 win/s
[16:33:47]   attribution cost: PC exact (all views) 9.5s · AE sampling-SHAP (one view) 0.8s
[16:33:48]   completeness: max residual 4.88e-04 nats, mean 1.24e-05
[16:33:49]   deletion curves scored with the circuit's own scorer — PC attributions have home-field advantage here, the localisation columns do not
[16:33:49]   worked examples (median-scoring window of each kind):
[16:33:49]    [normal]
[16:33:49]   anomaly score 159.2 nats
[16:33:49]       ch0  out of range         marginal   24.54  structural    0.33  worst at t=2
[16:33:49]       ch1  out of range         marginal   23.51  structural    0.23  worst at t=2
[16:33:49]      ch11  out of range         marginal   18.69  structural    0.94  worst at t=9
[16:33:50]    [spike]
[16:33:50]   anomaly score 214.1 nats   [injected: spike, channels [7, 11]]
[16:33:50]      ch11  out of range         marginal   41.01  structural   -0.23  worst at t=9  <- CORRECT
[16:33:50]       ch7  out of range         marginal   40.32  structural   -0.43  worst at t=9  <- CORRECT
[16:33:50]      ch14  out of range         marginal   23.65  structural   -0.27  worst at t=18  <- miss
[16:33:51]    [offset]
[16:33:51]   anomaly score 321.3 nats   [injected: offset, channels [1, 9, 12, 14]]
[16:33:51]       ch9  out of range         marginal   97.28  structural   -0.58  worst at t=8  <- CORRECT
[16:33:51]      ch12  out of range         marginal   70.34  structural   -0.53  worst at t=9  <- CORRECT
[16:33:51]      ch14  out of range         marginal   63.34  structural    0.80  worst at t=4  <- CORRECT
[16:33:51]    [drift]
[16:33:51]   anomaly score 319.2 nats   [injected: drift, channels [1, 2, 4, 9, 11, 12]]
[16:33:51]       ch4  out of range         marginal   89.98  structural   -0.43  worst at t=19  <- CORRECT
[16:33:51]       ch9  out of range         marginal   42.27  structural   16.13  worst at t=16  <- CORRECT
[16:33:51]       ch0  out of range         marginal   27.76  structural    0.57  worst at t=19  <- miss
[16:33:52]    [decouple]
[16:33:52]   anomaly score 149.6 nats   [injected: decouple, channels [2, 12]]
[16:33:52]       ch1  out of range         marginal   24.94  structural   -0.12  worst at t=15  <- miss
[16:33:52]       ch4  out of range         marginal   21.89  structural   -0.38  worst at t=12  <- miss
[16:33:52]       ch0  out of range         marginal   21.63  structural   -0.22  worst at t=9  <- miss
[16:33:53]    [desync]
[16:33:53]   anomaly score 169.6 nats   [injected: desync, channels [5]]
[16:33:53]       ch4  out of range         marginal   26.44  structural   -0.44  worst at t=10  <- miss
[16:33:53]       ch1  out of range         marginal   22.62  structural   -0.28  worst at t=7  <- miss
[16:33:53]       ch8  out of range         marginal   21.38  structural   -0.22  worst at t=0  <- miss
[16:33:53] --- stage explain done in 36.6s ---
[16:33:53] === run ok · 36.7s · peak RSS 0.998 GB ===

>>> [2/9] subset-FD001 · seed 1 · logs/ts/cmapss_explain/subset-FD001/seed1 · mean 0.6 min/run · ETA 5 min for the remaining 8
[16:33:53] === run start · seed1 · seed 1 · hash 5e8dd1d7d062 ===
[16:33:53] stages ['explain'] · device cpu · dataset cmapss:FD001
[16:33:53] --- stage: explain ---
[16:33:53]   data: FleetPair(cmapss:FD001: train=100 units, test=100 units, C=15, regimes=1, cap=125)  (0.1s)
[16:33:53]   task: {'kind': 'ad', 'n_train': 5290, 'n_test': 4608, 'd': 300, 'window': 20, 'n_channels': 15, 'anomaly_rate': 0.1564670205116272, 'kind_counts': {'normal': 3887, 'desync': 133, 'offset': 135, 'drift': 137, 'decouple': 142, 'spike': 128, 'organic': 46}, 'train_units': 100, 'test_units': 100, 'n_regimes': 1, 'seed': 1, 'per_regime_norm': False, 'official_test_fleet': True, 'dataset': 'cmapss:FD001', 'cap': 125.0, 'subset': 'FD001', 'dropped_constant_sensors': 6, 'source': 'NASA C-MAPSS (real)', 'source_name': 'cmapss', 'source_kind': 'fleet'}
[16:33:53]   caveat: Ships no anomaly annotations: detection anomalies are injected.
[16:33:53]   explain: capped test set to 1500 windows
    [pc] epoch   0  nll 31506.744
    [pc] epoch   6  nll  177.265
    [pc] epoch  12  nll  171.489
    [pc] epoch  18  nll  173.548
    [pc] epoch  24  nll  184.908
    [pc] epoch  30  nll  174.433
    [pc] epoch  36  nll  171.641
    [pc] epoch  42  nll  176.524
    [pc] epoch  48  nll  172.258
[16:34:10]   pc_train_nll: first=31506.7442 last=174.9106 (50 epochs)
[16:34:10]   pc: fit 16.8s · 15,360 params · score sd 58.863 · device cpu · layered · 15,788 win/s
[16:34:22]   attribution cost: PC exact (all views) 8.5s · AE sampling-SHAP (one view) 0.8s
[16:34:22]   completeness: max residual 3.05e-05 nats, mean 4.41e-06
[16:34:23]   deletion curves scored with the circuit's own scorer — PC attributions have home-field advantage here, the localisation columns do not
[16:34:23]   worked examples (median-scoring window of each kind):
[16:34:24]    [normal]
[16:34:24]   anomaly score 145.0 nats
[16:34:24]       ch1  out of range         marginal   26.07  structural    1.29  worst at t=14
[16:34:24]      ch11  out of range         marginal   21.98  structural    0.31  worst at t=10
[16:34:24]       ch0  out of range         marginal   18.31  structural    1.87  worst at t=3
[16:34:24]    [spike]
[16:34:24]   anomaly score 206.5 nats   [injected: spike, channels [5]]
[16:34:24]       ch5  out of range         marginal   55.44  structural   -0.42  worst at t=9  <- CORRECT
[16:34:24]       ch4  out of range         marginal   24.29  structural    0.65  worst at t=6  <- miss
[16:34:24]       ch8  out of range         marginal   23.36  structural    0.08  worst at t=9  <- miss
[16:34:25]    [offset]
[16:34:25]   anomaly score 304.0 nats   [injected: offset, channels [2, 6, 7]]
[16:34:25]       ch6  out of range         marginal   97.02  structural   -0.58  worst at t=14  <- CORRECT
[16:34:25]       ch7  out of range         marginal   68.95  structural    0.80  worst at t=14  <- CORRECT
[16:34:25]       ch2  out of range         marginal   65.00  structural    1.58  worst at t=9  <- CORRECT
[16:34:26]    [drift]
[16:34:26]   anomaly score 326.1 nats   [injected: drift, channels [1, 7, 8, 10, 11, 12]]
[16:34:26]       ch8  out of range         marginal   78.41  structural    3.12  worst at t=19  <- CORRECT
[16:34:26]      ch10  out of range         marginal   47.14  structural    2.23  worst at t=18  <- CORRECT
[16:34:26]       ch7  out of range         marginal   28.67  structural   13.93  worst at t=15  <- CORRECT
[16:34:26]    [decouple]
[16:34:26]   anomaly score 147.3 nats   [injected: decouple, channels [0]]
[16:34:26]      ch12  out of range         marginal   22.84  structural   -0.30  worst at t=16  <- miss
[16:34:26]      ch14  out of range         marginal   20.91  structural    1.19  worst at t=16  <- miss
[16:34:26]       ch1  out of range         marginal   21.46  structural   -0.17  worst at t=10  <- miss
[16:34:27]    [desync]
[16:34:27]   anomaly score 163.3 nats   [injected: desync, channels [1]]
[16:34:27]      ch14  out of range         marginal   24.21  structural   -0.37  worst at t=12  <- miss
[16:34:27]       ch1  out of range         marginal   22.95  structural    0.10  worst at t=14  <- CORRECT
[16:34:27]      ch11  out of range         marginal   22.12  structural    0.66  worst at t=14  <- miss
[16:34:27] --- stage explain done in 34.2s ---
[16:34:27] === run ok · 34.2s · peak RSS 1.044 GB ===

>>> [3/9] subset-FD001 · seed 2 · logs/ts/cmapss_explain/subset-FD001/seed2 · mean 0.6 min/run · ETA 4 min for the remaining 7
[16:34:27] === run start · seed2 · seed 2 · hash 5e8dd1d7d062 ===
[16:34:27] stages ['explain'] · device cpu · dataset cmapss:FD001
[16:34:27] --- stage: explain ---
[16:34:27]   data: FleetPair(cmapss:FD001: train=100 units, test=100 units, C=15, regimes=1, cap=125)  (0.1s)
[16:34:27]   task: {'kind': 'ad', 'n_train': 5290, 'n_test': 4608, 'd': 300, 'window': 20, 'n_channels': 15, 'anomaly_rate': 0.1618923544883728, 'kind_counts': {'normal': 3862, 'offset': 131, 'drift': 130, 'spike': 149, 'decouple': 123, 'desync': 167, 'organic': 46}, 'train_units': 100, 'test_units': 100, 'n_regimes': 1, 'seed': 2, 'per_regime_norm': False, 'official_test_fleet': True, 'dataset': 'cmapss:FD001', 'cap': 125.0, 'subset': 'FD001', 'dropped_constant_sensors': 6, 'source': 'NASA C-MAPSS (real)', 'source_name': 'cmapss', 'source_kind': 'fleet'}
[16:34:27]   caveat: Ships no anomaly annotations: detection anomalies are injected.
[16:34:27]   explain: capped test set to 1500 windows
    [pc] epoch   0  nll 31630.877
    [pc] epoch   6  nll  178.735
    [pc] epoch  12  nll  175.637
    [pc] epoch  18  nll  179.526
    [pc] epoch  24  nll  175.919
    [pc] epoch  30  nll  178.725
    [pc] epoch  36  nll  173.472
    [pc] epoch  42  nll  177.349
    [pc] epoch  48  nll  173.480
[16:34:45]   pc_train_nll: first=31630.8774 last=177.6010 (50 epochs)
[16:34:45]   pc: fit 17.8s · 15,360 params · score sd 58.596 · device cpu · layered · 14,888 win/s
[16:34:58]   attribution cost: PC exact (all views) 9.7s · AE sampling-SHAP (one view) 0.9s
[16:34:59]   completeness: max residual 3.05e-05 nats, mean 3.58e-06
[16:34:59]   deletion curves scored with the circuit's own scorer — PC attributions have home-field advantage here, the localisation columns do not
[16:35:00]   worked examples (median-scoring window of each kind):
[16:35:00]    [normal]
[16:35:00]   anomaly score 163.2 nats
[16:35:00]      ch11  out of range         marginal   23.00  structural    2.93  worst at t=3
[16:35:00]      ch13  out of range         marginal   20.06  structural    0.28  worst at t=7
[16:35:00]      ch10  out of range         marginal   20.40  structural   -0.77  worst at t=9
[16:35:01]    [spike]
[16:35:01]   anomaly score 213.4 nats   [injected: spike, channels [5, 6]]
[16:35:01]       ch6  out of range         marginal   44.06  structural    4.38  worst at t=3  <- CORRECT
[16:35:01]       ch5  out of range         marginal   44.07  structural   -0.25  worst at t=3  <- CORRECT
[16:35:01]       ch0  out of range         marginal   20.41  structural   -0.17  worst at t=11  <- miss
[16:35:02]    [offset]
[16:35:02]   anomaly score 380.4 nats   [injected: offset, channels [1, 5, 13, 14]]
[16:35:02]      ch14  out of range         marginal   88.80  structural   -0.80  worst at t=5  <- CORRECT
[16:35:02]      ch13  out of range         marginal   72.05  structural   -0.36  worst at t=10  <- CORRECT
[16:35:02]       ch5  out of range         marginal   48.58  structural    9.18  worst at t=8  <- CORRECT
[16:35:02]    [drift]
[16:35:02]   anomaly score 354.4 nats   [injected: drift, channels [6, 7]]
[16:35:02]       ch7  out of range         marginal   91.93  structural   -0.52  worst at t=17  <- CORRECT
[16:35:02]       ch6  out of range         marginal   81.21  structural    0.12  worst at t=18  <- CORRECT
[16:35:02]       ch4  out of range         marginal   30.95  structural   -0.45  worst at t=15  <- miss
[16:35:03]    [decouple]
[16:35:03]   anomaly score 167.7 nats   [injected: decouple, channels [5]]
[16:35:03]      ch11  out of range         marginal   24.04  structural   -0.27  worst at t=2  <- miss
[16:35:03]       ch0  out of range         marginal   22.87  structural   -0.17  worst at t=7  <- miss
[16:35:03]      ch14  out of range         marginal   22.51  structural   -0.19  worst at t=18  <- miss
[16:35:04]    [desync]
[16:35:04]   anomaly score 168.7 nats   [injected: desync, channels [0, 10]]
[16:35:04]      ch13  out of range         marginal   22.08  structural   -0.27  worst at t=12  <- miss
[16:35:04]      ch12  out of range         marginal   21.92  structural   -0.23  worst at t=13  <- miss
[16:35:04]       ch4  out of range         marginal   21.99  structural   -0.39  worst at t=6  <- miss
[16:35:04] --- stage explain done in 36.6s ---
[16:35:04] === run ok · 36.6s · peak RSS 1.072 GB ===

>>> [4/9] subset-FD002 · seed 0 · logs/ts/cmapss_explain/subset-FD002/seed0 · mean 0.6 min/run · ETA 4 min for the remaining 6
[16:35:04] === run start · seed0 · seed 0 · hash cd5913a62a0b ===
[16:35:04] stages ['explain'] · device cpu · dataset cmapss:FD002
[16:35:04] --- stage: explain ---
[16:35:04]   data: FleetPair(cmapss:FD002: train=260 units, test=259 units, C=21, regimes=6, cap=125)  (0.4s)
[16:35:04]   task: {'kind': 'ad', 'n_train': 13817, 'n_test': 11812, 'd': 420, 'window': 20, 'n_channels': 21, 'anomaly_rate': 0.16703352332115173, 'kind_counts': {'normal': 9839, 'spike': 362, 'offset': 365, 'drift': 336, 'desync': 351, 'decouple': 358, 'organic': 201}, 'train_units': 260, 'test_units': 259, 'n_regimes': 6, 'seed': 0, 'per_regime_norm': True, 'official_test_fleet': True, 'dataset': 'cmapss:FD002', 'cap': 125.0, 'subset': 'FD002', 'dropped_constant_sensors': 0, 'source': 'NASA C-MAPSS (real)', 'source_name': 'cmapss', 'source_kind': 'fleet'}
[16:35:04]   caveat: Ships no anomaly annotations: detection anomalies are injected.
[16:35:04]   explain: capped test set to 1500 windows
    [pc] epoch   0  nll 12819.941
    [pc] epoch   6  nll -122.666
    [pc] epoch  12  nll  -97.205
    [pc] epoch  18  nll  -83.316
    [pc] epoch  24  nll  -56.071
    fit chain K=8: 29/50 (58%) · 0.94 it/s · elapsed 00:30 · ETA 00:22
    [pc] epoch  30  nll  -72.920
    [pc] epoch  36  nll  -78.875
    [pc] epoch  42  nll  -68.612
    [pc] epoch  48  nll  -79.627
    fit chain K=8: done 50/50 in 00:51
[16:35:58]   pc_train_nll: first=12819.9415 last=-78.5245 (50 epochs)
[16:35:58]   pc: fit 53.3s · 17,280 params · score sd 81.487 · device cpu · layered · 12,953 win/s
[16:36:25]   attribution cost: PC exact (all views) 19.0s · AE sampling-SHAP (one view) 1.6s
[16:36:26]   completeness: max residual 3.12e-02 nats, mean 6.17e-04
[16:36:27]   deletion curves scored with the circuit's own scorer — PC attributions have home-field advantage here, the localisation columns do not
[16:36:28]   worked examples (median-scoring window of each kind):
[16:36:28]    [normal]
[16:36:28]   anomaly score -77.1 nats
[16:36:28]      ch20  out of range         marginal   28.33  structural   -0.13  worst at t=14
[16:36:28]      ch16  out of range         marginal   26.89  structural    0.22  worst at t=18
[16:36:28]      ch19  out of range         marginal   25.27  structural    0.28  worst at t=8
[16:36:29]    [spike]
[16:36:29]   anomaly score 143.2 nats   [injected: spike, channels [6]]
[16:36:29]      ch18  broken relationship  marginal  -46.52  structural  166.46  worst at t=16  <- miss
[16:36:29]       ch6  broken relationship  marginal   54.27  structural   36.61  worst at t=11  <- CORRECT
[16:36:29]      ch15  broken relationship  marginal  -69.02  structural  157.72  worst at t=16  <- miss
[16:36:30]    [offset]
[16:36:30]   anomaly score 24313.9 nats   [injected: offset, channels [0, 3]]
[16:36:30]       ch0  broken relationship  marginal 1251.83  structural 22978.35  worst at t=11  <- CORRECT
[16:36:30]      ch15  broken relationship  marginal  -70.60  structural 22496.84  worst at t=11  <- miss
[16:36:30]      ch18  broken relationship  marginal  -52.86  structural 5177.44  worst at t=11  <- miss
[16:36:31]    [drift]
[16:36:31]   anomaly score 84785.9 nats   [injected: drift, channels [1, 4, 10, 12, 16, 19]]
[16:36:31]       ch4  broken relationship  marginal 37861.21  structural 43911.05  worst at t=18  <- CORRECT
[16:36:31]      ch15  broken relationship  marginal  -60.93  structural 36028.19  worst at t=18  <- miss
[16:36:31]      ch18  broken relationship  marginal  -50.36  structural 2306.36  worst at t=10  <- miss
[16:36:32]    [decouple]
[16:36:32]   anomaly score -25.9 nats   [injected: decouple, channels [13]]
[16:36:32]       ch8  out of range         marginal   42.19  structural   -0.37  worst at t=18  <- miss
[16:36:32]      ch13  out of range         marginal   35.99  structural   -0.23  worst at t=12  <- CORRECT
[16:36:32]      ch19  out of range         marginal   30.44  structural   -0.16  worst at t=8  <- miss
[16:36:33]    [desync]
[16:36:33]   anomaly score -40.8 nats   [injected: desync, channels [6, 10, 12, 18]]
[16:36:33]      ch14  out of range         marginal   37.30  structural    0.59  worst at t=16  <- miss
[16:36:33]       ch3  out of range         marginal   30.45  structural    0.08  worst at t=17  <- miss
[16:36:33]      ch19  out of range         marginal   27.64  structural    0.18  worst at t=1  <- miss
[16:36:33] --- stage explain done in 89.3s ---
[16:36:33] === run ok · 89.4s · peak RSS 1.128 GB ===

>>> [5/9] subset-FD002 · seed 1 · logs/ts/cmapss_explain/subset-FD002/seed1 · mean 0.8 min/run · ETA 4 min for the remaining 5
[16:36:33] === run start · seed1 · seed 1 · hash cd5913a62a0b ===
[16:36:33] stages ['explain'] · device cpu · dataset cmapss:FD002
[16:36:33] --- stage: explain ---
[16:36:34]   data: FleetPair(cmapss:FD002: train=260 units, test=259 units, C=21, regimes=6, cap=125)  (0.3s)
[16:36:34]   task: {'kind': 'ad', 'n_train': 13817, 'n_test': 11812, 'd': 420, 'window': 20, 'n_channels': 21, 'anomaly_rate': 0.1675414890050888, 'kind_counts': {'normal': 9833, 'desync': 349, 'offset': 380, 'drift': 361, 'decouple': 335, 'spike': 353, 'organic': 201}, 'train_units': 260, 'test_units': 259, 'n_regimes': 6, 'seed': 1, 'per_regime_norm': True, 'official_test_fleet': True, 'dataset': 'cmapss:FD002', 'cap': 125.0, 'subset': 'FD002', 'dropped_constant_sensors': 0, 'source': 'NASA C-MAPSS (real)', 'source_name': 'cmapss', 'source_kind': 'fleet'}
[16:36:34]   caveat: Ships no anomaly annotations: detection anomalies are injected.
[16:36:34]   explain: capped test set to 1500 windows
    [pc] epoch   0  nll 14617.101
    [pc] epoch   6  nll  -92.921
    [pc] epoch  12  nll  -86.299
    [pc] epoch  18  nll  -99.134
    [pc] epoch  24  nll  -93.653
    fit chain K=8: 30/50 (60%) · 0.99 it/s · elapsed 00:30 · ETA 00:20
    [pc] epoch  30  nll  -79.440
    [pc] epoch  36  nll  -72.113
    [pc] epoch  42  nll  -74.693
    [pc] epoch  48  nll  -73.675
    fit chain K=8: done 50/50 in 00:49
[16:37:24]   pc_train_nll: first=14617.1011 last=-77.0901 (50 epochs)
[16:37:25]   pc: fit 50.8s · 17,280 params · score sd 57.084 · device cpu · layered · 13,589 win/s
[16:37:52]   attribution cost: PC exact (all views) 20.1s · AE sampling-SHAP (one view) 1.7s
[16:37:53]   completeness: max residual 1.56e-02 nats, mean 3.22e-04
[16:37:54]   deletion curves scored with the circuit's own scorer — PC attributions have home-field advantage here, the localisation columns do not
[16:37:54]   worked examples (median-scoring window of each kind):
[16:37:55]    [normal]
[16:37:55]   anomaly score -86.9 nats
[16:37:55]       ch9  broken relationship  marginal   24.30  structural   17.10  worst at t=2
[16:37:55]       ch1  out of range         marginal   30.49  structural   -0.06  worst at t=14
[16:37:55]       ch2  out of range         marginal   28.17  structural    0.25  worst at t=0
[16:37:56]    [spike]
[16:37:56]   anomaly score 6.0 nats   [injected: spike, channels [8, 10]]
[16:37:56]       ch8  out of range         marginal   50.40  structural    0.38  worst at t=0  <- CORRECT
[16:37:56]      ch10  out of range         marginal   40.26  structural    0.15  worst at t=0  <- CORRECT
[16:37:56]      ch14  out of range         marginal   36.38  structural   -0.16  worst at t=9  <- miss
[16:37:57]    [offset]
[16:37:57]   anomaly score 78181.1 nats   [injected: offset, channels [6, 17]]
[16:37:57]      ch17  broken relationship  marginal 16181.49  structural 61846.90  worst at t=13  <- CORRECT
[16:37:57]      ch15  broken relationship  marginal  -65.83  structural 59083.38  worst at t=13  <- miss
[16:37:57]      ch18  broken relationship  marginal  -57.44  structural 1193.44  worst at t=5  <- miss
[16:37:58]    [drift]
[16:37:58]   anomaly score 73286.0 nats   [injected: drift, channels [2, 4, 5, 11, 13, 14, 17, 19]]
[16:37:58]       ch4  out of range         marginal 39598.93  structural 15224.32  worst at t=19  <- CORRECT
[16:37:58]      ch17  broken relationship  marginal 10907.54  structural 6322.59  worst at t=19  <- CORRECT
[16:37:58]       ch5  broken relationship  marginal 1319.18  structural 1494.51  worst at t=19  <- CORRECT
[16:37:59]    [decouple]
[16:37:59]   anomaly score -50.4 nats   [injected: decouple, channels [19]]
[16:37:59]      ch20  out of range         marginal   36.22  structural   -0.33  worst at t=7  <- miss
[16:37:59]       ch1  out of range         marginal   24.26  structural    0.13  worst at t=4  <- miss
[16:37:59]       ch2  out of range         marginal   23.34  structural    0.21  worst at t=0  <- miss
[16:37:59]    [desync]
[16:37:59]   anomaly score -19.4 nats   [injected: desync, channels [6, 14]]
[16:37:59]       ch3  out of range         marginal   36.41  structural    0.05  worst at t=7  <- miss
[16:37:59]       ch1  out of range         marginal   29.87  structural   -0.46  worst at t=16  <- miss
[16:37:59]      ch16  out of range         marginal   27.55  structural   -0.64  worst at t=6  <- miss
[16:38:00] --- stage explain done in 86.3s ---
[16:38:00] === run ok · 86.3s · peak RSS 1.132 GB ===

>>> [6/9] subset-FD002 · seed 2 · logs/ts/cmapss_explain/subset-FD002/seed2 · mean 0.9 min/run · ETA 4 min for the remaining 4
[16:38:00] === run start · seed2 · seed 2 · hash cd5913a62a0b ===
[16:38:00] stages ['explain'] · device cpu · dataset cmapss:FD002
[16:38:00] --- stage: explain ---
[16:38:00]   data: FleetPair(cmapss:FD002: train=260 units, test=259 units, C=21, regimes=6, cap=125)  (0.3s)
[16:38:00]   task: {'kind': 'ad', 'n_train': 13817, 'n_test': 11812, 'd': 420, 'window': 20, 'n_channels': 21, 'anomaly_rate': 0.16686420142650604, 'kind_counts': {'normal': 9841, 'offset': 367, 'drift': 340, 'spike': 351, 'decouple': 333, 'desync': 379, 'organic': 201}, 'train_units': 260, 'test_units': 259, 'n_regimes': 6, 'seed': 2, 'per_regime_norm': True, 'official_test_fleet': True, 'dataset': 'cmapss:FD002', 'cap': 125.0, 'subset': 'FD002', 'dropped_constant_sensors': 0, 'source': 'NASA C-MAPSS (real)', 'source_name': 'cmapss', 'source_kind': 'fleet'}
[16:38:00]   caveat: Ships no anomaly annotations: detection anomalies are injected.
[16:38:00]   explain: capped test set to 1500 windows
    [pc] epoch   0  nll 12857.397
    [pc] epoch   6  nll  -87.114
    [pc] epoch  12  nll -106.823
    [pc] epoch  18  nll  -90.778
    [pc] epoch  24  nll  -92.873
    fit chain K=8: 29/50 (58%) · 0.95 it/s · elapsed 00:30 · ETA 00:22
    [pc] epoch  30  nll  -93.127
    [pc] epoch  36  nll  -90.472
    [pc] epoch  42  nll  -90.099
    [pc] epoch  48  nll  -91.643
    fit chain K=8: done 50/50 in 00:52
[16:38:54]   pc_train_nll: first=12857.3971 last=-91.0018 (50 epochs)
[16:38:54]   pc: fit 53.8s · 17,280 params · score sd 57.072 · device cpu · layered · 12,836 win/s
[16:39:18]   attribution cost: PC exact (all views) 16.9s · AE sampling-SHAP (one view) 1.7s
[16:39:19]   completeness: max residual 1.56e-02 nats, mean 6.91e-04
[16:39:20]   deletion curves scored with the circuit's own scorer — PC attributions have home-field advantage here, the localisation columns do not
[16:39:20]   worked examples (median-scoring window of each kind):
[16:39:21]    [normal]
[16:39:21]   anomaly score -111.1 nats
[16:39:21]      ch14  out of range         marginal   28.02  structural   -0.14  worst at t=4
[16:39:21]      ch20  out of range         marginal   26.78  structural   -0.03  worst at t=1
[16:39:21]      ch16  out of range         marginal   23.87  structural   -0.43  worst at t=12
[16:39:22]    [spike]
[16:39:22]   anomaly score -41.9 nats   [injected: spike, channels [11]]
[16:39:22]      ch11  out of range         marginal   71.85  structural   23.64  worst at t=6  <- CORRECT
[16:39:22]      ch19  out of range         marginal   30.09  structural   -0.07  worst at t=16  <- miss
[16:39:22]      ch20  out of range         marginal   26.36  structural    0.59  worst at t=9  <- miss
[16:39:23]    [offset]
[16:39:23]   anomaly score 57194.8 nats   [injected: offset, channels [1, 8, 10, 17]]
[16:39:23]      ch17  broken relationship  marginal 12313.87  structural 44900.40  worst at t=16  <- CORRECT
[16:39:23]      ch15  broken relationship  marginal  -67.65  structural 42410.89  worst at t=16  <- miss
[16:39:23]      ch18  broken relationship  marginal  -62.53  structural  499.68  worst at t=8  <- miss
[16:39:24]    [drift]
[16:39:24]   anomaly score 74883.2 nats   [injected: drift, channels [4, 8, 11, 14]]
[16:39:24]       ch4  broken relationship  marginal 37800.70  structural 36922.16  worst at t=18  <- CORRECT
[16:39:24]      ch15  broken relationship  marginal  -67.29  structural 22941.27  worst at t=18  <- miss
[16:39:24]      ch17  broken relationship  marginal  -56.24  structural 4090.88  worst at t=16  <- miss
[16:39:25]    [decouple]
[16:39:25]   anomaly score -56.4 nats   [injected: decouple, channels [1]]
[16:39:25]       ch1  out of range         marginal   34.33  structural    0.64  worst at t=10  <- CORRECT
[16:39:25]       ch3  out of range         marginal   34.67  structural    0.04  worst at t=6  <- miss
[16:39:25]      ch20  out of range         marginal   31.80  structural   -0.08  worst at t=18  <- miss
[16:39:26]    [desync]
[16:39:26]   anomaly score 332.2 nats   [injected: desync, channels [17, 19, 20]]
[16:39:26]      ch17  broken relationship  marginal  -49.22  structural  418.23  worst at t=2  <- CORRECT
[16:39:26]      ch15  broken relationship  marginal  -65.40  structural  403.55  worst at t=2  <- miss
[16:39:26]      ch20  out of range         marginal   34.30  structural   -0.13  worst at t=12  <- CORRECT
[16:39:26] --- stage explain done in 86.8s ---
[16:39:26] === run ok · 86.8s · peak RSS 1.144 GB ===

>>> [7/9] subset-FD004 · seed 0 · logs/ts/cmapss_explain/subset-FD004/seed0 · mean 1.0 min/run · ETA 3 min for the remaining 3
[16:39:26] === run start · seed0 · seed 0 · hash b0552b1a98b7 ===
[16:39:26] stages ['explain'] · device cpu · dataset cmapss:FD004
[16:39:26] --- stage: explain ---
[16:39:27]   data: FleetPair(cmapss:FD004: train=249 units, test=248 units, C=21, regimes=6, cap=125)  (0.4s)
[16:39:27]   task: {'kind': 'ad', 'n_train': 18107, 'n_test': 15855, 'd': 420, 'window': 20, 'n_channels': 21, 'anomaly_rate': 0.16253547370433807, 'kind_counts': {'normal': 13278, 'spike': 482, 'offset': 493, 'drift': 468, 'desync': 491, 'decouple': 491, 'organic': 152}, 'train_units': 249, 'test_units': 248, 'n_regimes': 6, 'seed': 0, 'per_regime_norm': True, 'official_test_fleet': True, 'dataset': 'cmapss:FD004', 'cap': 125.0, 'subset': 'FD004', 'dropped_constant_sensors': 0, 'source': 'NASA C-MAPSS (real)', 'source_name': 'cmapss', 'source_kind': 'fleet'}
[16:39:27]   caveat: Ships no anomaly annotations: detection anomalies are injected.
[16:39:27]   explain: capped test set to 1500 windows
    [pc] epoch   0  nll 18423.016
    [pc] epoch   6  nll   -1.529
    [pc] epoch  12  nll    8.933
    [pc] epoch  18  nll   40.882
    fit chain K=8: 23/50 (46%) · 0.75 it/s · elapsed 00:30 · ETA 00:36
    [pc] epoch  24  nll   69.824
    [pc] epoch  30  nll   68.556
    [pc] epoch  36  nll   69.799
    [pc] epoch  42  nll   67.660
    fit chain K=8: 46/50 (92%) · 0.74 it/s · elapsed 01:02 · ETA 00:05
    [pc] epoch  48  nll   67.892
    fit chain K=8: done 50/50 in 01:07
[16:40:36]   pc_train_nll: first=18423.0164 last=68.7364 (50 epochs)
[16:40:36]   pc: fit 68.9s · 17,280 params · score sd 78.841 · device cpu · layered · 13,139 win/s
[16:41:02]   attribution cost: PC exact (all views) 17.5s · AE sampling-SHAP (one view) 1.6s
[16:41:03]   completeness: max residual 3.05e-05 nats, mean 3.62e-06
[16:41:04]   deletion curves scored with the circuit's own scorer — PC attributions have home-field advantage here, the localisation columns do not
[16:41:04]   worked examples (median-scoring window of each kind):
[16:41:05]    [normal]
[16:41:05]   anomaly score 29.4 nats
[16:41:05]       ch1  out of range         marginal   27.19  structural   -0.07  worst at t=5
[16:41:05]       ch3  out of range         marginal   26.59  structural    0.01  worst at t=14
[16:41:05]      ch10  out of range         marginal   26.65  structural   -0.17  worst at t=7
[16:41:06]    [spike]
[16:41:06]   anomaly score 812.6 nats   [injected: spike, channels [0, 3]]
[16:41:06]       ch0  broken relationship  marginal  450.85  structural  258.08  worst at t=15  <- CORRECT
[16:41:06]      ch20  out of range         marginal   33.34  structural    0.28  worst at t=15  <- miss
[16:41:06]      ch11  out of range         marginal   27.09  structural    0.46  worst at t=7  <- miss
[16:41:07]    [offset]
[16:41:07]   anomaly score 2412.9 nats   [injected: offset, channels [6, 7, 8]]
[16:41:07]       ch7  broken relationship  marginal 1232.87  structural  985.18  worst at t=10  <- CORRECT
[16:41:07]       ch8  out of range         marginal  122.66  structural   -1.03  worst at t=8  <- CORRECT
[16:41:07]       ch6  out of range         marginal   60.71  structural   -1.36  worst at t=10  <- CORRECT
[16:41:08]    [drift]
[16:41:08]   anomaly score 5512.4 nats   [injected: drift, channels [0, 2, 5, 6, 17, 20]]
[16:41:08]      ch17  out of range         marginal 3537.81  structural  269.39  worst at t=18  <- CORRECT
[16:41:08]       ch0  broken relationship  marginal  812.86  structural  526.95  worst at t=19  <- CORRECT
[16:41:08]       ch5  out of range         marginal  197.60  structural   11.73  worst at t=19  <- CORRECT
[16:41:09]    [decouple]
[16:41:09]   anomaly score 37.0 nats   [injected: decouple, channels [1, 13]]
[16:41:09]       ch5  out of range         marginal   55.68  structural    2.80  worst at t=15  <- miss
[16:41:09]       ch2  out of range         marginal   22.93  structural    0.17  worst at t=12  <- miss
[16:41:09]      ch20  out of range         marginal   19.79  structural    0.10  worst at t=14  <- miss
[16:41:10]    [desync]
[16:41:10]   anomaly score 72.7 nats   [injected: desync, channels [0, 5, 7, 11]]
[16:41:10]      ch13  out of range         marginal   38.33  structural    0.55  worst at t=11  <- miss
[16:41:10]       ch8  out of range         marginal   33.34  structural    0.19  worst at t=4  <- miss
[16:41:10]      ch20  out of range         marginal   23.94  structural    0.07  worst at t=0  <- miss
[16:41:10] --- stage explain done in 103.6s ---
[16:41:10] === run ok · 103.6s · peak RSS 1.144 GB ===

>>> [8/9] subset-FD004 · seed 1 · logs/ts/cmapss_explain/subset-FD004/seed1 · mean 1.1 min/run · ETA 2 min for the remaining 2
[16:41:10] === run start · seed1 · seed 1 · hash b0552b1a98b7 ===
[16:41:10] stages ['explain'] · device cpu · dataset cmapss:FD004
[16:41:10] --- stage: explain ---
[16:41:10]   data: FleetPair(cmapss:FD004: train=249 units, test=248 units, C=21, regimes=6, cap=125)  (0.3s)
[16:41:10]   task: {'kind': 'ad', 'n_train': 18107, 'n_test': 15855, 'd': 420, 'window': 20, 'n_channels': 21, 'anomaly_rate': 0.15976032614707947, 'kind_counts': {'normal': 13322, 'desync': 480, 'offset': 506, 'drift': 489, 'decouple': 430, 'spike': 476, 'organic': 152}, 'train_units': 249, 'test_units': 248, 'n_regimes': 6, 'seed': 1, 'per_regime_norm': True, 'official_test_fleet': True, 'dataset': 'cmapss:FD004', 'cap': 125.0, 'subset': 'FD004', 'dropped_constant_sensors': 0, 'source': 'NASA C-MAPSS (real)', 'source_name': 'cmapss', 'source_kind': 'fleet'}
[16:41:10]   caveat: Ships no anomaly annotations: detection anomalies are injected.
[16:41:10]   explain: capped test set to 1500 windows
    [pc] epoch   0  nll 17648.218
    [pc] epoch   6  nll   14.030
    [pc] epoch  12  nll   23.761
    [pc] epoch  18  nll   19.043
    fit chain K=8: 23/50 (46%) · 0.75 it/s · elapsed 00:30 · ETA 00:35
    [pc] epoch  24  nll   23.834
    [pc] epoch  30  nll   52.776
    [pc] epoch  36  nll   40.231
    [pc] epoch  42  nll   42.985
    fit chain K=8: 45/50 (90%) · 0.74 it/s · elapsed 01:00 · ETA 00:06
    [pc] epoch  48  nll   45.159
    fit chain K=8: done 50/50 in 01:07
[16:42:19]   pc_train_nll: first=17648.2184 last=42.7147 (50 epochs)
[16:42:19]   pc: fit 68.9s · 17,280 params · score sd 79.343 · device cpu · layered · 13,137 win/s
[16:42:45]   attribution cost: PC exact (all views) 17.1s · AE sampling-SHAP (one view) 1.5s
[16:42:47]   completeness: max residual 4.88e-04 nats, mean 1.23e-05
[16:42:48]   deletion curves scored with the circuit's own scorer — PC attributions have home-field advantage here, the localisation columns do not
[16:42:48]   worked examples (median-scoring window of each kind):
[16:42:49]    [normal]
[16:42:49]   anomaly score 1.5 nats
[16:42:49]      ch19  out of range         marginal   27.37  structural    0.17  worst at t=6
[16:42:49]       ch2  out of range         marginal   27.46  structural   -0.17  worst at t=11
[16:42:49]       ch1  out of range         marginal   25.07  structural    0.36  worst at t=11
[16:42:50]    [spike]
[16:42:50]   anomaly score 196.7 nats   [injected: spike, channels [8, 20]]
[16:42:50]       ch8  out of range         marginal   64.01  structural    4.90  worst at t=12  <- CORRECT
[16:42:50]      ch20  out of range         marginal   34.22  structural    0.46  worst at t=12  <- CORRECT
[16:42:50]       ch2  out of range         marginal   32.70  structural   -0.41  worst at t=16  <- miss
[16:42:51]    [offset]
[16:42:51]   anomaly score 5815.9 nats   [injected: offset, channels [0, 1, 16]]
[16:42:51]       ch0  broken relationship  marginal 1191.34  structural 4491.05  worst at t=10  <- CORRECT
[16:42:51]      ch15  broken relationship  marginal  -26.12  structural 3182.98  worst at t=10  <- miss
[16:42:51]      ch18  broken relationship  marginal  -47.29  structural 1083.04  worst at t=16  <- miss
[16:42:52]    [drift]
[16:42:52]   anomaly score 20171.1 nats   [injected: drift, channels [0, 15]]
[16:42:52]       ch0  broken relationship  marginal  805.23  structural 18166.44  worst at t=9  <- CORRECT
[16:42:52]      ch15  broken relationship  marginal  233.65  structural 18561.96  worst at t=9  <- CORRECT
[16:42:52]      ch17  broken relationship  marginal  -32.29  structural  803.00  worst at t=4  <- miss
[16:42:53]    [decouple]
[16:42:53]   anomaly score 43.9 nats   [injected: decouple, channels [1, 16]]
[16:42:53]       ch3  out of range         marginal   33.34  structural    0.48  worst at t=16  <- miss
[16:42:53]      ch20  out of range         marginal   30.65  structural    0.41  worst at t=2  <- miss
[16:42:53]      ch16  out of range         marginal   29.71  structural   -0.21  worst at t=13  <- CORRECT
[16:42:54]    [desync]
[16:42:54]   anomaly score 32.4 nats   [injected: desync, channels [11, 12, 16]]
[16:42:54]      ch20  out of range         marginal   30.53  structural   -0.36  worst at t=8  <- miss
[16:42:54]       ch2  out of range         marginal   28.12  structural    0.16  worst at t=8  <- miss
[16:42:54]       ch1  out of range         marginal   26.92  structural    0.48  worst at t=9  <- miss
[16:42:54] --- stage explain done in 103.7s ---
[16:42:54] === run ok · 103.7s · peak RSS 1.183 GB ===

>>> [9/9] subset-FD004 · seed 2 · logs/ts/cmapss_explain/subset-FD004/seed2 · mean 1.2 min/run · ETA 1 min for the remaining 1
[16:42:54] === run start · seed2 · seed 2 · hash b0552b1a98b7 ===
[16:42:54] stages ['explain'] · device cpu · dataset cmapss:FD004
[16:42:54] --- stage: explain ---
[16:42:54]   data: FleetPair(cmapss:FD004: train=249 units, test=248 units, C=21, regimes=6, cap=125)  (0.3s)
[16:42:54]   task: {'kind': 'ad', 'n_train': 18107, 'n_test': 15855, 'd': 420, 'window': 20, 'n_channels': 21, 'anomaly_rate': 0.16007567942142487, 'kind_counts': {'normal': 13317, 'offset': 489, 'drift': 466, 'spike': 456, 'decouple': 466, 'desync': 509, 'organic': 152}, 'train_units': 249, 'test_units': 248, 'n_regimes': 6, 'seed': 2, 'per_regime_norm': True, 'official_test_fleet': True, 'dataset': 'cmapss:FD004', 'cap': 125.0, 'subset': 'FD004', 'dropped_constant_sensors': 0, 'source': 'NASA C-MAPSS (real)', 'source_name': 'cmapss', 'source_kind': 'fleet'}
[16:42:54]   caveat: Ships no anomaly annotations: detection anomalies are injected.
[16:42:54]   explain: capped test set to 1500 windows
    [pc] epoch   0  nll 17464.716
    [pc] epoch   6  nll   -8.283
    [pc] epoch  12  nll    1.315
    [pc] epoch  18  nll    8.487
    fit chain K=8: 23/50 (46%) · 0.77 it/s · elapsed 00:30 · ETA 00:35
    [pc] epoch  24  nll   22.035
    [pc] epoch  30  nll   44.306
    [pc] epoch  36  nll   54.326
    [pc] epoch  42  nll   50.920
    fit chain K=8: 45/50 (90%) · 0.74 it/s · elapsed 01:01 · ETA 00:06
    [pc] epoch  48  nll   44.346
    fit chain K=8: done 50/50 in 01:08
[16:44:04]   pc_train_nll: first=17464.7161 last=45.2252 (50 epochs)
[16:44:04]   pc: fit 70.2s · 17,280 params · score sd 78.172 · device cpu · layered · 12,901 win/s
[16:44:32]   attribution cost: PC exact (all views) 18.5s · AE sampling-SHAP (one view) 1.4s
[16:44:33]   completeness: max residual 1.95e-03 nats, mean 7.22e-05
[16:44:34]   deletion curves scored with the circuit's own scorer — PC attributions have home-field advantage here, the localisation columns do not
[16:44:34]   worked examples (median-scoring window of each kind):
[16:44:35]    [normal]
[16:44:35]   anomaly score 9.9 nats
[16:44:35]      ch16  out of range         marginal   25.43  structural    0.20  worst at t=19
[16:44:35]       ch3  out of range         marginal   23.00  structural    0.36  worst at t=2
[16:44:35]       ch2  out of range         marginal   22.66  structural   -0.01  worst at t=16
[16:44:36]    [spike]
[16:44:36]   anomaly score 222.1 nats   [injected: spike, channels [5, 19]]
[16:44:36]       ch5  broken relationship  marginal   63.75  structural   49.26  worst at t=7  <- CORRECT
[16:44:36]       ch9  out of range         marginal   51.39  structural    5.59  worst at t=15  <- miss
[16:44:36]      ch16  out of range         marginal   32.97  structural    0.17  worst at t=10  <- miss
[16:44:37]    [offset]
[16:44:37]   anomaly score 14620.8 nats   [injected: offset, channels [5, 17, 19]]
[16:44:37]      ch17  broken relationship  marginal 5085.28  structural 9138.03  worst at t=7  <- CORRECT
[16:44:37]      ch15  broken relationship  marginal  -24.67  structural 9057.25  worst at t=7  <- miss
[16:44:37]       ch5  out of range         marginal  279.84  structural   89.27  worst at t=5  <- CORRECT
[16:44:38]    [drift]
[16:44:38]   anomaly score 33829.7 nats   [injected: drift, channels [0, 6, 15, 20]]
[16:44:38]      ch15  broken relationship  marginal  270.31  structural 32274.31  worst at t=5  <- CORRECT
[16:44:38]       ch0  broken relationship  marginal  691.07  structural 14212.56  worst at t=5  <- CORRECT
[16:44:38]      ch17  broken relationship  marginal  -28.61  structural 14556.43  worst at t=5  <- miss
[16:44:39]    [decouple]
[16:44:39]   anomaly score 44.1 nats   [injected: decouple, channels [9, 11]]
[16:44:39]       ch2  out of range         marginal   29.97  structural    0.10  worst at t=9  <- miss
[16:44:39]      ch10  out of range         marginal   29.38  structural    0.47  worst at t=16  <- miss
[16:44:39]       ch3  out of range         marginal   28.01  structural    0.55  worst at t=2  <- miss
[16:44:40]    [desync]
[16:44:40]   anomaly score 29.9 nats   [injected: desync, channels [2, 3, 11, 20]]
[16:44:40]      ch16  out of range         marginal   33.25  structural   -0.04  worst at t=17  <- miss
[16:44:40]      ch10  out of range         marginal   27.61  structural    0.11  worst at t=5  <- miss
[16:44:40]       ch1  out of range         marginal   24.17  structural   -0.17  worst at t=1  <- miss
[16:44:40] --- stage explain done in 106.3s ---
[16:44:40] === run ok · 106.3s · peak RSS 1.183 GB ===

==============================================================================
 batch finished in 11.4 min — 9 ok, 0 skipped, 0 failed
==============================================================================

=== explain (mean ± sd over seeds) ===

method                           dataset          variant                           loc_auroc          prec_at_k       deletion_auc  max_residual_nats mean_residual_nats loc_auroc[decouple]  loc_auroc[desync]   loc_auroc[drift]  seeds
------------------------------------------------------------------------------------------------------------------------------------------------------------------------------------------------------------------------------------------
Gaussian conditional (exact)     cmapss:FD001     subset-FD001                  0.8807±0.0088      0.6510±0.0064      0.1160±0.0111                  —                  —      0.4732±0.0361      0.7217±0.0205      0.9741±0.0017      3
PC Shapley (exact conditionals)  cmapss:FD001     subset-FD001                  0.8664±0.0086      0.6322±0.0096      0.0672±0.0008                  —                  —      0.4831±0.0678      0.5495±0.0341      0.9761±0.0051      3
PC marginal (exact)              cmapss:FD002     subset-FD002                  0.8635±0.0106      0.6093±0.0158      0.0756±0.0026                  —                  —      0.4812±0.0434      0.4975±0.0109      0.9896±0.0007      3
PC marginal (exact)              cmapss:FD001     subset-FD001                  0.8630±0.0084      0.6205±0.0083      0.0672±0.0008                  —                  —      0.4822±0.0655      0.5298±0.0378      0.9713±0.0044      3
PC conditional (exact)           cmapss:FD001     subset-FD001                  0.8625±0.0084      0.6288±0.0119      0.0670±0.0009                  —                  —      0.4791±0.0675      0.5491±0.0359      0.9717±0.0052      3
z-score (per channel)            cmapss:FD002     subset-FD002                  0.8556±0.0022      0.5851±0.0228      0.0922±0.0049                  —                  —      0.4744±0.0645      0.5210±0.0213      0.9739±0.0014      3
PC conditional (exact)           cmapss:FD002     subset-FD002                  0.8533±0.0016      0.5178±0.0144      0.0647±0.0027                  —                  —      0.6168±0.0430      0.6217±0.0278      0.8926±0.0155      3
PC marginal (exact)              cmapss:FD004     subset-FD004                  0.8518±0.0171      0.5862±0.0144      0.0611±0.0108                  —                  —      0.4927±0.0311      0.4959±0.0187      0.9713±0.0023      3
PC Shapley (exact conditionals)  cmapss:FD002     subset-FD002                  0.8454±0.0019      0.4945±0.0223      0.0654±0.0027                  —                  —      0.6007±0.0419      0.6105±0.0298      0.8830±0.0128      3
z-score (per channel)            cmapss:FD004     subset-FD004                  0.8443±0.0201      0.5754±0.0175      0.0615±0.0070                  —                  —      0.5061±0.0417      0.4594±0.0063      0.9685±0.0014      3
PC conditional (exact)           cmapss:FD004     subset-FD004                  0.8434±0.0165      0.5359±0.0159      0.0588±0.0067                  —                  —      0.5755±0.0657      0.5569±0.0065      0.9112±0.0117      3
z-score (per channel)            cmapss:FD001     subset-FD001                  0.8425±0.0049      0.5570±0.0149      0.0694±0.0037                  —                  —      0.4866±0.0417      0.5047±0.0263      0.9490±0.0013      3
PC Shapley (exact conditionals)  cmapss:FD004     subset-FD004                  0.8345±0.0160      0.5082±0.0137      0.0571±0.0060                  —                  —      0.5659±0.0668      0.5487±0.0107      0.8992±0.0114      3
Gaussian conditional (exact)     cmapss:FD004     subset-FD004                  0.8279±0.0149      0.5012±0.0114      0.0663±0.0176                  —                  —      0.5919±0.0282      0.7338±0.0184      0.8408±0.0273      3
Gaussian conditional (exact)     cmapss:FD002     subset-FD002                  0.8143±0.0062      0.4861±0.0164      0.1284±0.0153                  —                  —      0.5981±0.0243      0.6812±0.0529      0.8340±0.0096      3
AE reconstruction (per channel)  cmapss:FD004     subset-FD004                  0.7660±0.0098      0.4478±0.0367      0.0993±0.0170                  —                  —      0.5197±0.0601      0.5976±0.0366      0.8242±0.0396      3
AE sampling-SHAP (32/ch)         cmapss:FD002     subset-FD002                  0.7583±0.0102      0.4489±0.0294      0.0984±0.0074                  —                  —      0.4601±0.0212      0.5115±0.0374      0.8721±0.0050      3
AE reconstruction (per channel)  cmapss:FD002     subset-FD002                  0.7575±0.0101      0.4197±0.0092      0.1871±0.0418                  —                  —      0.4814±0.0101      0.5690±0.0445      0.8160±0.0152      3
AE sampling-SHAP (32/ch)         cmapss:FD004     subset-FD004                  0.7548±0.0178      0.4121±0.0114      0.0699±0.0101                  —                  —      0.4962±0.0303      0.5048±0.0229      0.8448±0.0146      3
AE reconstruction (per channel)  cmapss:FD001     subset-FD001                  0.7310±0.0237      0.3817±0.0451      0.1029±0.0118                  —                  —      0.4927±0.0206      0.5595±0.0349      0.8260±0.0216      3
PC structural (exact)            cmapss:FD002     subset-FD002                  0.6987±0.0216      0.3684±0.0302      0.0538±0.0016                  —                  —      0.6925±0.0455      0.6477±0.0406      0.6759±0.0321      3
AE sampling-SHAP (32/ch)         cmapss:FD001     subset-FD001                  0.6907±0.0196      0.3389±0.0312      0.0893±0.0072                  —                  —      0.4871±0.0311      0.4870±0.0129      0.7983±0.0331      3
PC structural (exact)            cmapss:FD004     subset-FD004                  0.6674±0.0261      0.3561±0.0384      0.0638±0.0099                  —                  —      0.6150±0.0463      0.6169±0.0466      0.6257±0.0189      3
PC structural (exact)            cmapss:FD001     subset-FD001                  0.6019±0.0181      0.3041±0.0271      0.0728±0.0028                  —                  —      0.4798±0.0297      0.6108±0.0132      0.6329±0.0096      3
PC chain-rule completeness       cmapss:FD004     subset-FD004                              —                  —                  —   8.240e-04±1e-03    2.935e-05±4e-05                   —                  —                  —      3
PC chain-rule completeness       cmapss:FD002     subset-FD002                              —                  —                  —      0.0208±0.0090   5.433e-04±2e-04                   —                  —                  —      3
PC chain-rule completeness       cmapss:FD001     subset-FD001                              —                  —                  —   1.831e-04±3e-04    6.795e-06±5e-06                   —                  —                  —      3

wrote logs/ts/cmapss_explain/summary.csv, summary.json, summary.md

