==============================================================================
 experiment: scaling   (config/ts/scaling.yaml)
 Tree (DensityPC) vs DAG (RegionGraphPC) node counts, parameters and timings.
 output:     logs/ts/scaling
==============================================================================

2 variant(s) × 1 seed(s) = 2 run(s)

  K-4                                    dataset=synthetic        stages=scaling
  K-6                                    dataset=synthetic        stages=scaling


>>> [1/2] K-4 · seed 0 · logs/ts/scaling/K-4/seed0
[15:55:43] === run start · seed0 · seed 0 · hash 807b86f0f273 ===
[15:55:43] stages ['scaling'] · device cuda · dataset synthetic
[15:55:43] --- stage: scaling ---
[15:55:44]   d=    8  DAG leaves       32  DAG params       464  tree leaves 512
[15:55:44]   d=   16  DAG leaves       64  DAG params     1,040  tree leaves 4096
[15:55:49]   d=   32  DAG leaves      128  DAG params     2,192  tree leaves 32768
[15:56:25]   d=   64  DAG leaves      256  DAG params     4,496  tree leaves 262144
[15:56:25]   d=  112  DAG leaves      448  DAG params     7,952  tree leaves ~1.8e+06 (skipped)
[15:56:25]   d=  256  DAG leaves    1,024  DAG params    18,320  tree leaves ~1.7e+07 (skipped)
[15:56:26]   d= 1024  DAG leaves    4,096  DAG params    73,616  tree leaves ~1.1e+09 (skipped)
[15:56:26] --- stage scaling done in 43.0s ---
[15:56:26] === run ok · 43.1s · peak RSS 5.929 GB ===

>>> [2/2] K-6 · seed 0 · logs/ts/scaling/K-6/seed0 · mean 0.7 min/run · ETA 1 min for the remaining 1
[15:56:27] === run start · seed0 · seed 0 · hash 65fc3feb1803 ===
[15:56:27] stages ['scaling'] · device cuda · dataset synthetic
[15:56:27] --- stage: scaling ---
[15:56:27]   d=    8  DAG leaves       48  DAG params     1,428  tree leaves 1728
[15:56:29]   d=   16  DAG leaves       96  DAG params     3,252  tree leaves 20736
[15:57:02]   d=   32  DAG leaves      192  DAG params     6,900  tree leaves 248832
[15:57:02]   d=   64  DAG leaves      384  DAG params    14,196  tree leaves ~3.0e+06 (skipped)
[15:57:02]   d=  112  DAG leaves      672  DAG params    25,140  tree leaves ~3.1e+07 (skipped)
[15:57:03]   d=  256  DAG leaves    1,536  DAG params    57,972  tree leaves ~4.3e+08 (skipped)
[15:57:05]   d= 1024  DAG leaves    6,144  DAG params   233,076  tree leaves ~6.2e+10 (skipped)
[15:57:05] --- stage scaling done in 38.7s ---
[15:57:05] === run ok · 38.7s · peak RSS 5.929 GB ===

==============================================================================
 batch finished in 1.4 min — 2 ok, 0 skipped, 0 failed
==============================================================================

=== scaling (mean ± sd over seeds) ===

method                       variant                                   d         dag_leaves         dag_params        dag_build_s          dag_fwd_s        tree_leaves        tree_params       tree_build_s  seeds
--------------------------------------------------------------------------------------------------------------------------------------------------------------------------------------------------------------------
d=8                          K-4                           8.0000±0.0000     32.0000±0.0000    464.0000±0.0000      0.0043±0.0000      0.0968±0.0000    512.0000±0.0000   1316.0000±0.0000      0.0437±0.0000      1
d=8                          K-6                           8.0000±0.0000     48.0000±0.0000   1428.0000±0.0000      0.0144±0.0000      0.0067±0.0000   1728.0000±0.0000   4398.0000±0.0000      0.0602±0.0000      1
d=16                         K-4                          16.0000±0.0000     64.0000±0.0000   1040.0000±0.0000      0.0071±0.0000      0.0067±0.0000   4096.0000±0.0000  10532.0000±0.0000      0.2244±0.0000      1
d=16                         K-6                          16.0000±0.0000     96.0000±0.0000   3252.0000±0.0000      0.0148±0.0000      0.0124±0.0000  20736.0000±0.0000  52782.0000±0.0000      1.1960±0.0000      1
d=32                         K-4                          32.0000±0.0000    128.0000±0.0000   2192.0000±0.0000      0.0154±0.0000      0.0139±0.0000  32768.0000±0.0000  84260.0000±0.0000      1.9560±0.0000      1
d=32                         K-6                          32.0000±0.0000    192.0000±0.0000   6900.0000±0.0000      0.0307±0.0000      0.0251±0.0000   2.488e+05±0e+00    6.334e+05±0e+00      16.2064±0.0000      1
d=64                         K-4                          64.0000±0.0000    256.0000±0.0000   4496.0000±0.0000      0.0308±0.0000      0.0282±0.0000   2.621e+05±0e+00    6.741e+05±0e+00      20.2020±0.0000      1
d=64                         K-6                          64.0000±0.0000    384.0000±0.0000  14196.0000±0.0000      0.0620±0.0000      0.0512±0.0000                  —                  —                  —      1
d=112                        K-4                         112.0000±0.0000    448.0000±0.0000   7952.0000±0.0000      0.0545±0.0000      0.0499±0.0000                  —                  —                  —      1
d=112                        K-6                         112.0000±0.0000    672.0000±0.0000  25140.0000±0.0000      0.1152±0.0000      0.0904±0.0000                  —                  —                  —      1
d=256                        K-4                         256.0000±0.0000   1024.0000±0.0000  18320.0000±0.0000      0.1315±0.0000      0.1159±0.0000                  —                  —                  —      1
d=256                        K-6                         256.0000±0.0000   1536.0000±0.0000  57972.0000±0.0000      0.2529±0.0000      0.2083±0.0000                  —                  —                  —      1
d=1024                       K-4                        1024.0000±0.0000   4096.0000±0.0000  73616.0000±0.0000      0.5191±0.0000      0.4684±0.0000                  —                  —                  —      1
d=1024                       K-6                        1024.0000±0.0000   6144.0000±0.0000   2.331e+05±0e+00       1.3709±0.0000      0.8461±0.0000                  —                  —                  —      1

wrote logs/ts/scaling/summary.csv, summary.json, summary.md

