==============================================================================
 experiment: smoke   (config/ts/smoke.yaml)
 End-to-end wiring check: data -> circuit -> queries -> baselines -> conformal
 output:     logs/ts/smoke
==============================================================================

1 variant(s) × 1 seed(s) = 1 run(s)

  default                                dataset=synthetic        stages=ad,explain,rul,calibration


>>> default · seed 0 · logs/ts/smoke/default/seed0
[08:30:06] === run start · seed0 · seed 0 · hash 44c6bb8278c5 ===
[08:30:06] stages ['ad', 'explain', 'rul', 'calibration'] · device cuda · dataset synthetic
[08:30:06] --- stage: ad ---
[08:30:06]   data: FleetPair(synthetic: train=24 units, C=8, regimes=2, cap=130)  (0.0s)
[08:30:06]   task: {'kind': 'ad', 'n_train': 557, 'n_test': 429, 'd': 48, 'window': 6, 'n_channels': 8, 'anomaly_rate': 0.1655011624097824, 'kind_counts': {'drift': 6, 'normal': 358, 'decouple': 10, 'offset': 7, 'organic': 36, 'spike': 7, 'desync': 5}, 'train_units': 14, 'test_units': 10, 'n_regimes': 2, 'seed': 0, 'dataset': 'synthetic', 'cap': 130.0, 'source': 'synthetic simulator', 'units': 24}
    [pc] epoch   0  nll   64.262
    [pc] epoch   1  nll   62.650
    [pc] epoch   2  nll   59.989
    [pc] epoch   3  nll   56.632
[08:30:06] !!! FAILED after 0.6s: KeyboardInterrupt: 
  [FAILED] see logs/ts/smoke/default/seed0/run.log

==============================================================================
 batch finished in 0.0 min — 0 ok, 0 skipped, 1 failed
==============================================================================

=== ad (mean ± sd over seeds) ===

method                                                   auroc                 ap          train_nll              fit_s             params    auroc[decouple]      auroc[desync]       auroc[drift]  seeds
----------------------------------------------------------------------------------------------------------------------------------------------------------------------------------------------------------
1-NN distance                                    0.9134±0.0000      0.8321±0.0000                  —      0.0465±0.0248                  —      0.5723±0.0000      0.7743±0.0000      0.9544±0.0000      1
Mahalanobis                                      0.8952±0.0000      0.7815±0.0000                  —      0.0089±0.0031                  —      0.4913±0.0000      0.8123±0.0000      0.9902±0.0000      1
PCA reconstruction                               0.8850±0.0000      0.7797±0.0000                  —      0.8592±0.5071                  —      0.5232±0.0000      0.6698±0.0000      0.8822±0.0000      1
RegionGraphPC [chain, K=4]                       0.8768±0.0013      0.7893±0.0011     48.8317±0.0522      1.6491±1.1784    752.0000±0.0000      0.5111±0.0070      0.5594±0.0032      0.8037±0.0006      1
z-score (per channel)                            0.8659±0.0000      0.7595±0.0000                  —      0.0047±0.0008                  —      0.5575±0.0000      0.4751±0.0000      0.9213±0.0000      1
z-score (per channel) · 3 dead (imputed)         0.8565±0.0000      0.7318±0.0000                  —                  —                  —      0.6675±0.0000      0.5232±0.0000      0.7016±0.0000      1
diagonal Gaussian                                0.8533±0.0000      0.7253±0.0000                  —      0.0046±0.0027                  —      0.6405±0.0000      0.4011±0.0000      0.7025±0.0000      1
PC · 3 dead (mean-imputed)                       0.8412±0.0021      0.7382±0.0006                  —                  —                  —      0.5407±0.0134      0.4295±0.0022      0.6365±0.0033      1
PC · 3 dead (exact marginal)                     0.8332±0.0024      0.7369±0.0002                  —                  —                  —      0.5039±0.0151      0.4201±0.0012      0.6173±0.0031      1
diagonal Gaussian · 3 dead (imputed)             0.8226±0.0000      0.7061±0.0000                  —                  —                  —      0.6232±0.0000      0.3665±0.0000      0.5368±0.0000      1
PC · structural-only score                       0.7927±0.0001      0.6093±0.0060                  —                  —                  —      0.3641±0.0027      0.6204±0.0042      0.6490±0.0042      1
moving-average residual                          0.7497±0.0000      0.4818±0.0000                  —      0.0143±0.0058                  —      0.5145±0.0000      0.5665±0.0000      0.9744±0.0000      1
moving-average residual · 3 dead (imputed)       0.7495±0.0000      0.4708±0.0000                  —                  —                  —      0.5388±0.0000      0.5659±0.0000      0.7477±0.0000      1

=== calibration (mean ± sd over seeds) ===

method                                            picp               mpiw     interval_score               crps               rmse                mae          calib_err diag_frac_clipped_hi  seeds
----------------------------------------------------------------------------------------------------------------------------------------------------------------------------------------------------
SurvivalPC + split conformal (cqr)       0.9045±0.2072    118.5179±5.6933    129.3230±18.3623     22.3738±0.0164     42.8687±0.0080     37.7502±0.0231                  —      0.0000±0.0000      1
quantile reg. + conformal (CQR)          0.9040±0.0000    145.3213±0.0000    185.3809±0.0000                  —     40.1421±0.0000                  —                  —                  —      1
SurvivalPC + split conformal (pit)       0.5847±0.0000    113.3399±3.2572    154.9360±3.2572     22.3738±0.0164     42.8687±0.0080     37.7502±0.0231                  —      0.0000±0.0000      1
SurvivalPC (raw exact predictive)        0.5701±0.0202    109.8512±0.8485    154.2797±4.4111     22.3738±0.0164     42.8687±0.0080     37.7502±0.0231      0.1009±0.0018                  —      1

=== explain (mean ± sd over seeds) ===

method                                    loc_auroc          prec_at_k       deletion_auc  max_residual_nats mean_residual_nats loc_auroc[decouple]  loc_auroc[desync]   loc_auroc[drift]  seeds
------------------------------------------------------------------------------------------------------------------------------------------------------------------------------------------------
PC conditional (exact)                0.8477±0.0031      0.6800±0.0298      0.2306±0.0194                  —                  —      0.6872±0.0051      0.8857±0.0639      0.9412±0.0000      1
PC Shapley (exact conditionals)       0.8319±0.0076      0.6267±0.0149      0.2162±0.0111                  —                  —      0.7134±0.0089      0.8571±0.0000      0.8857±0.0075      1
z-score (per channel)                 0.8194±0.0000      0.6111±0.0000      0.2109±0.0039                  —                  —      0.8120±0.0000      0.0000±0.0000      0.8151±0.0000      1
PC marginal (exact)                   0.7980±0.0054      0.5978±0.0298      0.2489±0.0276                  —                  —      0.7236±0.0000      0.2857±0.0000      0.8034±0.0113      1
Gaussian conditional (exact)          0.7474±0.0000      0.5778±0.0000      0.3901±0.0193                  —                  —      0.7179±0.0000      1.0000±0.0000      0.7647±0.0000      1
AE reconstruction (per channel)       0.7387±0.0000      0.5333±0.0000      0.3194±0.0196                  —                  —      0.5527±0.0000      0.8571±0.0000      0.8319±0.0000      1
PC structural (exact)                 0.5656±0.0031      0.3444±0.0000      0.3827±0.0201                  —                  —      0.3698±0.0076      1.0000±0.0000      0.7076±0.0150      1
AE sampling-SHAP (4/ch)               0.5195±0.0000      0.2111±0.0000      0.5409±0.0010                  —                  —      0.4359±0.0000      0.5714±0.0000      0.5882±0.0000      1
PC chain-rule completeness                        —                  —                  —   3.815e-06±0e+00    1.097e-06±2e-07                   —                  —                  —      1

=== rul (mean ± sd over seeds) ===

method                                          rmse                mae               nasa               crps     interval_score               picp               mpiw          calib_err  seeds
------------------------------------------------------------------------------------------------------------------------------------------------------------------------------------------------
SurvivalPC (drop censored)            40.8072±0.2036     36.4726±0.1668  67944.5277±3564.8558     20.6809±0.1583    155.8174±0.1095      0.5847±0.0000    114.2213±0.1095      0.1011±0.0028      1
SurvivalPC (exact censored lik.)      40.6129±0.2708     36.0826±0.1549  81252.9845±8283.5591     20.6828±0.1866    154.6055±0.0821      0.5847±0.0000    113.0094±0.0821      0.1048±0.0001      1
MLP regressor                         33.9686±0.0000     27.5147±0.0000   1.838e+05±1e-01                   —                  —                  —                  —                  —      1
PC · 3 dead sensors                                —                  —                  —                  —                  —                  —                  —                  —      1
quantile reg. + conformal (CQR)       37.3805±0.0000     29.7270±0.0000   2.876e+05±1e+01                   —    174.0706±0.0002      0.9237±0.0000    141.5565±0.0009                  —      1
ridge regression                      25.0151±0.0000     20.5571±0.0000   6980.4418±0.0000                  —                  —                  —                  —                  —      1

=== rul_partial (mean ± sd over seeds) ===

method                                crps_full crps_exact_marginal       crps_imputed          rmse_full rmse_exact_marginal       rmse_imputed picp_exact_marginal       picp_imputed  seeds
----------------------------------------------------------------------------------------------------------------------------------------------------------------------------------------------
PC · 3 dead sensors              20.5993±0.0000     20.7284±0.0000     20.9105±0.0000     40.4918±0.0000     40.7058±0.0000     40.9235±0.0000      0.5847±0.0000      0.5847±0.0000      1

wrote logs/ts/smoke/summary.csv, summary.json, summary.md

