==============================================================================
 experiment: smoke   (config/ts/smoke.yaml)
 End-to-end wiring check: data -> circuit -> queries -> baselines -> conformal
 output:     logs/ts/smoke
==============================================================================

1 variant(s) × 1 seed(s) = 1 run(s)

  default                                dataset=synthetic        stages=ad,explain,rul,calibration


>>> [1/1] default · seed 0 · logs/ts/smoke/default/seed0
[10:07:47] === run start · seed0 · seed 0 · hash 9d3d53fdd2e9 ===
[10:07:47] stages ['ad', 'explain', 'rul', 'calibration'] · device cuda · dataset synthetic
[10:07:47] --- stage: ad ---
[10:07:47]   data: FleetPair(synthetic: train=24 units, C=8, regimes=2, cap=130)  (0.0s)
[10:07:47]   task: {'kind': 'ad', 'n_train': 544, 'n_test': 396, 'd': 48, 'window': 6, 'n_channels': 8, 'anomaly_rate': 0.14646464586257935, 'kind_counts': {'drift': 6, 'normal': 338, 'decouple': 10, 'offset': 7, 'organic': 23, 'spike': 7, 'desync': 5}, 'train_units': 14, 'test_units': 10, 'n_regimes': 2, 'seed': 0, 'dataset': 'synthetic', 'cap': 130.0, 'source': 'synthetic simulator', 'units': 24, 'source_name': 'synthetic', 'source_kind': 'synthetic', 'censored_units': 9, 'simulated_censoring': 0.35}
[10:07:47]   caveat: Evidence about machinery, not about machines: the background process, the degradation and the anomalies are all ours.
    [pc] epoch   0  nll   64.565
    [pc] epoch   1  nll   62.919
    [pc] epoch   2  nll   60.187
    [pc] epoch   3  nll   56.772
    [pc] epoch   4  nll   53.527
    [pc] epoch   5  nll   50.761
[10:07:47]   pc_train_nll: first=64.5645 last=50.7615 (6 epochs)
[10:07:47]   pc: fit 0.7s · 752 params · score sd 7.435 · device cuda · layered · 4,452 win/s
[10:07:48]   typed decomposition (mean worst-channel surprise):
[10:07:48]        normal  n=  338  marginal    11.73  conditional    10.61  structural     2.26
[10:07:48]      decouple  n=   10  marginal    12.93  conditional    12.03  structural     2.28
[10:07:48]        desync  n=    5  marginal     9.41  conditional    11.73  structural     4.35
[10:07:48]         drift  n=    6  marginal    16.52  conditional    15.36  structural     5.71
[10:07:48]        offset  n=    7  marginal    20.53  conditional    18.27  structural     6.38
[10:07:48]       organic  n=   23  marginal    41.65  conditional    51.16  structural    19.14
[10:07:48]         spike  n=    7  marginal    25.46  conditional    26.45  structural     3.77
[10:07:48] --- stage ad done in 1.4s ---
[10:07:48] --- stage: explain ---
[10:07:48]   data: FleetPair(synthetic: train=24 units, C=8, regimes=2, cap=130)  (0.0s)
[10:07:48]   task: {'kind': 'ad', 'n_train': 544, 'n_test': 396, 'd': 48, 'window': 6, 'n_channels': 8, 'anomaly_rate': 0.14646464586257935, 'kind_counts': {'drift': 6, 'normal': 338, 'decouple': 10, 'offset': 7, 'organic': 23, 'spike': 7, 'desync': 5}, 'train_units': 14, 'test_units': 10, 'n_regimes': 2, 'seed': 0, 'dataset': 'synthetic', 'cap': 130.0, 'source': 'synthetic simulator', 'units': 24, 'source_name': 'synthetic', 'source_kind': 'synthetic', 'censored_units': 9, 'simulated_censoring': 0.35}
[10:07:48]   caveat: Evidence about machinery, not about machines: the background process, the degradation and the anomalies are all ours.
[10:07:48]   explain: capped test set to 200 windows
    [pc] epoch   0  nll   64.565
    [pc] epoch   1  nll   62.919
    [pc] epoch   2  nll   60.187
    [pc] epoch   3  nll   56.772
    [pc] epoch   4  nll   53.527
    [pc] epoch   5  nll   50.761
[10:07:48]   pc_train_nll: first=64.5645 last=50.7615 (6 epochs)
[10:07:48]   pc: fit 0.1s · 752 params · score sd 7.435 · device cuda · layered · 41,203 win/s
[10:07:48]   attribution cost: PC exact (all views) 0.0s · AE sampling-SHAP (one view) 0.0s
[10:07:48]   completeness: max residual 3.81e-06 nats, mean 9.54e-07
[10:07:48]   deletion curves scored with the circuit's own scorer — PC attributions have home-field advantage here, the localisation columns do not
[10:07:48]   worked examples (median-scoring window of each kind):
[10:07:48]    [normal]
[10:07:48]   anomaly score 48.1 nats
[10:07:48]       ch1  out of range         marginal   14.11  structural    1.53  worst at t=2
[10:07:48]       ch7  out of range         marginal    6.72  structural   -1.73  worst at t=5
[10:07:48]       ch0  out of range         marginal    7.04  structural   -2.64  worst at t=4
[10:07:49]    [spike]
[10:07:49]   anomaly score 72.3 nats   [injected: spike, channels [6]]
[10:07:49]       ch6  out of range         marginal   28.66  structural   -2.57  worst at t=4  <- CORRECT
[10:07:49]       ch0  out of range         marginal    6.71  structural    2.29  worst at t=0  <- miss
[10:07:49]       ch7  out of range         marginal    6.62  structural    1.80  worst at t=2  <- miss
[10:07:49]    [offset]
[10:07:49]   anomaly score 71.3 nats   [injected: offset, channels [5, 6]]
[10:07:49]       ch6  broken relationship  marginal   13.24  structural    9.09  worst at t=4  <- CORRECT
[10:07:49]       ch5  out of range         marginal   21.41  structural   -3.66  worst at t=5  <- CORRECT
[10:07:49]       ch7  out of range         marginal   10.11  structural   -2.88  worst at t=5  <- miss
[10:07:49]    [drift]
[10:07:49]   anomaly score 61.4 nats   [injected: drift, channels [1, 2, 4]]
[10:07:49]       ch1  out of range         marginal    8.78  structural    3.60  worst at t=5  <- CORRECT
[10:07:49]       ch4  out of range         marginal   14.02  structural   -3.61  worst at t=5  <- CORRECT
[10:07:49]       ch2  out of range         marginal    7.21  structural    1.98  worst at t=5  <- CORRECT
[10:07:49]    [decouple]
[10:07:49]   anomaly score 50.2 nats   [injected: decouple, channels [2, 6]]
[10:07:49]       ch6  out of range         marginal   10.39  structural   -2.75  worst at t=3  <- CORRECT
[10:07:49]       ch1  out of range         marginal    7.35  structural    0.21  worst at t=4  <- miss
[10:07:49]       ch2  out of range         marginal   10.43  structural   -3.78  worst at t=2  <- CORRECT
[10:07:49]    [desync]
[10:07:49]   anomaly score 45.9 nats   [injected: desync, channels [3]]
[10:07:49]       ch7  out of range         marginal    6.88  structural    3.28  worst at t=1  <- miss
[10:07:49]       ch0  out of range         marginal    6.56  structural   -0.43  worst at t=3  <- miss
[10:07:49]       ch4  out of range         marginal    7.01  structural   -1.03  worst at t=2  <- miss
[10:07:49] --- stage explain done in 0.9s ---
[10:07:49] --- stage: rul ---
[10:07:49]   data: FleetPair(synthetic: train=24 units, C=8, regimes=2, cap=130)  (0.0s)
[10:07:49]   task: {'kind': 'rul', 'n_train': 653, 'n_test': 249, 'd': 48, 'window': 6, 'n_channels': 8, 'n_bins': 12, 'cap': 130.0, 'censored_frac': 0.21745789051055908, 'train_units': 14, 'test_units': 10, 'censored_units': 9, 'n_regimes': 2, 'seed': 0, 'split_rebalanced': 0, 'dataset': 'synthetic', 'source': 'synthetic simulator', 'units': 24, 'source_name': 'synthetic', 'source_kind': 'synthetic', 'simulated_censoring': 0.35}
[10:07:49]   caveat: Evidence about machinery, not about machines: the background process, the degradation and the anomalies are all ours.
    [surv] epoch   0  censored-NLL   71.273
    [surv] epoch   1  censored-NLL   70.504
    [surv] epoch   2  censored-NLL   69.846
    [surv] epoch   3  censored-NLL   69.024
    [surv] epoch   4  censored-NLL   68.132
    [surv] epoch   5  censored-NLL   67.362
[10:07:49]   surv_dropped_nll: first=71.2732 last=67.3618 (6 epochs)
[10:07:49]   surv_dropped: fit 0.1s · 864 params
[10:07:49]   !! SurvivalPC (drop censored): degenerate predictive: E[tau|x] has sd 0.732 cycles over 249 inputs, under 5% of the target's own spread (41.5) — p(tau|x) barely depends on x. Check tau_where (use 'deep'; 'root' caps the coupling at a KxK latent and collapses at most K, non-monotonically), weight_jitter (must be > 0) and leaf jitter before trusting any result from this model.
[10:07:49] !!! FAILED after 2.5s: DegenerateModelError: degenerate predictive: E[tau|x] has sd 0.732 cycles over 249 inputs, under 5% of the target's own spread (41.5) — p(tau|x) barely depends on x. Check tau_where (use 'deep'; 'root' caps the coupling at a KxK latent and collapses at most K, non-monotonically), weight_jitter (must be > 0) and leaf jitter before trusting any result from this model.
  [FAILED] see logs/ts/smoke/default/seed0/run.log

==============================================================================
 batch finished in 0.0 min — 0 ok, 0 skipped, 1 failed
==============================================================================

=== ad (mean ± sd over seeds) ===

method                                                   auroc                 ap          train_nll              fit_s             params    auroc[decouple]      auroc[desync]       auroc[drift]  seeds
----------------------------------------------------------------------------------------------------------------------------------------------------------------------------------------------------------
Mahalanobis                                      0.8690±0.0000      0.7236±0.0000                  —      0.0073±0.0000                  —      0.5299±0.0000      0.7840±0.0000      0.9842±0.0000      1
1-NN distance                                    0.8677±0.0000      0.7448±0.0000                  —      0.0291±0.0000                  —      0.5367±0.0000      0.8355±0.0000      0.9532±0.0000      1
RegionGraphPC [chain, K=4]                       0.8567±0.0000      0.7227±0.0000     48.9978±0.0000      0.7331±0.0000    752.0000±0.0000      0.5911±0.0000      0.6621±0.0000      0.8047±0.0000      1
z-score (per channel)                            0.8366±0.0000      0.7073±0.0000                  —      0.0036±0.0000                  —      0.5182±0.0000      0.3982±0.0000      0.9221±0.0000      1
PCA reconstruction                               0.8324±0.0000      0.6887±0.0000                  —      0.5097±0.0000                  —      0.5071±0.0000      0.6444±0.0000      0.8787±0.0000      1
diagonal Gaussian                                0.8102±0.0000      0.6476±0.0000                  —      0.0028±0.0000                  —      0.5926±0.0000      0.3254±0.0000      0.7081±0.0000      1
PC · 3 dead (mean-imputed)                       0.8098±0.0000      0.6600±0.0000                  —                  —                  —      0.5536±0.0000      0.5941±0.0000      0.7041±0.0000      1
PC · 3 dead (exact marginal)                     0.8034±0.0000      0.6620±0.0000                  —                  —                  —      0.5349±0.0000      0.5959±0.0000      0.6721±0.0000      1
z-score (per channel) · 3 dead (imputed)         0.7926±0.0000      0.6446±0.0000                  —                  —                  —      0.4959±0.0000      0.4334±0.0000      0.6908±0.0000      1
diagonal Gaussian · 3 dead (imputed)             0.7811±0.0000      0.6170±0.0000                  —                  —                  —      0.5320±0.0000      0.3929±0.0000      0.5404±0.0000      1
PC · structural-only score                       0.7698±0.0000      0.5553±0.0000                  —                  —                  —      0.4781±0.0000      0.6899±0.0000      0.7046±0.0000      1
moving-average residual                          0.7228±0.0000      0.5120±0.0000                  —      0.0107±0.0000                  —      0.4047±0.0000      0.4734±0.0000      0.9832±0.0000      1
moving-average residual · 3 dead (imputed)       0.6957±0.0000      0.4545±0.0000                  —                  —                  —      0.4064±0.0000      0.3515±0.0000      0.8402±0.0000      1

=== explain (mean ± sd over seeds) ===

method                                    loc_auroc          prec_at_k       deletion_auc  max_residual_nats mean_residual_nats loc_auroc[decouple]  loc_auroc[desync]   loc_auroc[drift]  seeds
------------------------------------------------------------------------------------------------------------------------------------------------------------------------------------------------
PC conditional (exact)                0.8654±0.0000      0.6765±0.0000      0.2541±0.0000                  —                  —      0.7086±0.0000      0.2857±0.0000      0.9688±0.0000      1
PC Shapley (exact conditionals)       0.8485±0.0000      0.6569±0.0000      0.2325±0.0000                  —                  —      0.6286±0.0000      0.2857±0.0000      0.9219±0.0000      1
Gaussian conditional (exact)          0.7991±0.0000      0.6373±0.0000      0.1881±0.0000                  —                  —      0.6457±0.0000      0.0000±0.0000      0.8281±0.0000      1
z-score (per channel)                 0.7917±0.0000      0.6078±0.0000      0.1815±0.0000                  —                  —      0.6629±0.0000      0.0000±0.0000      0.7891±0.0000      1
PC marginal (exact)                   0.7634±0.0000      0.6373±0.0000      0.1938±0.0000                  —                  —      0.6857±0.0000      0.0000±0.0000      0.8047±0.0000      1
AE reconstruction (per channel)       0.7392±0.0000      0.5686±0.0000      0.2046±0.0000                  —                  —      0.5943±0.0000      0.0000±0.0000      0.7969±0.0000      1
PC structural (exact)                 0.6212±0.0000      0.3922±0.0000      0.3553±0.0000                  —                  —      0.3543±0.0000      0.7143±0.0000      0.7734±0.0000      1
AE sampling-SHAP (4/ch)               0.4802±0.0000      0.2843±0.0000      0.5877±0.0000                  —                  —      0.2971±0.0000      0.4286±0.0000      0.6953±0.0000      1
PC chain-rule completeness                        —                  —                  —   3.815e-06±0e+00    9.537e-07±0e+00                   —                  —                  —      1

=== rul (mean ± sd over seeds) ===

method                            censored_frac  seeds
------------------------------------------------------
SurvivalPC (drop censored)        0.2175±0.0000      1

wrote logs/ts/smoke/summary.csv, summary.json, summary.md

