==============================================================================
 experiment: smoke   (config/ts/smoke.yaml)
 End-to-end wiring check: data -> circuit -> queries -> baselines -> conformal
 output:     logs/ts/smoke
==============================================================================

1 variant(s) × 1 seed(s) = 1 run(s)

  default                                dataset=synthetic        stages=ad,explain,rul,calibration


>>> [1/1] default · seed 0 · logs/ts/smoke/default/seed0
[15:08:06] === run start · seed0 · seed 0 · hash 5558b5b0aeb3 ===
[15:08:06] stages ['ad', 'explain', 'rul', 'calibration'] · device cuda · dataset synthetic
[15:08:06] --- stage: ad ---
[15:08:06]   data: FleetPair(synthetic: train=24 units, C=8, regimes=2, cap=130)  (0.0s)
[15:08:06]   task: {'kind': 'ad', 'n_train': 557, 'n_test': 429, 'd': 48, 'window': 6, 'n_channels': 8, 'anomaly_rate': 0.1655011624097824, 'kind_counts': {'drift': 6, 'normal': 358, 'decouple': 10, 'offset': 7, 'organic': 36, 'spike': 7, 'desync': 5}, 'train_units': 14, 'test_units': 10, 'n_regimes': 2, 'seed': 0, 'dataset': 'synthetic', 'cap': 130.0, 'source': 'synthetic simulator', 'units': 24}
    [pc] epoch   0  nll   64.262
    [pc] epoch   1  nll   62.650
    [pc] epoch   2  nll   59.989
    [pc] epoch   3  nll   56.632
    [pc] epoch   4  nll   53.395
    [pc] epoch   5  nll   50.682
[15:08:08]   pc_train_nll: first=64.2618 last=50.6824 (6 epochs)
[15:08:08]   pc: fit 1.1s · 752 params · score sd 7.345 · device cuda · layered · 2,958 win/s
[15:08:08]   typed decomposition (mean worst-channel surprise):
[15:08:08]        normal  n=  358  marginal    11.68  conditional    10.65  structural     2.48
[15:08:08]      decouple  n=   10  marginal    11.48  conditional     8.64  structural     0.72
[15:08:08]        desync  n=    5  marginal     9.37  conditional    10.79  structural     3.73
[15:08:08]         drift  n=    6  marginal    16.14  conditional    14.57  structural     5.01
[15:08:08]        offset  n=    7  marginal    18.63  conditional    23.96  structural     9.95
[15:08:08]       organic  n=   36  marginal    43.05  conditional    50.34  structural    17.69
[15:08:08]         spike  n=    7  marginal    26.05  conditional    24.98  structural     3.22
[15:08:08] --- stage ad done in 1.9s ---
[15:08:08] --- stage: explain ---
[15:08:08]   data: FleetPair(synthetic: train=24 units, C=8, regimes=2, cap=130)  (0.0s)
[15:08:08]   task: {'kind': 'ad', 'n_train': 557, 'n_test': 429, 'd': 48, 'window': 6, 'n_channels': 8, 'anomaly_rate': 0.1655011624097824, 'kind_counts': {'drift': 6, 'normal': 358, 'decouple': 10, 'offset': 7, 'organic': 36, 'spike': 7, 'desync': 5}, 'train_units': 14, 'test_units': 10, 'n_regimes': 2, 'seed': 0, 'dataset': 'synthetic', 'cap': 130.0, 'source': 'synthetic simulator', 'units': 24}
[15:08:08]   explain: capped test set to 200 windows
    [pc] epoch   0  nll   64.262
    [pc] epoch   1  nll   62.650
    [pc] epoch   2  nll   59.989
    [pc] epoch   3  nll   56.632
    [pc] epoch   4  nll   53.395
    [pc] epoch   5  nll   50.682
[15:08:09]   pc_train_nll: first=64.2618 last=50.6824 (6 epochs)
[15:08:09]   pc: fit 0.2s · 752 params · score sd 7.345 · device cuda · layered · 14,735 win/s
[15:08:09]   attribution cost: PC exact (all views) 0.2s · AE sampling-SHAP (one view) 0.1s
[15:08:09]   completeness: max residual 3.81e-06 nats, mean 9.54e-07
[15:08:10]   deletion curves scored with the circuit's own scorer — PC attributions have home-field advantage here, the localisation columns do not
[15:08:10]   worked examples (median-scoring window of each kind):
[15:08:10]    [normal]
[15:08:10]   anomaly score 48.0 nats
[15:08:10]       ch0  out of range         marginal   15.37  structural   -3.78  worst at t=1
[15:08:10]       ch6  out of range         marginal    9.91  structural   -2.32  worst at t=4
[15:08:10]       ch2  out of range         marginal    9.00  structural   -3.65  worst at t=0
[15:08:10]    [spike]
[15:08:10]   anomaly score 63.9 nats   [injected: spike, channels [0]]
[15:08:10]       ch0  out of range         marginal   13.36  structural    1.01  worst at t=1  <- CORRECT
[15:08:10]       ch7  out of range         marginal   12.74  structural   -2.11  worst at t=1  <- miss
[15:08:10]       ch6  out of range         marginal    6.67  structural    2.06  worst at t=4  <- miss
[15:08:11]    [offset]
[15:08:11]   anomaly score 89.0 nats   [injected: offset, channels [3, 6]]
[15:08:11]       ch6  broken relationship  marginal   28.55  structural   14.32  worst at t=5  <- CORRECT
[15:08:11]       ch3  out of range         marginal   15.99  structural   -4.04  worst at t=4  <- CORRECT
[15:08:11]       ch7  out of range         marginal    6.64  structural    0.10  worst at t=0  <- miss
[15:08:11]    [drift]
[15:08:11]   anomaly score 61.7 nats   [injected: drift, channels [1, 2, 4]]
[15:08:11]       ch4  out of range         marginal   15.67  structural   -3.24  worst at t=5  <- CORRECT
[15:08:11]       ch1  out of range         marginal    9.21  structural    1.97  worst at t=5  <- CORRECT
[15:08:11]       ch2  out of range         marginal    6.72  structural    1.74  worst at t=5  <- CORRECT
[15:08:11]    [decouple]
[15:08:11]   anomaly score 50.0 nats   [injected: decouple, channels [2, 6]]
[15:08:11]       ch6  out of range         marginal   10.38  structural   -3.14  worst at t=3  <- CORRECT
[15:08:11]       ch1  out of range         marginal    6.96  structural   -0.06  worst at t=4  <- miss
[15:08:11]       ch2  out of range         marginal   11.00  structural   -4.15  worst at t=2  <- CORRECT
[15:08:12]    [desync]
[15:08:12]   anomaly score 47.1 nats   [injected: desync, channels [1]]
[15:08:12]       ch0  out of range         marginal    8.44  structural   -0.45  worst at t=0  <- miss
[15:08:12]       ch1  out of range         marginal    7.12  structural    0.58  worst at t=0  <- CORRECT
[15:08:12]       ch2  out of range         marginal    9.53  structural   -3.93  worst at t=5  <- miss
[15:08:12] --- stage explain done in 3.2s ---
[15:08:12] --- stage: rul ---
[15:08:12]   data: FleetPair(synthetic: train=24 units, C=8, regimes=2, cap=130)  (0.0s)
[15:08:12]   task: {'kind': 'rul', 'n_train': 719, 'n_test': 354, 'd': 48, 'window': 6, 'n_channels': 8, 'n_bins': 12, 'cap': 130.0, 'censored_frac': 0.0445062518119812, 'train_units': 14, 'test_units': 10, 'censored_units': 1, 'n_regimes': 2, 'seed': 0, 'dataset': 'synthetic', 'source': 'synthetic simulator', 'units': 24}
    [surv] epoch   0  censored-NLL   69.964
    [surv] epoch   1  censored-NLL   68.872
    [surv] epoch   2  censored-NLL   67.720
    [surv] epoch   3  censored-NLL   66.482
    [surv] epoch   4  censored-NLL   65.647
    [surv] epoch   5  censored-NLL   65.023
[15:08:12]   surv_dropped_nll: first=69.9639 last=65.0232 (6 epochs)
[15:08:12]   surv_dropped: fit 0.4s · 864 params
    [surv] epoch   0  censored-NLL   69.724
    [surv] epoch   1  censored-NLL   68.677
    [surv] epoch   2  censored-NLL   67.488
    [surv] epoch   3  censored-NLL   66.267
    [surv] epoch   4  censored-NLL   65.360
    [surv] epoch   5  censored-NLL   64.843
[15:08:13]   surv_censored_nll: first=69.7239 last=64.8434 (6 epochs)
[15:08:13]   surv_censored: fit 0.6s · 864 params
[15:08:13]   partial evidence (3 dead): CRPS exact-marginal 20.728 vs imputed 20.911 (full 20.599)
[15:08:13]   exact survival S(t|x), grouped by TRUE remaining life:
[15:08:13]     RUL   0-20  n=   35  S(20)=0.876  S(40)=0.750  S(60)=0.645
[15:08:13]     RUL  20-50  n=   53  S(20)=0.886  S(40)=0.769  S(60)=0.667
[15:08:13]     RUL  50-90  n=   70  S(20)=0.905  S(40)=0.803  S(60)=0.709
[15:08:13]     RUL  90-131 n=  196  S(20)=0.913  S(40)=0.818  S(60)=0.728
[15:08:13] --- stage rul done in 1.6s ---
[15:08:13] --- stage: calibration ---
[15:08:13]   data: FleetPair(synthetic: train=24 units, C=8, regimes=2, cap=130)  (0.0s)
[15:08:13]   task: {'kind': 'rul', 'n_train': 719, 'n_test': 354, 'd': 48, 'window': 6, 'n_channels': 8, 'n_bins': 12, 'cap': 130.0, 'censored_frac': 0.0445062518119812, 'train_units': 14, 'test_units': 10, 'censored_units': 1, 'n_regimes': 2, 'seed': 0, 'dataset': 'synthetic', 'source': 'synthetic simulator', 'units': 24}
[15:08:13]   conformal split: 463 fit windows / 256 calibration windows (14 units total)
    [surv] epoch   0  censored-NLL   68.468
    [surv] epoch   1  censored-NLL   67.791
    [surv] epoch   2  censored-NLL   67.049
    [surv] epoch   3  censored-NLL   66.216
    [surv] epoch   4  censored-NLL   65.339
    [surv] epoch   5  censored-NLL   64.639
[15:08:14]   surv_conformal_nll: first=68.4679 last=64.6392 (6 epochs)
[15:08:14]   surv_conformal: fit 0.4s · 864 params
[15:08:14]   conformal[cqr] a=0.10: PICP 0.997 (nominal 0.90), MPIW 121.1 (raw PICP 0.579, MPIW 110.2)
[15:08:14]   conformal[pit] a=0.10: PICP 0.585 (nominal 0.90), MPIW 111.9 (raw PICP 0.579, MPIW 110.2)
[15:08:14] --- stage calibration done in 0.8s ---
[15:08:14] === run ok · 7.6s · peak RSS 1.83 GB ===

==============================================================================
 batch finished in 0.1 min — 1 ok, 0 skipped, 0 failed
==============================================================================

=== ad (mean ± sd over seeds) ===

method                                                   auroc                 ap          train_nll              fit_s             params    auroc[decouple]      auroc[desync]       auroc[drift]  seeds
----------------------------------------------------------------------------------------------------------------------------------------------------------------------------------------------------------
1-NN distance                                    0.9134±0.0000      0.8321±0.0000                  —      0.0382±0.0167                  —      0.5723±0.0000      0.7743±0.0000      0.9544±0.0000      1
Mahalanobis                                      0.8952±0.0000      0.7815±0.0000                  —      0.0096±0.0027                  —      0.4913±0.0000      0.8123±0.0000      0.9902±0.0000      1
PCA reconstruction                               0.8850±0.0000      0.7797±0.0000                  —      0.6743±0.3356                  —      0.5232±0.0000      0.6698±0.0000      0.8822±0.0000      1
RegionGraphPC [chain, K=4]                       0.8771±0.0008      0.7890±0.0007     48.8460±0.0324      1.3525±0.7638    752.0000±0.0000      0.5130±0.0043      0.5603±0.0020      0.8039±0.0004      1
z-score (per channel)                            0.8659±0.0000      0.7595±0.0000                  —      0.0043±0.0006                  —      0.5575±0.0000      0.4751±0.0000      0.9213±0.0000      1
z-score (per channel) · 3 dead (imputed)         0.8565±0.0000      0.7318±0.0000                  —                  —                  —      0.6675±0.0000      0.5232±0.0000      0.7016±0.0000      1
diagonal Gaussian                                0.8533±0.0000      0.7253±0.0000                  —      0.0037±0.0017                  —      0.6405±0.0000      0.4011±0.0000      0.7025±0.0000      1
PC · 3 dead (mean-imputed)                       0.8418±0.0013      0.7384±0.0004                  —                  —                  —      0.5443±0.0083      0.4289±0.0014      0.6356±0.0021      1
PC · 3 dead (exact marginal)                     0.8339±0.0015      0.7369±0.0001                  —                  —                  —      0.5080±0.0094      0.4205±0.0008      0.6182±0.0019      1
diagonal Gaussian · 3 dead (imputed)             0.8226±0.0000      0.7061±0.0000                  —                  —                  —      0.6232±0.0000      0.3665±0.0000      0.5368±0.0000      1
PC · structural-only score                       0.7927±0.0000      0.6076±0.0037                  —                  —                  —      0.3649±0.0017      0.6216±0.0026      0.6478±0.0026      1
moving-average residual                          0.7497±0.0000      0.4818±0.0000                  —      0.0126±0.0036                  —      0.5145±0.0000      0.5665±0.0000      0.9744±0.0000      1
moving-average residual · 3 dead (imputed)       0.7495±0.0000      0.4708±0.0000                  —                  —                  —      0.5388±0.0000      0.5659±0.0000      0.7477±0.0000      1

=== calibration (mean ± sd over seeds) ===

method                                            picp               mpiw     interval_score               crps               rmse                mae              alpha          calib_err  seeds
--------------------------------------------------------------------------------------------------------------------------------------------------------------------------------------------------
SurvivalPC + split conformal (cqr)       0.9586±0.1337    120.0031±3.6750    124.5327±11.8528     22.3695±0.0106     42.8666±0.0052     37.7562±0.0149      0.1000±0.0000                  —      1
quantile reg. + conformal (CQR)          0.9068±0.0030    145.9846±0.6928    185.7145±0.3484                  —     39.9020±0.2508                  —      0.1000±0.0000                  —      1
SurvivalPC + split conformal (pit)       0.5847±0.0000    112.4902±2.1025    154.0863±2.1025     22.3695±0.0106     42.8666±0.0052     37.7562±0.0149      0.1000±0.0000                  —      1
SurvivalPC (raw exact predictive)        0.5753±0.0130    110.0726±0.5477    153.1290±2.8473     22.3695±0.0106     42.8666±0.0052     37.7562±0.0149      0.1000±0.0000      0.1014±0.0012      1

=== explain (mean ± sd over seeds) ===

method                                    loc_auroc          prec_at_k       deletion_auc  max_residual_nats mean_residual_nats loc_auroc[decouple]  loc_auroc[desync]   loc_auroc[drift]  seeds
------------------------------------------------------------------------------------------------------------------------------------------------------------------------------------------------
PC conditional (exact)                0.8469±0.0020      0.6722±0.0192      0.2256±0.0125                  —                  —      0.6885±0.0033      0.8690±0.0412      0.9412±0.0000      1
PC Shapley (exact conditionals)       0.8300±0.0049      0.6306±0.0096      0.2133±0.0071                  —                  —      0.7111±0.0058      0.8571±0.0000      0.8838±0.0049      1
z-score (per channel)                 0.8194±0.0000      0.6111±0.0000      0.2099±0.0025                  —                  —      0.8120±0.0000      0.0000±0.0000      0.8151±0.0000      1
PC marginal (exact)                   0.7966±0.0035      0.6056±0.0192      0.2561±0.0178                  —                  —      0.7236±0.0000      0.2857±0.0000      0.8004±0.0073      1
Gaussian conditional (exact)          0.7474±0.0000      0.5778±0.0000      0.3952±0.0125                  —                  —      0.7179±0.0000      1.0000±0.0000      0.7647±0.0000      1
AE reconstruction (per channel)       0.7387±0.0000      0.5000±0.0348      0.3339±0.0181                  —                  —      0.5584±0.0060      0.8571±0.0000      0.8277±0.0044      1
PC structural (exact)                 0.5648±0.0020      0.3444±0.0000      0.3880±0.0130                  —                  —      0.3718±0.0049      1.0000±0.0000      0.7115±0.0097      1
AE sampling-SHAP (4/ch)               0.5156±0.0041      0.2278±0.0174      0.5789±0.0397                  —                  —      0.4387±0.0030      0.5714±0.0000      0.5924±0.0044      1
PC chain-rule completeness                        —                  —                  —   3.815e-06±0e+00    1.013e-06±2e-07                   —                  —                  —      1

=== rul (mean ± sd over seeds) ===

method                                          rmse                mae               nasa               crps     interval_score               picp               mpiw          calib_err  seeds
------------------------------------------------------------------------------------------------------------------------------------------------------------------------------------------------
SurvivalPC (exact censored lik.)      40.5423±0.1748     36.0422±0.1000  79092.0934±5346.9895     20.6341±0.1205    154.6269±0.0530      0.5847±0.0000    113.0308±0.0530      0.1048±0.0001      1
SurvivalPC (drop censored)            40.7541±0.1314     36.4291±0.1077  67014.6108±2301.0845     20.6396±0.1022    155.8459±0.0707      0.5847±0.0000    114.2498±0.0707      0.1018±0.0018      1
MLP regressor                         33.8904±0.0817     27.4534±0.0641   1.676e+05±2e+04                   —                  —                  —                  —                  —      1
PC · 3 dead sensors                                —                  —                  —                  —                  —                  —                  —                  —      1
quantile reg. + conformal (CQR)       37.3554±0.0262     29.6940±0.0345   2.850e+05±3e+03                   —    174.3147±0.2550      0.9237±0.0000    142.1070±0.5750                  —      1
ridge regression                      25.0151±0.0000     20.5571±0.0000   6980.4418±0.0000                  —                  —                  —                  —                  —      1

=== rul_partial (mean ± sd over seeds) ===

method                                crps_full crps_exact_marginal       crps_imputed          rmse_full rmse_exact_marginal       rmse_imputed picp_exact_marginal       picp_imputed  seeds
----------------------------------------------------------------------------------------------------------------------------------------------------------------------------------------------
PC · 3 dead sensors              20.5993±0.0000     20.7284±0.0000     20.9105±0.0000     40.4918±0.0000     40.7058±0.0000     40.9235±0.0000      0.5847±0.0000      0.5847±0.0000      1

wrote logs/ts/smoke/summary.csv, summary.json, summary.md

