==============================================================================
 experiment: smoke   (config/ts/smoke.yaml)
 End-to-end wiring check: data -> circuit -> queries -> baselines -> conformal
 output:     logs/ts/smoke
==============================================================================

1 variant(s) × 1 seed(s) = 1 run(s)

  default                                dataset=synthetic        stages=ad,explain,rul,calibration


>>> [1/1] default · seed 0 · logs/ts/smoke/default/seed0
[14:23:25] === run start · seed0 · seed 0 · hash 04a3130bb048 ===
[14:23:25] stages ['ad', 'explain', 'rul', 'calibration'] · device cuda · dataset synthetic
[14:23:25] --- stage: ad ---
[14:23:25]   data: FleetPair(synthetic: train=24 units, C=8, regimes=2, cap=130)  (0.0s)
[14:23:25]   task: {'kind': 'ad', 'n_train': 557, 'n_test': 429, 'd': 48, 'window': 6, 'n_channels': 8, 'anomaly_rate': 0.1655011624097824, 'kind_counts': {'drift': 6, 'normal': 358, 'decouple': 10, 'offset': 7, 'organic': 36, 'spike': 7, 'desync': 5}, 'train_units': 14, 'test_units': 10, 'n_regimes': 2, 'seed': 0, 'dataset': 'synthetic', 'cap': 130.0, 'source': 'synthetic simulator', 'units': 24}
    [pc] epoch   0  nll   64.262
    [pc] epoch   1  nll   62.650
    [pc] epoch   2  nll   59.989
    [pc] epoch   3  nll   56.632
    [pc] epoch   4  nll   53.395
    [pc] epoch   5  nll   50.682
[14:23:26]   pc_train_nll: first=64.2618 last=50.6824 (6 epochs)
[14:23:26]   pc: fit 0.7s · 752 params · score sd 7.345 · device cuda · layered · 4,461 win/s
[14:23:27]   typed decomposition (mean worst-channel surprise):
[14:23:27]        normal  n=  358  marginal    11.68  conditional    10.65  structural     2.48
[14:23:27]      decouple  n=   10  marginal    11.48  conditional     8.64  structural     0.72
[14:23:27]        desync  n=    5  marginal     9.37  conditional    10.79  structural     3.73
[14:23:27]         drift  n=    6  marginal    16.14  conditional    14.57  structural     5.01
[14:23:27]        offset  n=    7  marginal    18.63  conditional    23.96  structural     9.95
[14:23:27]       organic  n=   36  marginal    43.05  conditional    50.34  structural    17.69
[14:23:27]         spike  n=    7  marginal    26.05  conditional    24.98  structural     3.22
[14:23:27] --- stage ad done in 1.4s ---
[14:23:27] --- stage: explain ---
[14:23:27]   data: FleetPair(synthetic: train=24 units, C=8, regimes=2, cap=130)  (0.0s)
[14:23:27]   task: {'kind': 'ad', 'n_train': 557, 'n_test': 429, 'd': 48, 'window': 6, 'n_channels': 8, 'anomaly_rate': 0.1655011624097824, 'kind_counts': {'drift': 6, 'normal': 358, 'decouple': 10, 'offset': 7, 'organic': 36, 'spike': 7, 'desync': 5}, 'train_units': 14, 'test_units': 10, 'n_regimes': 2, 'seed': 0, 'dataset': 'synthetic', 'cap': 130.0, 'source': 'synthetic simulator', 'units': 24}
[14:23:27]   explain: capped test set to 200 windows
    [pc] epoch   0  nll   64.262
    [pc] epoch   1  nll   62.650
    [pc] epoch   2  nll   59.989
    [pc] epoch   3  nll   56.632
    [pc] epoch   4  nll   53.395
    [pc] epoch   5  nll   50.682
[14:23:27]   pc_train_nll: first=64.2618 last=50.6824 (6 epochs)
[14:23:27]   pc: fit 0.1s · 752 params · score sd 7.345 · device cuda · layered · 42,426 win/s
[14:23:27]   attribution cost: PC exact (all views) 0.0s · AE sampling-SHAP (one view) 0.0s
[14:23:27]   completeness: max residual 3.81e-06 nats, mean 9.54e-07
[14:23:27]   deletion curves scored with the circuit's own scorer — PC attributions have home-field advantage here, the localisation columns do not
[14:23:27]   worked examples (median-scoring window of each kind):
[14:23:27]    [normal]
[14:23:27]   anomaly score 48.0 nats
[14:23:27]       ch0  out of range         marginal   15.37  structural   -3.78  worst at t=1
[14:23:27]       ch6  out of range         marginal    9.91  structural   -2.32  worst at t=4
[14:23:27]       ch2  out of range         marginal    9.00  structural   -3.65  worst at t=0
[14:23:27]    [spike]
[14:23:27]   anomaly score 63.9 nats   [injected: spike, channels [0]]
[14:23:27]       ch0  out of range         marginal   13.36  structural    1.01  worst at t=1  <- CORRECT
[14:23:27]       ch7  out of range         marginal   12.74  structural   -2.11  worst at t=1  <- miss
[14:23:27]       ch6  out of range         marginal    6.67  structural    2.06  worst at t=4  <- miss
[14:23:27]    [offset]
[14:23:27]   anomaly score 89.0 nats   [injected: offset, channels [3, 6]]
[14:23:27]       ch6  broken relationship  marginal   28.55  structural   14.32  worst at t=5  <- CORRECT
[14:23:27]       ch3  out of range         marginal   15.99  structural   -4.04  worst at t=4  <- CORRECT
[14:23:27]       ch7  out of range         marginal    6.64  structural    0.10  worst at t=0  <- miss
[14:23:27]    [drift]
[14:23:27]   anomaly score 61.7 nats   [injected: drift, channels [1, 2, 4]]
[14:23:27]       ch4  out of range         marginal   15.67  structural   -3.24  worst at t=5  <- CORRECT
[14:23:27]       ch1  out of range         marginal    9.21  structural    1.97  worst at t=5  <- CORRECT
[14:23:27]       ch2  out of range         marginal    6.72  structural    1.74  worst at t=5  <- CORRECT
[14:23:27]    [decouple]
[14:23:27]   anomaly score 50.0 nats   [injected: decouple, channels [2, 6]]
[14:23:27]       ch6  out of range         marginal   10.38  structural   -3.14  worst at t=3  <- CORRECT
[14:23:27]       ch1  out of range         marginal    6.96  structural   -0.06  worst at t=4  <- miss
[14:23:27]       ch2  out of range         marginal   11.00  structural   -4.15  worst at t=2  <- CORRECT
[14:23:28]    [desync]
[14:23:28]   anomaly score 47.1 nats   [injected: desync, channels [1]]
[14:23:28]       ch0  out of range         marginal    8.44  structural   -0.45  worst at t=0  <- miss
[14:23:28]       ch1  out of range         marginal    7.12  structural    0.58  worst at t=0  <- CORRECT
[14:23:28]       ch2  out of range         marginal    9.53  structural   -3.93  worst at t=5  <- miss
[14:23:28] --- stage explain done in 0.9s ---
[14:23:28] --- stage: rul ---
[14:23:28]   data: FleetPair(synthetic: train=24 units, C=8, regimes=2, cap=130)  (0.0s)
[14:23:28]   task: {'kind': 'rul', 'n_train': 719, 'n_test': 354, 'd': 48, 'window': 6, 'n_channels': 8, 'n_bins': 12, 'cap': 130.0, 'censored_frac': 0.0445062518119812, 'train_units': 14, 'test_units': 10, 'censored_units': 1, 'n_regimes': 2, 'seed': 0, 'dataset': 'synthetic', 'source': 'synthetic simulator', 'units': 24}
    [surv] epoch   0  censored-NLL   69.964
    [surv] epoch   1  censored-NLL   68.872
    [surv] epoch   2  censored-NLL   67.720
    [surv] epoch   3  censored-NLL   66.482
    [surv] epoch   4  censored-NLL   65.647
    [surv] epoch   5  censored-NLL   65.023
[14:23:28]   surv_dropped_nll: first=69.9639 last=65.0232 (6 epochs)
[14:23:28]   surv_dropped: fit 0.6s · 864 params
    [surv] epoch   0  censored-NLL   69.724
    [surv] epoch   1  censored-NLL   68.677
    [surv] epoch   2  censored-NLL   67.488
    [surv] epoch   3  censored-NLL   66.267
    [surv] epoch   4  censored-NLL   65.360
    [surv] epoch   5  censored-NLL   64.843
[14:23:29]   surv_censored_nll: first=69.7239 last=64.8434 (6 epochs)
[14:23:29]   surv_censored: fit 1.1s · 864 params
[14:23:30]   partial evidence (3 dead): CRPS exact-marginal 20.728 vs imputed 20.911 (full 20.599)
[14:23:30]   exact survival S(t|x), grouped by TRUE remaining life:
[14:23:30]     RUL   0-20  n=   35  S(20)=0.876  S(40)=0.750  S(60)=0.645
[14:23:30]     RUL  20-50  n=   53  S(20)=0.886  S(40)=0.769  S(60)=0.667
[14:23:30]     RUL  50-90  n=   70  S(20)=0.905  S(40)=0.803  S(60)=0.709
[14:23:30]     RUL  90-131 n=  196  S(20)=0.913  S(40)=0.818  S(60)=0.728
[14:23:30] --- stage rul done in 2.5s ---
[14:23:30] --- stage: calibration ---
[14:23:30]   data: FleetPair(synthetic: train=24 units, C=8, regimes=2, cap=130)  (0.0s)
[14:23:30]   task: {'kind': 'rul', 'n_train': 719, 'n_test': 354, 'd': 48, 'window': 6, 'n_channels': 8, 'n_bins': 12, 'cap': 130.0, 'censored_frac': 0.0445062518119812, 'train_units': 14, 'test_units': 10, 'censored_units': 1, 'n_regimes': 2, 'seed': 0, 'dataset': 'synthetic', 'source': 'synthetic simulator', 'units': 24}
[14:23:30]   conformal split: 463 fit windows / 256 calibration windows (14 units total)
    [surv] epoch   0  censored-NLL   68.468
    [surv] epoch   1  censored-NLL   67.791
    [surv] epoch   2  censored-NLL   67.049
    [surv] epoch   3  censored-NLL   66.216
    [surv] epoch   4  censored-NLL   65.339
    [surv] epoch   5  censored-NLL   64.639
[14:23:31]   surv_conformal_nll: first=68.4679 last=64.6392 (6 epochs)
[14:23:31]   surv_conformal: fit 0.7s · 864 params
[14:23:31]   conformal[cqr]: PICP 0.997 (nominal 0.90), MPIW 121.1 (raw PICP 0.579, MPIW 110.2)
[14:23:31]   conformal[pit]: PICP 0.585 (nominal 0.90), MPIW 111.9 (raw PICP 0.579, MPIW 110.2)
[14:23:31] --- stage calibration done in 1.4s ---
[14:23:31] === run ok · 6.3s · peak RSS 1.858 GB ===

==============================================================================
 batch finished in 0.1 min — 1 ok, 0 skipped, 0 failed
==============================================================================

=== ad (mean ± sd over seeds) ===

method                                                   auroc                 ap          train_nll              fit_s             params    auroc[decouple]      auroc[desync]       auroc[drift]  seeds
----------------------------------------------------------------------------------------------------------------------------------------------------------------------------------------------------------
1-NN distance                                    0.9134±0.0000      0.8321±0.0000                  —      0.0392±0.0188                  —      0.5723±0.0000      0.7743±0.0000      0.9544±0.0000      1
Mahalanobis                                      0.8952±0.0000      0.7815±0.0000                  —      0.0095±0.0030                  —      0.4913±0.0000      0.8123±0.0000      0.9902±0.0000      1
PCA reconstruction                               0.8850±0.0000      0.7797±0.0000                  —      0.7173±0.3757                  —      0.5232±0.0000      0.6698±0.0000      0.8822±0.0000      1
RegionGraphPC [chain, K=4]                       0.8770±0.0009      0.7891±0.0008     48.8433±0.0369      1.3611±0.8518    752.0000±0.0000      0.5127±0.0049      0.5602±0.0023      0.8039±0.0004      1
z-score (per channel)                            0.8659±0.0000      0.7595±0.0000                  —      0.0043±0.0006                  —      0.5575±0.0000      0.4751±0.0000      0.9213±0.0000      1
z-score (per channel) · 3 dead (imputed)         0.8565±0.0000      0.7318±0.0000                  —                  —                  —      0.6675±0.0000      0.5232±0.0000      0.7016±0.0000      1
diagonal Gaussian                                0.8533±0.0000      0.7253±0.0000                  —      0.0038±0.0019                  —      0.6405±0.0000      0.4011±0.0000      0.7025±0.0000      1
PC · 3 dead (mean-imputed)                       0.8417±0.0015      0.7384±0.0005                  —                  —                  —      0.5437±0.0095      0.4290±0.0016      0.6358±0.0024      1
PC · 3 dead (exact marginal)                     0.8337±0.0017      0.7369±0.0001                  —                  —                  —      0.5072±0.0107      0.4204±0.0009      0.6180±0.0022      1
diagonal Gaussian · 3 dead (imputed)             0.8226±0.0000      0.7061±0.0000                  —                  —                  —      0.6232±0.0000      0.3665±0.0000      0.5368±0.0000      1
PC · structural-only score                       0.7927±0.0000      0.6079±0.0042                  —                  —                  —      0.3647±0.0019      0.6214±0.0030      0.6480±0.0029      1
moving-average residual                          0.7497±0.0000      0.4818±0.0000                  —      0.0129±0.0041                  —      0.5145±0.0000      0.5665±0.0000      0.9744±0.0000      1
moving-average residual · 3 dead (imputed)       0.7495±0.0000      0.4708±0.0000                  —                  —                  —      0.5388±0.0000      0.5659±0.0000      0.7477±0.0000      1

=== calibration (mean ± sd over seeds) ===

method                                            picp               mpiw     interval_score               crps               rmse                mae          calib_err diag_frac_clipped_hi  seeds
----------------------------------------------------------------------------------------------------------------------------------------------------------------------------------------------------
SurvivalPC + split conformal (cqr)       0.9457±0.1544    119.6495±4.2436    125.6733±13.6865     22.3705±0.0122     42.8671±0.0060     37.7548±0.0172                  —      0.0000±0.0000      1
quantile reg. + conformal (CQR)          0.9058±0.0028    145.7635±0.6633    185.6033±0.3336                  —     39.9821±0.2401                  —                  —                  —      1
SurvivalPC + split conformal (pit)       0.5847±0.0000    112.6925±2.4278    154.2886±2.4278     22.3705±0.0122     42.8671±0.0060     37.7548±0.0172                  —      0.0000±0.0000      1
SurvivalPC (raw exact predictive)        0.5741±0.0151    110.0199±0.6325    153.4029±3.2878     22.3705±0.0122     42.8671±0.0060     37.7548±0.0172      0.1013±0.0014                  —      1

=== explain (mean ± sd over seeds) ===

method                                    loc_auroc          prec_at_k       deletion_auc  max_residual_nats mean_residual_nats loc_auroc[decouple]  loc_auroc[desync]   loc_auroc[drift]  seeds
------------------------------------------------------------------------------------------------------------------------------------------------------------------------------------------------
PC conditional (exact)                0.8471±0.0023      0.6741±0.0222      0.2268±0.0144                  —                  —      0.6882±0.0038      0.8730±0.0476      0.9412±0.0000      1
PC Shapley (exact conditionals)       0.8304±0.0056      0.6296±0.0111      0.2140±0.0083                  —                  —      0.7116±0.0066      0.8571±0.0000      0.8842±0.0056      1
z-score (per channel)                 0.8194±0.0000      0.6111±0.0000      0.2101±0.0029                  —                  —      0.8120±0.0000      0.0000±0.0000      0.8151±0.0000      1
PC marginal (exact)                   0.7969±0.0041      0.6037±0.0222      0.2543±0.0206                  —                  —      0.7236±0.0000      0.2857±0.0000      0.8011±0.0084      1
Gaussian conditional (exact)          0.7474±0.0000      0.5778±0.0000      0.3940±0.0144                  —                  —      0.7179±0.0000      1.0000±0.0000      0.7647±0.0000      1
AE reconstruction (per channel)       0.7387±0.0000      0.5111±0.0333      0.3295±0.0192                  —                  —      0.5565±0.0057      0.8571±0.0000      0.8291±0.0042      1
PC structural (exact)                 0.5650±0.0023      0.3444±0.0000      0.3867±0.0150                  —                  —      0.3713±0.0057      1.0000±0.0000      0.7106±0.0112      1
AE sampling-SHAP (4/ch)               0.5169±0.0039      0.2222±0.0167      0.5663±0.0380                  —                  —      0.4378±0.0028      0.5714±0.0000      0.5910±0.0042      1
PC chain-rule completeness                        —                  —                  —   3.815e-06±0e+00    1.033e-06±2e-07                   —                  —                  —      1

=== rul (mean ± sd over seeds) ===

method                                          rmse                mae               nasa               crps     interval_score               picp               mpiw          calib_err  seeds
------------------------------------------------------------------------------------------------------------------------------------------------------------------------------------------------
SurvivalPC (exact censored lik.)      40.5591±0.2018     36.0519±0.1154  79606.5690±6174.1862     20.6457±0.1391    154.6218±0.0612      0.5847±0.0000    113.0257±0.0612      0.1048±0.0001      1
SurvivalPC (drop censored)            40.7667±0.1517     36.4395±0.1243  67236.0134±2657.0708     20.6494±0.1180    155.8391±0.0816      0.5847±0.0000    114.2430±0.0816      0.1017±0.0021      1
MLP regressor                         33.9165±0.0783     27.4738±0.0614   1.730e+05±2e+04                   —                  —                  —                  —                  —      1
PC · 3 dead sensors                                —                  —                  —                  —                  —                  —                  —                  —      1
quantile reg. + conformal (CQR)       37.3637±0.0251     29.7050±0.0330   2.859e+05±3e+03                   —    174.2334±0.2441      0.9237±0.0000    141.9235±0.5505                  —      1
ridge regression                      25.0151±0.0000     20.5571±0.0000   6980.4418±0.0000                  —                  —                  —                  —                  —      1

=== rul_partial (mean ± sd over seeds) ===

method                                crps_full crps_exact_marginal       crps_imputed          rmse_full rmse_exact_marginal       rmse_imputed picp_exact_marginal       picp_imputed  seeds
----------------------------------------------------------------------------------------------------------------------------------------------------------------------------------------------
PC · 3 dead sensors              20.5993±0.0000     20.7284±0.0000     20.9105±0.0000     40.4918±0.0000     40.7058±0.0000     40.9235±0.0000      0.5847±0.0000      0.5847±0.0000      1

wrote logs/ts/smoke/summary.csv, summary.json, summary.md

