==============================================================================
 experiment: smoke   (config/ts/smoke.yaml)
 End-to-end wiring check: data -> circuit -> queries -> baselines -> conformal
 output:     logs/ts/smoke
==============================================================================

1 variant(s) × 1 seed(s) = 1 run(s)

  default                                dataset=synthetic        stages=ad,explain,rul,calibration


>>> [1/1] default · seed 0 · logs/ts/smoke/default/seed0
[15:04:05] === run start · seed0 · seed 0 · hash b1595b7e9aa3 ===
[15:04:05] stages ['ad', 'explain', 'rul', 'calibration'] · device cuda · dataset synthetic
[15:04:05] --- stage: ad ---
[15:04:05]   data: FleetPair(synthetic: train=24 units, C=8, regimes=2, cap=130)  (0.0s)
[15:04:05]   task: {'kind': 'ad', 'n_train': 544, 'n_test': 396, 'd': 48, 'window': 6, 'n_channels': 8, 'anomaly_rate': 0.14646464586257935, 'kind_counts': {'drift': 6, 'normal': 338, 'decouple': 10, 'offset': 7, 'organic': 23, 'spike': 7, 'desync': 5}, 'train_units': 14, 'test_units': 10, 'n_regimes': 2, 'seed': 0, 'dataset': 'synthetic', 'cap': 130.0, 'source': 'synthetic simulator', 'units': 24, 'source_name': 'synthetic', 'source_kind': 'synthetic', 'censored_units': 9, 'simulated_censoring': 0.35}
[15:04:05]   caveat: Evidence about machinery, not about machines: the background process, the degradation and the anomalies are all ours.
    [pc] epoch   0  nll   64.565
    [pc] epoch   1  nll   62.919
    [pc] epoch   2  nll   60.187
    [pc] epoch   3  nll   56.772
    [pc] epoch   4  nll   53.527
    [pc] epoch   5  nll   50.761
[15:04:07]   pc_train_nll: first=64.5645 last=50.7615 (6 epochs)
[15:04:07]   pc: fit 1.1s · 752 params · score sd 7.435 · device cuda · layered · 2,906 win/s
[15:04:07]   typed decomposition (mean worst-channel surprise):
[15:04:07]        normal  n=  338  marginal    11.73  conditional    10.61  structural     2.26
[15:04:07]      decouple  n=   10  marginal    12.93  conditional    12.03  structural     2.28
[15:04:07]        desync  n=    5  marginal     9.41  conditional    11.73  structural     4.35
[15:04:07]         drift  n=    6  marginal    16.52  conditional    15.36  structural     5.71
[15:04:07]        offset  n=    7  marginal    20.53  conditional    18.27  structural     6.38
[15:04:07]       organic  n=   23  marginal    41.65  conditional    51.16  structural    19.14
[15:04:07]         spike  n=    7  marginal    25.46  conditional    26.45  structural     3.77
[15:04:07] --- stage ad done in 1.9s ---
[15:04:07] --- stage: explain ---
[15:04:07]   data: FleetPair(synthetic: train=24 units, C=8, regimes=2, cap=130)  (0.0s)
[15:04:07]   task: {'kind': 'ad', 'n_train': 544, 'n_test': 396, 'd': 48, 'window': 6, 'n_channels': 8, 'anomaly_rate': 0.14646464586257935, 'kind_counts': {'drift': 6, 'normal': 338, 'decouple': 10, 'offset': 7, 'organic': 23, 'spike': 7, 'desync': 5}, 'train_units': 14, 'test_units': 10, 'n_regimes': 2, 'seed': 0, 'dataset': 'synthetic', 'cap': 130.0, 'source': 'synthetic simulator', 'units': 24, 'source_name': 'synthetic', 'source_kind': 'synthetic', 'censored_units': 9, 'simulated_censoring': 0.35}
[15:04:07]   caveat: Evidence about machinery, not about machines: the background process, the degradation and the anomalies are all ours.
[15:04:07]   explain: capped test set to 200 windows
    [pc] epoch   0  nll   64.565
    [pc] epoch   1  nll   62.919
    [pc] epoch   2  nll   60.187
    [pc] epoch   3  nll   56.772
    [pc] epoch   4  nll   53.527
    [pc] epoch   5  nll   50.761
[15:04:08]   pc_train_nll: first=64.5645 last=50.7615 (6 epochs)
[15:04:08]   pc: fit 0.3s · 752 params · score sd 7.435 · device cuda · layered · 10,133 win/s
[15:04:08]   attribution cost: PC exact (all views) 0.2s · AE sampling-SHAP (one view) 0.1s
[15:04:09]   completeness: max residual 3.81e-06 nats, mean 9.54e-07
[15:04:09]   deletion curves scored with the circuit's own scorer — PC attributions have home-field advantage here, the localisation columns do not
[15:04:09]   worked examples (median-scoring window of each kind):
[15:04:09]    [normal]
[15:04:09]   anomaly score 48.1 nats
[15:04:09]       ch1  out of range         marginal   14.11  structural    1.53  worst at t=2
[15:04:09]       ch7  out of range         marginal    6.72  structural   -1.73  worst at t=5
[15:04:09]       ch0  out of range         marginal    7.04  structural   -2.64  worst at t=4
[15:04:10]    [spike]
[15:04:10]   anomaly score 72.3 nats   [injected: spike, channels [6]]
[15:04:10]       ch6  out of range         marginal   28.66  structural   -2.57  worst at t=4  <- CORRECT
[15:04:10]       ch0  out of range         marginal    6.71  structural    2.29  worst at t=0  <- miss
[15:04:10]       ch7  out of range         marginal    6.62  structural    1.80  worst at t=2  <- miss
[15:04:10]    [offset]
[15:04:10]   anomaly score 71.3 nats   [injected: offset, channels [5, 6]]
[15:04:10]       ch6  broken relationship  marginal   13.24  structural    9.09  worst at t=4  <- CORRECT
[15:04:10]       ch5  out of range         marginal   21.41  structural   -3.66  worst at t=5  <- CORRECT
[15:04:10]       ch7  out of range         marginal   10.11  structural   -2.88  worst at t=5  <- miss
[15:04:10]    [drift]
[15:04:10]   anomaly score 61.4 nats   [injected: drift, channels [1, 2, 4]]
[15:04:10]       ch1  out of range         marginal    8.78  structural    3.60  worst at t=5  <- CORRECT
[15:04:10]       ch4  out of range         marginal   14.02  structural   -3.61  worst at t=5  <- CORRECT
[15:04:10]       ch2  out of range         marginal    7.21  structural    1.98  worst at t=5  <- CORRECT
[15:04:11]    [decouple]
[15:04:11]   anomaly score 50.2 nats   [injected: decouple, channels [2, 6]]
[15:04:11]       ch6  out of range         marginal   10.39  structural   -2.75  worst at t=3  <- CORRECT
[15:04:11]       ch1  out of range         marginal    7.35  structural    0.21  worst at t=4  <- miss
[15:04:11]       ch2  out of range         marginal   10.43  structural   -3.78  worst at t=2  <- CORRECT
[15:04:11]    [desync]
[15:04:11]   anomaly score 45.9 nats   [injected: desync, channels [3]]
[15:04:11]       ch7  out of range         marginal    6.88  structural    3.28  worst at t=1  <- miss
[15:04:11]       ch0  out of range         marginal    6.56  structural   -0.43  worst at t=3  <- miss
[15:04:11]       ch4  out of range         marginal    7.01  structural   -1.03  worst at t=2  <- miss
[15:04:11] --- stage explain done in 3.9s ---
[15:04:11] --- stage: rul ---
[15:04:11]   data: FleetPair(synthetic: train=24 units, C=8, regimes=2, cap=130)  (0.0s)
[15:04:11]   task: {'kind': 'rul', 'n_train': 653, 'n_test': 249, 'd': 48, 'window': 6, 'n_channels': 8, 'n_bins': 12, 'cap': 130.0, 'censored_frac': 0.21745789051055908, 'train_units': 14, 'test_units': 10, 'censored_units': 9, 'n_regimes': 2, 'seed': 0, 'split_rebalanced': 0, 'dataset': 'synthetic', 'source': 'synthetic simulator', 'units': 24, 'source_name': 'synthetic', 'source_kind': 'synthetic', 'simulated_censoring': 0.35}
[15:04:11]   caveat: Evidence about machinery, not about machines: the background process, the degradation and the anomalies are all ours.
    [surv] epoch   0  censored-NLL   71.273
    [surv] epoch   3  censored-NLL   69.024
    [surv] epoch   6  censored-NLL   66.694
    [surv] epoch   9  censored-NLL   65.475
    [surv] epoch  12  censored-NLL   64.583
    [surv] epoch  15  censored-NLL   64.020
    [surv] epoch  18  censored-NLL   63.672
    [surv] epoch  21  censored-NLL   63.376
    [surv] epoch  24  censored-NLL   63.090
[15:04:12]   surv_dropped_nll: first=71.2732 last=63.0904 (25 epochs)
[15:04:12]   surv_dropped: fit 0.7s · 864 params
[15:04:12]   SurvivalPC (drop censored): PICP 0.574 centres / 0.988 edges (nominal 0.90), MPIW 84.4 / 95.2; PIT mean 0.451 var 0.0797 (1/12 = 0.0833)
    [surv] epoch   0  censored-NLL   69.821
    [surv] epoch   3  censored-NLL   66.241
    [surv] epoch   6  censored-NLL   64.626
    [surv] epoch   9  censored-NLL   63.559
    [surv] epoch  12  censored-NLL   63.018
    [surv] epoch  15  censored-NLL   62.659
    [surv] epoch  18  censored-NLL   62.255
    [surv] epoch  21  censored-NLL   61.614
    [surv] epoch  24  censored-NLL   60.737
[15:04:14]   surv_censored_nll: first=69.8210 last=60.7374 (25 epochs)
[15:04:14]   surv_censored: fit 1.9s · 864 params
[15:04:14]   SurvivalPC (exact censored lik.): PICP 0.514 centres / 0.940 edges (nominal 0.90), MPIW 68.7 / 79.6; PIT mean 0.397 var 0.0860 (1/12 = 0.0833)
[15:04:14]   partial evidence (3 dead): CRPS exact-marginal 13.528 vs imputed 15.224 (full 13.533)
[15:04:14]   exact survival S(t|x), grouped by TRUE remaining life:
[15:04:14]     RUL   0-20  n=   25  S(20)=0.505  S(40)=0.195  S(60)=0.117
[15:04:14]     RUL  20-50  n=   38  S(20)=0.847  S(40)=0.672  S(60)=0.496
[15:04:14]     RUL  50-90  n=   50  S(20)=0.980  S(40)=0.921  S(60)=0.814
[15:04:14]     RUL  90-131 n=  136  S(20)=0.990  S(40)=0.967  S(60)=0.917
[15:04:14] --- stage rul done in 3.1s ---
[15:04:14] --- stage: calibration ---
[15:04:14]   data: FleetPair(synthetic: train=24 units, C=8, regimes=2, cap=130)  (0.0s)
[15:04:14]   task: {'kind': 'rul', 'n_train': 653, 'n_test': 249, 'd': 48, 'window': 6, 'n_channels': 8, 'n_bins': 12, 'cap': 130.0, 'censored_frac': 0.21745789051055908, 'train_units': 14, 'test_units': 10, 'censored_units': 9, 'n_regimes': 2, 'seed': 0, 'split_rebalanced': 0, 'dataset': 'synthetic', 'source': 'synthetic simulator', 'units': 24, 'source_name': 'synthetic', 'source_kind': 'synthetic', 'simulated_censoring': 0.35}
[15:04:14]   caveat: Evidence about machinery, not about machines: the background process, the degradation and the anomalies are all ours.
[15:04:14]   conformal split: 397 fit windows / 256 calibration windows (14 units total)
    [surv] epoch   0  censored-NLL   67.687
    [surv] epoch   3  censored-NLL   65.656
    [surv] epoch   6  censored-NLL   63.836
    [surv] epoch   9  censored-NLL   62.975
    [surv] epoch  12  censored-NLL   62.133
    [surv] epoch  15  censored-NLL   61.668
    [surv] epoch  18  censored-NLL   61.296
    [surv] epoch  21  censored-NLL   61.054
    [surv] epoch  24  censored-NLL   60.820
[15:04:15]   surv_conformal_nll: first=67.6872 last=60.8204 (25 epochs)
[15:04:15]   surv_conformal: fit 1.1s · 864 params
[15:04:15]   raw exact predictive: PICP 0.550 centres / 0.968 edges, MPIW 85.7 / 96.5
[15:04:16]   conformal[cqr] a=0.10: PICP 0.968 (nominal 0.90), MPIW 96.5 (raw PICP 0.550, MPIW 85.7)
[15:04:16]   conformal[pit] a=0.10: PICP 0.558 (nominal 0.90), MPIW 88.1 (raw PICP 0.550, MPIW 85.7)
[15:04:16] --- stage calibration done in 1.4s ---
[15:04:16] === run ok · 10.4s · peak RSS 1.831 GB ===

==============================================================================
 batch finished in 0.2 min — 1 ok, 0 skipped, 0 failed
==============================================================================

=== ad (mean ± sd over seeds) ===

method                                                   auroc                 ap          train_nll              fit_s             params    auroc[decouple]      auroc[desync]       auroc[drift]  seeds
----------------------------------------------------------------------------------------------------------------------------------------------------------------------------------------------------------
Mahalanobis                                      0.8690±0.0000      0.7236±0.0000                  —      0.0081±0.0000                  —      0.5299±0.0000      0.7840±0.0000      0.9842±0.0000      1
1-NN distance                                    0.8677±0.0000      0.7448±0.0000                  —      0.0220±0.0000                  —      0.5367±0.0000      0.8355±0.0000      0.9532±0.0000      1
RegionGraphPC [chain, K=4]                       0.8567±0.0000      0.7227±0.0000     48.9978±0.0000      1.1231±0.0000    752.0000±0.0000      0.5911±0.0000      0.6621±0.0000      0.8047±0.0000      1
z-score (per channel)                            0.8366±0.0000      0.7073±0.0000                  —      0.0038±0.0000                  —      0.5182±0.0000      0.3982±0.0000      0.9221±0.0000      1
PCA reconstruction                               0.8324±0.0000      0.6887±0.0000                  —      0.5408±0.0000                  —      0.5071±0.0000      0.6444±0.0000      0.8787±0.0000      1
diagonal Gaussian                                0.8102±0.0000      0.6476±0.0000                  —      0.0029±0.0000                  —      0.5926±0.0000      0.3254±0.0000      0.7081±0.0000      1
PC · 3 dead (mean-imputed)                       0.8098±0.0000      0.6600±0.0000                  —                  —                  —      0.5536±0.0000      0.5941±0.0000      0.7041±0.0000      1
PC · 3 dead (exact marginal)                     0.8034±0.0000      0.6620±0.0000                  —                  —                  —      0.5349±0.0000      0.5959±0.0000      0.6721±0.0000      1
z-score (per channel) · 3 dead (imputed)         0.7926±0.0000      0.6446±0.0000                  —                  —                  —      0.4959±0.0000      0.4334±0.0000      0.6908±0.0000      1
diagonal Gaussian · 3 dead (imputed)             0.7811±0.0000      0.6170±0.0000                  —                  —                  —      0.5320±0.0000      0.3929±0.0000      0.5404±0.0000      1
PC · structural-only score                       0.7698±0.0000      0.5553±0.0000                  —                  —                  —      0.4781±0.0000      0.6899±0.0000      0.7046±0.0000      1
moving-average residual                          0.7228±0.0000      0.5120±0.0000                  —      0.0109±0.0000                  —      0.4047±0.0000      0.4734±0.0000      0.9832±0.0000      1
moving-average residual · 3 dead (imputed)       0.6957±0.0000      0.4545±0.0000                  —                  —                  —      0.4064±0.0000      0.3515±0.0000      0.8402±0.0000      1

=== calibration (mean ± sd over seeds) ===

method                                            picp               mpiw          picp_edge          mpiw_edge           pit_mean            pit_var     interval_score               crps  seeds
--------------------------------------------------------------------------------------------------------------------------------------------------------------------------------------------------
SurvivalPC + split conformal (cqr)       0.9679±0.0000     96.5428±0.0000                  —                  —                  —                  —    106.6901±0.0000     16.3548±0.0000      1
quantile reg. + conformal (CQR)          0.9398±0.0000    210.9744±0.0000                  —                  —                  —                  —    229.6814±0.0000                  —      1
SurvivalPC + split conformal (pit)       0.5582±0.0000     88.1024±0.0000                  —                  —                  —                  —    137.8883±0.0000     16.3548±0.0000      1
SurvivalPC (raw exact predictive)        0.5502±0.0000     85.7095±0.0000      0.9679±0.0000     96.5428±0.0000      0.3702±0.0000      0.0790±0.0000    140.5824±0.0000     16.3548±0.0000      1

=== explain (mean ± sd over seeds) ===

method                                    loc_auroc          prec_at_k       deletion_auc  max_residual_nats mean_residual_nats loc_auroc[decouple]  loc_auroc[desync]   loc_auroc[drift]  seeds
------------------------------------------------------------------------------------------------------------------------------------------------------------------------------------------------
PC conditional (exact)                0.8654±0.0000      0.6765±0.0000      0.2541±0.0000                  —                  —      0.7086±0.0000      0.2857±0.0000      0.9688±0.0000      1
PC Shapley (exact conditionals)       0.8485±0.0000      0.6569±0.0000      0.2325±0.0000                  —                  —      0.6286±0.0000      0.2857±0.0000      0.9219±0.0000      1
Gaussian conditional (exact)          0.7991±0.0000      0.6373±0.0000      0.1881±0.0000                  —                  —      0.6457±0.0000      0.0000±0.0000      0.8281±0.0000      1
z-score (per channel)                 0.7917±0.0000      0.6078±0.0000      0.1815±0.0000                  —                  —      0.6629±0.0000      0.0000±0.0000      0.7891±0.0000      1
PC marginal (exact)                   0.7634±0.0000      0.6373±0.0000      0.1938±0.0000                  —                  —      0.6857±0.0000      0.0000±0.0000      0.8047±0.0000      1
AE reconstruction (per channel)       0.7392±0.0000      0.5686±0.0000      0.2046±0.0000                  —                  —      0.5943±0.0000      0.0000±0.0000      0.7969±0.0000      1
PC structural (exact)                 0.6212±0.0000      0.3922±0.0000      0.3553±0.0000                  —                  —      0.3543±0.0000      0.7143±0.0000      0.7734±0.0000      1
AE sampling-SHAP (4/ch)               0.4802±0.0000      0.2843±0.0000      0.5877±0.0000                  —                  —      0.2971±0.0000      0.4286±0.0000      0.6953±0.0000      1
PC chain-rule completeness                        —                  —                  —   3.815e-06±0e+00    9.537e-07±0e+00                   —                  —                  —      1

=== rul (mean ± sd over seeds) ===

method                                          rmse                mae               nasa               crps     interval_score               picp               mpiw          picp_edge  seeds
------------------------------------------------------------------------------------------------------------------------------------------------------------------------------------------------
SurvivalPC (drop censored)            27.2133±0.0000     23.4020±0.0000  10860.3353±0.0000     12.9474±0.0000    128.4873±0.0000      0.5743±0.0000     84.4043±0.0000      0.9880±0.0000      1
SurvivalPC (exact censored lik.)      27.3981±0.0000     22.0836±0.0000  11257.0246±0.0000     13.5327±0.0000    126.0576±0.0000      0.5141±0.0000     68.7416±0.0000      0.9398±0.0000      1
MLP regressor                         35.2942±0.0000     28.5171±0.0000   2.686e+05±0e+00                   —                  —                  —                  —                  —      1
quantile reg. + conformal (CQR)       38.1192±0.0000     30.5967±0.0000   1.809e+05±0e+00                   —    167.0626±0.0000      0.9438±0.0000    148.8736±0.0000                  —      1
ridge regression                      27.6246±0.0000     23.2565±0.0000   6936.9627±0.0000                  —                  —                  —                  —                  —      1

=== rul_partial (mean ± sd over seeds) ===

method                                crps_full crps_exact_marginal       crps_imputed          rmse_full rmse_exact_marginal       rmse_imputed picp_exact_marginal picp_exact_marginal_edge  seeds
----------------------------------------------------------------------------------------------------------------------------------------------------------------------------------------------------
PC · 3 dead sensors              13.5327±0.0000     13.5283±0.0000     15.2244±0.0000     27.3981±0.0000     27.6901±0.0000     30.1398±0.0000      0.5261±0.0000      0.9558±0.0000      1

wrote logs/ts/smoke/summary.csv, summary.json, summary.md

