==============================================================================
 experiment: smoke   (config/ts/smoke.yaml)
 End-to-end wiring check: data -> circuit -> queries -> baselines -> conformal
 output:     logs/ts/smoke
==============================================================================

1 variant(s) × 1 seed(s) = 1 run(s)

  default                                dataset=synthetic        stages=ad,explain,rul,calibration


>>> default · seed 0 · logs/ts/smoke/default/seed0
[11:27:59] === run start · seed0 · seed 0 · hash 04a3130bb048 ===
[11:27:59] stages ['ad', 'explain', 'rul', 'calibration'] · device cuda · dataset synthetic
[11:27:59] --- stage: ad ---
[11:27:59]   data: FleetPair(synthetic: train=24 units, C=8, regimes=2, cap=130)  (0.0s)
[11:27:59]   task: {'kind': 'ad', 'n_train': 557, 'n_test': 429, 'd': 48, 'window': 6, 'n_channels': 8, 'anomaly_rate': 0.1655011624097824, 'kind_counts': {'drift': 6, 'normal': 358, 'decouple': 10, 'offset': 7, 'organic': 36, 'spike': 7, 'desync': 5}, 'train_units': 14, 'test_units': 10, 'n_regimes': 2, 'seed': 0, 'dataset': 'synthetic', 'cap': 130.0, 'source': 'synthetic simulator', 'units': 24}
    [pc] epoch   0  nll   64.262
    [pc] epoch   1  nll   62.650
    [pc] epoch   2  nll   59.990
    [pc] epoch   3  nll   56.632
    [pc] epoch   4  nll   53.395
    [pc] epoch   5  nll   50.682
[11:28:00]   pc_train_nll: first=64.2618 last=50.6824 (6 epochs)
[11:28:00]   pc: fit 1.2s · 752 params · score sd 7.345 · device cuda · layered · 2,705 win/s
[11:28:01]   typed decomposition (mean worst-channel surprise):
[11:28:01]        normal  n=  358  marginal    11.68  conditional    10.65  structural     2.48
[11:28:01]      decouple  n=   10  marginal    11.48  conditional     8.64  structural     0.72
[11:28:01]        desync  n=    5  marginal     9.37  conditional    10.79  structural     3.73
[11:28:01]         drift  n=    6  marginal    16.14  conditional    14.57  structural     5.01
[11:28:01]        offset  n=    7  marginal    18.63  conditional    23.96  structural     9.95
[11:28:01]       organic  n=   36  marginal    43.05  conditional    50.34  structural    17.69
[11:28:01]         spike  n=    7  marginal    26.05  conditional    24.98  structural     3.22
[11:28:01] --- stage ad done in 2.0s ---
[11:28:01] --- stage: explain ---
[11:28:01]   data: FleetPair(synthetic: train=24 units, C=8, regimes=2, cap=130)  (0.0s)
[11:28:01]   task: {'kind': 'ad', 'n_train': 557, 'n_test': 429, 'd': 48, 'window': 6, 'n_channels': 8, 'anomaly_rate': 0.1655011624097824, 'kind_counts': {'drift': 6, 'normal': 358, 'decouple': 10, 'offset': 7, 'organic': 36, 'spike': 7, 'desync': 5}, 'train_units': 14, 'test_units': 10, 'n_regimes': 2, 'seed': 0, 'dataset': 'synthetic', 'cap': 130.0, 'source': 'synthetic simulator', 'units': 24}
[11:28:01]   explain: capped test set to 200 windows
    [pc] epoch   0  nll   64.262
    [pc] epoch   1  nll   62.650
    [pc] epoch   2  nll   59.990
    [pc] epoch   3  nll   56.632
    [pc] epoch   4  nll   53.395
    [pc] epoch   5  nll   50.682
[11:28:01]   pc_train_nll: first=64.2618 last=50.6824 (6 epochs)
[11:28:01]   pc: fit 0.3s · 752 params · score sd 7.345 · device cuda · layered · 11,498 win/s
[11:28:02]   attribution cost: PC exact (all views) 0.2s · AE sampling-SHAP (one view) 0.0s
[11:28:02]   completeness: max residual 3.81e-06 nats, mean 7.15e-07
[11:28:02]   deletion curves scored with the circuit's own scorer — PC attributions have home-field advantage here, the localisation columns do not
[11:28:02]   worked examples (median-scoring window of each kind):
[11:28:03]    [normal]
[11:28:03]   anomaly score 48.0 nats
[11:28:03]       ch0  out of range         marginal   15.37  structural   -3.78  worst at t=1
[11:28:03]       ch6  out of range         marginal    9.91  structural   -2.32  worst at t=4
[11:28:03]       ch2  out of range         marginal    9.00  structural   -3.65  worst at t=0
[11:28:03]    [spike]
[11:28:03]   anomaly score 63.9 nats   [injected: spike, channels [0]]
[11:28:03]       ch0  out of range         marginal   13.36  structural    1.01  worst at t=1  <- CORRECT
[11:28:03]       ch7  out of range         marginal   12.74  structural   -2.11  worst at t=1  <- miss
[11:28:03]       ch6  out of range         marginal    6.67  structural    2.06  worst at t=4  <- miss
[11:28:03]    [offset]
[11:28:03]   anomaly score 89.0 nats   [injected: offset, channels [3, 6]]
[11:28:03]       ch6  broken relationship  marginal   28.55  structural   14.32  worst at t=5  <- CORRECT
[11:28:03]       ch3  out of range         marginal   15.99  structural   -4.04  worst at t=4  <- CORRECT
[11:28:03]       ch7  out of range         marginal    6.64  structural    0.10  worst at t=0  <- miss
[11:28:04]    [drift]
[11:28:04]   anomaly score 61.7 nats   [injected: drift, channels [1, 2, 4]]
[11:28:04]       ch4  out of range         marginal   15.67  structural   -3.24  worst at t=5  <- CORRECT
[11:28:04]       ch1  out of range         marginal    9.21  structural    1.97  worst at t=5  <- CORRECT
[11:28:04]       ch2  out of range         marginal    6.72  structural    1.74  worst at t=5  <- CORRECT
[11:28:04]    [decouple]
[11:28:04]   anomaly score 50.0 nats   [injected: decouple, channels [2, 6]]
[11:28:04]       ch6  out of range         marginal   10.38  structural   -3.14  worst at t=3  <- CORRECT
[11:28:04]       ch1  out of range         marginal    6.96  structural   -0.06  worst at t=4  <- miss
[11:28:04]       ch2  out of range         marginal   11.00  structural   -4.15  worst at t=2  <- CORRECT
[11:28:04]    [desync]
[11:28:04]   anomaly score 47.1 nats   [injected: desync, channels [1]]
[11:28:04]       ch0  out of range         marginal    8.44  structural   -0.45  worst at t=0  <- miss
[11:28:04]       ch1  out of range         marginal    7.12  structural    0.58  worst at t=0  <- CORRECT
[11:28:04]       ch2  out of range         marginal    9.53  structural   -3.93  worst at t=5  <- miss
[11:28:04] --- stage explain done in 3.2s ---
[11:28:04] --- stage: rul ---
[11:28:04]   data: FleetPair(synthetic: train=24 units, C=8, regimes=2, cap=130)  (0.0s)
[11:28:04]   task: {'kind': 'rul', 'n_train': 719, 'n_test': 354, 'd': 48, 'window': 6, 'n_channels': 8, 'n_bins': 12, 'cap': 130.0, 'censored_frac': 0.0445062518119812, 'train_units': 14, 'test_units': 10, 'censored_units': 1, 'n_regimes': 2, 'seed': 0, 'dataset': 'synthetic', 'source': 'synthetic simulator', 'units': 24}
    [surv] epoch   0  censored-NLL   69.964
    [surv] epoch   1  censored-NLL   68.872
    [surv] epoch   2  censored-NLL   67.720
    [surv] epoch   3  censored-NLL   66.482
    [surv] epoch   4  censored-NLL   65.647
    [surv] epoch   5  censored-NLL   65.023
[11:28:06]   surv_dropped_nll: first=69.9638 last=65.0232 (6 epochs)
[11:28:06]   surv_dropped: fit 1.2s · 864 params
    [surv] epoch   0  censored-NLL   69.724
    [surv] epoch   1  censored-NLL   68.677
    [surv] epoch   2  censored-NLL   67.488
    [surv] epoch   3  censored-NLL   66.267
    [surv] epoch   4  censored-NLL   65.360
    [surv] epoch   5  censored-NLL   64.843
[11:28:08]   surv_censored_nll: first=69.7239 last=64.8435 (6 epochs)
[11:28:08]   surv_censored: fit 1.8s · 864 params
[11:28:08]   partial evidence (3 dead): CRPS exact-marginal 20.728 vs imputed 20.911 (full 20.599)
[11:28:09]   exact survival S(t|x), grouped by TRUE remaining life:
[11:28:09]     RUL   0-20  n=   35  S(20)=0.876  S(40)=0.750  S(60)=0.645
[11:28:09]     RUL  20-50  n=   53  S(20)=0.886  S(40)=0.769  S(60)=0.667
[11:28:09]     RUL  50-90  n=   70  S(20)=0.905  S(40)=0.803  S(60)=0.709
[11:28:09]     RUL  90-131 n=  196  S(20)=0.913  S(40)=0.818  S(60)=0.728
[11:28:09] --- stage rul done in 4.1s ---
[11:28:09] --- stage: calibration ---
[11:28:09]   data: FleetPair(synthetic: train=24 units, C=8, regimes=2, cap=130)  (0.0s)
[11:28:09]   task: {'kind': 'rul', 'n_train': 719, 'n_test': 354, 'd': 48, 'window': 6, 'n_channels': 8, 'n_bins': 12, 'cap': 130.0, 'censored_frac': 0.0445062518119812, 'train_units': 14, 'test_units': 10, 'censored_units': 1, 'n_regimes': 2, 'seed': 0, 'dataset': 'synthetic', 'source': 'synthetic simulator', 'units': 24}
[11:28:09]   conformal split: 463 fit windows / 256 calibration windows (14 units total)
    [surv] epoch   0  censored-NLL   68.468
    [surv] epoch   1  censored-NLL   67.791
    [surv] epoch   2  censored-NLL   67.049
    [surv] epoch   3  censored-NLL   66.216
    [surv] epoch   4  censored-NLL   65.339
    [surv] epoch   5  censored-NLL   64.639
[11:28:10]   surv_conformal_nll: first=68.4679 last=64.6392 (6 epochs)
[11:28:10]   surv_conformal: fit 1.4s · 864 params
[11:28:10]   conformal[cqr]: PICP 0.997 (nominal 0.90), MPIW 121.1 (raw PICP 0.579, MPIW 110.2)
[11:28:11]   conformal[pit]: PICP 0.585 (nominal 0.90), MPIW 111.9 (raw PICP 0.579, MPIW 110.2)
[11:28:11] --- stage calibration done in 2.2s ---
[11:28:11] === run ok · 11.6s · peak RSS 1.854 GB ===

==============================================================================
 batch finished in 0.2 min — 1 ok, 0 skipped, 0 failed
==============================================================================

=== ad (mean ± sd over seeds) ===

method                                                   auroc                 ap          train_nll              fit_s             params    auroc[decouple]      auroc[desync]       auroc[drift]  seeds
----------------------------------------------------------------------------------------------------------------------------------------------------------------------------------------------------------
1-NN distance                                    0.9134±0.0000      0.8321±0.0000                  —      0.0412±0.0207                  —      0.5723±0.0000      0.7743±0.0000      0.9544±0.0000      1
Mahalanobis                                      0.8952±0.0000      0.7815±0.0000                  —      0.0099±0.0027                  —      0.4913±0.0000      0.8123±0.0000      0.9902±0.0000      1
PCA reconstruction                               0.8850±0.0000      0.7797±0.0000                  —      0.7642±0.4108                  —      0.5232±0.0000      0.6698±0.0000      0.8822±0.0000      1
RegionGraphPC [chain, K=4]                       0.8770±0.0010      0.7891±0.0009     48.8404±0.0413      1.4736±0.9236    752.0000±0.0000      0.5123±0.0055      0.5600±0.0026      0.8038±0.0005      1
z-score (per channel)                            0.8659±0.0000      0.7595±0.0000                  —      0.0044±0.0007                  —      0.5575±0.0000      0.4751±0.0000      0.9213±0.0000      1
z-score (per channel) · 3 dead (imputed)         0.8565±0.0000      0.7318±0.0000                  —                  —                  —      0.6675±0.0000      0.5232±0.0000      0.7016±0.0000      1
diagonal Gaussian                                0.8533±0.0000      0.7253±0.0000                  —      0.0040±0.0022                  —      0.6405±0.0000      0.4011±0.0000      0.7025±0.0000      1
PC · 3 dead (mean-imputed)                       0.8415±0.0016      0.7383±0.0005                  —                  —                  —      0.5429±0.0106      0.4291±0.0018      0.6359±0.0026      1
PC · 3 dead (exact marginal)                     0.8336±0.0019      0.7369±0.0002                  —                  —                  —      0.5064±0.0119      0.4203±0.0010      0.6178±0.0025      1
diagonal Gaussian · 3 dead (imputed)             0.8226±0.0000      0.7061±0.0000                  —                  —                  —      0.6232±0.0000      0.3665±0.0000      0.5368±0.0000      1
PC · structural-only score                       0.7927±0.0000      0.6083±0.0047                  —                  —                  —      0.3646±0.0022      0.6212±0.0034      0.6483±0.0033      1
moving-average residual                          0.7497±0.0000      0.4818±0.0000                  —      0.0132±0.0046                  —      0.5145±0.0000      0.5665±0.0000      0.9744±0.0000      1
moving-average residual · 3 dead (imputed)       0.7495±0.0000      0.4708±0.0000                  —                  —                  —      0.5388±0.0000      0.5659±0.0000      0.7477±0.0000      1

=== calibration (mean ± sd over seeds) ===

method                                            picp               mpiw     interval_score               crps               rmse                mae          calib_err diag_frac_clipped_hi  seeds
----------------------------------------------------------------------------------------------------------------------------------------------------------------------------------------------------
SurvivalPC + split conformal (cqr)       0.9310±0.1751    119.2454±4.8118    126.9767±15.5190     22.3717±0.0139     42.8677±0.0068     37.7531±0.0195                  —      0.0000±0.0000      1
quantile reg. + conformal (CQR)          0.9048±0.0021    145.5108±0.5014    185.4762±0.2522                  —     40.0735±0.1815                  —                  —                  —      1
SurvivalPC + split conformal (pit)       0.5847±0.0000    112.9237±2.7529    154.5198±2.7529     22.3717±0.0139     42.8677±0.0068     37.7531±0.0195                  —      0.0000±0.0000      1
SurvivalPC (raw exact predictive)        0.5726±0.0171    109.9596±0.7171    153.7161±3.7280     22.3717±0.0139     42.8677±0.0068     37.7531±0.0195      0.1012±0.0015                  —      1

=== explain (mean ± sd over seeds) ===

method                                    loc_auroc          prec_at_k       deletion_auc  max_residual_nats mean_residual_nats loc_auroc[decouple]  loc_auroc[desync]   loc_auroc[drift]  seeds
------------------------------------------------------------------------------------------------------------------------------------------------------------------------------------------------
PC conditional (exact)                0.8473±0.0026      0.6762±0.0252      0.2281±0.0164                  —                  —      0.6878±0.0043      0.8776±0.0540      0.9412±0.0000      1
PC Shapley (exact conditionals)       0.8310±0.0064      0.6286±0.0126      0.2147±0.0094                  —                  —      0.7123±0.0075      0.8571±0.0000      0.8848±0.0064      1
z-score (per channel)                 0.8194±0.0000      0.6111±0.0000      0.2104±0.0033                  —                  —      0.8120±0.0000      0.0000±0.0000      0.8151±0.0000      1
PC marginal (exact)                   0.7973±0.0046      0.6016±0.0252      0.2524±0.0233                  —                  —      0.7236±0.0000      0.2857±0.0000      0.8019±0.0095      1
Gaussian conditional (exact)          0.7474±0.0000      0.5778±0.0000      0.3926±0.0163                  —                  —      0.7179±0.0000      1.0000±0.0000      0.7647±0.0000      1
AE reconstruction (per channel)       0.7387±0.0000      0.5238±0.0252      0.3246±0.0190                  —                  —      0.5543±0.0043      0.8571±0.0000      0.8307±0.0032      1
PC structural (exact)                 0.5652±0.0026      0.3444±0.0000      0.3853±0.0170                  —                  —      0.3708±0.0065      1.0000±0.0000      0.7095±0.0127      1
AE sampling-SHAP (4/ch)               0.5184±0.0030      0.2159±0.0126      0.5518±0.0287                  —                  —      0.4367±0.0022      0.5714±0.0000      0.5894±0.0032      1
PC chain-rule completeness                        —                  —                  —   3.815e-06±0e+00    1.056e-06±2e-07                   —                  —                  —      1

=== rul (mean ± sd over seeds) ===

method                                          rmse                mae               nasa               crps     interval_score               picp               mpiw          calib_err  seeds
------------------------------------------------------------------------------------------------------------------------------------------------------------------------------------------------
SurvivalPC (exact censored lik.)      40.5783±0.2289     36.0629±0.1309  80194.5501±7000.8852     20.6590±0.1577    154.6160±0.0694      0.5847±0.0000    113.0199±0.0694      0.1048±0.0001      1
SurvivalPC (drop censored)            40.7811±0.1721     36.4513±0.1410  67489.0271±3012.8530     20.6607±0.1338    155.8313±0.0925      0.5847±0.0000    114.2353±0.0925      0.1015±0.0024      1
MLP regressor                         33.9463±0.0592     27.4972±0.0464   1.792e+05±1e+04                   —                  —                  —                  —                  —      1
PC · 3 dead sensors                                —                  —                  —                  —                  —                  —                  —                  —      1
quantile reg. + conformal (CQR)       37.3733±0.0190     29.7176±0.0249   2.869e+05±2e+03                   —    174.1403±0.1846      0.9237±0.0000    141.7137±0.4161                  —      1
ridge regression                      25.0151±0.0000     20.5571±0.0000   6980.4418±0.0000                  —                  —                  —                  —                  —      1

=== rul_partial (mean ± sd over seeds) ===

method                                crps_full crps_exact_marginal       crps_imputed          rmse_full rmse_exact_marginal       rmse_imputed picp_exact_marginal       picp_imputed  seeds
----------------------------------------------------------------------------------------------------------------------------------------------------------------------------------------------
PC · 3 dead sensors              20.5993±0.0000     20.7284±0.0000     20.9105±0.0000     40.4918±0.0000     40.7058±0.0000     40.9235±0.0000      0.5847±0.0000      0.5847±0.0000      1

wrote logs/ts/smoke/summary.csv, summary.json, summary.md

