==============================================================================
 experiment: smoke   (config/ts/smoke.yaml)
 End-to-end wiring check: data -> circuit -> queries -> baselines -> conformal
 output:     logs/ts/smoke
==============================================================================

1 variant(s) × 1 seed(s) = 1 run(s)

  default                                dataset=synthetic        stages=ad,explain,rul,calibration


>>> default · seed 0 · logs/ts/smoke/default/seed0
[17:01:13] === run start · seed0 · seed 0 · hash 44c6bb8278c5 ===
[17:01:13] stages ['ad', 'explain', 'rul', 'calibration'] · device cuda · dataset synthetic
[17:01:13] --- stage: ad ---
[17:01:13]   data: FleetPair(synthetic: train=24 units, C=8, regimes=2, cap=130)  (0.0s)
[17:01:13]   task: {'kind': 'ad', 'n_train': 557, 'n_test': 429, 'd': 48, 'window': 6, 'n_channels': 8, 'anomaly_rate': 0.1655011624097824, 'kind_counts': {'drift': 6, 'normal': 358, 'decouple': 10, 'offset': 7, 'organic': 36, 'spike': 7, 'desync': 5}, 'train_units': 14, 'test_units': 10, 'n_regimes': 2, 'seed': 0, 'dataset': 'synthetic', 'cap': 130.0, 'source': 'synthetic simulator', 'units': 24}
    [pc] epoch   0  nll   64.262
    [pc] epoch   1  nll   62.650
    [pc] epoch   2  nll   59.989
    [pc] epoch   3  nll   56.632
    [pc] epoch   4  nll   53.395
    [pc] epoch   5  nll   50.682
[17:01:14]   pc_train_nll: first=64.2618 last=50.6824 (6 epochs)
[17:01:14]   pc: fit 1.1s · 752 params · score sd 7.345 · device cuda
[17:01:15]   typed decomposition (mean worst-channel surprise):
[17:01:15]        normal  n=  358  marginal    11.68  conditional    10.65  structural     2.48
[17:01:15]      decouple  n=   10  marginal    11.48  conditional     8.64  structural     0.72
[17:01:15]        desync  n=    5  marginal     9.37  conditional    10.79  structural     3.73
[17:01:15]         drift  n=    6  marginal    16.14  conditional    14.57  structural     5.01
[17:01:15]        offset  n=    7  marginal    18.63  conditional    23.96  structural     9.95
[17:01:15]       organic  n=   36  marginal    43.05  conditional    50.34  structural    17.69
[17:01:15]         spike  n=    7  marginal    26.05  conditional    24.98  structural     3.22
[17:01:15] --- stage ad done in 2.0s ---
[17:01:15] --- stage: explain ---
[17:01:15]   data: FleetPair(synthetic: train=24 units, C=8, regimes=2, cap=130)  (0.0s)
[17:01:15]   task: {'kind': 'ad', 'n_train': 557, 'n_test': 429, 'd': 48, 'window': 6, 'n_channels': 8, 'anomaly_rate': 0.1655011624097824, 'kind_counts': {'drift': 6, 'normal': 358, 'decouple': 10, 'offset': 7, 'organic': 36, 'spike': 7, 'desync': 5}, 'train_units': 14, 'test_units': 10, 'n_regimes': 2, 'seed': 0, 'dataset': 'synthetic', 'cap': 130.0, 'source': 'synthetic simulator', 'units': 24}
[17:01:15]   explain: capped test set to 200 windows
    [pc] epoch   0  nll   64.262
    [pc] epoch   1  nll   62.650
    [pc] epoch   2  nll   59.989
    [pc] epoch   3  nll   56.632
    [pc] epoch   4  nll   53.395
    [pc] epoch   5  nll   50.682
[17:01:16]   pc_train_nll: first=64.2618 last=50.6824 (6 epochs)
[17:01:16]   pc: fit 0.5s · 752 params · score sd 7.345 · device cuda
[17:01:16]   attribution cost: PC exact (all views) 0.3s · AE sampling-SHAP (one view) 0.0s
[17:01:16]   completeness: max residual 3.81e-06 nats, mean 1.19e-06
[17:01:17]   deletion curves scored with the circuit's own scorer — PC attributions have home-field advantage here, the localisation columns do not
[17:01:17]   worked examples (median-scoring window of each kind):
[17:01:18]    [normal]
[17:01:18]   anomaly score 48.0 nats
[17:01:18]       ch0  out of range         marginal   15.37  structural   -3.78  worst at t=1
[17:01:18]       ch6  out of range         marginal    9.91  structural   -2.32  worst at t=4
[17:01:18]       ch2  out of range         marginal    9.00  structural   -3.65  worst at t=0
[17:01:20]    [spike]
[17:01:20]   anomaly score 63.9 nats   [injected: spike, channels [0]]
[17:01:20]       ch0  out of range         marginal   13.36  structural    1.01  worst at t=1  <- CORRECT
[17:01:20]       ch7  out of range         marginal   12.74  structural   -2.11  worst at t=1  <- miss
[17:01:20]       ch6  out of range         marginal    6.67  structural    2.06  worst at t=4  <- miss
[17:01:22]    [offset]
[17:01:22]   anomaly score 89.0 nats   [injected: offset, channels [3, 6]]
[17:01:22]       ch6  broken relationship  marginal   28.55  structural   14.32  worst at t=5  <- CORRECT
[17:01:22]       ch3  out of range         marginal   15.99  structural   -4.04  worst at t=4  <- CORRECT
[17:01:22]       ch7  out of range         marginal    6.64  structural    0.10  worst at t=0  <- miss
[17:01:25]    [drift]
[17:01:25]   anomaly score 61.7 nats   [injected: drift, channels [1, 2, 4]]
[17:01:25]       ch4  out of range         marginal   15.67  structural   -3.24  worst at t=5  <- CORRECT
[17:01:25]       ch1  out of range         marginal    9.21  structural    1.97  worst at t=5  <- CORRECT
[17:01:25]       ch2  out of range         marginal    6.72  structural    1.74  worst at t=5  <- CORRECT
[17:01:28]    [decouple]
[17:01:28]   anomaly score 50.0 nats   [injected: decouple, channels [2, 6]]
[17:01:28]       ch6  out of range         marginal   10.38  structural   -3.14  worst at t=3  <- CORRECT
[17:01:28]       ch1  out of range         marginal    6.96  structural   -0.06  worst at t=4  <- miss
[17:01:28]       ch2  out of range         marginal   11.00  structural   -4.15  worst at t=2  <- CORRECT
[17:01:31]    [desync]
[17:01:31]   anomaly score 47.1 nats   [injected: desync, channels [1]]
[17:01:31]       ch0  out of range         marginal    8.44  structural   -0.45  worst at t=0  <- miss
[17:01:31]       ch1  out of range         marginal    7.12  structural    0.58  worst at t=0  <- CORRECT
[17:01:31]       ch2  out of range         marginal    9.53  structural   -3.93  worst at t=5  <- miss
[17:01:31] --- stage explain done in 16.3s ---
[17:01:31] --- stage: rul ---
[17:01:32]   data: FleetPair(synthetic: train=24 units, C=8, regimes=2, cap=130)  (0.1s)
[17:01:32]   task: {'kind': 'rul', 'n_train': 719, 'n_test': 354, 'd': 48, 'window': 6, 'n_channels': 8, 'n_bins': 12, 'cap': 130.0, 'censored_frac': 0.0445062518119812, 'train_units': 14, 'test_units': 10, 'censored_units': 1, 'n_regimes': 2, 'seed': 0, 'dataset': 'synthetic', 'source': 'synthetic simulator', 'units': 24}
    [surv] epoch   0  censored-NLL   69.964
    [surv] epoch   1  censored-NLL   68.872
    [surv] epoch   2  censored-NLL   67.720
    [surv] epoch   3  censored-NLL   66.482
    [surv] epoch   4  censored-NLL   65.647
    [surv] epoch   5  censored-NLL   65.023
[17:01:34]   surv_dropped_nll: first=69.9638 last=65.0232 (6 epochs)
[17:01:34]   surv_dropped: fit 2.7s · 864 params
    [surv] epoch   0  censored-NLL   69.724
    [surv] epoch   1  censored-NLL   68.677
    [surv] epoch   2  censored-NLL   67.488
    [surv] epoch   3  censored-NLL   66.267
    [surv] epoch   4  censored-NLL   65.360
    [surv] epoch   5  censored-NLL   64.843
[17:01:38]   surv_censored_nll: first=69.7239 last=64.8435 (6 epochs)
[17:01:38]   surv_censored: fit 3.7s · 864 params
[17:01:41]   partial evidence (3 dead): CRPS exact-marginal 20.728 vs imputed 20.911 (full 20.599)
[17:01:41]   exact survival S(t|x), grouped by TRUE remaining life:
[17:01:41]     RUL   0-20  n=   35  S(20)=0.876  S(40)=0.750  S(60)=0.645
[17:01:41]     RUL  20-50  n=   53  S(20)=0.886  S(40)=0.769  S(60)=0.667
[17:01:41]     RUL  50-90  n=   70  S(20)=0.905  S(40)=0.803  S(60)=0.709
[17:01:41]     RUL  90-131 n=  196  S(20)=0.913  S(40)=0.818  S(60)=0.728
[17:01:41] --- stage rul done in 9.6s ---
[17:01:41] --- stage: calibration ---
[17:01:41]   data: FleetPair(synthetic: train=24 units, C=8, regimes=2, cap=130)  (0.0s)
[17:01:41]   task: {'kind': 'rul', 'n_train': 719, 'n_test': 354, 'd': 48, 'window': 6, 'n_channels': 8, 'n_bins': 12, 'cap': 130.0, 'censored_frac': 0.0445062518119812, 'train_units': 14, 'test_units': 10, 'censored_units': 1, 'n_regimes': 2, 'seed': 0, 'dataset': 'synthetic', 'source': 'synthetic simulator', 'units': 24}
[17:01:41]   conformal split: 463 fit windows / 256 calibration windows (14 units total)
    [surv] epoch   0  censored-NLL   68.468
    [surv] epoch   1  censored-NLL   67.791
    [surv] epoch   2  censored-NLL   67.049
    [surv] epoch   3  censored-NLL   66.216
    [surv] epoch   4  censored-NLL   65.339
    [surv] epoch   5  censored-NLL   64.639
[17:01:44]   surv_conformal_nll: first=68.4679 last=64.6392 (6 epochs)
[17:01:44]   surv_conformal: fit 2.9s · 864 params
[17:01:45]   conformal[cqr]: PICP 0.997 (nominal 0.90), MPIW 121.1 (raw PICP 0.579, MPIW 110.2)
[17:01:46]   conformal[pit]: PICP 0.585 (nominal 0.90), MPIW 111.9 (raw PICP 0.579, MPIW 110.2)
[17:01:46] --- stage calibration done in 4.6s ---
[17:01:46] === run ok · 32.6s · peak RSS 1.515 GB ===

==============================================================================
 batch finished in 0.5 min — 1 ok, 0 skipped, 0 failed
==============================================================================

=== ad (mean ± sd over seeds) ===

method                                                   auroc                 ap          train_nll              fit_s             params    auroc[decouple]      auroc[desync]       auroc[drift]  seeds
----------------------------------------------------------------------------------------------------------------------------------------------------------------------------------------------------------
1-NN distance                                    0.9134±0.0000      0.8321±0.0000                  —      0.0367±0.0104                  —      0.5723±0.0000      0.7743±0.0000      0.9544±0.0000      1
Mahalanobis                                      0.8952±0.0000      0.7815±0.0000                  —      0.0098±0.0023                  —      0.4913±0.0000      0.8123±0.0000      0.9902±0.0000      1
PCA reconstruction                               0.8850±0.0000      0.7797±0.0000                  —      0.7072±0.3593                  —      0.5232±0.0000      0.6698±0.0000      0.8822±0.0000      1
RegionGraphPC [chain, K=4]                       0.8764±0.0017      0.7896±0.0014     48.8161±0.0674      1.0694±0.0999    752.0000±0.0000      0.5090±0.0090      0.5585±0.0042      0.8035±0.0008      1
z-score (per channel)                            0.8659±0.0000      0.7595±0.0000                  —      0.0044±0.0005                  —      0.5575±0.0000      0.4751±0.0000      0.9213±0.0000      1
z-score (per channel) · 3 dead (imputed)         0.8565±0.0000      0.7318±0.0000                  —                  —                  —      0.6675±0.0000      0.5232±0.0000      0.7016±0.0000      1
diagonal Gaussian                                0.8533±0.0000      0.7253±0.0000                  —      0.0035±0.0006                  —      0.6405±0.0000      0.4011±0.0000      0.7025±0.0000      1
PC · 3 dead (mean-imputed)                       0.8406±0.0027      0.7380±0.0008                  —                  —                  —      0.5367±0.0173      0.4302±0.0029      0.6375±0.0043      1
PC · 3 dead (exact marginal)                     0.8325±0.0032      0.7370±0.0003                  —                  —                  —      0.4993±0.0195      0.4197±0.0016      0.6164±0.0040      1
diagonal Gaussian · 3 dead (imputed)             0.8226±0.0000      0.7061±0.0000                  —                  —                  —      0.6232±0.0000      0.3665±0.0000      0.5368±0.0000      1
PC · structural-only score                       0.7927±0.0001      0.6110±0.0077                  —                  —                  —      0.3633±0.0035      0.6192±0.0055      0.6502±0.0054      1
moving-average residual                          0.7497±0.0000      0.4818±0.0000                  —      0.0118±0.0008                  —      0.5145±0.0000      0.5665±0.0000      0.9744±0.0000      1
moving-average residual · 3 dead (imputed)       0.7495±0.0000      0.4708±0.0000                  —                  —                  —      0.5388±0.0000      0.5659±0.0000      0.7477±0.0000      1

=== calibration (mean ± sd over seeds) ===

method                                            picp               mpiw     interval_score               crps               rmse                mae          calib_err diag_frac_clipped_hi  seeds
----------------------------------------------------------------------------------------------------------------------------------------------------------------------------------------------------
quantile reg. + conformal (CQR)          0.9040±0.0000    145.3213±0.0000    185.3809±0.0000                  —     40.1421±0.0000                  —                  —                  —      1
SurvivalPC + split conformal (cqr)       0.8427±0.2675    116.8205±7.3501    134.7976±23.7056     22.3787±0.0212     42.8711±0.0104     37.7433±0.0298                  —      0.0000±0.0000      1
SurvivalPC + split conformal (pit)       0.5847±0.0000    114.3110±4.2051    155.9071±4.2051     22.3787±0.0212     42.8711±0.0104     37.7433±0.0298                  —      0.0000±0.0000      1
SurvivalPC (raw exact predictive)        0.5640±0.0261    109.5982±1.0954    155.5948±5.6947     22.3787±0.0212     42.8711±0.0104     37.7433±0.0298      0.1004±0.0023                  —      1

=== explain (mean ± sd over seeds) ===

method                                    loc_auroc          prec_at_k       deletion_auc  max_residual_nats mean_residual_nats loc_auroc[decouple]  loc_auroc[desync]   loc_auroc[drift]  seeds
------------------------------------------------------------------------------------------------------------------------------------------------------------------------------------------------
PC conditional (exact)                0.8487±0.0040      0.6889±0.0385      0.2364±0.0250                  —                  —      0.6857±0.0066      0.9048±0.0825      0.9412±0.0000      1
PC Shapley (exact conditionals)       0.8342±0.0098      0.6222±0.0192      0.2195±0.0143                  —                  —      0.7160±0.0115      0.8571±0.0000      0.8880±0.0097      1
z-score (per channel)                 0.8194±0.0000      0.6111±0.0000      0.2121±0.0050                  —                  —      0.8120±0.0000      0.0000±0.0000      0.8151±0.0000      1
PC marginal (exact)                   0.7996±0.0070      0.5889±0.0385      0.2406±0.0356                  —                  —      0.7236±0.0000      0.2857±0.0000      0.8067±0.0146      1
Gaussian conditional (exact)          0.7474±0.0000      0.5778±0.0000      0.3844±0.0250                  —                  —      0.7179±0.0000      1.0000±0.0000      0.7647±0.0000      1
AE reconstruction (per channel)       0.7387±0.0000      0.5333±0.0000      0.3136±0.0253                  —                  —      0.5527±0.0000      0.8571±0.0000      0.8319±0.0000      1
PC structural (exact)                 0.5666±0.0040      0.3444±0.0000      0.3767±0.0260                  —                  —      0.3675±0.0099      1.0000±0.0000      0.7031±0.0194      1
AE sampling-SHAP (4/ch)               0.5195±0.0000      0.2111±0.0000      0.5406±0.0012                  —                  —      0.4359±0.0000      0.5714±0.0000      0.5882±0.0000      1
PC chain-rule completeness                        —                  —                  —   3.815e-06±0e+00    1.033e-06±3e-07                   —                  —                  —      1

=== rul (mean ± sd over seeds) ===

method                                          rmse                mae               nasa               crps     interval_score               picp               mpiw          calib_err  seeds
------------------------------------------------------------------------------------------------------------------------------------------------------------------------------------------------
SurvivalPC (drop censored)            40.8679±0.2628     36.5223±0.2153  69007.3623±4602.2090     20.7281±0.2043    155.7847±0.1413      0.5847±0.0000    114.1886±0.1413      0.1003±0.0037      1
SurvivalPC (exact censored lik.)      40.6937±0.3496     36.1288±0.1999  83722.6647±10694.0289     20.7384±0.2409    154.5810±0.1060      0.5847±0.0000    112.9849±0.1060      0.1048±0.0002      1
MLP regressor                         33.9686±0.0000     27.5147±0.0000   1.838e+05±1e-01                   —                  —                  —                  —                  —      1
PC · 3 dead sensors                                —                  —                  —                  —                  —                  —                  —                  —      1
quantile reg. + conformal (CQR)       37.3805±0.0000     29.7270±0.0000   2.876e+05±1e+01                   —    174.0707±0.0002      0.9237±0.0000    141.5568±0.0012                  —      1
ridge regression                      25.0151±0.0000     20.5571±0.0000   6980.4418±0.0000                  —                  —                  —                  —                  —      1

=== rul_partial (mean ± sd over seeds) ===

method                                crps_full crps_exact_marginal       crps_imputed          rmse_full rmse_exact_marginal       rmse_imputed picp_exact_marginal       picp_imputed  seeds
----------------------------------------------------------------------------------------------------------------------------------------------------------------------------------------------
PC · 3 dead sensors              20.5993±0.0000     20.7284±0.0000     20.9105±0.0000     40.4918±0.0000     40.7058±0.0000     40.9235±0.0000      0.5847±0.0000      0.5847±0.0000      1

wrote logs/ts/smoke/summary.csv, summary.json, summary.md

