==============================================================================
 experiment: smoke   (config/ts/smoke.yaml)
 End-to-end wiring check: data -> circuit -> queries -> baselines -> conformal
 output:     logs/ts/smoke
==============================================================================

1 variant(s) × 1 seed(s) = 1 run(s)

  default                                dataset=synthetic        stages=ad,explain,rul,calibration


>>> [1/1] default · seed 0 · logs/ts/smoke/default/seed0
[16:33:13] === run start · seed0 · seed 0 · hash c768cf74226a ===
[16:33:13] stages ['ad', 'explain', 'rul', 'calibration'] · device cpu · dataset synthetic
[16:33:13] --- stage: ad ---
[16:33:13]   data: FleetPair(synthetic: train=24 units, C=8, regimes=2, cap=130)  (0.0s)
[16:33:13]   task: {'kind': 'ad', 'n_train': 544, 'n_test': 396, 'd': 48, 'window': 6, 'n_channels': 8, 'anomaly_rate': 0.14646464586257935, 'kind_counts': {'drift': 6, 'normal': 338, 'decouple': 10, 'offset': 7, 'organic': 23, 'spike': 7, 'desync': 5}, 'train_units': 14, 'test_units': 10, 'n_regimes': 2, 'seed': 0, 'dataset': 'synthetic', 'cap': 130.0, 'source': 'synthetic simulator', 'units': 24, 'source_name': 'synthetic', 'source_kind': 'synthetic', 'censored_units': 9, 'simulated_censoring': 0.35}
[16:33:13]   caveat: Evidence about machinery, not about machines: the background process, the degradation and the anomalies are all ours.
    [pc] epoch   0  nll   64.577
    [pc] epoch   1  nll   62.948
    [pc] epoch   2  nll   60.209
    [pc] epoch   3  nll   56.781
    [pc] epoch   4  nll   53.578
    [pc] epoch   5  nll   50.920
[16:33:13]   pc_train_nll: first=64.5768 last=50.9205 (6 epochs)
[16:33:13]   pc: fit 0.4s · 752 params · score sd 7.520 · device cpu · layered · 7,847 win/s
[16:33:14]   typed decomposition (mean worst-channel surprise):
[16:33:14]        normal  n=  338  marginal    11.75  conditional    10.75  structural     2.42
[16:33:14]      decouple  n=   10  marginal    13.09  conditional    12.13  structural     2.33
[16:33:14]        desync  n=    5  marginal     9.35  conditional    11.72  structural     4.60
[16:33:14]         drift  n=    6  marginal    16.23  conditional    15.28  structural     5.88
[16:33:14]        offset  n=    7  marginal    20.74  conditional    18.42  structural     6.34
[16:33:14]       organic  n=   23  marginal    43.61  conditional    51.69  structural    17.74
[16:33:14]         spike  n=    7  marginal    25.74  conditional    26.46  structural     3.72
[16:33:14] --- stage ad done in 1.1s ---
[16:33:14] --- stage: explain ---
[16:33:14]   data: FleetPair(synthetic: train=24 units, C=8, regimes=2, cap=130)  (0.0s)
[16:33:14]   task: {'kind': 'ad', 'n_train': 544, 'n_test': 396, 'd': 48, 'window': 6, 'n_channels': 8, 'anomaly_rate': 0.14646464586257935, 'kind_counts': {'drift': 6, 'normal': 338, 'decouple': 10, 'offset': 7, 'organic': 23, 'spike': 7, 'desync': 5}, 'train_units': 14, 'test_units': 10, 'n_regimes': 2, 'seed': 0, 'dataset': 'synthetic', 'cap': 130.0, 'source': 'synthetic simulator', 'units': 24, 'source_name': 'synthetic', 'source_kind': 'synthetic', 'censored_units': 9, 'simulated_censoring': 0.35}
[16:33:14]   caveat: Evidence about machinery, not about machines: the background process, the degradation and the anomalies are all ours.
[16:33:14]   explain: capped test set to 200 windows
    [pc] epoch   0  nll   64.577
    [pc] epoch   1  nll   62.948
    [pc] epoch   2  nll   60.209
    [pc] epoch   3  nll   56.781
    [pc] epoch   4  nll   53.578
    [pc] epoch   5  nll   50.920
[16:33:14]   pc_train_nll: first=64.5768 last=50.9205 (6 epochs)
[16:33:14]   pc: fit 0.1s · 752 params · score sd 7.520 · device cpu · layered · 52,645 win/s
[16:33:14]   attribution cost: PC exact (all views) 0.0s · AE sampling-SHAP (one view) 0.0s
[16:33:14]   completeness: max residual 3.81e-06 nats, mean 1.67e-06
[16:33:14]   deletion curves scored with the circuit's own scorer — PC attributions have home-field advantage here, the localisation columns do not
[16:33:14]   worked examples (median-scoring window of each kind):
[16:33:14]    [normal]
[16:33:14]   anomaly score 48.3 nats
[16:33:14]       ch3  out of range         marginal   13.87  structural   -3.79  worst at t=5
[16:33:14]       ch0  out of range         marginal    6.25  structural    0.50  worst at t=4
[16:33:14]       ch1  out of range         marginal    6.87  structural   -0.47  worst at t=2
[16:33:14]    [spike]
[16:33:14]   anomaly score 72.6 nats   [injected: spike, channels [1]]
[16:33:14]       ch1  broken relationship  marginal   13.25  structural    7.31  worst at t=4  <- CORRECT
[16:33:14]       ch6  out of range         marginal   12.76  structural   -0.86  worst at t=4  <- miss
[16:33:14]       ch7  out of range         marginal   13.26  structural   -1.99  worst at t=4  <- miss
[16:33:14]    [offset]
[16:33:14]   anomaly score 71.8 nats   [injected: offset, channels [5, 6]]
[16:33:14]       ch6  broken relationship  marginal   13.03  structural    9.34  worst at t=5  <- CORRECT
[16:33:14]       ch5  out of range         marginal   21.26  structural   -3.68  worst at t=5  <- CORRECT
[16:33:14]       ch7  out of range         marginal   10.56  structural   -3.13  worst at t=5  <- miss
[16:33:14]    [drift]
[16:33:14]   anomaly score 61.8 nats   [injected: drift, channels [1, 2, 4]]
[16:33:14]       ch1  out of range         marginal    8.52  structural    3.72  worst at t=5  <- CORRECT
[16:33:14]       ch4  out of range         marginal   14.18  structural   -3.54  worst at t=5  <- CORRECT
[16:33:14]       ch2  out of range         marginal    7.09  structural    1.86  worst at t=5  <- CORRECT
[16:33:14]    [decouple]
[16:33:14]   anomaly score 50.5 nats   [injected: decouple, channels [2, 6]]
[16:33:14]       ch6  out of range         marginal   10.58  structural   -2.67  worst at t=3  <- CORRECT
[16:33:14]       ch1  out of range         marginal    6.97  structural    0.25  worst at t=4  <- miss
[16:33:14]       ch0  out of range         marginal    7.39  structural   -0.55  worst at t=5  <- miss
[16:33:14]    [desync]
[16:33:14]   anomaly score 46.6 nats   [injected: desync, channels [3]]
[16:33:14]       ch7  broken relationship  marginal    6.91  structural    3.69  worst at t=1  <- miss
[16:33:14]       ch4  out of range         marginal    7.15  structural   -1.23  worst at t=2  <- miss
[16:33:14]       ch0  out of range         marginal    6.47  structural   -0.57  worst at t=3  <- miss
[16:33:14] --- stage explain done in 0.6s ---
[16:33:14] --- stage: rul ---
[16:33:14]   data: FleetPair(synthetic: train=24 units, C=8, regimes=2, cap=130)  (0.0s)
[16:33:14]   task: {'kind': 'rul', 'n_train': 653, 'n_test': 249, 'd': 48, 'window': 6, 'n_channels': 8, 'n_bins': 12, 'cap': 130.0, 'censored_frac': 0.21745789051055908, 'train_units': 14, 'test_units': 10, 'censored_units': 9, 'n_regimes': 2, 'seed': 0, 'split_rebalanced': 0, 'dataset': 'synthetic', 'source': 'synthetic simulator', 'units': 24, 'source_name': 'synthetic', 'source_kind': 'synthetic', 'simulated_censoring': 0.35}
[16:33:14]   caveat: Evidence about machinery, not about machines: the background process, the degradation and the anomalies are all ours.
    [surv] epoch   0  censored-NLL   71.197
    [surv] epoch   3  censored-NLL   68.834
    [surv] epoch   6  censored-NLL   66.592
    [surv] epoch   9  censored-NLL   65.437
    [surv] epoch  12  censored-NLL   64.535
    [surv] epoch  15  censored-NLL   63.979
    [surv] epoch  18  censored-NLL   63.669
    [surv] epoch  21  censored-NLL   63.408
    [surv] epoch  24  censored-NLL   63.180
[16:33:14]   surv_dropped_nll: first=71.1966 last=63.1802 (25 epochs)
[16:33:14]   surv_dropped: fit 0.2s · 864 params
[16:33:14]   SurvivalPC (drop censored): PICP 0.582 centres / 0.992 edges (nominal 0.90), MPIW 85.4 / 96.2; PIT mean 0.454 var 0.0795 (1/12 = 0.0833)
    [surv] epoch   0  censored-NLL   69.789
    [surv] epoch   3  censored-NLL   66.337
    [surv] epoch   6  censored-NLL   64.701
    [surv] epoch   9  censored-NLL   63.683
    [surv] epoch  12  censored-NLL   63.141
    [surv] epoch  15  censored-NLL   62.738
    [surv] epoch  18  censored-NLL   62.256
    [surv] epoch  21  censored-NLL   61.456
    [surv] epoch  24  censored-NLL   60.815
[16:33:15]   surv_censored_nll: first=69.7893 last=60.8147 (25 epochs)
[16:33:15]   surv_censored: fit 0.3s · 864 params
[16:33:15]   SurvivalPC (exact censored lik.): PICP 0.538 centres / 0.968 edges (nominal 0.90), MPIW 73.6 / 84.4; PIT mean 0.425 var 0.0833 (1/12 = 0.0833)
[16:33:15]   partial evidence (3 dead): CRPS exact-marginal 12.819 vs imputed 14.547 (full 13.001)
[16:33:15]   exact survival S(t|x), grouped by TRUE remaining life:
[16:33:15]     RUL   0-20  n=   25  S(20)=0.452  S(40)=0.156  S(60)=0.088
[16:33:15]     RUL  20-50  n=   38  S(20)=0.778  S(40)=0.572  S(60)=0.425
[16:33:15]     RUL  50-90  n=   50  S(20)=0.983  S(40)=0.909  S(60)=0.803
[16:33:15]     RUL  90-131 n=  136  S(20)=0.993  S(40)=0.964  S(60)=0.905
[16:33:15] --- stage rul done in 0.8s ---
[16:33:15] --- stage: calibration ---
[16:33:15]   data: FleetPair(synthetic: train=24 units, C=8, regimes=2, cap=130)  (0.0s)
[16:33:15]   task: {'kind': 'rul', 'n_train': 653, 'n_test': 249, 'd': 48, 'window': 6, 'n_channels': 8, 'n_bins': 12, 'cap': 130.0, 'censored_frac': 0.21745789051055908, 'train_units': 14, 'test_units': 10, 'censored_units': 9, 'n_regimes': 2, 'seed': 0, 'split_rebalanced': 0, 'dataset': 'synthetic', 'source': 'synthetic simulator', 'units': 24, 'source_name': 'synthetic', 'source_kind': 'synthetic', 'simulated_censoring': 0.35}
[16:33:15]   caveat: Evidence about machinery, not about machines: the background process, the degradation and the anomalies are all ours.
[16:33:15]   conformal split: 397 fit windows / 256 calibration windows (14 units total)
    [surv] epoch   0  censored-NLL   67.686
    [surv] epoch   3  censored-NLL   65.471
    [surv] epoch   6  censored-NLL   63.718
    [surv] epoch   9  censored-NLL   62.855
    [surv] epoch  12  censored-NLL   62.131
    [surv] epoch  15  censored-NLL   61.684
    [surv] epoch  18  censored-NLL   61.383
    [surv] epoch  21  censored-NLL   61.163
    [surv] epoch  24  censored-NLL   60.940
[16:33:15]   surv_conformal_nll: first=67.6859 last=60.9398 (25 epochs)
[16:33:15]   surv_conformal: fit 0.2s · 864 params
[16:33:15]   raw exact predictive: PICP 0.554 centres / 0.976 edges, MPIW 86.9 / 97.8
[16:33:15]   conformal[cqr] a=0.10: PICP 0.976 (nominal 0.90), MPIW 97.8 (raw PICP 0.554, MPIW 86.9)
[16:33:15]   conformal[pit] a=0.10: PICP 0.550 (nominal 0.90), MPIW 85.8 (raw PICP 0.554, MPIW 86.9)
[16:33:15] --- stage calibration done in 0.3s ---
[16:33:15] === run ok · 2.8s · peak RSS 0.79 GB ===

==============================================================================
 batch finished in 0.0 min — 1 ok, 0 skipped, 0 failed
==============================================================================

=== ad (mean ± sd over seeds) ===

method                                                   auroc                 ap          train_nll              fit_s             params    auroc[decouple]      auroc[desync]       auroc[drift]  seeds
----------------------------------------------------------------------------------------------------------------------------------------------------------------------------------------------------------
Mahalanobis                                      0.8690±0.0000      0.7236±0.0000                  —      0.0044±0.0000                  —      0.5299±0.0000      0.7840±0.0000      0.9842±0.0000      1
1-NN distance                                    0.8677±0.0000      0.7448±0.0000                  —      0.0291±0.0000                  —      0.5367±0.0000      0.8355±0.0000      0.9532±0.0000      1
RegionGraphPC [chain, K=4]                       0.8550±0.0000      0.7166±0.0000     49.1073±0.0000      0.4159±0.0000    752.0000±0.0000      0.5956±0.0000      0.6692±0.0000      0.7968±0.0000      1
z-score (per channel)                            0.8366±0.0000      0.7073±0.0000                  —      0.0037±0.0000                  —      0.5182±0.0000      0.3982±0.0000      0.9221±0.0000      1
PCA reconstruction                               0.8324±0.0000      0.6887±0.0000                  —      0.4964±0.0000                  —      0.5071±0.0000      0.6444±0.0000      0.8787±0.0000      1
diagonal Gaussian                                0.8102±0.0000      0.6476±0.0000                  —      0.0029±0.0000                  —      0.5926±0.0000      0.3254±0.0000      0.7081±0.0000      1
PC · 3 dead (mean-imputed)                       0.8052±0.0000      0.6518±0.0000                  —                  —                  —      0.5547±0.0000      0.5846±0.0000      0.6889±0.0000      1
PC · 3 dead (exact marginal)                     0.8001±0.0000      0.6553±0.0000                  —                  —                  —      0.5364±0.0000      0.5923±0.0000      0.6514±0.0000      1
z-score (per channel) · 3 dead (imputed)         0.7926±0.0000      0.6446±0.0000                  —                  —                  —      0.4959±0.0000      0.4334±0.0000      0.6908±0.0000      1
diagonal Gaussian · 3 dead (imputed)             0.7811±0.0000      0.6170±0.0000                  —                  —                  —      0.5320±0.0000      0.3929±0.0000      0.5404±0.0000      1
PC · structural-only score                       0.7635±0.0000      0.4843±0.0000                  —                  —                  —      0.4873±0.0000      0.6994±0.0000      0.7007±0.0000      1
moving-average residual                          0.7228±0.0000      0.5120±0.0000                  —      0.0108±0.0000                  —      0.4047±0.0000      0.4734±0.0000      0.9832±0.0000      1
moving-average residual · 3 dead (imputed)       0.6957±0.0000      0.4545±0.0000                  —                  —                  —      0.4064±0.0000      0.3515±0.0000      0.8402±0.0000      1

=== calibration (mean ± sd over seeds) ===

method                                            picp               mpiw          picp_edge          mpiw_edge           pit_mean            pit_var     interval_score               crps  seeds
--------------------------------------------------------------------------------------------------------------------------------------------------------------------------------------------------
SurvivalPC + split conformal (cqr)       0.9759±0.0000     97.7610±0.0000                  —                  —                  —                  —    104.0127±0.0000     16.4656±0.0000      1
quantile reg. + conformal (CQR)          0.9398±0.0000    210.9744±0.0000                  —                  —                  —                  —    229.6814±0.0000                  —      1
SurvivalPC (raw exact predictive)        0.5542±0.0000     86.9277±0.0000      0.9759±0.0000     97.7610±0.0000      0.3699±0.0000      0.0784±0.0000    137.2022±0.0000     16.4656±0.0000      1
SurvivalPC + split conformal (pit)       0.5502±0.0000     85.7530±0.0000                  —                  —                  —                  —    136.1011±0.0000     16.4656±0.0000      1

=== explain (mean ± sd over seeds) ===

method                                    loc_auroc          prec_at_k       deletion_auc  max_residual_nats mean_residual_nats loc_auroc[decouple]  loc_auroc[desync]   loc_auroc[drift]  seeds
------------------------------------------------------------------------------------------------------------------------------------------------------------------------------------------------
PC conditional (exact)                0.8568±0.0000      0.6569±0.0000      0.2496±0.0000                  —                  —      0.7086±0.0000      0.2857±0.0000      0.9531±0.0000      1
PC Shapley (exact conditionals)       0.8476±0.0000      0.6569±0.0000      0.2261±0.0000                  —                  —      0.6229±0.0000      0.2857±0.0000      0.9297±0.0000      1
Gaussian conditional (exact)          0.7991±0.0000      0.6373±0.0000      0.2012±0.0000                  —                  —      0.6457±0.0000      0.0000±0.0000      0.8281±0.0000      1
z-score (per channel)                 0.7917±0.0000      0.6078±0.0000      0.1662±0.0000                  —                  —      0.6629±0.0000      0.0000±0.0000      0.7891±0.0000      1
PC marginal (exact)                   0.7567±0.0000      0.6373±0.0000      0.1921±0.0000                  —                  —      0.6857±0.0000      0.0000±0.0000      0.7812±0.0000      1
AE reconstruction (per channel)       0.7447±0.0000      0.5980±0.0000      0.2334±0.0000                  —                  —      0.5943±0.0000      0.0000±0.0000      0.8125±0.0000      1
PC structural (exact)                 0.6154±0.0000      0.3922±0.0000      0.3646±0.0000                  —                  —      0.3543±0.0000      0.8571±0.0000      0.7812±0.0000      1
AE sampling-SHAP (4/ch)               0.4863±0.0000      0.3137±0.0000      0.5654±0.0000                  —                  —      0.3200±0.0000      0.4286±0.0000      0.6797±0.0000      1
PC chain-rule completeness                        —                  —                  —   3.815e-06±0e+00    1.669e-06±0e+00                   —                  —                  —      1

=== rul (mean ± sd over seeds) ===

method                                          rmse                mae               nasa               crps     interval_score               picp               mpiw          picp_edge  seeds
------------------------------------------------------------------------------------------------------------------------------------------------------------------------------------------------
SurvivalPC (exact censored lik.)      26.6456±0.0000     21.6276±0.0000  12814.0632±0.0000     13.0013±0.0000    122.4431±0.0000      0.5382±0.0000     73.6145±0.0000      0.9679±0.0000      1
SurvivalPC (drop censored)            27.5847±0.0000     23.8133±0.0000   9658.2300±0.0000     13.1668±0.0000    127.9351±0.0000      0.5823±0.0000     85.4049±0.0000      0.9920±0.0000      1
MLP regressor                         35.2822±0.0000     28.5099±0.0000   2.701e+05±0e+00                   —                  —                  —                  —                  —      1
quantile reg. + conformal (CQR)       38.1765±0.0000     30.6482±0.0000   1.920e+05±0e+00                   —    166.5780±0.0000      0.9398±0.0000    147.7702±0.0000                  —      1
ridge regression                      27.6246±0.0000     23.2565±0.0000   6936.9627±0.0000                  —                  —                  —                  —                  —      1

=== rul_partial (mean ± sd over seeds) ===

method                                crps_full crps_exact_marginal       crps_imputed          rmse_full rmse_exact_marginal       rmse_imputed picp_exact_marginal picp_exact_marginal_edge  seeds
----------------------------------------------------------------------------------------------------------------------------------------------------------------------------------------------------
PC · 3 dead sensors              13.0013±0.0000     12.8187±0.0000     14.5473±0.0000     26.6456±0.0000     26.4835±0.0000     29.2571±0.0000      0.5582±0.0000      0.9759±0.0000      1

wrote logs/ts/smoke/summary.csv, summary.json, summary.md

