==============================================================================
 experiment: smoke   (config/ts/smoke.yaml)
 End-to-end wiring check: data -> circuit -> queries -> baselines -> conformal
 output:     logs/ts/smoke
==============================================================================

1 variant(s) × 1 seed(s) = 1 run(s)

  default                                dataset=synthetic        stages=ad,explain,rul,calibration


>>> default · seed 0 · logs/ts/smoke/default/seed0
[12:33:22] === run start · seed0 · seed 0 · hash 04a3130bb048 ===
[12:33:22] stages ['ad', 'explain', 'rul', 'calibration'] · device cuda · dataset synthetic
[12:33:22] --- stage: ad ---
[12:33:22]   data: FleetPair(synthetic: train=24 units, C=8, regimes=2, cap=130)  (0.0s)
[12:33:22]   task: {'kind': 'ad', 'n_train': 557, 'n_test': 429, 'd': 48, 'window': 6, 'n_channels': 8, 'anomaly_rate': 0.1655011624097824, 'kind_counts': {'drift': 6, 'normal': 358, 'decouple': 10, 'offset': 7, 'organic': 36, 'spike': 7, 'desync': 5}, 'train_units': 14, 'test_units': 10, 'n_regimes': 2, 'seed': 0, 'dataset': 'synthetic', 'cap': 130.0, 'source': 'synthetic simulator', 'units': 24}
    [pc] epoch   0  nll   64.262
    [pc] epoch   1  nll   62.650
    [pc] epoch   2  nll   59.989
    [pc] epoch   3  nll   56.632
    [pc] epoch   4  nll   53.395
    [pc] epoch   5  nll   50.682
[12:33:23]   pc_train_nll: first=64.2618 last=50.6824 (6 epochs)
[12:33:23]   pc: fit 1.1s · 752 params · score sd 7.345 · device cuda · layered · 3,116 win/s
[12:33:24]   typed decomposition (mean worst-channel surprise):
[12:33:24]        normal  n=  358  marginal    11.68  conditional    10.65  structural     2.48
[12:33:24]      decouple  n=   10  marginal    11.48  conditional     8.64  structural     0.72
[12:33:24]        desync  n=    5  marginal     9.37  conditional    10.79  structural     3.73
[12:33:24]         drift  n=    6  marginal    16.14  conditional    14.57  structural     5.01
[12:33:24]        offset  n=    7  marginal    18.63  conditional    23.96  structural     9.95
[12:33:24]       organic  n=   36  marginal    43.05  conditional    50.34  structural    17.69
[12:33:24]         spike  n=    7  marginal    26.05  conditional    24.98  structural     3.22
[12:33:24] --- stage ad done in 1.9s ---
[12:33:24] --- stage: explain ---
[12:33:24]   data: FleetPair(synthetic: train=24 units, C=8, regimes=2, cap=130)  (0.0s)
[12:33:24]   task: {'kind': 'ad', 'n_train': 557, 'n_test': 429, 'd': 48, 'window': 6, 'n_channels': 8, 'anomaly_rate': 0.1655011624097824, 'kind_counts': {'drift': 6, 'normal': 358, 'decouple': 10, 'offset': 7, 'organic': 36, 'spike': 7, 'desync': 5}, 'train_units': 14, 'test_units': 10, 'n_regimes': 2, 'seed': 0, 'dataset': 'synthetic', 'cap': 130.0, 'source': 'synthetic simulator', 'units': 24}
[12:33:24]   explain: capped test set to 200 windows
    [pc] epoch   0  nll   64.262
    [pc] epoch   1  nll   62.650
    [pc] epoch   2  nll   59.989
    [pc] epoch   3  nll   56.632
    [pc] epoch   4  nll   53.395
    [pc] epoch   5  nll   50.682
[12:33:24]   pc_train_nll: first=64.2618 last=50.6824 (6 epochs)
[12:33:24]   pc: fit 0.3s · 752 params · score sd 7.345 · device cuda · layered · 12,924 win/s
[12:33:25]   attribution cost: PC exact (all views) 0.2s · AE sampling-SHAP (one view) 0.1s
[12:33:25]   completeness: max residual 3.81e-06 nats, mean 9.54e-07
[12:33:25]   deletion curves scored with the circuit's own scorer — PC attributions have home-field advantage here, the localisation columns do not
[12:33:25]   worked examples (median-scoring window of each kind):
[12:33:26]    [normal]
[12:33:26]   anomaly score 48.0 nats
[12:33:26]       ch0  out of range         marginal   15.37  structural   -3.78  worst at t=1
[12:33:26]       ch6  out of range         marginal    9.91  structural   -2.32  worst at t=4
[12:33:26]       ch2  out of range         marginal    9.00  structural   -3.65  worst at t=0
[12:33:26]    [spike]
[12:33:26]   anomaly score 63.9 nats   [injected: spike, channels [0]]
[12:33:26]       ch0  out of range         marginal   13.36  structural    1.01  worst at t=1  <- CORRECT
[12:33:26]       ch7  out of range         marginal   12.74  structural   -2.11  worst at t=1  <- miss
[12:33:26]       ch6  out of range         marginal    6.67  structural    2.06  worst at t=4  <- miss
[12:33:26]    [offset]
[12:33:26]   anomaly score 89.0 nats   [injected: offset, channels [3, 6]]
[12:33:26]       ch6  broken relationship  marginal   28.55  structural   14.32  worst at t=5  <- CORRECT
[12:33:26]       ch3  out of range         marginal   15.99  structural   -4.04  worst at t=4  <- CORRECT
[12:33:26]       ch7  out of range         marginal    6.64  structural    0.10  worst at t=0  <- miss
[12:33:27]    [drift]
[12:33:27]   anomaly score 61.7 nats   [injected: drift, channels [1, 2, 4]]
[12:33:27]       ch4  out of range         marginal   15.67  structural   -3.24  worst at t=5  <- CORRECT
[12:33:27]       ch1  out of range         marginal    9.21  structural    1.97  worst at t=5  <- CORRECT
[12:33:27]       ch2  out of range         marginal    6.72  structural    1.74  worst at t=5  <- CORRECT
[12:33:27]    [decouple]
[12:33:27]   anomaly score 50.0 nats   [injected: decouple, channels [2, 6]]
[12:33:27]       ch6  out of range         marginal   10.38  structural   -3.14  worst at t=3  <- CORRECT
[12:33:27]       ch1  out of range         marginal    6.96  structural   -0.06  worst at t=4  <- miss
[12:33:27]       ch2  out of range         marginal   11.00  structural   -4.15  worst at t=2  <- CORRECT
[12:33:28]    [desync]
[12:33:28]   anomaly score 47.1 nats   [injected: desync, channels [1]]
[12:33:28]       ch0  out of range         marginal    8.44  structural   -0.45  worst at t=0  <- miss
[12:33:28]       ch1  out of range         marginal    7.12  structural    0.58  worst at t=0  <- CORRECT
[12:33:28]       ch2  out of range         marginal    9.53  structural   -3.93  worst at t=5  <- miss
[12:33:28] --- stage explain done in 4.0s ---
[12:33:28] --- stage: rul ---
[12:33:28]   data: FleetPair(synthetic: train=24 units, C=8, regimes=2, cap=130)  (0.0s)
[12:33:28]   task: {'kind': 'rul', 'n_train': 719, 'n_test': 354, 'd': 48, 'window': 6, 'n_channels': 8, 'n_bins': 12, 'cap': 130.0, 'censored_frac': 0.0445062518119812, 'train_units': 14, 'test_units': 10, 'censored_units': 1, 'n_regimes': 2, 'seed': 0, 'dataset': 'synthetic', 'source': 'synthetic simulator', 'units': 24}
    [surv] epoch   0  censored-NLL   69.964
    [surv] epoch   1  censored-NLL   68.872
    [surv] epoch   2  censored-NLL   67.720
    [surv] epoch   3  censored-NLL   66.482
    [surv] epoch   4  censored-NLL   65.647
    [surv] epoch   5  censored-NLL   65.023
[12:33:29]   surv_dropped_nll: first=69.9639 last=65.0232 (6 epochs)
[12:33:29]   surv_dropped: fit 0.9s · 864 params
    [surv] epoch   0  censored-NLL   69.724
    [surv] epoch   1  censored-NLL   68.677
    [surv] epoch   2  censored-NLL   67.488
    [surv] epoch   3  censored-NLL   66.267
    [surv] epoch   4  censored-NLL   65.360
    [surv] epoch   5  censored-NLL   64.843
[12:33:30]   surv_censored_nll: first=69.7239 last=64.8434 (6 epochs)
[12:33:30]   surv_censored: fit 1.6s · 864 params
[12:33:31]   partial evidence (3 dead): CRPS exact-marginal 20.728 vs imputed 20.911 (full 20.599)
[12:33:31]   exact survival S(t|x), grouped by TRUE remaining life:
[12:33:31]     RUL   0-20  n=   35  S(20)=0.876  S(40)=0.750  S(60)=0.645
[12:33:31]     RUL  20-50  n=   53  S(20)=0.886  S(40)=0.769  S(60)=0.667
[12:33:31]     RUL  50-90  n=   70  S(20)=0.905  S(40)=0.803  S(60)=0.709
[12:33:31]     RUL  90-131 n=  196  S(20)=0.913  S(40)=0.818  S(60)=0.728
[12:33:31] --- stage rul done in 3.6s ---
[12:33:31] --- stage: calibration ---
[12:33:31]   data: FleetPair(synthetic: train=24 units, C=8, regimes=2, cap=130)  (0.0s)
[12:33:31]   task: {'kind': 'rul', 'n_train': 719, 'n_test': 354, 'd': 48, 'window': 6, 'n_channels': 8, 'n_bins': 12, 'cap': 130.0, 'censored_frac': 0.0445062518119812, 'train_units': 14, 'test_units': 10, 'censored_units': 1, 'n_regimes': 2, 'seed': 0, 'dataset': 'synthetic', 'source': 'synthetic simulator', 'units': 24}
[12:33:31]   conformal split: 463 fit windows / 256 calibration windows (14 units total)
    [surv] epoch   0  censored-NLL   68.468
    [surv] epoch   1  censored-NLL   67.791
    [surv] epoch   2  censored-NLL   67.049
    [surv] epoch   3  censored-NLL   66.216
    [surv] epoch   4  censored-NLL   65.339
    [surv] epoch   5  censored-NLL   64.639
[12:33:32]   surv_conformal_nll: first=68.4679 last=64.6392 (6 epochs)
[12:33:32]   surv_conformal: fit 1.1s · 864 params
[12:33:33]   conformal[cqr]: PICP 0.997 (nominal 0.90), MPIW 121.1 (raw PICP 0.579, MPIW 110.2)
[12:33:33]   conformal[pit]: PICP 0.585 (nominal 0.90), MPIW 111.9 (raw PICP 0.579, MPIW 110.2)
[12:33:33] --- stage calibration done in 2.0s ---
[12:33:33] === run ok · 11.4s · peak RSS 1.857 GB ===

==============================================================================
 batch finished in 0.2 min — 1 ok, 0 skipped, 0 failed
==============================================================================

=== ad (mean ± sd over seeds) ===

method                                                   auroc                 ap          train_nll              fit_s             params    auroc[decouple]      auroc[desync]       auroc[drift]  seeds
----------------------------------------------------------------------------------------------------------------------------------------------------------------------------------------------------------
1-NN distance                                    0.9134±0.0000      0.8321±0.0000                  —      0.0403±0.0196                  —      0.5723±0.0000      0.7743±0.0000      0.9544±0.0000      1
Mahalanobis                                      0.8952±0.0000      0.7815±0.0000                  —      0.0100±0.0025                  —      0.4913±0.0000      0.8123±0.0000      0.9902±0.0000      1
PCA reconstruction                               0.8850±0.0000      0.7797±0.0000                  —      0.7402±0.3910                  —      0.5232±0.0000      0.6698±0.0000      0.8822±0.0000      1
RegionGraphPC [chain, K=4]                       0.8770±0.0010      0.7891±0.0008     48.8421±0.0389      1.4291±0.8742    752.0000±0.0000      0.5125±0.0052      0.5601±0.0024      0.8038±0.0005      1
z-score (per channel)                            0.8659±0.0000      0.7595±0.0000                  —      0.0044±0.0006                  —      0.5575±0.0000      0.4751±0.0000      0.9213±0.0000      1
z-score (per channel) · 3 dead (imputed)         0.8565±0.0000      0.7318±0.0000                  —                  —                  —      0.6675±0.0000      0.5232±0.0000      0.7016±0.0000      1
diagonal Gaussian                                0.8533±0.0000      0.7253±0.0000                  —      0.0039±0.0020                  —      0.6405±0.0000      0.4011±0.0000      0.7025±0.0000      1
PC · 3 dead (mean-imputed)                       0.8416±0.0015      0.7383±0.0005                  —                  —                  —      0.5433±0.0100      0.4291±0.0017      0.6358±0.0025      1
PC · 3 dead (exact marginal)                     0.8337±0.0018      0.7369±0.0001                  —                  —                  —      0.5069±0.0113      0.4204±0.0009      0.6179±0.0023      1
diagonal Gaussian · 3 dead (imputed)             0.8226±0.0000      0.7061±0.0000                  —                  —                  —      0.6232±0.0000      0.3665±0.0000      0.5368±0.0000      1
PC · structural-only score                       0.7927±0.0000      0.6081±0.0044                  —                  —                  —      0.3647±0.0020      0.6213±0.0032      0.6481±0.0031      1
moving-average residual                          0.7497±0.0000      0.4818±0.0000                  —      0.0131±0.0043                  —      0.5145±0.0000      0.5665±0.0000      0.9744±0.0000      1
moving-average residual · 3 dead (imputed)       0.7495±0.0000      0.4708±0.0000                  —                  —                  —      0.5388±0.0000      0.5659±0.0000      0.7477±0.0000      1

=== calibration (mean ± sd over seeds) ===

method                                            picp               mpiw     interval_score               crps               rmse                mae          calib_err diag_frac_clipped_hi  seeds
----------------------------------------------------------------------------------------------------------------------------------------------------------------------------------------------------
SurvivalPC + split conformal (cqr)       0.9393±0.1638    119.4727±4.5010    126.2435±14.5167     22.3710±0.0130     42.8674±0.0064     37.7541±0.0182                  —      0.0000±0.0000      1
quantile reg. + conformal (CQR)          0.9054±0.0026    145.6530±0.6141    185.5477±0.3089                  —     40.0221±0.2223                  —                  —                  —      1
SurvivalPC + split conformal (pit)       0.5847±0.0000    112.7937±2.5751    154.3897±2.5751     22.3710±0.0130     42.8674±0.0064     37.7541±0.0182                  —      0.0000±0.0000      1
SurvivalPC (raw exact predictive)        0.5734±0.0160    109.9935±0.6708    153.5399±3.4873     22.3710±0.0130     42.8674±0.0064     37.7541±0.0182      0.1012±0.0014                  —      1

=== explain (mean ± sd over seeds) ===

method                                    loc_auroc          prec_at_k       deletion_auc  max_residual_nats mean_residual_nats loc_auroc[decouple]  loc_auroc[desync]   loc_auroc[drift]  seeds
------------------------------------------------------------------------------------------------------------------------------------------------------------------------------------------------
PC conditional (exact)                0.8472±0.0025      0.6750±0.0236      0.2274±0.0153                  —                  —      0.6880±0.0040      0.8750±0.0505      0.9412±0.0000      1
PC Shapley (exact conditionals)       0.8307±0.0060      0.6292±0.0118      0.2143±0.0088                  —                  —      0.7119±0.0071      0.8571±0.0000      0.8845±0.0059      1
z-score (per channel)                 0.8194±0.0000      0.6111±0.0000      0.2102±0.0031                  —                  —      0.8120±0.0000      0.0000±0.0000      0.8151±0.0000      1
PC marginal (exact)                   0.7971±0.0043      0.6028±0.0236      0.2535±0.0218                  —                  —      0.7236±0.0000      0.2857±0.0000      0.8015±0.0089      1
Gaussian conditional (exact)          0.7474±0.0000      0.5778±0.0000      0.3934±0.0153                  —                  —      0.7179±0.0000      1.0000±0.0000      0.7647±0.0000      1
AE reconstruction (per channel)       0.7387±0.0000      0.5167±0.0309      0.3274±0.0193                  —                  —      0.5556±0.0053      0.8571±0.0000      0.8298±0.0039      1
PC structural (exact)                 0.5651±0.0025      0.3444±0.0000      0.3861±0.0159                  —                  —      0.3711±0.0060      1.0000±0.0000      0.7101±0.0119      1
AE sampling-SHAP (4/ch)               0.5176±0.0036      0.2194±0.0154      0.5599±0.0352                  —                  —      0.4373±0.0026      0.5714±0.0000      0.5903±0.0039      1
PC chain-rule completeness                        —                  —                  —   3.815e-06±0e+00    1.043e-06±2e-07                   —                  —                  —      1

=== rul (mean ± sd over seeds) ===

method                                          rmse                mae               nasa               crps     interval_score               picp               mpiw          calib_err  seeds
------------------------------------------------------------------------------------------------------------------------------------------------------------------------------------------------
SurvivalPC (exact censored lik.)      40.5675±0.2141     36.0567±0.1224  79863.8108±6548.7199     20.6515±0.1475    154.6193±0.0649      0.5847±0.0000    113.0232±0.0649      0.1048±0.0001      1
SurvivalPC (drop censored)            40.7730±0.1610     36.4446±0.1319  67346.7069±2818.2564     20.6544±0.1251    155.8357±0.0866      0.5847±0.0000    114.2396±0.0866      0.1016±0.0022      1
MLP regressor                         33.9295±0.0725     27.4840±0.0568   1.757e+05±1e+04                   —                  —                  —                  —                  —      1
PC · 3 dead sensors                                —                  —                  —                  —                  —                  —                  —                  —      1
quantile reg. + conformal (CQR)       37.3679±0.0233     29.7105±0.0305   2.863e+05±2e+03                   —    174.1927±0.2260      0.9237±0.0000    141.8317±0.5097                  —      1
ridge regression                      25.0151±0.0000     20.5571±0.0000   6980.4418±0.0000                  —                  —                  —                  —                  —      1

=== rul_partial (mean ± sd over seeds) ===

method                                crps_full crps_exact_marginal       crps_imputed          rmse_full rmse_exact_marginal       rmse_imputed picp_exact_marginal       picp_imputed  seeds
----------------------------------------------------------------------------------------------------------------------------------------------------------------------------------------------
PC · 3 dead sensors              20.5993±0.0000     20.7284±0.0000     20.9105±0.0000     40.4918±0.0000     40.7058±0.0000     40.9235±0.0000      0.5847±0.0000      0.5847±0.0000      1

wrote logs/ts/smoke/summary.csv, summary.json, summary.md

