
=== ad (mean ± sd over seeds) ===

method                                                   auroc                 ap          train_nll              fit_s             params    auroc[decouple]      auroc[desync]       auroc[drift]  seeds
----------------------------------------------------------------------------------------------------------------------------------------------------------------------------------------------------------
1-NN distance                                    0.9134±0.0000      0.8321±0.0000                  —      0.0339±0.0000                  —      0.5723±0.0000      0.7743±0.0000      0.9544±0.0000      1
Mahalanobis                                      0.8952±0.0000      0.7815±0.0000                  —      0.0076±0.0000                  —      0.4913±0.0000      0.8123±0.0000      0.9902±0.0000      1
PCA reconstruction                               0.8850±0.0000      0.7797±0.0000                  —      0.4925±0.0000                  —      0.5232±0.0000      0.6698±0.0000      0.8822±0.0000      1
RegionGraphPC [chain, K=4]                       0.8773±0.0000      0.7888±0.0000     48.8550±0.0000      1.2603±0.0000    752.0000±0.0000      0.5142±0.0000      0.5609±0.0000      0.8040±0.0000      1
z-score (per channel)                            0.8659±0.0000      0.7595±0.0000                  —      0.0040±0.0000                  —      0.5575±0.0000      0.4751±0.0000      0.9213±0.0000      1
z-score (per channel) · 3 dead (imputed)         0.8565±0.0000      0.7318±0.0000                  —                  —                  —      0.6675±0.0000      0.5232±0.0000      0.7016±0.0000      1
diagonal Gaussian                                0.8533±0.0000      0.7253±0.0000                  —      0.0031±0.0000                  —      0.6405±0.0000      0.4011±0.0000      0.7025±0.0000      1
PC · 3 dead (mean-imputed)                       0.8421±0.0000      0.7385±0.0000                  —                  —                  —      0.5466±0.0000      0.4285±0.0000      0.6350±0.0000      1
PC · 3 dead (exact marginal)                     0.8343±0.0000      0.7368±0.0000                  —                  —                  —      0.5106±0.0000      0.4207±0.0000      0.6187±0.0000      1
diagonal Gaussian · 3 dead (imputed)             0.8226±0.0000      0.7061±0.0000                  —                  —                  —      0.6232±0.0000      0.3665±0.0000      0.5368±0.0000      1
PC · structural-only score                       0.7927±0.0000      0.6066±0.0000                  —                  —                  —      0.3654±0.0000      0.6223±0.0000      0.6471±0.0000      1
moving-average residual                          0.7497±0.0000      0.4818±0.0000                  —      0.0112±0.0000                  —      0.5145±0.0000      0.5665±0.0000      0.9744±0.0000      1
moving-average residual · 3 dead (imputed)       0.7495±0.0000      0.4708±0.0000                  —                  —                  —      0.5388±0.0000      0.5659±0.0000      0.7477±0.0000      1

=== calibration (mean ± sd over seeds) ===

method                                            picp               mpiw     interval_score               crps               rmse                mae          calib_err diag_frac_clipped_hi  seeds
----------------------------------------------------------------------------------------------------------------------------------------------------------------------------------------------------
SurvivalPC + split conformal (cqr)       0.9972±0.0000    121.0640±0.0000    121.1111±0.0000     22.3664±0.0000     42.8651±0.0000     37.7605±0.0000                  —      0.0000±0.0000      1
quantile reg. + conformal (CQR)          0.9040±0.0000    145.3213±0.0000    185.3809±0.0000                  —     40.1421±0.0000                  —                  —                  —      1
SurvivalPC + split conformal (pit)       0.5847±0.0000    111.8832±0.0000    153.4793±0.0000     22.3664±0.0000     42.8651±0.0000     37.7605±0.0000                  —      0.0000±0.0000      1
SurvivalPC (raw exact predictive)        0.5791±0.0000    110.2307±0.0000    152.3070±0.0000     22.3664±0.0000     42.8651±0.0000     37.7605±0.0000      0.1018±0.0000                  —      1

=== explain (mean ± sd over seeds) ===

method                                    loc_auroc          prec_at_k       deletion_auc  max_residual_nats mean_residual_nats loc_auroc[decouple]  loc_auroc[desync]   loc_auroc[drift]  seeds
------------------------------------------------------------------------------------------------------------------------------------------------------------------------------------------------
PC conditional (exact)                0.8464±0.0000      0.6667±0.0000      0.2219±0.0000                  —                  —      0.6895±0.0000      0.8571±0.0000      0.9412±0.0000      1
PC Shapley (exact conditionals)       0.8286±0.0000      0.6333±0.0000      0.2112±0.0000                  —                  —      0.7094±0.0000      0.8571±0.0000      0.8824±0.0000      1
z-score (per channel)                 0.8194±0.0000      0.6111±0.0000      0.2092±0.0000                  —                  —      0.8120±0.0000      0.0000±0.0000      0.8151±0.0000      1
PC marginal (exact)                   0.7956±0.0000      0.6111±0.0000      0.2612±0.0000                  —                  —      0.7236±0.0000      0.2857±0.0000      0.7983±0.0000      1
Gaussian conditional (exact)          0.7474±0.0000      0.5778±0.0000      0.3988±0.0000                  —                  —      0.7179±0.0000      1.0000±0.0000      0.7647±0.0000      1
AE reconstruction (per channel)       0.7387±0.0000      0.5333±0.0000      0.3282±0.0000                  —                  —      0.5527±0.0000      0.8571±0.0000      0.8319±0.0000      1
PC structural (exact)                 0.5642±0.0000      0.3444±0.0000      0.3917±0.0000                  —                  —      0.3732±0.0000      1.0000±0.0000      0.7143±0.0000      1
AE sampling-SHAP (4/ch)               0.5195±0.0000      0.2111±0.0000      0.5413±0.0000                  —                  —      0.4359±0.0000      0.5714±0.0000      0.5882±0.0000      1
PC chain-rule completeness                        —                  —                  —   3.815e-06±0e+00    1.192e-06±0e+00                   —                  —                  —      1

=== rul (mean ± sd over seeds) ===

method                                          rmse                mae               nasa               crps     interval_score               picp               mpiw          calib_err  seeds
------------------------------------------------------------------------------------------------------------------------------------------------------------------------------------------------
SurvivalPC (exact censored lik.)      40.4918±0.0000     36.0134±0.0000  77548.4642±0.0000     20.5993±0.0000    154.6422±0.0000      0.5847±0.0000    113.0461±0.0000      0.1049±0.0000      1
SurvivalPC (drop censored)            40.7161±0.0000     36.3980±0.0000  66350.2757±0.0000     20.6101±0.0000    155.8663±0.0000      0.5847±0.0000    114.2702±0.0000      0.1024±0.0000      1
MLP regressor                         33.9686±0.0000     27.5147±0.0000   1.838e+05±0e+00                   —                  —                  —                  —                  —      1
quantile reg. + conformal (CQR)       37.3805±0.0000     29.7270±0.0000   2.876e+05±0e+00                   —    174.0705±0.0000      0.9237±0.0000    141.5561±0.0000                  —      1
ridge regression                      25.0151±0.0000     20.5571±0.0000   6980.4418±0.0000                  —                  —                  —                  —                  —      1

=== rul_partial (mean ± sd over seeds) ===

method                                crps_full crps_exact_marginal       crps_imputed          rmse_full rmse_exact_marginal       rmse_imputed picp_exact_marginal       picp_imputed  seeds
----------------------------------------------------------------------------------------------------------------------------------------------------------------------------------------------
PC · 3 dead sensors              20.5993±0.0000     20.7284±0.0000     20.9105±0.0000     40.4918±0.0000     40.7058±0.0000     40.9235±0.0000      0.5847±0.0000      0.5847±0.0000      1

wrote logs/ts/summary.csv, summary.json, summary.md


######################################################################
# logs/ts/_console
######################################################################
no results.jsonl found under logs/ts/_console

######################################################################
# logs/ts/smoke
######################################################################

=== ad (mean ± sd over seeds) ===

method                                                   auroc                 ap          train_nll              fit_s             params    auroc[decouple]      auroc[desync]       auroc[drift]  seeds
----------------------------------------------------------------------------------------------------------------------------------------------------------------------------------------------------------
1-NN distance                                    0.9134±0.0000      0.8321±0.0000                  —      0.0339±0.0000                  —      0.5723±0.0000      0.7743±0.0000      0.9544±0.0000      1
Mahalanobis                                      0.8952±0.0000      0.7815±0.0000                  —      0.0076±0.0000                  —      0.4913±0.0000      0.8123±0.0000      0.9902±0.0000      1
PCA reconstruction                               0.8850±0.0000      0.7797±0.0000                  —      0.4925±0.0000                  —      0.5232±0.0000      0.6698±0.0000      0.8822±0.0000      1
RegionGraphPC [chain, K=4]                       0.8773±0.0000      0.7888±0.0000     48.8550±0.0000      1.2603±0.0000    752.0000±0.0000      0.5142±0.0000      0.5609±0.0000      0.8040±0.0000      1
z-score (per channel)                            0.8659±0.0000      0.7595±0.0000                  —      0.0040±0.0000                  —      0.5575±0.0000      0.4751±0.0000      0.9213±0.0000      1
z-score (per channel) · 3 dead (imputed)         0.8565±0.0000      0.7318±0.0000                  —                  —                  —      0.6675±0.0000      0.5232±0.0000      0.7016±0.0000      1
diagonal Gaussian                                0.8533±0.0000      0.7253±0.0000                  —      0.0031±0.0000                  —      0.6405±0.0000      0.4011±0.0000      0.7025±0.0000      1
PC · 3 dead (mean-imputed)                       0.8421±0.0000      0.7385±0.0000                  —                  —                  —      0.5466±0.0000      0.4285±0.0000      0.6350±0.0000      1
PC · 3 dead (exact marginal)                     0.8343±0.0000      0.7368±0.0000                  —                  —                  —      0.5106±0.0000      0.4207±0.0000      0.6187±0.0000      1
diagonal Gaussian · 3 dead (imputed)             0.8226±0.0000      0.7061±0.0000                  —                  —                  —      0.6232±0.0000      0.3665±0.0000      0.5368±0.0000      1
PC · structural-only score                       0.7927±0.0000      0.6066±0.0000                  —                  —                  —      0.3654±0.0000      0.6223±0.0000      0.6471±0.0000      1
moving-average residual                          0.7497±0.0000      0.4818±0.0000                  —      0.0112±0.0000                  —      0.5145±0.0000      0.5665±0.0000      0.9744±0.0000      1
moving-average residual · 3 dead (imputed)       0.7495±0.0000      0.4708±0.0000                  —                  —                  —      0.5388±0.0000      0.5659±0.0000      0.7477±0.0000      1

=== calibration (mean ± sd over seeds) ===

method                                            picp               mpiw     interval_score               crps               rmse                mae          calib_err diag_frac_clipped_hi  seeds
----------------------------------------------------------------------------------------------------------------------------------------------------------------------------------------------------
SurvivalPC + split conformal (cqr)       0.9972±0.0000    121.0640±0.0000    121.1111±0.0000     22.3664±0.0000     42.8651±0.0000     37.7605±0.0000                  —      0.0000±0.0000      1
quantile reg. + conformal (CQR)          0.9040±0.0000    145.3213±0.0000    185.3809±0.0000                  —     40.1421±0.0000                  —                  —                  —      1
SurvivalPC + split conformal (pit)       0.5847±0.0000    111.8832±0.0000    153.4793±0.0000     22.3664±0.0000     42.8651±0.0000     37.7605±0.0000                  —      0.0000±0.0000      1
SurvivalPC (raw exact predictive)        0.5791±0.0000    110.2307±0.0000    152.3070±0.0000     22.3664±0.0000     42.8651±0.0000     37.7605±0.0000      0.1018±0.0000                  —      1

=== explain (mean ± sd over seeds) ===

method                                    loc_auroc          prec_at_k       deletion_auc  max_residual_nats mean_residual_nats loc_auroc[decouple]  loc_auroc[desync]   loc_auroc[drift]  seeds
------------------------------------------------------------------------------------------------------------------------------------------------------------------------------------------------
PC conditional (exact)                0.8464±0.0000      0.6667±0.0000      0.2219±0.0000                  —                  —      0.6895±0.0000      0.8571±0.0000      0.9412±0.0000      1
PC Shapley (exact conditionals)       0.8286±0.0000      0.6333±0.0000      0.2112±0.0000                  —                  —      0.7094±0.0000      0.8571±0.0000      0.8824±0.0000      1
z-score (per channel)                 0.8194±0.0000      0.6111±0.0000      0.2092±0.0000                  —                  —      0.8120±0.0000      0.0000±0.0000      0.8151±0.0000      1
PC marginal (exact)                   0.7956±0.0000      0.6111±0.0000      0.2612±0.0000                  —                  —      0.7236±0.0000      0.2857±0.0000      0.7983±0.0000      1
Gaussian conditional (exact)          0.7474±0.0000      0.5778±0.0000      0.3988±0.0000                  —                  —      0.7179±0.0000      1.0000±0.0000      0.7647±0.0000      1
AE reconstruction (per channel)       0.7387±0.0000      0.5333±0.0000      0.3282±0.0000                  —                  —      0.5527±0.0000      0.8571±0.0000      0.8319±0.0000      1
PC structural (exact)                 0.5642±0.0000      0.3444±0.0000      0.3917±0.0000                  —                  —      0.3732±0.0000      1.0000±0.0000      0.7143±0.0000      1
AE sampling-SHAP (4/ch)               0.5195±0.0000      0.2111±0.0000      0.5413±0.0000                  —                  —      0.4359±0.0000      0.5714±0.0000      0.5882±0.0000      1
PC chain-rule completeness                        —                  —                  —   3.815e-06±0e+00    1.192e-06±0e+00                   —                  —                  —      1

=== rul (mean ± sd over seeds) ===

method                                          rmse                mae               nasa               crps     interval_score               picp               mpiw          calib_err  seeds
------------------------------------------------------------------------------------------------------------------------------------------------------------------------------------------------
SurvivalPC (exact censored lik.)      40.4918±0.0000     36.0134±0.0000  77548.4642±0.0000     20.5993±0.0000    154.6422±0.0000      0.5847±0.0000    113.0461±0.0000      0.1049±0.0000      1
SurvivalPC (drop censored)            40.7161±0.0000     36.3980±0.0000  66350.2757±0.0000     20.6101±0.0000    155.8663±0.0000      0.5847±0.0000    114.2702±0.0000      0.1024±0.0000      1
MLP regressor                         33.9686±0.0000     27.5147±0.0000   1.838e+05±0e+00                   —                  —                  —                  —                  —      1
quantile reg. + conformal (CQR)       37.3805±0.0000     29.7270±0.0000   2.876e+05±0e+00                   —    174.0705±0.0000      0.9237±0.0000    141.5561±0.0000                  —      1
ridge regression                      25.0151±0.0000     20.5571±0.0000   6980.4418±0.0000                  —                  —                  —                  —                  —      1

=== rul_partial (mean ± sd over seeds) ===

method                                crps_full crps_exact_marginal       crps_imputed          rmse_full rmse_exact_marginal       rmse_imputed picp_exact_marginal       picp_imputed  seeds
----------------------------------------------------------------------------------------------------------------------------------------------------------------------------------------------
PC · 3 dead sensors              20.5993±0.0000     20.7284±0.0000     20.9105±0.0000     40.4918±0.0000     40.7058±0.0000     40.9235±0.0000      0.5847±0.0000      0.5847±0.0000      1

wrote logs/ts/smoke/summary.csv, summary.json, summary.md

