==============================================================================
 experiment: synthetic_rul   (config/ts/synthetic_rul.yaml)
 Censoring ablation across four censoring rates on the simulator, plus
 output:     logs/ts/synthetic_rul
==============================================================================

4 variant(s) × 3 seed(s) = 12 run(s)

  censor_frac-0.2                        dataset=synthetic        stages=rul
  censor_frac-0.35                       dataset=synthetic        stages=rul
  censor_frac-0.5                        dataset=synthetic        stages=rul
  censor_frac-0.7                        dataset=synthetic        stages=rul


>>> [1/12] censor_frac-0.2 · seed 0 · logs/ts/synthetic_rul/censor_frac-0.2/seed0
[15:54:19] === run start · seed0 · seed 0 · hash 7896df384015 ===
[15:54:19] stages ['rul'] · device cuda · dataset synthetic
[15:54:19] --- stage: rul ---
[15:54:19]   data: FleetPair(synthetic: train=60 units, C=14, regimes=3, cap=130)  (0.1s)
[15:54:19]   task: {'kind': 'rul', 'n_train': 2260, 'n_test': 1563, 'd': 112, 'window': 8, 'n_channels': 14, 'n_bins': 20, 'cap': 130.0, 'censored_frac': 0.06681418418884277, 'train_units': 36, 'test_units': 24, 'censored_units': 4, 'n_regimes': 3, 'seed': 0, 'dataset': 'synthetic', 'source': 'synthetic simulator', 'units': 60}
    [surv] epoch   0  censored-NLL  155.875
    [surv] epoch   7  censored-NLL  135.303
    [surv] epoch  14  censored-NLL  130.506
    [surv] epoch  21  censored-NLL  128.285
    [surv] epoch  28  censored-NLL  127.852
    [surv] epoch  35  censored-NLL  127.561
    [surv] epoch  42  censored-NLL  127.407
    [surv] epoch  49  censored-NLL  127.332
    [surv] epoch  56  censored-NLL  127.257
[15:54:23]   surv_dropped_nll: first=155.8753 last=127.2495 (60 epochs)
[15:54:23]   surv_dropped: fit 3.4s · 16,320 params
    [surv] epoch   0  censored-NLL  154.567
    [surv] epoch   7  censored-NLL  134.607
    [surv] epoch  14  censored-NLL  129.500
    [surv] epoch  21  censored-NLL  128.229
    [surv] epoch  28  censored-NLL  127.900
    [surv] epoch  35  censored-NLL  127.570
    [surv] epoch  42  censored-NLL  127.436
    [surv] epoch  49  censored-NLL  127.383
    [surv] epoch  56  censored-NLL  127.329
[15:54:27]   surv_censored_nll: first=154.5671 last=127.3094 (60 epochs)
[15:54:27]   surv_censored: fit 4.5s · 16,320 params
[15:54:28]   partial evidence (3 dead): CRPS exact-marginal 10.860 vs imputed 11.521 (full 10.403)
[15:54:28]   exact survival S(t|x), grouped by TRUE remaining life:
[15:54:28]     RUL   0-20  n=  143  S(20)=0.128  S(40)=0.019  S(60)=0.005
[15:54:28]     RUL  20-50  n=  220  S(20)=0.668  S(40)=0.360  S(60)=0.207
[15:54:28]     RUL  50-90  n=  297  S(20)=0.961  S(40)=0.783  S(60)=0.591
[15:54:28]     RUL  90-131 n=  903  S(20)=0.996  S(40)=0.966  S(60)=0.907
[15:54:28] --- stage rul done in 9.1s ---
[15:54:28] === run ok · 9.2s · peak RSS 1.568 GB ===

>>> [2/12] censor_frac-0.2 · seed 1 · logs/ts/synthetic_rul/censor_frac-0.2/seed1 · mean 0.2 min/run · ETA 2 min for the remaining 11
[15:54:28] === run start · seed1 · seed 1 · hash 7896df384015 ===
[15:54:28] stages ['rul'] · device cuda · dataset synthetic
[15:54:28] --- stage: rul ---
[15:54:28]   data: FleetPair(synthetic: train=60 units, C=14, regimes=3, cap=130)  (0.1s)
[15:54:28]   task: {'kind': 'rul', 'n_train': 2555, 'n_test': 1170, 'd': 112, 'window': 8, 'n_channels': 14, 'n_bins': 20, 'cap': 130.0, 'censored_frac': 0.11780822277069092, 'train_units': 36, 'test_units': 24, 'censored_units': 6, 'n_regimes': 3, 'seed': 1, 'dataset': 'synthetic', 'source': 'synthetic simulator', 'units': 60}
    [surv] epoch   0  censored-NLL  156.063
    [surv] epoch   7  censored-NLL  135.774
    [surv] epoch  14  censored-NLL  130.963
    [surv] epoch  21  censored-NLL  129.433
    [surv] epoch  28  censored-NLL  128.810
    [surv] epoch  35  censored-NLL  128.265
    [surv] epoch  42  censored-NLL  128.155
    [surv] epoch  49  censored-NLL  128.045
    [surv] epoch  56  censored-NLL  127.946
[15:54:31]   surv_dropped_nll: first=156.0630 last=127.8945 (60 epochs)
[15:54:31]   surv_dropped: fit 2.8s · 16,320 params
    [surv] epoch   0  censored-NLL  153.626
    [surv] epoch   7  censored-NLL  134.814
    [surv] epoch  14  censored-NLL  129.836
    [surv] epoch  21  censored-NLL  129.059
    [surv] epoch  28  censored-NLL  128.772
    [surv] epoch  35  censored-NLL  128.256
    [surv] epoch  42  censored-NLL  128.010
    [surv] epoch  49  censored-NLL  127.959
    [surv] epoch  56  censored-NLL  127.831
[15:54:36]   surv_censored_nll: first=153.6258 last=127.8172 (60 epochs)
[15:54:36]   surv_censored: fit 4.9s · 16,320 params
[15:54:37]   partial evidence (3 dead): CRPS exact-marginal 13.977 vs imputed 14.035 (full 14.079)
[15:54:37]   exact survival S(t|x), grouped by TRUE remaining life:
[15:54:37]     RUL   0-20  n=  126  S(20)=0.287  S(40)=0.130  S(60)=0.067
[15:54:37]     RUL  20-50  n=  190  S(20)=0.842  S(40)=0.602  S(60)=0.432
[15:54:37]     RUL  50-90  n=  254  S(20)=0.979  S(40)=0.895  S(60)=0.769
[15:54:37]     RUL  90-131 n=  600  S(20)=0.998  S(40)=0.982  S(60)=0.944
[15:54:37] --- stage rul done in 8.9s ---
[15:54:37] === run ok · 8.9s · peak RSS 1.576 GB ===

>>> [3/12] censor_frac-0.2 · seed 2 · logs/ts/synthetic_rul/censor_frac-0.2/seed2 · mean 0.2 min/run · ETA 2 min for the remaining 10
[15:54:37] === run start · seed2 · seed 2 · hash 7896df384015 ===
[15:54:37] stages ['rul'] · device cuda · dataset synthetic
[15:54:37] --- stage: rul ---
[15:54:37]   data: FleetPair(synthetic: train=60 units, C=14, regimes=3, cap=130)  (0.1s)
[15:54:37]   task: {'kind': 'rul', 'n_train': 2237, 'n_test': 1363, 'd': 112, 'window': 8, 'n_channels': 14, 'n_bins': 20, 'cap': 130.0, 'censored_frac': 0.15154224634170532, 'train_units': 36, 'test_units': 24, 'censored_units': 7, 'n_regimes': 3, 'seed': 2, 'dataset': 'synthetic', 'source': 'synthetic simulator', 'units': 60}
    [surv] epoch   0  censored-NLL  158.569
    [surv] epoch   7  censored-NLL  141.206
    [surv] epoch  14  censored-NLL  137.731
    [surv] epoch  21  censored-NLL  134.705
    [surv] epoch  28  censored-NLL  133.966
    [surv] epoch  35  censored-NLL  133.583
    [surv] epoch  42  censored-NLL  133.489
    [surv] epoch  49  censored-NLL  133.318
    [surv] epoch  56  censored-NLL  133.238
[15:54:40]   surv_dropped_nll: first=158.5692 last=133.2230 (60 epochs)
[15:54:40]   surv_dropped: fit 2.5s · 16,320 params
    [surv] epoch   0  censored-NLL  156.043
    [surv] epoch   7  censored-NLL  140.797
    [surv] epoch  14  censored-NLL  136.229
    [surv] epoch  21  censored-NLL  134.456
    [surv] epoch  28  censored-NLL  134.172
    [surv] epoch  35  censored-NLL  133.982
    [surv] epoch  42  censored-NLL  133.788
    [surv] epoch  49  censored-NLL  133.704
    [surv] epoch  56  censored-NLL  133.685
[15:54:44]   surv_censored_nll: first=156.0426 last=133.6387 (60 epochs)
[15:54:44]   surv_censored: fit 4.5s · 16,320 params
[15:54:45]   partial evidence (3 dead): CRPS exact-marginal 10.660 vs imputed 10.905 (full 10.209)
[15:54:45]   exact survival S(t|x), grouped by TRUE remaining life:
[15:54:45]     RUL   0-20  n=  128  S(20)=0.186  S(40)=0.052  S(60)=0.015
[15:54:45]     RUL  20-50  n=  190  S(20)=0.703  S(40)=0.402  S(60)=0.245
[15:54:45]     RUL  50-90  n=  252  S(20)=0.923  S(40)=0.754  S(60)=0.616
[15:54:45]     RUL  90-131 n=  793  S(20)=0.993  S(40)=0.957  S(60)=0.889
[15:54:45] --- stage rul done in 8.0s ---
[15:54:45] === run ok · 8.0s · peak RSS 1.576 GB ===

>>> [4/12] censor_frac-0.35 · seed 0 · logs/ts/synthetic_rul/censor_frac-0.35/seed0 · mean 0.1 min/run · ETA 1 min for the remaining 9
[15:54:45] === run start · seed0 · seed 0 · hash 55c71e6e8526 ===
[15:54:45] stages ['rul'] · device cuda · dataset synthetic
[15:54:45] --- stage: rul ---
[15:54:45]   data: FleetPair(synthetic: train=60 units, C=14, regimes=3, cap=130)  (0.1s)
[15:54:45]   task: {'kind': 'rul', 'n_train': 2162, 'n_test': 903, 'd': 112, 'window': 8, 'n_channels': 14, 'n_bins': 20, 'cap': 130.0, 'censored_frac': 0.3728029727935791, 'train_units': 36, 'test_units': 24, 'censored_units': 17, 'n_regimes': 3, 'seed': 0, 'dataset': 'synthetic', 'source': 'synthetic simulator', 'units': 60}
    [surv] epoch   0  censored-NLL  163.894
    [surv] epoch   7  censored-NLL  140.373
    [surv] epoch  14  censored-NLL  137.654
    [surv] epoch  21  censored-NLL  133.762
    [surv] epoch  28  censored-NLL  132.134
    [surv] epoch  35  censored-NLL  131.746
    [surv] epoch  42  censored-NLL  131.582
    [surv] epoch  49  censored-NLL  131.492
    [surv] epoch  56  censored-NLL  131.394
[15:54:47]   surv_dropped_nll: first=163.8940 last=131.3294 (60 epochs)
[15:54:47]   surv_dropped: fit 2.0s · 16,320 params
    [surv] epoch   0  censored-NLL  155.619
    [surv] epoch   7  censored-NLL  137.486
    [surv] epoch  14  censored-NLL  132.894
    [surv] epoch  21  censored-NLL  131.111
    [surv] epoch  28  censored-NLL  130.639
    [surv] epoch  35  censored-NLL  130.388
    [surv] epoch  42  censored-NLL  130.300
    [surv] epoch  49  censored-NLL  130.247
    [surv] epoch  56  censored-NLL  130.082
[15:54:52]   surv_censored_nll: first=155.6191 last=130.0492 (60 epochs)
[15:54:52]   surv_censored: fit 4.4s · 16,320 params
[15:54:52]   partial evidence (3 dead): CRPS exact-marginal 12.562 vs imputed 13.683 (full 11.532)
[15:54:52]   exact survival S(t|x), grouped by TRUE remaining life:
[15:54:52]     RUL   0-20  n=   95  S(20)=0.230  S(40)=0.060  S(60)=0.023
[15:54:52]     RUL  20-50  n=  140  S(20)=0.804  S(40)=0.502  S(60)=0.317
[15:54:52]     RUL  50-90  n=  185  S(20)=0.990  S(40)=0.905  S(60)=0.790
[15:54:52]     RUL  90-131 n=  483  S(20)=0.998  S(40)=0.986  S(60)=0.958
[15:54:52] --- stage rul done in 7.1s ---
[15:54:52] === run ok · 7.1s · peak RSS 1.576 GB ===

>>> [5/12] censor_frac-0.35 · seed 1 · logs/ts/synthetic_rul/censor_frac-0.35/seed1 · mean 0.1 min/run · ETA 1 min for the remaining 8
[15:54:52] === run start · seed1 · seed 1 · hash 55c71e6e8526 ===
[15:54:52] stages ['rul'] · device cuda · dataset synthetic
[15:54:52] --- stage: rul ---
[15:54:52]   data: FleetPair(synthetic: train=60 units, C=14, regimes=3, cap=130)  (0.1s)
[15:54:52]   task: {'kind': 'rul', 'n_train': 2114, 'n_test': 1135, 'd': 112, 'window': 8, 'n_channels': 14, 'n_bins': 20, 'cap': 130.0, 'censored_frac': 0.2951750159263611, 'train_units': 36, 'test_units': 24, 'censored_units': 13, 'n_regimes': 3, 'seed': 1, 'dataset': 'synthetic', 'source': 'synthetic simulator', 'units': 60}
    [surv] epoch   0  censored-NLL  160.674
    [surv] epoch   7  censored-NLL  141.027
    [surv] epoch  14  censored-NLL  138.291
    [surv] epoch  21  censored-NLL  134.595
    [surv] epoch  28  censored-NLL  133.268
    [surv] epoch  35  censored-NLL  132.785
    [surv] epoch  42  censored-NLL  132.490
    [surv] epoch  49  censored-NLL  132.210
    [surv] epoch  56  censored-NLL  132.105
[15:54:54]   surv_dropped_nll: first=160.6739 last=132.0264 (60 epochs)
[15:54:54]   surv_dropped: fit 2.0s · 16,320 params
    [surv] epoch   0  censored-NLL  155.442
    [surv] epoch   7  censored-NLL  139.138
    [surv] epoch  14  censored-NLL  134.746
    [surv] epoch  21  censored-NLL  132.692
    [surv] epoch  28  censored-NLL  132.233
    [surv] epoch  35  censored-NLL  131.994
    [surv] epoch  42  censored-NLL  131.878
    [surv] epoch  49  censored-NLL  131.774
    [surv] epoch  56  censored-NLL  131.501
[15:54:59]   surv_censored_nll: first=155.4424 last=131.4954 (60 epochs)
[15:54:59]   surv_censored: fit 4.5s · 16,320 params
[15:55:00]   partial evidence (3 dead): CRPS exact-marginal 13.053 vs imputed 13.049 (full 12.939)
[15:55:00]   exact survival S(t|x), grouped by TRUE remaining life:
[15:55:00]     RUL   0-20  n=  114  S(20)=0.140  S(40)=0.058  S(60)=0.025
[15:55:00]     RUL  20-50  n=  170  S(20)=0.597  S(40)=0.365  S(60)=0.259
[15:55:00]     RUL  50-90  n=  226  S(20)=0.939  S(40)=0.774  S(60)=0.651
[15:55:00]     RUL  90-131 n=  625  S(20)=0.996  S(40)=0.956  S(60)=0.897
[15:55:00] --- stage rul done in 7.3s ---
[15:55:00] === run ok · 7.3s · peak RSS 1.576 GB ===

>>> [6/12] censor_frac-0.35 · seed 2 · logs/ts/synthetic_rul/censor_frac-0.35/seed2 · mean 0.1 min/run · ETA 1 min for the remaining 7
[15:55:00] === run start · seed2 · seed 2 · hash 55c71e6e8526 ===
[15:55:00] stages ['rul'] · device cuda · dataset synthetic
[15:55:00] --- stage: rul ---
[15:55:00]   data: FleetPair(synthetic: train=60 units, C=14, regimes=3, cap=130)  (0.1s)
[15:55:00]   task: {'kind': 'rul', 'n_train': 2146, 'n_test': 865, 'd': 112, 'window': 8, 'n_channels': 14, 'n_bins': 20, 'cap': 130.0, 'censored_frac': 0.322460412979126, 'train_units': 36, 'test_units': 24, 'censored_units': 15, 'n_regimes': 3, 'seed': 2, 'dataset': 'synthetic', 'source': 'synthetic simulator', 'units': 60}
    [surv] epoch   0  censored-NLL  160.951
    [surv] epoch   7  censored-NLL  144.296
    [surv] epoch  14  censored-NLL  141.837
    [surv] epoch  21  censored-NLL  138.368
    [surv] epoch  28  censored-NLL  136.681
    [surv] epoch  35  censored-NLL  136.276
    [surv] epoch  42  censored-NLL  136.054
    [surv] epoch  49  censored-NLL  135.740
    [surv] epoch  56  censored-NLL  135.534
[15:55:02]   surv_dropped_nll: first=160.9514 last=135.4909 (60 epochs)
[15:55:02]   surv_dropped: fit 2.0s · 16,320 params
    [surv] epoch   0  censored-NLL  156.372
    [surv] epoch   7  censored-NLL  142.314
    [surv] epoch  14  censored-NLL  138.333
    [surv] epoch  21  censored-NLL  137.066
    [surv] epoch  28  censored-NLL  136.554
    [surv] epoch  35  censored-NLL  136.217
    [surv] epoch  42  censored-NLL  135.938
    [surv] epoch  49  censored-NLL  135.839
    [surv] epoch  56  censored-NLL  135.739
[15:55:06]   surv_censored_nll: first=156.3717 last=135.6714 (60 epochs)
[15:55:06]   surv_censored: fit 4.4s · 16,320 params
[15:55:07]   partial evidence (3 dead): CRPS exact-marginal 14.024 vs imputed 13.945 (full 13.488)
[15:55:07]   exact survival S(t|x), grouped by TRUE remaining life:
[15:55:07]     RUL   0-20  n=   88  S(20)=0.238  S(40)=0.085  S(60)=0.046
[15:55:07]     RUL  20-50  n=  130  S(20)=0.771  S(40)=0.552  S(60)=0.403
[15:55:07]     RUL  50-90  n=  172  S(20)=0.920  S(40)=0.787  S(60)=0.655
[15:55:07]     RUL  90-131 n=  475  S(20)=0.995  S(40)=0.965  S(60)=0.898
[15:55:07] --- stage rul done in 7.1s ---
[15:55:07] === run ok · 7.1s · peak RSS 1.576 GB ===

>>> [7/12] censor_frac-0.5 · seed 0 · logs/ts/synthetic_rul/censor_frac-0.5/seed0 · mean 0.1 min/run · ETA 1 min for the remaining 6
[15:55:07] === run start · seed0 · seed 0 · hash 7485c6f97865 ===
[15:55:07] stages ['rul'] · device cuda · dataset synthetic
[15:55:07] --- stage: rul ---
[15:55:07]   data: FleetPair(synthetic: train=60 units, C=14, regimes=3, cap=130)  (0.0s)
[15:55:07]   task: {'kind': 'rul', 'n_train': 2014, 'n_test': 752, 'd': 112, 'window': 8, 'n_channels': 14, 'n_bins': 20, 'cap': 130.0, 'censored_frac': 0.5094339847564697, 'train_units': 36, 'test_units': 24, 'censored_units': 23, 'n_regimes': 3, 'seed': 0, 'dataset': 'synthetic', 'source': 'synthetic simulator', 'units': 60}
    [surv] epoch   0  censored-NLL  168.672
    [surv] epoch   7  censored-NLL  144.887
    [surv] epoch  14  censored-NLL  141.033
    [surv] epoch  21  censored-NLL  138.611
    [surv] epoch  28  censored-NLL  135.255
    [surv] epoch  35  censored-NLL  133.896
    [surv] epoch  42  censored-NLL  133.323
    [surv] epoch  49  censored-NLL  132.944
    [surv] epoch  56  censored-NLL  132.479
[15:55:08]   surv_dropped_nll: first=168.6724 last=132.2289 (60 epochs)
[15:55:08]   surv_dropped: fit 1.5s · 16,320 params
    [surv] epoch   0  censored-NLL  156.155
    [surv] epoch   7  censored-NLL  138.637
    [surv] epoch  14  censored-NLL  134.569
    [surv] epoch  21  censored-NLL  132.011
    [surv] epoch  28  censored-NLL  131.566
    [surv] epoch  35  censored-NLL  131.201
    [surv] epoch  42  censored-NLL  131.098
    [surv] epoch  49  censored-NLL  130.940
    [surv] epoch  56  censored-NLL  130.787
[15:55:12]   surv_censored_nll: first=156.1553 last=130.6921 (60 epochs)
[15:55:12]   surv_censored: fit 4.0s · 16,320 params
[15:55:13]   partial evidence (3 dead): CRPS exact-marginal 12.487 vs imputed 14.763 (full 11.781)
[15:55:13]   exact survival S(t|x), grouped by TRUE remaining life:
[15:55:13]     RUL   0-20  n=   73  S(20)=0.252  S(40)=0.081  S(60)=0.018
[15:55:13]     RUL  20-50  n=  110  S(20)=0.784  S(40)=0.538  S(60)=0.348
[15:55:13]     RUL  50-90  n=  147  S(20)=0.979  S(40)=0.919  S(60)=0.779
[15:55:13]     RUL  90-131 n=  422  S(20)=0.999  S(40)=0.991  S(60)=0.975
[15:55:13] --- stage rul done in 6.0s ---
[15:55:13] === run ok · 6.0s · peak RSS 1.576 GB ===

>>> [8/12] censor_frac-0.5 · seed 1 · logs/ts/synthetic_rul/censor_frac-0.5/seed1 · mean 0.1 min/run · ETA 1 min for the remaining 5
[15:55:13] === run start · seed1 · seed 1 · hash 7485c6f97865 ===
[15:55:13] stages ['rul'] · device cuda · dataset synthetic
[15:55:13] --- stage: rul ---
[15:55:13]   data: FleetPair(synthetic: train=60 units, C=14, regimes=3, cap=130)  (0.1s)
[15:55:13]   task: {'kind': 'rul', 'n_train': 1921, 'n_test': 1022, 'd': 112, 'window': 8, 'n_channels': 14, 'n_bins': 20, 'cap': 130.0, 'censored_frac': 0.4752733111381531, 'train_units': 36, 'test_units': 24, 'censored_units': 20, 'n_regimes': 3, 'seed': 1, 'dataset': 'synthetic', 'source': 'synthetic simulator', 'units': 60}
    [surv] epoch   0  censored-NLL  166.336
    [surv] epoch   7  censored-NLL  148.792
    [surv] epoch  14  censored-NLL  145.719
    [surv] epoch  21  censored-NLL  143.862
    [surv] epoch  28  censored-NLL  140.972
    [surv] epoch  35  censored-NLL  139.754
    [surv] epoch  42  censored-NLL  138.906
    [surv] epoch  49  censored-NLL  138.529
    [surv] epoch  56  censored-NLL  138.242
[15:55:14]   surv_dropped_nll: first=166.3357 last=138.1188 (60 epochs)
[15:55:14]   surv_dropped: fit 1.5s · 16,320 params
    [surv] epoch   0  censored-NLL  157.001
    [surv] epoch   7  censored-NLL  143.853
    [surv] epoch  14  censored-NLL  140.981
    [surv] epoch  21  censored-NLL  138.245
    [surv] epoch  28  censored-NLL  137.557
    [surv] epoch  35  censored-NLL  137.160
    [surv] epoch  42  censored-NLL  136.958
    [surv] epoch  49  censored-NLL  136.747
    [surv] epoch  56  censored-NLL  136.643
[15:55:18]   surv_censored_nll: first=157.0010 last=136.6183 (60 epochs)
[15:55:18]   surv_censored: fit 4.0s · 16,320 params
[15:55:19]   partial evidence (3 dead): CRPS exact-marginal 10.735 vs imputed 10.869 (full 10.476)
[15:55:19]   exact survival S(t|x), grouped by TRUE remaining life:
[15:55:19]     RUL   0-20  n=   93  S(20)=0.106  S(40)=0.033  S(60)=0.021
[15:55:19]     RUL  20-50  n=  140  S(20)=0.541  S(40)=0.320  S(60)=0.225
[15:55:19]     RUL  50-90  n=  187  S(20)=0.912  S(40)=0.799  S(60)=0.698
[15:55:19]     RUL  90-131 n=  602  S(20)=0.996  S(40)=0.971  S(60)=0.921
[15:55:19] --- stage rul done in 6.0s ---
[15:55:19] === run ok · 6.1s · peak RSS 1.576 GB ===

>>> [9/12] censor_frac-0.5 · seed 2 · logs/ts/synthetic_rul/censor_frac-0.5/seed2 · mean 0.1 min/run · ETA 0 min for the remaining 4
[15:55:19] === run start · seed2 · seed 2 · hash 7485c6f97865 ===
[15:55:19] stages ['rul'] · device cuda · dataset synthetic
[15:55:19] --- stage: rul ---
[15:55:19]   data: FleetPair(synthetic: train=60 units, C=14, regimes=3, cap=130)  (0.1s)
[15:55:19]   task: {'kind': 'rul', 'n_train': 2268, 'n_test': 553, 'd': 112, 'window': 8, 'n_channels': 14, 'n_bins': 20, 'cap': 130.0, 'censored_frac': 0.3650793433189392, 'train_units': 36, 'test_units': 24, 'censored_units': 17, 'n_regimes': 3, 'seed': 2, 'dataset': 'synthetic', 'source': 'synthetic simulator', 'units': 60}
    [surv] epoch   0  censored-NLL  162.203
    [surv] epoch   7  censored-NLL  144.400
    [surv] epoch  14  censored-NLL  141.478
    [surv] epoch  21  censored-NLL  137.343
    [surv] epoch  28  censored-NLL  136.067
    [surv] epoch  35  censored-NLL  135.601
    [surv] epoch  42  censored-NLL  135.263
    [surv] epoch  49  censored-NLL  135.114
    [surv] epoch  56  censored-NLL  135.038
[15:55:21]   surv_dropped_nll: first=162.2028 last=135.0211 (60 epochs)
[15:55:21]   surv_dropped: fit 2.0s · 16,320 params
    [surv] epoch   0  censored-NLL  156.416
    [surv] epoch   7  censored-NLL  141.842
    [surv] epoch  14  censored-NLL  137.738
    [surv] epoch  21  censored-NLL  135.342
    [surv] epoch  28  censored-NLL  134.695
    [surv] epoch  35  censored-NLL  134.553
    [surv] epoch  42  censored-NLL  134.397
    [surv] epoch  49  censored-NLL  134.256
    [surv] epoch  56  censored-NLL  134.202
[15:55:25]   surv_censored_nll: first=156.4161 last=134.1923 (60 epochs)
[15:55:25]   surv_censored: fit 4.5s · 16,320 params
[15:55:26]   partial evidence (3 dead): CRPS exact-marginal 12.928 vs imputed 12.981 (full 12.953)
[15:55:26]   exact survival S(t|x), grouped by TRUE remaining life:
[15:55:26]     RUL   0-20  n=   57  S(20)=0.241  S(40)=0.068  S(60)=0.033
[15:55:26]     RUL  20-50  n=   90  S(20)=0.803  S(40)=0.509  S(60)=0.355
[15:55:26]     RUL  50-90  n=  123  S(20)=0.987  S(40)=0.918  S(60)=0.788
[15:55:26]     RUL  90-131 n=  283  S(20)=0.997  S(40)=0.984  S(60)=0.950
[15:55:26] --- stage rul done in 7.2s ---
[15:55:26] === run ok · 7.2s · peak RSS 1.577 GB ===

>>> [10/12] censor_frac-0.7 · seed 0 · logs/ts/synthetic_rul/censor_frac-0.7/seed0 · mean 0.1 min/run · ETA 0 min for the remaining 3
[15:55:26] === run start · seed0 · seed 0 · hash 3db373377a00 ===
[15:55:26] stages ['rul'] · device cuda · dataset synthetic
[15:55:26] --- stage: rul ---
[15:55:26]   data: FleetPair(synthetic: train=60 units, C=14, regimes=3, cap=130)  (0.1s)
[15:55:26]   task: {'kind': 'rul', 'n_train': 1902, 'n_test': 821, 'd': 112, 'window': 8, 'n_channels': 14, 'n_bins': 20, 'cap': 130.0, 'censored_frac': 0.7492113709449768, 'train_units': 36, 'test_units': 24, 'censored_units': 29, 'n_regimes': 3, 'seed': 0, 'dataset': 'synthetic', 'source': 'synthetic simulator', 'units': 60}
    [surv] epoch   0  censored-NLL  172.700
    [surv] epoch   7  censored-NLL  155.622
    [surv] epoch  14  censored-NLL  148.635
    [surv] epoch  21  censored-NLL  145.598
    [surv] epoch  28  censored-NLL  143.812
    [surv] epoch  35  censored-NLL  142.475
    [surv] epoch  42  censored-NLL  140.812
    [surv] epoch  49  censored-NLL  138.889
    [surv] epoch  56  censored-NLL  137.924
[15:55:27]   surv_dropped_nll: first=172.7004 last=137.5841 (60 epochs)
[15:55:27]   surv_dropped: fit 0.9s · 16,320 params
    [surv] epoch   0  censored-NLL  157.104
    [surv] epoch   7  censored-NLL  143.731
    [surv] epoch  14  censored-NLL  140.409
    [surv] epoch  21  censored-NLL  137.746
    [surv] epoch  28  censored-NLL  137.274
    [surv] epoch  35  censored-NLL  136.764
    [surv] epoch  42  censored-NLL  136.412
    [surv] epoch  49  censored-NLL  136.159
    [surv] epoch  56  censored-NLL  136.058
[15:55:31]   surv_censored_nll: first=157.1040 last=136.0190 (60 epochs)
[15:55:31]   surv_censored: fit 3.9s · 16,320 params
[15:55:31]   partial evidence (3 dead): CRPS exact-marginal 16.336 vs imputed 21.872 (full 16.634)
[15:55:31]   exact survival S(t|x), grouped by TRUE remaining life:
[15:55:31]     RUL   0-20  n=   78  S(20)=0.280  S(40)=0.144  S(60)=0.063
[15:55:31]     RUL  20-50  n=  120  S(20)=0.847  S(40)=0.712  S(60)=0.618
[15:55:31]     RUL  50-90  n=  162  S(20)=0.983  S(40)=0.950  S(60)=0.901
[15:55:31]     RUL  90-131 n=  461  S(20)=0.999  S(40)=0.990  S(60)=0.973
[15:55:31] --- stage rul done in 5.3s ---
[15:55:31] === run ok · 5.3s · peak RSS 1.577 GB ===

>>> [11/12] censor_frac-0.7 · seed 1 · logs/ts/synthetic_rul/censor_frac-0.7/seed1 · mean 0.1 min/run · ETA 0 min for the remaining 2
[15:55:31] === run start · seed1 · seed 1 · hash 3db373377a00 ===
[15:55:31] stages ['rul'] · device cuda · dataset synthetic
[15:55:31] --- stage: rul ---
[15:55:31]   data: FleetPair(synthetic: train=60 units, C=14, regimes=3, cap=130)  (0.0s)
[15:55:31]   task: {'kind': 'rul', 'n_train': 1845, 'n_test': 634, 'd': 112, 'window': 8, 'n_channels': 14, 'n_bins': 20, 'cap': 130.0, 'censored_frac': 0.5821138620376587, 'train_units': 36, 'test_units': 24, 'censored_units': 25, 'n_regimes': 3, 'seed': 1, 'dataset': 'synthetic', 'source': 'synthetic simulator', 'units': 60}
    [surv] epoch   0  censored-NLL  167.830
    [surv] epoch   7  censored-NLL  147.297
    [surv] epoch  14  censored-NLL  142.831
    [surv] epoch  21  censored-NLL  141.040
    [surv] epoch  28  censored-NLL  138.487
    [surv] epoch  35  censored-NLL  136.409
    [surv] epoch  42  censored-NLL  135.270
    [surv] epoch  49  censored-NLL  134.797
    [surv] epoch  56  censored-NLL  134.461
[15:55:33]   surv_dropped_nll: first=167.8296 last=134.3746 (60 epochs)
[15:55:33]   surv_dropped: fit 1.4s · 16,320 params
    [surv] epoch   0  censored-NLL  156.399
    [surv] epoch   7  censored-NLL  141.945
    [surv] epoch  14  censored-NLL  138.369
    [surv] epoch  21  censored-NLL  136.107
    [surv] epoch  28  censored-NLL  135.663
    [surv] epoch  35  censored-NLL  135.417
    [surv] epoch  42  censored-NLL  135.024
    [surv] epoch  49  censored-NLL  134.731
    [surv] epoch  56  censored-NLL  134.604
[15:55:37]   surv_censored_nll: first=156.3988 last=134.5686 (60 epochs)
[15:55:37]   surv_censored: fit 3.9s · 16,320 params
[15:55:37]   partial evidence (3 dead): CRPS exact-marginal 12.041 vs imputed 12.410 (full 11.910)
[15:55:37]   exact survival S(t|x), grouped by TRUE remaining life:
[15:55:37]     RUL   0-20  n=   58  S(20)=0.148  S(40)=0.065  S(60)=0.037
[15:55:37]     RUL  20-50  n=   90  S(20)=0.867  S(40)=0.515  S(60)=0.365
[15:55:37]     RUL  50-90  n=  122  S(20)=0.991  S(40)=0.945  S(60)=0.857
[15:55:37]     RUL  90-131 n=  364  S(20)=1.000  S(40)=0.995  S(60)=0.980
[15:55:37] --- stage rul done in 5.9s ---
[15:55:37] === run ok · 5.9s · peak RSS 1.577 GB ===

>>> [12/12] censor_frac-0.7 · seed 2 · logs/ts/synthetic_rul/censor_frac-0.7/seed2 · mean 0.1 min/run · ETA 0 min for the remaining 1
[15:55:37] === run start · seed2 · seed 2 · hash 3db373377a00 ===
[15:55:37] stages ['rul'] · device cuda · dataset synthetic
[15:55:37] --- stage: rul ---
[15:55:37]   data: FleetPair(synthetic: train=60 units, C=14, regimes=3, cap=130)  (0.0s)
[15:55:37]   task: {'kind': 'rul', 'n_train': 1770, 'n_test': 621, 'd': 112, 'window': 8, 'n_channels': 14, 'n_bins': 20, 'cap': 130.0, 'censored_frac': 0.6468926668167114, 'train_units': 36, 'test_units': 24, 'censored_units': 27, 'n_regimes': 3, 'seed': 2, 'dataset': 'synthetic', 'source': 'synthetic simulator', 'units': 60}
    [surv] epoch   0  censored-NLL  169.249
    [surv] epoch   7  censored-NLL  152.007
    [surv] epoch  14  censored-NLL  147.044
    [surv] epoch  21  censored-NLL  145.252
    [surv] epoch  28  censored-NLL  144.077
    [surv] epoch  35  censored-NLL  142.157
    [surv] epoch  42  censored-NLL  140.340
    [surv] epoch  49  censored-NLL  139.524
    [surv] epoch  56  censored-NLL  138.879
[15:55:38]   surv_dropped_nll: first=169.2494 last=138.6716 (60 epochs)
[15:55:38]   surv_dropped: fit 1.2s · 16,320 params
    [surv] epoch   0  censored-NLL  158.158
    [surv] epoch   7  censored-NLL  146.064
    [surv] epoch  14  censored-NLL  143.666
    [surv] epoch  21  censored-NLL  140.579
    [surv] epoch  28  censored-NLL  139.806
    [surv] epoch  35  censored-NLL  139.600
    [surv] epoch  42  censored-NLL  139.389
    [surv] epoch  49  censored-NLL  139.269
    [surv] epoch  56  censored-NLL  139.103
[15:55:42]   surv_censored_nll: first=158.1585 last=139.0003 (60 epochs)
[15:55:42]   surv_censored: fit 3.5s · 16,320 params
[15:55:42]   partial evidence (3 dead): CRPS exact-marginal 14.216 vs imputed 14.546 (full 13.253)
[15:55:42]   exact survival S(t|x), grouped by TRUE remaining life:
[15:55:42]     RUL   0-20  n=   60  S(20)=0.341  S(40)=0.174  S(60)=0.091
[15:55:42]     RUL  20-50  n=   90  S(20)=0.795  S(40)=0.583  S(60)=0.431
[15:55:42]     RUL  50-90  n=  120  S(20)=0.986  S(40)=0.922  S(60)=0.845
[15:55:42]     RUL  90-131 n=  351  S(20)=0.999  S(40)=0.990  S(60)=0.971
[15:55:42] --- stage rul done in 5.2s ---
[15:55:42] === run ok · 5.2s · peak RSS 1.577 GB ===

==============================================================================
 batch finished in 1.4 min — 12 ok, 0 skipped, 0 failed
==============================================================================

=== rul (mean ± sd over seeds) ===

method                            variant                                rmse                mae               nasa               crps     interval_score               picp               mpiw          calib_err  seeds
-------------------------------------------------------------------------------------------------------------------------------------------------------------------------------------------------------------------------
SurvivalPC (exact censored lik.)  censor_frac-0.2              24.2079±2.8304     18.6596±1.3044  69095.0601±63372.9912     11.5637±2.1806    113.4879±12.0665      0.5078±0.0232     60.5794±7.5033      0.1729±0.0458      3
SurvivalPC (drop censored)        censor_frac-0.7              24.3856±2.8192     19.4163±3.0479  35188.2641±19212.7403     11.5978±1.6119    105.2078±6.5340      0.5205±0.0219     63.2851±10.7844      0.1174±0.0042      3
SurvivalPC (drop censored)        censor_frac-0.2              24.4297±2.1692     19.1154±1.2409  58314.7869±50873.7194     11.6007±1.7108    110.1518±8.2112      0.5127±0.0262     61.1316±8.1690      0.1804±0.0558      3
SurvivalPC (drop censored)        censor_frac-0.5              24.3817±1.3970     18.9474±1.8901  39108.3301±25387.3908     11.6614±0.8337    107.9421±2.6742      0.5192±0.0267     60.1072±5.6107      0.1591±0.0770      3
SurvivalPC (exact censored lik.)  censor_frac-0.5              23.8848±2.0650     17.3198±1.0053  61966.7934±33807.2842     11.7367±1.2392    120.6310±19.0200      0.4670±0.0596     49.8361±11.9586      0.1466±0.0334      3
SurvivalPC (drop censored)        censor_frac-0.35             25.4363±2.4431     20.2394±2.0105  38727.7439±22397.2520     12.5511±1.3982    112.4345±16.3874      0.4964±0.0422     58.9774±3.4407      0.1612±0.0515      3
SurvivalPC (exact censored lik.)  censor_frac-0.35             25.4978±1.9715     19.4383±1.8607  56467.5863±21878.8181     12.6530±1.0091    109.6550±9.1080      0.4872±0.0216     56.1654±5.1996      0.1488±0.0292      3
SurvivalPC (exact censored lik.)  censor_frac-0.7              27.3042±3.6108     19.2232±2.5330   1.002e+05±7e+04      13.9321±2.4345    152.4701±19.1929      0.4057±0.0113     41.7977±2.6675      0.1474±0.0063      3
MLP regressor                     censor_frac-0.2              27.7193±1.7036     21.6046±1.2951   1.570e+05±2e+05                   —                  —                  —                  —                  —      3
MLP regressor                     censor_frac-0.35             29.1574±2.0288     23.1947±1.9320  55497.0594±12302.7979                  —                  —                  —                  —                  —      3
MLP regressor                     censor_frac-0.5              31.1610±1.3452     24.5434±1.3362  62283.2640±25334.4207                  —                  —                  —                  —                  —      3
MLP regressor                     censor_frac-0.7              32.6593±4.0857     25.7257±3.4900   8.199e+05±1e+06                   —                  —                  —                  —                  —      3
quantile reg. + conformal (CQR)   censor_frac-0.2              27.9271±1.3948     21.4548±0.8079   2.110e+05±2e+05                   —    127.1654±7.3165      0.8252±0.0339     79.4700±8.7451                  —      3
quantile reg. + conformal (CQR)   censor_frac-0.35             30.7247±2.0168     24.1553±1.9883  73821.3600±15446.5641                  —    145.5133±17.5256      0.8295±0.0523     89.0170±12.7513                  —      3
quantile reg. + conformal (CQR)   censor_frac-0.5              34.6334±1.9680     27.4220±1.8876  97662.2736±26761.9259                  —    165.6866±27.8216      0.8044±0.0315     90.9701±4.8243                  —      3
quantile reg. + conformal (CQR)   censor_frac-0.7              35.1411±4.5303     27.2457±3.9253   3.506e+05±4e+05                   —    171.4526±33.0495      0.9090±0.0355    130.1725±9.3585                  —      3
ridge regression                  censor_frac-0.2              24.8893±1.7934     20.1340±1.2263  35781.3299±27811.3815                  —                  —                  —                  —                  —      3
ridge regression                  censor_frac-0.35             25.2972±2.3481     20.8518±2.0542  21379.8625±7448.7117                  —                  —                  —                  —                  —      3
ridge regression                  censor_frac-0.5              25.9101±2.5233     21.0210±2.8970  22193.9559±11298.8593                  —                  —                  —                  —                  —      3
ridge regression                  censor_frac-0.7              25.9454±3.3036     20.8113±2.2890  43081.8125±41472.3212                  —                  —                  —                  —                  —      3

=== rul_partial (mean ± sd over seeds) ===

method                       variant                           crps_full crps_exact_marginal       crps_imputed          rmse_full rmse_exact_marginal       rmse_imputed picp_exact_marginal       picp_imputed  seeds
-----------------------------------------------------------------------------------------------------------------------------------------------------------------------------------------------------------------------
PC · 3 dead sensors          censor_frac-0.2              11.5637±2.1806     11.8325±1.8598     12.1537±1.6578     24.2079±2.8304     24.8367±2.2636     25.3573±2.0162      0.5039±0.0223      0.4971±0.0296      3
PC · 3 dead sensors          censor_frac-0.5              11.7367±1.2392     12.0502±1.1599     12.8711±1.9495     23.8848±2.0650     24.5127±1.9301     25.6749±3.0031      0.4718±0.0548      0.4382±0.0929      3
PC · 3 dead sensors          censor_frac-0.35             12.6530±1.0091     13.2130±0.7439     13.5590±0.4606     25.4978±1.9715     26.4196±1.4629     26.9094±0.8067      0.4828±0.0207      0.4592±0.0200      3
PC · 3 dead sensors          censor_frac-0.7              13.9321±2.4345     14.1977±2.1479     16.2761±4.9623     27.3042±3.6108     27.6567±3.1598     30.7706±7.4110      0.3977±0.0107      0.3734±0.0190      3

wrote logs/ts/synthetic_rul/summary.csv, summary.json, summary.md

