==============================================================================
 experiment: synthetic_ad   (config/ts/synthetic_ad.yaml)
 Detection on the C-MAPSS-shaped simulator: circuit vs the full baseline
 output:     logs/ts/synthetic_ad
==============================================================================

1 variant(s) × 5 seed(s) = 5 run(s)

  default                                dataset=synthetic        stages=ad


>>> default · seed 0 · logs/ts/synthetic_ad/default/seed0
[17:02:07] === run start · seed0 · seed 0 · hash bd51ab870014 ===
[17:02:07] stages ['ad'] · device cuda · dataset synthetic
[17:02:07] --- stage: ad ---
[17:02:07]   data: FleetPair(synthetic: train=60 units, C=14, regimes=3, cap=130)  (0.1s)
[17:02:07]   task: {'kind': 'ad', 'n_train': 2016, 'n_test': 1625, 'd': 112, 'window': 8, 'n_channels': 14, 'anomaly_rate': 0.21415384113788605, 'kind_counts': {'normal': 1277, 'offset': 42, 'decouple': 38, 'drift': 29, 'spike': 35, 'desync': 30, 'organic': 174}, 'train_units': 36, 'test_units': 24, 'n_regimes': 3, 'seed': 0, 'dataset': 'synthetic', 'cap': 130.0, 'source': 'synthetic simulator', 'units': 60}
    [pc] epoch   0  nll  206.369
    [pc] epoch   5  nll   49.049
    [pc] epoch  10  nll   35.647
    [pc] epoch  15  nll   32.623
[17:02:57] !!! FAILED after 50.8s: KeyboardInterrupt: 
  [FAILED] see logs/ts/synthetic_ad/default/seed0/run.log

>>> default · seed 1 · logs/ts/synthetic_ad/default/seed1
[17:02:57] === run start · seed1 · seed 1 · hash bd51ab870014 ===
[17:02:57] stages ['ad'] · device cuda · dataset synthetic
[17:02:57] --- stage: ad ---
[17:02:57]   data: FleetPair(synthetic: train=60 units, C=14, regimes=3, cap=130)  (0.1s)
[17:02:57]   task: {'kind': 'ad', 'n_train': 1961, 'n_test': 1713, 'd': 112, 'window': 8, 'n_channels': 14, 'anomaly_rate': 0.20431990921497345, 'kind_counts': {'normal': 1363, 'offset': 30, 'desync': 44, 'drift': 32, 'decouple': 31, 'spike': 38, 'organic': 175}, 'train_units': 36, 'test_units': 24, 'n_regimes': 3, 'seed': 1, 'dataset': 'synthetic', 'cap': 130.0, 'source': 'synthetic simulator', 'units': 60}
    [pc] epoch   0  nll  156.276
    [pc] epoch   5  nll   67.050
    [pc] epoch  10  nll   55.403
    [pc] epoch  15  nll   54.284
    [pc] epoch  20  nll   54.049
    [pc] epoch  25  nll   53.981
    [pc] epoch  30  nll   53.820
    [pc] epoch  35  nll   53.317
[17:05:05]   pc_train_nll: first=156.2756 last=53.1061 (40 epochs)
[17:05:05]   pc: fit 127.2s · 2,964 params · score sd 13.696 · device cuda
[17:05:21]   typed decomposition (mean worst-channel surprise):
[17:05:21]        normal  n= 1363  marginal    12.14  conditional    13.65  structural     4.93
[17:05:21]      decouple  n=   31  marginal    11.31  conditional    24.39  structural    16.24
[17:05:21]        desync  n=   44  marginal    13.17  conditional    90.01  structural    84.45
[17:05:21]         drift  n=   32  marginal    47.57  conditional    92.20  structural    65.49
[17:05:21]        offset  n=   30  marginal    45.26  conditional   104.12  structural    76.08
[17:05:21]       organic  n=  175  marginal    67.42  conditional   111.46  structural    96.73
[17:05:21]         spike  n=   38  marginal    40.05  conditional    77.18  structural    44.39
[17:05:21] --- stage ad done in 143.5s ---
[17:05:21] === run ok · 143.5s · peak RSS 1.43 GB ===

>>> default · seed 2 · logs/ts/synthetic_ad/default/seed2
[17:05:21] === run start · seed2 · seed 2 · hash bd51ab870014 ===
[17:05:21] stages ['ad'] · device cuda · dataset synthetic
[17:05:21] --- stage: ad ---
[17:05:21]   data: FleetPair(synthetic: train=60 units, C=14, regimes=3, cap=130)  (0.1s)
[17:05:21]   task: {'kind': 'ad', 'n_train': 1978, 'n_test': 1439, 'd': 112, 'window': 8, 'n_channels': 14, 'anomaly_rate': 0.24461431801319122, 'kind_counts': {'normal': 1087, 'drift': 29, 'spike': 31, 'decouple': 26, 'desync': 24, 'organic': 211, 'offset': 31}, 'train_units': 36, 'test_units': 24, 'n_regimes': 3, 'seed': 2, 'dataset': 'synthetic', 'cap': 130.0, 'source': 'synthetic simulator', 'units': 60}
    [pc] epoch   0  nll  158.575
    [pc] epoch   5  nll   42.513
    [pc] epoch  10  nll   29.303
    [pc] epoch  15  nll   26.935
    [pc] epoch  20  nll   26.241
    [pc] epoch  25  nll   26.128
    [pc] epoch  30  nll   26.020
    [pc] epoch  35  nll   25.969
[17:07:28]   pc_train_nll: first=158.5754 last=25.9886 (40 epochs)
[17:07:28]   pc: fit 126.7s · 2,964 params · score sd 15.399 · device cuda
[17:07:41]   typed decomposition (mean worst-channel surprise):
[17:07:41]        normal  n= 1087  marginal    12.13  conditional    12.55  structural     3.96
[17:07:41]      decouple  n=   26  marginal    12.02  conditional    21.60  structural    13.67
[17:07:41]        desync  n=   24  marginal    13.55  conditional   107.46  structural   103.35
[17:07:41]         drift  n=   29  marginal    46.24  conditional    90.35  structural    60.78
[17:07:41]        offset  n=   31  marginal    46.41  conditional   109.78  structural    80.93
[17:07:41]       organic  n=  211  marginal    49.65  conditional    77.17  structural    52.74
[17:07:41]         spike  n=   31  marginal    28.90  conditional    48.87  structural    26.46
[17:07:42] --- stage ad done in 140.6s ---
[17:07:42] === run ok · 140.6s · peak RSS 1.49 GB ===

>>> default · seed 3 · logs/ts/synthetic_ad/default/seed3
[17:07:42] === run start · seed3 · seed 3 · hash bd51ab870014 ===
[17:07:42] stages ['ad'] · device cuda · dataset synthetic
[17:07:42] --- stage: ad ---
[17:07:42]   data: FleetPair(synthetic: train=60 units, C=14, regimes=3, cap=130)  (0.1s)
[17:07:42]   task: {'kind': 'ad', 'n_train': 2015, 'n_test': 1445, 'd': 112, 'window': 8, 'n_channels': 14, 'anomaly_rate': 0.24013841152191162, 'kind_counts': {'normal': 1098, 'drift': 33, 'offset': 39, 'decouple': 26, 'organic': 192, 'desync': 24, 'spike': 33}, 'train_units': 36, 'test_units': 24, 'n_regimes': 3, 'seed': 3, 'dataset': 'synthetic', 'cap': 130.0, 'source': 'synthetic simulator', 'units': 60}
    [pc] epoch   0  nll  169.468
    [pc] epoch   5  nll   31.053
    [pc] epoch  10  nll   16.650
    [pc] epoch  15  nll   14.624
    [pc] epoch  20  nll   14.102
    [pc] epoch  25  nll   13.717
    [pc] epoch  30  nll   13.646
    [pc] epoch  35  nll   13.596
[17:09:56]   pc_train_nll: first=169.4680 last=13.6285 (40 epochs)
[17:09:56]   pc: fit 134.6s · 2,964 params · score sd 14.757 · device cuda
[17:10:09]   typed decomposition (mean worst-channel surprise):
[17:10:09]        normal  n= 1098  marginal    11.87  conditional    10.60  structural     1.62
[17:10:09]      decouple  n=   26  marginal    11.81  conditional    21.95  structural    13.38
[17:10:09]        desync  n=   24  marginal    10.84  conditional   103.39  structural    98.68
[17:10:09]         drift  n=   33  marginal    57.89  conditional    68.53  structural    39.06
[17:10:09]        offset  n=   39  marginal    66.60  conditional   114.49  structural    74.56
[17:10:09]       organic  n=  192  marginal    62.17  conditional    78.88  structural    54.77
[17:10:09]         spike  n=   33  marginal    46.34  conditional    63.31  structural    25.61
[17:10:09] --- stage ad done in 147.0s ---
[17:10:09] === run ok · 147.0s · peak RSS 1.499 GB ===

>>> default · seed 4 · logs/ts/synthetic_ad/default/seed4
[17:10:09] === run start · seed4 · seed 4 · hash bd51ab870014 ===
[17:10:09] stages ['ad'] · device cuda · dataset synthetic
[17:10:09] --- stage: ad ---
[17:10:09]   data: FleetPair(synthetic: train=60 units, C=14, regimes=3, cap=130)  (0.1s)
[17:10:09]   task: {'kind': 'ad', 'n_train': 1885, 'n_test': 1614, 'd': 112, 'window': 8, 'n_channels': 14, 'anomaly_rate': 0.21933086216449738, 'kind_counts': {'normal': 1260, 'decouple': 42, 'spike': 43, 'desync': 38, 'offset': 32, 'drift': 28, 'organic': 171}, 'train_units': 36, 'test_units': 24, 'n_regimes': 3, 'seed': 4, 'dataset': 'synthetic', 'cap': 130.0, 'source': 'synthetic simulator', 'units': 60}
    [pc] epoch   0  nll  166.000
    [pc] epoch   5  nll   48.424
    [pc] epoch  10  nll   32.792
    [pc] epoch  15  nll   30.564
    [pc] epoch  20  nll   29.866
    [pc] epoch  25  nll   29.667
    [pc] epoch  30  nll   29.468
    [pc] epoch  35  nll   29.447
[17:12:18]   pc_train_nll: first=165.9997 last=29.3936 (40 epochs)
[17:12:18]   pc: fit 129.5s · 2,964 params · score sd 17.675 · device cuda
[17:12:34]   typed decomposition (mean worst-channel surprise):
[17:12:34]        normal  n= 1260  marginal    11.76  conditional    12.58  structural     3.76
[17:12:34]      decouple  n=   42  marginal    13.00  conditional    50.39  structural    40.40
[17:12:34]        desync  n=   38  marginal    11.50  conditional   124.22  structural   121.03
[17:12:34]         drift  n=   28  marginal    62.31  conditional   113.38  structural    68.62
[17:12:34]        offset  n=   32  marginal    54.79  conditional   161.67  structural   125.20
[17:12:34]       organic  n=  171  marginal    80.54  conditional   100.18  structural    56.51
[17:12:34]         spike  n=   43  marginal    52.53  conditional   115.29  structural    68.00
[17:12:35] --- stage ad done in 146.0s ---
[17:12:35] === run ok · 146.0s · peak RSS 1.499 GB ===

==============================================================================
 batch finished in 10.5 min — 4 ok, 0 skipped, 1 failed
==============================================================================

=== ad (mean ± sd over seeds) ===

method                                                   auroc                 ap          train_nll              fit_s             params    auroc[decouple]      auroc[desync]       auroc[drift]  seeds
----------------------------------------------------------------------------------------------------------------------------------------------------------------------------------------------------------
conv autoencoder                                 0.9563±0.0113      0.9428±0.0165                  —      1.9069±0.2080                  —      0.6620±0.0453      0.8631±0.0522      0.9971±0.0043      4
RegionGraphPC [chain, K=6]                       0.9504±0.0117      0.9328±0.0161     30.0750±16.0842    129.4755±3.6280   2964.0000±0.0000      0.6238±0.0383      0.8717±0.0460      0.9992±0.0010      4
1-NN distance                                    0.9473±0.0107      0.9269±0.0206                  —      0.1014±0.0275                  —      0.5967±0.0539      0.8519±0.0513      0.9926±0.0063      4
Mahalanobis                                      0.9461±0.0107      0.9243±0.0158                  —      0.0548±0.0066                  —      0.6668±0.0345      0.8034±0.0568      0.9920±0.0086      4
PC · structural-only score                       0.9461±0.0105      0.9220±0.0147                  —                  —                  —      0.6791±0.0292      0.9055±0.0348      0.9824±0.0161      4
PC · 3 dead (exact marginal)                     0.9373±0.0171      0.9136±0.0232                  —                  —                  —      0.6091±0.0627      0.8261±0.0490      0.9901±0.0118      4
Deep SVDD                                        0.9240±0.0171      0.8877±0.0306                  —      0.1386±0.0141                  —      0.5483±0.0582      0.7672±0.0575      0.9606±0.0267      4
PC · 3 dead (mean-imputed)                       0.8944±0.0153      0.8522±0.0176                  —                  —                  —      0.5300±0.0933      0.7661±0.0693      0.9318±0.0568      4
z-score (per channel)                            0.8655±0.0213      0.7852±0.0558                  —      0.0297±0.0072                  —      0.4574±0.0553      0.4990±0.1254      0.9363±0.0511      4
Isolation Forest                                 0.8446±0.0169      0.7469±0.0288                  —      0.2451±0.0093                  —      0.5142±0.0612      0.6879±0.0757      0.8397±0.0418      4
PCA reconstruction                               0.8436±0.0174      0.7506±0.0386                  —      0.0379±0.0053                  —      0.4683±0.0611      0.6622±0.0836      0.8188±0.0320      4
z-score (per channel) · 3 dead (imputed)         0.8368±0.0309      0.7487±0.0387                  —                  —                  —      0.4629±0.0423      0.4811±0.1272      0.9246±0.0553      4
diagonal Gaussian                                0.8279±0.0476      0.7560±0.0628                  —      0.0355±0.0045                  —      0.4868±0.0673      0.4967±0.0898      0.8778±0.0289      4
GMM (8 comp.)                                    0.8032±0.0048      0.4521±0.0212                  —      0.4294±0.0947                  —      0.6380±0.0283      0.7078±0.0450      0.8221±0.0131      4
diagonal Gaussian · 3 dead (imputed)             0.7931±0.0857      0.7259±0.0873                  —                  —                  —      0.4778±0.0524      0.4886±0.1005      0.8512±0.0172      4
moving-average residual                          0.7491±0.0162      0.5209±0.0280                  —      0.1575±0.0231                  —      0.5630±0.0963      0.5554±0.0852      0.8691±0.0630      4
moving-average residual · 3 dead (imputed)       0.7299±0.0352      0.5033±0.0319                  —                  —                  —      0.5474±0.0962      0.5387±0.0823      0.8513±0.0708      4

wrote logs/ts/synthetic_ad/summary.csv, summary.json, summary.md

