[11:25:28] === run start · seed13 · seed 13 · hash e90e7f2e89a3 ===
[11:25:28] stages ['diagnosis'] · device cpu · dataset synthetic
[11:25:28] --- stage: diagnosis ---
    [pc] epoch   0  nll   26.223  val   25.939
    [pc] epoch  18  nll   19.848  val   20.169
    [pc] epoch  36  nll   17.591  val   18.154
    [pc] epoch  54  nll   17.250  val   17.865
    [pc] epoch  72  nll   17.070  val   17.731
    [pc] epoch  90  nll   16.695  val   17.304
    [pc] epoch 108  nll   16.503  val   17.164
    [pc] epoch 126  nll   16.459  val   17.142
    [pc] epoch 144  nll   16.443  val   17.141
[11:25:32]   pc_train_nll: first=26.2231 last=16.4213 (150 epochs)
[11:25:32]   pc_train_objective: first=26.2231 last=16.4213 (150 epochs)
[11:25:32]   pc_selection_loss: first=25.9387 last=17.0857 (150 epochs)
[11:25:32]   pc_val_nll: first=25.9387 last=17.0857 (150 epochs)
[11:25:32]   pc: fit 3.8s · 1,488 params · score sd 3.737 · device cpu · layered · 40,718 win/s
[11:25:32]   pc: validation on 200 windows from explicit subset of held-out units · best epoch 149 of 150 · val nll 17.086
[11:25:32]   shortcut audit: target-channel-only AUROC 0.498 (0.5 = no marginal shortcut)
[11:25:32]   diagnosis: full (4.0 observed on average), 400 paired windows, 1 method(s)
[11:25:32]   diagnosis: random1:0 (3.0 observed on average), 400 paired windows, 1 method(s)
[11:25:32]   diagnosis: random2:1-2 (2.0 observed on average), 400 paired windows, 1 method(s)
[11:25:32]   diagnosis: random3:1-2-3 (1.0 observed on average), 400 paired windows, 1 method(s)
[11:25:32]   diagnosis: bank0:0-1 (2.0 observed on average), 400 paired windows, 1 method(s)
[11:25:32]   diagnosis: single_sensor_0 (1.0 observed on average), 400 paired windows, 1 method(s)
[11:25:32]   Diagnosis completed on validation engines only; no confirmatory PASS/FAIL inferred.
[11:25:32] --- stage diagnosis done in 4.2s ---
[11:25:32] === run ok · 4.2s · peak RSS 0.37 GB ===
[11:45:55] === run start · seed13 · seed 13 · hash ba7116cb2fdd ===
[11:45:55] stages ['diagnosis'] · device cpu · dataset synthetic
[11:45:55] --- stage: diagnosis ---
    [pc] epoch   0  nll   26.223  val   25.939
    [pc] epoch  18  nll   19.848  val   20.169
    [pc] epoch  36  nll   17.591  val   18.154
    [pc] epoch  54  nll   17.250  val   17.865
    [pc] epoch  72  nll   17.070  val   17.731
    [pc] epoch  90  nll   16.695  val   17.304
    [pc] epoch 108  nll   16.503  val   17.164
    [pc] epoch 126  nll   16.459  val   17.142
    [pc] epoch 144  nll   16.443  val   17.141
[11:45:59]   pc_train_nll: first=26.2231 last=16.4213 (150 epochs)
[11:45:59]   pc_train_objective: first=26.2231 last=16.4213 (150 epochs)
[11:45:59]   pc_selection_loss: first=25.9387 last=17.0857 (150 epochs)
[11:45:59]   pc_val_nll: first=25.9387 last=17.0857 (150 epochs)
[11:45:59]   pc: fit 4.5s · 1,488 params · score sd 3.737 · device cpu · layered · 34,320 win/s
[11:45:59]   pc: validation on 200 windows from explicit subset of held-out units · best epoch 149 of 150 · val nll 17.086
[11:45:59]   shortcut audit: target-channel-only AUROC 0.498 (0.5 = no marginal shortcut)
[11:45:59]   diagnosis: full (4.0 observed on average), 400 paired windows, 2 method(s)
[11:45:59]   diagnosis: random1:0 (3.0 observed on average), 400 paired windows, 2 method(s)
[11:45:59]   diagnosis: random2:1-2 (2.0 observed on average), 400 paired windows, 2 method(s)
[11:46:00]   diagnosis: random3:1-2-3 (1.0 observed on average), 400 paired windows, 2 method(s)
[11:46:00]   diagnosis: bank0:0-1 (2.0 observed on average), 400 paired windows, 2 method(s)
[11:46:00]   diagnosis: single_sensor_0 (1.0 observed on average), 400 paired windows, 2 method(s)
[11:46:00]   Diagnosis completed on validation engines only; no confirmatory PASS/FAIL inferred.
[11:46:00] --- stage diagnosis done in 5.3s ---
[11:46:00] === run ok · 5.3s · peak RSS 0.367 GB ===
[19:59:48] === run start · seed13 · seed 13 · hash a8b26dd1518e ===
[19:59:48] stages ['diagnosis'] · device cpu · dataset synthetic
[19:59:48] --- stage: diagnosis ---
    [pc] epoch   0  nll   26.223  val   25.939
    [pc] epoch  18  nll   19.848  val   20.169
    [pc] epoch  36  nll   17.591  val   18.154
    [pc] epoch  54  nll   17.250  val   17.865
    [pc] epoch  72  nll   17.070  val   17.731
    [pc] epoch  90  nll   16.695  val   17.304
    [pc] epoch 108  nll   16.503  val   17.164
    [pc] epoch 126  nll   16.459  val   17.142
    [pc] epoch 144  nll   16.443  val   17.141
[19:59:52]   pc_train_nll: first=26.2231 last=16.4213 (150 epochs)
[19:59:52]   pc_train_objective: first=26.2231 last=16.4213 (150 epochs)
[19:59:52]   pc_selection_loss: first=25.9387 last=17.0857 (150 epochs)
[19:59:52]   pc_val_nll: first=25.9387 last=17.0857 (150 epochs)
[19:59:52]   pc: fit 3.7s · 1,488 params · score sd 3.737 · device cpu · layered · 41,139 win/s
[19:59:52]   pc: validation on 200 windows from explicit subset of held-out units · best epoch 149 of 150 · val nll 17.086
[19:59:52]   shortcut audit: target-channel-only AUROC 0.498 (0.5 = no marginal shortcut)
[19:59:52]   diagnosis: full (4.0 observed on average), 400 paired windows, 2 method(s)
[19:59:52]   diagnosis: random1:0 (3.0 observed on average), 400 paired windows, 2 method(s)
[19:59:52]   diagnosis: random2:1-2 (2.0 observed on average), 400 paired windows, 2 method(s)
[19:59:52]   diagnosis: random3:1-2-3 (1.0 observed on average), 400 paired windows, 2 method(s)
[19:59:53]   diagnosis: bank0:0-1 (2.0 observed on average), 400 paired windows, 2 method(s)
[19:59:53]   diagnosis: single_sensor_0 (1.0 observed on average), 400 paired windows, 2 method(s)
[19:59:53]   Diagnosis completed on validation engines only; no confirmatory PASS/FAIL inferred.
[19:59:53] --- stage diagnosis done in 4.2s ---
[19:59:53] === run ok · 4.3s · peak RSS 0.377 GB ===
