[11:22:52] === run start · seed13 · seed 13 · hash b0d604071bd1 ===
[11:22:52] stages ['diagnosis'] · device cpu · dataset synthetic
[11:22:52] --- stage: diagnosis ---
    [pc] epoch   0  nll   26.230  val   25.949
    [pc] epoch  18  nll   21.870  val   22.182
    [pc] epoch  36  nll   20.824  val   21.140
    [pc] epoch  54  nll   19.974  val   20.267
    [pc] epoch  72  nll   19.317  val   19.629
    [pc] epoch  90  nll   19.217  val   19.525
    [pc] epoch 108  nll   19.149  val   19.484
    [pc] epoch 126  nll   19.091  val   19.445
    [pc] epoch 144  nll   19.067  val   19.435
    [pc] restored epoch 139 (selected by nll; val nll 19.406, last 19.414)
[11:22:55]   pc_train_nll: first=26.2300 last=19.0560 (150 epochs)
[11:22:55]   pc_train_objective: first=26.2300 last=19.0560 (150 epochs)
[11:22:55]   pc_selection_loss: first=25.9491 last=19.4139 (150 epochs)
[11:22:55]   pc_val_nll: first=25.9491 last=19.4139 (150 epochs)
[11:22:55]   pc: fit 3.4s · 2,688 params · score sd 4.334 · device cpu · layered · 45,238 win/s
[11:22:55]   pc: validation on 200 windows from explicit subset of held-out units · best epoch 139 of 150 · val nll 19.406
[11:22:55]   shortcut audit: target-channel-only AUROC 0.498 (0.5 = no marginal shortcut)
[11:22:55]   diagnosis: full (4.0 observed on average), 400 paired windows, 1 method(s)
[11:22:55]   diagnosis: random1:0 (3.0 observed on average), 400 paired windows, 1 method(s)
[11:22:55]   diagnosis: random2:1-2 (2.0 observed on average), 400 paired windows, 1 method(s)
[11:22:55]   diagnosis: random3:1-2-3 (1.0 observed on average), 400 paired windows, 1 method(s)
[11:22:56]   diagnosis: bank0:0-1 (2.0 observed on average), 400 paired windows, 1 method(s)
[11:22:56]   diagnosis: single_sensor_0 (1.0 observed on average), 400 paired windows, 1 method(s)
[11:22:56]   Diagnosis completed on validation engines only; no confirmatory PASS/FAIL inferred.
[11:22:56] --- stage diagnosis done in 4.0s ---
[11:22:56] === run ok · 4.0s · peak RSS 0.33 GB ===
[11:41:10] === run start · seed13 · seed 13 · hash 1252b12c7f09 ===
[11:41:10] stages ['diagnosis'] · device cpu · dataset synthetic
[11:41:10] --- stage: diagnosis ---
    [pc] epoch   0  nll   26.230  val   25.949
    [pc] epoch  18  nll   21.870  val   22.182
    [pc] epoch  36  nll   20.824  val   21.140
    [pc] epoch  54  nll   19.974  val   20.267
    [pc] epoch  72  nll   19.317  val   19.629
    [pc] epoch  90  nll   19.217  val   19.525
    [pc] epoch 108  nll   19.149  val   19.484
    [pc] epoch 126  nll   19.091  val   19.445
    [pc] epoch 144  nll   19.067  val   19.435
    [pc] restored epoch 139 (selected by nll; val nll 19.406, last 19.414)
[11:41:16]   pc_train_nll: first=26.2300 last=19.0560 (150 epochs)
[11:41:16]   pc_train_objective: first=26.2300 last=19.0560 (150 epochs)
[11:41:16]   pc_selection_loss: first=25.9491 last=19.4139 (150 epochs)
[11:41:16]   pc_val_nll: first=25.9491 last=19.4139 (150 epochs)
[11:41:16]   pc: fit 5.9s · 2,688 params · score sd 4.334 · device cpu · layered · 25,857 win/s
[11:41:16]   pc: validation on 200 windows from explicit subset of held-out units · best epoch 139 of 150 · val nll 19.406
[11:41:16]   shortcut audit: target-channel-only AUROC 0.498 (0.5 = no marginal shortcut)
[11:41:16]   diagnosis: full (4.0 observed on average), 400 paired windows, 2 method(s)
[11:41:16]   diagnosis: random1:0 (3.0 observed on average), 400 paired windows, 2 method(s)
[11:41:16]   diagnosis: random2:1-2 (2.0 observed on average), 400 paired windows, 2 method(s)
[11:41:17]   diagnosis: random3:1-2-3 (1.0 observed on average), 400 paired windows, 2 method(s)
[11:41:17]   diagnosis: bank0:0-1 (2.0 observed on average), 400 paired windows, 2 method(s)
[11:41:17]   diagnosis: single_sensor_0 (1.0 observed on average), 400 paired windows, 2 method(s)
[11:41:17]   Diagnosis completed on validation engines only; no confirmatory PASS/FAIL inferred.
[11:41:17] --- stage diagnosis done in 7.0s ---
[11:41:17] === run ok · 7.1s · peak RSS 0.362 GB ===
[19:54:52] === run start · seed13 · seed 13 · hash 8f6ba95c1f52 ===
[19:54:52] stages ['diagnosis'] · device cpu · dataset synthetic
[19:54:52] --- stage: diagnosis ---
    [pc] epoch   0  nll   26.230  val   25.949
    [pc] epoch  18  nll   21.870  val   22.182
    [pc] epoch  36  nll   20.824  val   21.140
    [pc] epoch  54  nll   19.974  val   20.267
    [pc] epoch  72  nll   19.317  val   19.629
    [pc] epoch  90  nll   19.217  val   19.525
    [pc] epoch 108  nll   19.149  val   19.484
    [pc] epoch 126  nll   19.091  val   19.445
    [pc] epoch 144  nll   19.067  val   19.435
    [pc] restored epoch 139 (selected by nll; val nll 19.406, last 19.414)
[19:54:57]   pc_train_nll: first=26.2300 last=19.0560 (150 epochs)
[19:54:57]   pc_train_objective: first=26.2300 last=19.0560 (150 epochs)
[19:54:57]   pc_selection_loss: first=25.9491 last=19.4139 (150 epochs)
[19:54:57]   pc_val_nll: first=25.9491 last=19.4139 (150 epochs)
[19:54:57]   pc: fit 4.9s · 2,688 params · score sd 4.334 · device cpu · layered · 31,564 win/s
[19:54:57]   pc: validation on 200 windows from explicit subset of held-out units · best epoch 139 of 150 · val nll 19.406
[19:54:57]   shortcut audit: target-channel-only AUROC 0.498 (0.5 = no marginal shortcut)
[19:54:57]   diagnosis: full (4.0 observed on average), 400 paired windows, 2 method(s)
[19:54:57]   diagnosis: random1:0 (3.0 observed on average), 400 paired windows, 2 method(s)
[19:54:57]   diagnosis: random2:1-2 (2.0 observed on average), 400 paired windows, 2 method(s)
[19:54:57]   diagnosis: random3:1-2-3 (1.0 observed on average), 400 paired windows, 2 method(s)
[19:54:57]   diagnosis: bank0:0-1 (2.0 observed on average), 400 paired windows, 2 method(s)
[19:54:57]   diagnosis: single_sensor_0 (1.0 observed on average), 400 paired windows, 2 method(s)
[19:54:58]   Diagnosis completed on validation engines only; no confirmatory PASS/FAIL inferred.
[19:54:58] --- stage diagnosis done in 5.8s ---
[19:54:58] === run ok · 5.8s · peak RSS 0.367 GB ===
