[11:56:15] === run start · seed12 · seed 12 · hash 0b3d0cf347ae ===
[11:56:15] stages ['diagnosis'] · device cpu · dataset synthetic
[11:56:15] --- stage: diagnosis ---
    [pc] epoch   0  nll   25.064  val   22.336
    [pc] epoch  37  nll   19.273  val   19.358
    [pc] epoch  74  nll   19.157  val   19.315
    [pc] epoch 111  nll   19.079  val   19.107
    [pc] epoch 148  nll   19.027  val   19.074
    [pc] restored epoch 137 (selected by nll; val nll 19.018, last 19.075)
[11:56:23]   pc_train_nll: first=25.0638 last=19.0073 (168 epochs)
[11:56:23]   pc_train_objective: first=25.0638 last=19.0073 (168 epochs)
[11:56:23]   pc_selection_loss: first=22.3364 last=19.0753 (168 epochs)
[11:56:23]   pc_val_nll: first=22.3364 last=19.0753 (168 epochs)
[11:56:23]   pc: fit 7.4s · 2,688 params · score sd 4.790 · device cpu · layered · 23,287 win/s
[11:56:23]   pc: validation on 200 windows from explicit subset of held-out units · best epoch 137 of 300 · val nll 19.018
[11:56:23]   shortcut audit: target-channel-only AUROC 0.456 (0.5 = no marginal shortcut)
[11:56:23]   diagnosis: full (4.0 observed on average), 400 paired windows, 2 method(s)
[11:56:23]   diagnosis: random1:0 (3.0 observed on average), 400 paired windows, 2 method(s)
[11:56:23]   diagnosis: random2:1-2 (2.0 observed on average), 400 paired windows, 2 method(s)
[11:56:24]   diagnosis: bank0:0-1 (2.0 observed on average), 400 paired windows, 2 method(s)
[11:56:24]   diagnosis: single_sensor_0 (1.0 observed on average), 400 paired windows, 2 method(s)
[11:56:24]   Diagnosis completed on validation engines only; no confirmatory PASS/FAIL inferred.
[11:56:24] --- stage diagnosis done in 8.5s ---
[11:56:24] === run ok · 8.6s · peak RSS 0.341 GB ===
[20:16:31] === run start · seed12 · seed 12 · hash e87a6373b047 ===
[20:16:31] stages ['diagnosis'] · device cpu · dataset synthetic
[20:16:31] --- stage: diagnosis ---
    [pc] epoch   0  nll   25.064  val   22.336
    [pc] epoch  37  nll   19.273  val   19.358
    [pc] epoch  74  nll   19.157  val   19.315
    [pc] epoch 111  nll   19.079  val   19.107
    [pc] epoch 148  nll   19.027  val   19.074
    [pc] restored epoch 137 (selected by nll; val nll 19.018, last 19.075)
[20:16:37]   pc_train_nll: first=25.0638 last=19.0073 (168 epochs)
[20:16:37]   pc_train_objective: first=25.0638 last=19.0073 (168 epochs)
[20:16:37]   pc_selection_loss: first=22.3364 last=19.0753 (168 epochs)
[20:16:37]   pc_val_nll: first=22.3364 last=19.0753 (168 epochs)
[20:16:37]   pc: fit 6.1s · 2,688 params · score sd 4.790 · device cpu · layered · 28,059 win/s
[20:16:37]   pc: validation on 200 windows from explicit subset of held-out units · best epoch 137 of 300 · val nll 19.018
[20:16:37]   shortcut audit: target-channel-only AUROC 0.456 (0.5 = no marginal shortcut)
[20:16:37]   diagnosis: full (4.0 observed on average), 400 paired windows, 2 method(s)
[20:16:38]   diagnosis: random1:0 (3.0 observed on average), 400 paired windows, 2 method(s)
[20:16:38]   diagnosis: random2:1-2 (2.0 observed on average), 400 paired windows, 2 method(s)
[20:16:38]   diagnosis: bank0:0-1 (2.0 observed on average), 400 paired windows, 2 method(s)
[20:16:38]   diagnosis: single_sensor_0 (1.0 observed on average), 400 paired windows, 2 method(s)
[20:16:38]   Diagnosis completed on validation engines only; no confirmatory PASS/FAIL inferred.
[20:16:38] --- stage diagnosis done in 7.5s ---
[20:16:38] === run ok · 7.6s · peak RSS 0.348 GB ===
