[16:14:45] === run start · seed1 · seed 1 · hash 10b423178e1d ===
[16:14:45] stages ['ad'] · device cuda · dataset cmapss:FD001
[16:14:45] --- stage: ad ---
[16:14:45]   data: FleetPair(cmapss:FD001: train=100 units, test=100 units, C=15, regimes=3, cap=125)  (0.2s)
[16:14:45]   task: {'kind': 'ad', 'n_train': 5290, 'n_test': 4608, 'd': 300, 'window': 20, 'n_channels': 15, 'anomaly_rate': 0.1228298619389534, 'kind_counts': {'normal': 4042, 'desync': 102, 'drift': 102, 'offset': 103, 'decouple': 102, 'spike': 111, 'organic': 46}, 'train_units': 100, 'test_units': 100, 'n_regimes': 3, 'seed': 1, 'per_regime_norm': True, 'official_test_fleet': True, 'dataset': 'cmapss:FD001', 'cap': 125.0, 'subset': 'FD001', 'dropped_constant_sensors': 6, 'source': 'NASA C-MAPSS (real)'}
    [pc] epoch   0  nll 42912.591
    [pc] epoch   6  nll  238.269
    [pc] epoch  12  nll  180.271
    [pc] epoch  18  nll  143.944
    fit orc_rg K=8: 20/50 (40%) · 0.64 it/s · elapsed 00:31 · ETA 00:46
    [pc] epoch  24  nll  116.435
    [pc] epoch  30  nll  103.311
    [pc] epoch  36  nll   99.583
    fit orc_rg K=8: 40/50 (80%) · 0.65 it/s · elapsed 01:01 · ETA 00:15
    [pc] epoch  42  nll   97.613
    [pc] epoch  48  nll   98.589
    fit orc_rg K=8: done 50/50 in 01:17
[16:24:39]   pc_train_nll: first=42912.5908 last=99.3678 (50 epochs)
[16:24:40]   pc: fit 594.2s · 148,552 params · score sd 17.490 · device cuda · layered · 445 win/s
[16:25:01]   typed decomposition (mean worst-channel surprise):
[16:25:01]        normal  n= 4042  marginal    23.42  conditional    22.66  structural     1.61
[16:25:01]      decouple  n=  102  marginal    23.50  conditional    22.85  structural     1.53
[16:25:01]        desync  n=  102  marginal    23.55  conditional    34.16  structural    17.99
[16:25:01]         drift  n=  102  marginal   783.50  conditional   803.25  structural    41.34
[16:25:01]        offset  n=  103  marginal   396.02  conditional   416.22  structural    41.80
[16:25:01]       organic  n=   46  marginal   119.30  conditional   113.12  structural     0.85
[16:25:01]         spike  n=  111  marginal    86.13  conditional    85.70  structural     2.20
[16:25:01] --- stage ad done in 616.2s ---
[16:25:01] === run ok · 616.2s · peak RSS 1.904 GB ===
[15:31:40] === run start · seed1 · seed 1 · hash 300c39859e9c ===
[15:31:40] stages ['ad'] · device cuda · dataset cmapss:FD001
[15:31:40] --- stage: ad ---
[15:31:40]   data: FleetPair(cmapss:FD001: train=100 units, test=100 units, C=15, regimes=1, cap=125)  (0.1s)
[15:31:40]   task: {'kind': 'ad', 'n_train': 5290, 'n_test': 4608, 'd': 300, 'window': 20, 'n_channels': 15, 'anomaly_rate': 0.1228298619389534, 'kind_counts': {'normal': 4042, 'desync': 102, 'drift': 102, 'offset': 103, 'decouple': 102, 'spike': 111, 'organic': 46}, 'train_units': 100, 'test_units': 100, 'n_regimes': 1, 'seed': 1, 'per_regime_norm': False, 'official_test_fleet': True, 'dataset': 'cmapss:FD001', 'cap': 125.0, 'subset': 'FD001', 'dropped_constant_sensors': 6, 'source': 'NASA C-MAPSS (real)', 'source_name': 'cmapss', 'source_kind': 'fleet'}
[15:31:40]   caveat: Ships no anomaly annotations: detection anomalies are injected.
    [pc] epoch   0  nll 31841.083
    [pc] epoch   6  nll  137.260
    [pc] epoch  12  nll  104.216
    fit orc_rg K=8: 18/50 (36%) · 0.58 it/s · elapsed 00:31 · ETA 00:55
    [pc] epoch  18  nll   95.178
    [pc] epoch  24  nll   69.460
    [pc] epoch  30  nll   73.502
    fit orc_rg K=8: 36/50 (72%) · 0.58 it/s · elapsed 01:02 · ETA 00:24
    [pc] epoch  36  nll   73.498
    [pc] epoch  42  nll   67.329
    [pc] epoch  48  nll   75.414
    fit orc_rg K=8: done 50/50 in 01:26
[15:42:04]   pc_train_nll: first=31841.0828 last=74.5021 (50 epochs)
[15:42:05]   pc: fit 624.1s · 147,080 params · score sd 15.108 · device cuda · layered · 424 win/s
[15:42:36]   typed decomposition (mean worst-channel surprise):
[15:42:36]        normal  n= 4042  marginal    23.37  conditional    22.83  structural     1.67
[15:42:36]      decouple  n=  102  marginal    23.51  conditional    22.73  structural     1.51
[15:42:36]        desync  n=  102  marginal    23.50  conditional    33.54  structural    17.80
[15:42:36]         drift  n=  102  marginal 160072.88  conditional 160101.86  structural    46.67
[15:42:36]        offset  n=  103  marginal 48931.12  conditional 48953.02  structural    43.83
[15:42:36]       organic  n=   46  marginal   114.66  conditional   107.57  structural     1.07
[15:42:36]         spike  n=  111  marginal 14204.47  conditional 14204.49  structural     2.35
[15:42:36] --- stage ad done in 655.5s ---
[15:42:36] === run ok · 655.5s · peak RSS 1.913 GB ===
[20:12:53] === run start · seed1 · seed 1 · hash b1704a6fb142 ===
[20:12:53] stages ['ad'] · device cpu · dataset cmapss:FD001
[20:12:53] --- stage: ad ---
[20:12:53]   data: FleetPair(cmapss:FD001: train=100 units, test=100 units, C=15, regimes=1, cap=125)  (0.1s)
[20:12:53]   task: {'kind': 'ad', 'n_train': 5290, 'n_test': 4608, 'd': 300, 'window': 20, 'n_channels': 15, 'anomaly_rate': 0.1228298619389534, 'kind_counts': {'normal': 4042, 'desync': 102, 'drift': 102, 'offset': 103, 'decouple': 102, 'spike': 111, 'organic': 46}, 'train_units': 100, 'test_units': 100, 'n_regimes': 1, 'seed': 1, 'per_regime_norm': False, 'official_test_fleet': True, 'dataset': 'cmapss:FD001', 'cap': 125.0, 'subset': 'FD001', 'dropped_constant_sensors': 6, 'source': 'NASA C-MAPSS (real)', 'source_name': 'cmapss', 'source_kind': 'fleet'}
[20:12:53]   caveat: Ships no anomaly annotations: detection anomalies are injected.
    [pc] epoch   0  nll 31540.235
    fit orc_rg K=8: 3/50 (6%) · 0.09 it/s · elapsed 00:33 · ETA 08:45
    fit orc_rg K=8: 6/50 (12%) · 0.09 it/s · elapsed 01:07 · ETA 08:12
    [pc] epoch   6  nll  131.660
    fit orc_rg K=8: 9/50 (18%) · 0.09 it/s · elapsed 01:40 · ETA 07:38
    fit orc_rg K=8: 12/50 (24%) · 0.09 it/s · elapsed 02:12 · ETA 07:01
    [pc] epoch  12  nll   96.237
    fit orc_rg K=8: 15/50 (30%) · 0.09 it/s · elapsed 02:46 · ETA 06:27
    fit orc_rg K=8: 18/50 (36%) · 0.09 it/s · elapsed 03:19 · ETA 05:54
    [pc] epoch  18  nll   83.924
    fit orc_rg K=8: 21/50 (42%) · 0.09 it/s · elapsed 03:52 · ETA 05:21
    fit orc_rg K=8: 24/50 (48%) · 0.09 it/s · elapsed 04:26 · ETA 04:48
    [pc] epoch  24  nll   60.884
    fit orc_rg K=8: 27/50 (54%) · 0.09 it/s · elapsed 04:58 · ETA 04:13
    fit orc_rg K=8: 30/50 (60%) · 0.09 it/s · elapsed 05:29 · ETA 03:39
    [pc] epoch  30  nll   62.860
    fit orc_rg K=8: 33/50 (66%) · 0.09 it/s · elapsed 06:01 · ETA 03:06
    fit orc_rg K=8: 36/50 (72%) · 0.09 it/s · elapsed 06:34 · ETA 02:33
    [pc] epoch  36  nll   58.404
    fit orc_rg K=8: 39/50 (78%) · 0.09 it/s · elapsed 07:08 · ETA 02:00
    fit orc_rg K=8: 42/50 (84%) · 0.09 it/s · elapsed 07:41 · ETA 01:27
    [pc] epoch  42  nll   59.048
    fit orc_rg K=8: 45/50 (90%) · 0.09 it/s · elapsed 08:15 · ETA 00:55
    fit orc_rg K=8: 48/50 (96%) · 0.09 it/s · elapsed 08:49 · ETA 00:22
    [pc] epoch  48  nll   61.406
    fit orc_rg K=8: done 50/50 in 09:11
[20:30:11]   pc_train_nll: first=31540.2355 last=59.1688 (50 epochs)
[20:30:13]   pc: fit 1038.3s · 147,080 params · score sd 17.651 · device cpu · layered · 255 win/s
    typed decomposition (per channel): 2/15 (13%) · 0.05 it/s · elapsed 00:39 · ETA 04:16
    typed decomposition (per channel): 4/15 (27%) · 0.05 it/s · elapsed 01:19 · ETA 03:37
    typed decomposition (per channel): 6/15 (40%) · 0.05 it/s · elapsed 01:58 · ETA 02:57
    typed decomposition (per channel): 8/15 (53%) · 0.05 it/s · elapsed 02:38 · ETA 02:18
    typed decomposition (per channel): 10/15 (67%) · 0.05 it/s · elapsed 03:17 · ETA 01:38
    typed decomposition (per channel): 12/15 (80%) · 0.05 it/s · elapsed 03:57 · ETA 00:59
    typed decomposition (per channel): 14/15 (93%) · 0.05 it/s · elapsed 04:36 · ETA 00:19
    typed decomposition (per channel): done 15/15 in 04:56
[20:35:16]   typed decomposition (mean worst-channel surprise):
[20:35:16]        normal  n= 4042  marginal    23.21  conditional    22.67  structural     1.73
[20:35:16]      decouple  n=  102  marginal    23.35  conditional    22.59  structural     1.73
[20:35:16]        desync  n=  102  marginal    23.29  conditional    33.73  structural    18.53
[20:35:16]         drift  n=  102  marginal 160673.84  conditional 160701.36  structural    46.47
[20:35:16]        offset  n=  103  marginal 49140.16  conditional 49162.07  structural    44.41
[20:35:16]       organic  n=   46  marginal   118.64  conditional   111.91  structural     0.84
[20:35:16]         spike  n=  111  marginal 14306.02  conditional 14305.75  structural     2.36
[20:35:16] --- stage ad done in 1343.2s ---
[20:35:16] === run ok · 1343.2s · peak RSS 2.541 GB ===
