[15:38:24] === run start · seed2 · seed 2 · hash 66c3ad1082d7 ===
[15:38:24] stages ['calibration'] · device cuda · dataset cmapss:FD002
[15:38:24] --- stage: calibration ---
[15:38:24]   data: FleetPair(cmapss:FD002: train=260 units, test=259 units, C=21, regimes=3, cap=125)  (0.3s)
[15:38:24]   task: {'kind': 'rul', 'n_train': 20932, 'n_test': 14599, 'd': 420, 'window': 20, 'n_channels': 21, 'n_bins': 25, 'cap': 125.0, 'censored_frac': 0.2657175660133362, 'train_units': 260, 'test_units': 259, 'censored_units': 98, 'n_regimes': 3, 'seed': 2, 'per_regime_norm': True, 'test_windows': 'all', 'official_test_fleet': True, 'dataset': 'cmapss:FD002', 'subset': 'FD002', 'dropped_constant_sensors': 0, 'source': 'NASA C-MAPSS (real)'}
[15:38:24]   conformal split: 14783 fit windows / 4355 calibration windows (260 units total)
    [surv] epoch   0  censored-NLL 10478.084
    [surv] epoch   7  censored-NLL  353.438
    [surv] epoch  14  censored-NLL  345.946
    [surv] epoch  21  censored-NLL  331.276
    [surv] epoch  28  censored-NLL  315.051
    survival fit (censored): 29/60 (48%) · 0.95 it/s · elapsed 00:30 · ETA 00:32
    [surv] epoch  35  censored-NLL  291.404
    [surv] epoch  42  censored-NLL  292.504
    [surv] epoch  49  censored-NLL  282.612
    [surv] epoch  56  censored-NLL  270.122
    survival fit (censored): 58/60 (97%) · 0.95 it/s · elapsed 01:00 · ETA 00:02
    survival fit (censored): done 60/60 in 01:03
[15:39:30]   surv_conformal_nll: first=10478.0841 last=276.2214 (60 epochs)
[15:39:30]   surv_conformal: fit 65.7s · 46,236 params
[15:39:32] !!! FAILED after 67.8s: DegenerateModelError: degenerate predictive: E[tau|x] has sd 0.00e+00 over 14599 inputs — p(tau|x) is effectively independent of x. Check tau_where (use 'deep'; 'root' caps the coupling at a KxK latent and collapses easily), weight_jitter (must be > 0) and leaf jitter before trusting any result from this model.
