[15:51:23] === run start · seed1 · seed 1 · hash a053c3f8242b ===
[15:51:23] stages ['ad'] · device cuda · dataset cmapss:FD001
[15:51:23] --- stage: ad ---
[15:51:23]   data: FleetPair(cmapss:FD001: train=100 units, test=100 units, C=15, regimes=1, cap=125)  (0.1s)
[15:51:23]   task: {'kind': 'ad', 'n_train': 5290, 'n_test': 4608, 'd': 300, 'window': 20, 'n_channels': 15, 'anomaly_rate': 0.1228298619389534, 'kind_counts': {'normal': 4042, 'desync': 102, 'drift': 102, 'offset': 103, 'decouple': 102, 'spike': 111, 'organic': 46}, 'train_units': 100, 'test_units': 100, 'n_regimes': 1, 'seed': 1, 'per_regime_norm': False, 'official_test_fleet': True, 'dataset': 'cmapss:FD001', 'cap': 125.0, 'subset': 'FD001', 'dropped_constant_sensors': 6, 'source': 'NASA C-MAPSS (real)', 'source_name': 'cmapss', 'source_kind': 'fleet'}
[15:51:23]   caveat: Ships no anomaly annotations: detection anomalies are injected.
    [pc] epoch   0  nll  243.927
    [pc] epoch   6  nll  107.059
    [pc] epoch  12  nll   97.296
    [pc] epoch  18  nll   99.321
    [pc] epoch  24  nll  102.639
    [pc] epoch  30  nll  110.859
    [pc] epoch  36  nll  115.985
    [pc] epoch  42  nll  108.613
    [pc] epoch  48  nll   99.556
[15:51:31]   pc_train_nll: first=243.9273 last=99.0557 (50 epochs)
[15:51:31]   pc: fit 7.5s · 32,160 params · score sd 26.891 · device cuda · layered · 35,381 win/s
[15:51:32]   typed decomposition (mean worst-channel surprise):
[15:51:32]        normal  n= 4042  marginal    23.51  conditional    24.09  structural     6.34
[15:51:32]      decouple  n=  102  marginal    23.46  conditional    23.94  structural     6.59
[15:51:32]        desync  n=  102  marginal    23.95  conditional    35.46  structural    19.76
[15:51:32]         drift  n=  102  marginal   257.67  conditional   319.56  structural    74.99
[15:51:32]        offset  n=  103  marginal   154.02  conditional   202.07  structural    70.01
[15:51:32]       organic  n=   46  marginal   114.50  conditional   129.85  structural    57.29
[15:51:32]         spike  n=  111  marginal    53.37  conditional    58.65  structural    11.04
[15:51:32] --- stage ad done in 8.6s ---
[15:51:32] === run ok · 8.6s · peak RSS 1.595 GB ===
