[11:27:21] === run start · seed12 · seed 12 · hash 84a6740f7d7d ===
[11:27:21] stages ['diagnosis'] · device cpu · dataset synthetic
[11:27:21] --- stage: diagnosis ---
    [pc] epoch   0  nll   25.896  val   24.340
    [pc] epoch  18  nll   21.375  val   21.383
    [pc] epoch  36  nll   20.591  val   20.804
    [pc] epoch  54  nll   20.312  val   20.677
    [pc] epoch  72  nll   20.183  val   20.700
    [pc] restored epoch 59 (selected by nll; val nll 20.661, last 20.771)
[11:27:26]   pc_train_nll: first=25.8957 last=20.0926 (85 epochs)
[11:27:26]   pc_train_objective: first=25.8957 last=20.0926 (85 epochs)
[11:27:26]   pc_selection_loss: first=24.3401 last=20.7705 (85 epochs)
[11:27:26]   pc_val_nll: first=24.3401 last=20.7705 (85 epochs)
[11:27:26]   pc: fit 4.5s · 8,384 params · score sd 2.964 · device cpu · layered · 19,189 win/s
[11:27:26]   pc: validation on 200 windows from explicit subset of held-out units · best epoch 59 of 150 · val nll 20.661
[11:27:26]   shortcut audit: target-channel-only AUROC 0.456 (0.5 = no marginal shortcut)
[11:27:26]   diagnosis: full (4.0 observed on average), 400 paired windows, 1 method(s)
[11:27:26]   diagnosis: random1:0 (3.0 observed on average), 400 paired windows, 1 method(s)
[11:27:26]   diagnosis: random2:1-2 (2.0 observed on average), 400 paired windows, 1 method(s)
[11:27:26]   diagnosis: random3:1-2-3 (1.0 observed on average), 400 paired windows, 1 method(s)
[11:27:26]   diagnosis: bank0:0-1 (2.0 observed on average), 400 paired windows, 1 method(s)
[11:27:26]   diagnosis: single_sensor_0 (1.0 observed on average), 400 paired windows, 1 method(s)
[11:27:26]   Diagnosis completed on validation engines only; no confirmatory PASS/FAIL inferred.
[11:27:26] --- stage diagnosis done in 5.3s ---
[11:27:26] === run ok · 5.4s · peak RSS 0.37 GB ===
[11:48:43] === run start · seed12 · seed 12 · hash 478a4f3b0cd4 ===
[11:48:43] stages ['diagnosis'] · device cpu · dataset synthetic
[11:48:43] --- stage: diagnosis ---
    [pc] epoch   0  nll   25.896  val   24.340
    [pc] epoch  18  nll   21.375  val   21.383
    [pc] epoch  36  nll   20.591  val   20.804
    [pc] epoch  54  nll   20.312  val   20.677
    [pc] epoch  72  nll   20.183  val   20.700
    [pc] restored epoch 59 (selected by nll; val nll 20.661, last 20.771)
[11:48:51]   pc_train_nll: first=25.8957 last=20.0926 (85 epochs)
[11:48:51]   pc_train_objective: first=25.8957 last=20.0926 (85 epochs)
[11:48:51]   pc_selection_loss: first=24.3401 last=20.7705 (85 epochs)
[11:48:51]   pc_val_nll: first=24.3401 last=20.7705 (85 epochs)
[11:48:51]   pc: fit 8.3s · 8,384 params · score sd 2.964 · device cpu · layered · 10,428 win/s
[11:48:51]   pc: validation on 200 windows from explicit subset of held-out units · best epoch 59 of 150 · val nll 20.661
[11:48:51]   shortcut audit: target-channel-only AUROC 0.456 (0.5 = no marginal shortcut)
[11:48:51]   diagnosis: full (4.0 observed on average), 400 paired windows, 2 method(s)
[11:48:52]   diagnosis: random1:0 (3.0 observed on average), 400 paired windows, 2 method(s)
[11:48:52]   diagnosis: random2:1-2 (2.0 observed on average), 400 paired windows, 2 method(s)
[11:48:52]   diagnosis: random3:1-2-3 (1.0 observed on average), 400 paired windows, 2 method(s)
[11:48:53]   diagnosis: bank0:0-1 (2.0 observed on average), 400 paired windows, 2 method(s)
[11:48:53]   diagnosis: single_sensor_0 (1.0 observed on average), 400 paired windows, 2 method(s)
[11:48:53]   Diagnosis completed on validation engines only; no confirmatory PASS/FAIL inferred.
[11:48:53] --- stage diagnosis done in 10.1s ---
[11:48:53] === run ok · 10.2s · peak RSS 0.366 GB ===
[20:02:47] === run start · seed12 · seed 12 · hash b874a02afafe ===
[20:02:47] stages ['diagnosis'] · device cpu · dataset synthetic
[20:02:47] --- stage: diagnosis ---
    [pc] epoch   0  nll   25.896  val   24.340
    [pc] epoch  18  nll   21.375  val   21.383
    [pc] epoch  36  nll   20.591  val   20.804
    [pc] epoch  54  nll   20.312  val   20.677
    [pc] epoch  72  nll   20.183  val   20.700
    [pc] restored epoch 59 (selected by nll; val nll 20.661, last 20.771)
[20:02:53]   pc_train_nll: first=25.8957 last=20.0926 (85 epochs)
[20:02:53]   pc_train_objective: first=25.8957 last=20.0926 (85 epochs)
[20:02:53]   pc_selection_loss: first=24.3401 last=20.7705 (85 epochs)
[20:02:53]   pc_val_nll: first=24.3401 last=20.7705 (85 epochs)
[20:02:53]   pc: fit 6.9s · 8,384 params · score sd 2.964 · device cpu · layered · 12,674 win/s
[20:02:53]   pc: validation on 200 windows from explicit subset of held-out units · best epoch 59 of 150 · val nll 20.661
[20:02:53]   shortcut audit: target-channel-only AUROC 0.456 (0.5 = no marginal shortcut)
[20:02:53]   diagnosis: full (4.0 observed on average), 400 paired windows, 2 method(s)
[20:02:54]   diagnosis: random1:0 (3.0 observed on average), 400 paired windows, 2 method(s)
[20:02:54]   diagnosis: random2:1-2 (2.0 observed on average), 400 paired windows, 2 method(s)
[20:02:54]   diagnosis: random3:1-2-3 (1.0 observed on average), 400 paired windows, 2 method(s)
[20:02:54]   diagnosis: bank0:0-1 (2.0 observed on average), 400 paired windows, 2 method(s)
[20:02:54]   diagnosis: single_sensor_0 (1.0 observed on average), 400 paired windows, 2 method(s)
[20:02:54]   Diagnosis completed on validation engines only; no confirmatory PASS/FAIL inferred.
[20:02:54] --- stage diagnosis done in 7.7s ---
[20:02:54] === run ok · 7.8s · peak RSS 0.377 GB ===
