[15:52:19] === run start · seed21 · seed 21 · hash b36592f860b5 ===
[15:52:19] stages ['diagnosis'] · device cuda · dataset cmapss:FD001
[15:52:19] --- stage: diagnosis ---
[15:52:20]   data: FleetPair(cmapss:FD001: train=100 units, test=100 units, C=15, regimes=1, cap=125)  (0.6s)
[15:52:20]   task: {'kind': 'ad', 'n_train': 3559, 'n_val': 1731, 'n_test': 4639, 'd': 300, 'window': 20, 'n_channels': 15, 'anomaly_rate': 0.12200905382633209, 'kind_counts': {'normal': 4073, 'desync': 134, 'spike': 79, 'decouple': 120, 'drift': 98, 'offset': 83, 'organic': 52}, 'train_units': 100, 'val_units': 30, 'test_units': 100, 'n_val_windows': 1731, 'n_regimes': 1, 'seed': 21, 'per_regime_norm': False, 'official_test_fleet': True, 'dataset': 'cmapss:FD001', 'cap': 125.0, 'subset': 'FD001', 'dropped_constant_sensors': 6, 'source': 'NASA C-MAPSS (real)', 'source_name': 'cmapss', 'source_kind': 'fleet'}
[15:52:20]   caveat: Ships no anomaly annotations: detection anomalies are injected.
    [pc] epoch   0  nll  506.510  val  301.850
    [pc] epoch  75  nll   47.307  val   46.209
    fit chow_liu K=8: 125/600 (21%) · 4.14 it/s · elapsed 00:30 · ETA 01:54
    [pc] epoch 150  nll   38.204  val   38.964
    [pc] epoch 225  nll   38.785  val   37.344
    fit chow_liu K=8: 250/600 (42%) · 4.15 it/s · elapsed 01:00 · ETA 01:24
    [pc] epoch 300  nll   30.018  val   30.853
    [pc] epoch 375  nll   29.098  val   29.750
    fit chow_liu K=8: 376/600 (63%) · 4.16 it/s · elapsed 01:30 · ETA 00:53
    [pc] epoch 450  nll   27.018  val   26.106
    fit chow_liu K=8: 502/600 (84%) · 4.16 it/s · elapsed 02:00 · ETA 00:23
    [pc] epoch 525  nll   23.677  val   24.805
    fit chow_liu K=8: done 600/600 in 02:24
    [pc] restored epoch 572 (selected by nll; val nll 23.332, last 23.710)
[15:54:47]   pc_train_nll: first=506.5101 last=22.4898 (600 epochs)
[15:54:47]   pc_train_objective: first=506.5101 last=22.4898 (600 epochs)
[15:54:47]   pc_selection_loss: first=301.8500 last=23.7104 (600 epochs)
[15:54:47]   pc_val_nll: first=301.8500 last=23.7104 (600 epochs)
[15:54:47]   pc: fit 147.3s · 195,840 params · score sd 19.148 · device cuda · layered · 14,498 win/s
[15:54:47]   pc: validation on 535 windows from explicit subset of held-out units · best epoch 572 of 600 · val nll 23.332
[15:54:48]   shortcut audit: target-channel-only AUROC 0.547 (0.5 = no marginal shortcut)
[15:54:49]   baseline gaussian_fitted: fit 0.22s · 45,450 params · selection {'shrinkage': 0.01}
[15:54:51]   detection comparators: ['mahalanobis_refit', 'mahalanobis_impute', 'gmm_refit', 'gmm_impute', 'knn_refit', 'knn_impute']
[15:54:51]   diagnosis: full (15.0 observed on average), 680 paired windows, 2 method(s)
[15:54:55]   diagnosis: random1:1 (14.0 observed on average), 680 paired windows, 2 method(s)
[15:54:59]   diagnosis: random3:5-8-14 (12.0 observed on average), 680 paired windows, 2 method(s)
[15:55:05]   diagnosis: random7:3-4-8-10-11-12-14 (8.0 observed on average), 680 paired windows, 2 method(s)
[15:55:07]   diagnosis: bank0:0-1-2-4-5-7-8 (8.0 observed on average), 680 paired windows, 2 method(s)
[15:55:12]   diagnosis: bank1:3 (14.0 observed on average), 680 paired windows, 2 method(s)
[15:55:16]   diagnosis: bank2:6-10 (13.0 observed on average), 680 paired windows, 2 method(s)
[15:55:20]   diagnosis: single_sensor_0 (1.0 observed on average), 680 paired windows, 2 method(s)
[15:55:21]   Diagnosis completed on validation engines only; no confirmatory PASS/FAIL inferred.
[15:55:21] --- stage diagnosis done in 182.0s ---
[15:55:21] === run ok · 182.1s · peak RSS 2.35 GB ===
