[11:51:15] === run start · seed11 · seed 11 · hash facccb8b23f2 ===
[11:51:15] stages ['diagnosis'] · device cpu · dataset synthetic
[11:51:15] --- stage: diagnosis ---
    [pc] epoch   0  nll   26.341  val   24.589
    [pc] epoch   7  nll   23.044  val   22.449
    [pc] epoch  14  nll   22.206  val   21.680
    [pc] epoch  21  nll   21.316  val   20.901
    [pc] epoch  28  nll   20.396  val   20.057
    [pc] epoch  35  nll   19.814  val   19.616
    [pc] epoch  42  nll   19.634  val   19.503
    [pc] epoch  49  nll   19.563  val   19.434
    [pc] epoch  56  nll   19.519  val   19.421
    [pc] restored epoch 58 (selected by nll; val nll 19.390, last 19.426)
[11:51:18]   pc_train_nll: first=26.3410 last=19.5069 (60 epochs)
[11:51:18]   pc_train_objective: first=26.3410 last=19.5069 (60 epochs)
[11:51:18]   pc_selection_loss: first=24.5887 last=19.4262 (60 epochs)
[11:51:18]   pc_val_nll: first=24.5887 last=19.4262 (60 epochs)
[11:51:18]   pc: fit 2.3s · 1,488 params · score sd 4.976 · device cpu · layered · 26,414 win/s
[11:51:18]   pc: validation on 200 windows from explicit subset of held-out units · best epoch 58 of 60 · val nll 19.390
[11:51:18]   shortcut audit: target-channel-only AUROC 0.491 (0.5 = no marginal shortcut)
[11:51:18]   diagnosis: full (4.0 observed on average), 400 paired windows, 2 method(s)
[11:51:18]   diagnosis: random1:0 (3.0 observed on average), 400 paired windows, 2 method(s)
[11:51:18]   diagnosis: random2:1-2 (2.0 observed on average), 400 paired windows, 2 method(s)
[11:51:18]   diagnosis: bank0:0-1 (2.0 observed on average), 400 paired windows, 2 method(s)
[11:51:18]   diagnosis: single_sensor_0 (1.0 observed on average), 400 paired windows, 2 method(s)
[11:51:19]   Diagnosis completed on validation engines only; no confirmatory PASS/FAIL inferred.
[11:51:19] --- stage diagnosis done in 3.3s ---
[11:51:19] === run ok · 3.4s · peak RSS 0.341 GB ===
[20:04:45] === run start · seed11 · seed 11 · hash 4ec6eec8c296 ===
[20:04:45] stages ['diagnosis'] · device cpu · dataset synthetic
[20:04:45] --- stage: diagnosis ---
    [pc] epoch   0  nll   26.341  val   24.589
    [pc] epoch   7  nll   23.044  val   22.449
    [pc] epoch  14  nll   22.206  val   21.680
    [pc] epoch  21  nll   21.316  val   20.901
    [pc] epoch  28  nll   20.396  val   20.057
    [pc] epoch  35  nll   19.814  val   19.616
    [pc] epoch  42  nll   19.634  val   19.503
    [pc] epoch  49  nll   19.563  val   19.434
    [pc] epoch  56  nll   19.519  val   19.421
    [pc] restored epoch 58 (selected by nll; val nll 19.390, last 19.426)
[20:04:46]   pc_train_nll: first=26.3410 last=19.5069 (60 epochs)
[20:04:46]   pc_train_objective: first=26.3410 last=19.5069 (60 epochs)
[20:04:46]   pc_selection_loss: first=24.5887 last=19.4262 (60 epochs)
[20:04:46]   pc_val_nll: first=24.5887 last=19.4262 (60 epochs)
[20:04:46]   pc: fit 1.2s · 1,488 params · score sd 4.976 · device cpu · layered · 50,226 win/s
[20:04:46]   pc: validation on 200 windows from explicit subset of held-out units · best epoch 58 of 60 · val nll 19.390
[20:04:46]   shortcut audit: target-channel-only AUROC 0.491 (0.5 = no marginal shortcut)
[20:04:46]   diagnosis: full (4.0 observed on average), 400 paired windows, 2 method(s)
[20:04:46]   diagnosis: random1:0 (3.0 observed on average), 400 paired windows, 2 method(s)
[20:04:46]   diagnosis: random2:1-2 (2.0 observed on average), 400 paired windows, 2 method(s)
[20:04:46]   diagnosis: bank0:0-1 (2.0 observed on average), 400 paired windows, 2 method(s)
[20:04:46]   diagnosis: single_sensor_0 (1.0 observed on average), 400 paired windows, 2 method(s)
[20:04:46]   Diagnosis completed on validation engines only; no confirmatory PASS/FAIL inferred.
[20:04:46] --- stage diagnosis done in 1.7s ---
[20:04:46] === run ok · 1.7s · peak RSS 0.346 GB ===
