[12:17:04] === run start · seed13 · seed 13 · hash a7ab40f3f1cf ===
[12:17:04] stages ['diagnosis'] · device cpu · dataset synthetic
[12:17:04] --- stage: diagnosis ---
    [pc] epoch   0  nll   32.827  val   30.486
    [pc] epoch  18  nll   27.506  val   27.493
    [pc] epoch  36  nll   25.401  val   25.508
    [pc] epoch  54  nll   25.024  val   25.272
    [pc] epoch  72  nll   24.814  val   25.111
    [pc] epoch  90  nll   24.705  val   25.052
    [pc] epoch 108  nll   24.614  val   25.064
    [pc] restored epoch 91 (selected by nll; val nll 25.037, last 25.062)
[12:17:07]   pc_train_nll: first=32.8270 last=24.5900 (117 epochs)
[12:17:07]   pc_train_objective: first=32.8270 last=24.5900 (117 epochs)
[12:17:07]   pc_selection_loss: first=30.4863 last=25.0619 (117 epochs)
[12:17:07]   pc_val_nll: first=30.4863 last=25.0619 (117 epochs)
[12:17:07]   pc: fit 3.4s · 1,888 params · score sd 4.244 · device cpu · layered · 35,137 win/s
[12:17:07]   pc: validation on 200 windows from explicit subset of held-out units · best epoch 91 of 150 · val nll 25.037
[12:17:07]   shortcut audit: target-channel-only AUROC 0.523 (0.5 = no marginal shortcut)
[12:17:07]   baseline gaussian_fitted: fit 0.00s · 230 params · selection {'shrinkage': 0.0}
[12:17:07]   diagnosis: full (5.0 observed on average), 400 paired windows, 3 method(s)
[12:17:10]   diagnosis: random1:0 (4.0 observed on average), 400 paired windows, 3 method(s)
[12:17:13]   diagnosis: random2:2-3 (3.0 observed on average), 400 paired windows, 3 method(s)
[12:17:16]   diagnosis: bank0:0-1 (3.0 observed on average), 400 paired windows, 3 method(s)
[12:17:19]   diagnosis: single_sensor_0 (1.0 observed on average), 400 paired windows, 3 method(s)
[12:17:22]   diagnosis: witnesses_all (5.0 observed on average), 400 paired windows, 3 method(s)
[12:17:26]   diagnosis: witnesses_none (4.0 observed on average), 400 paired windows, 3 method(s)
[12:17:28]   diagnosis: target_hidden (4.0 observed on average), 400 paired windows, 3 method(s)
[12:17:31]   diagnosis: independent_random (4.0 observed on average), 400 paired windows, 3 method(s)
[12:17:33]   diagnosis: fixed_unseen (4.0 observed on average), 400 paired windows, 3 method(s)
[12:17:35]   diagnosis: informative_value (4.4 observed on average), 400 paired windows, 3 method(s)
[12:17:37]   diagnosis: informative_fault (4.8 observed on average), 400 paired windows, 3 method(s)
[12:17:39]   Diagnosis completed on validation engines only; no confirmatory PASS/FAIL inferred.
[12:17:39] --- stage diagnosis done in 35.5s ---
[12:17:39] === run ok · 35.5s · peak RSS 0.345 GB ===
[21:14:09] === run start · seed13 · seed 13 · hash e2a2232d66ba ===
[21:14:09] stages ['diagnosis'] · device cpu · dataset synthetic
[21:14:09] --- stage: diagnosis ---
    [pc] epoch   0  nll   32.827  val   30.486
    [pc] epoch  18  nll   27.506  val   27.493
    [pc] epoch  36  nll   25.401  val   25.508
    [pc] epoch  54  nll   25.024  val   25.272
    [pc] epoch  72  nll   24.814  val   25.111
    [pc] epoch  90  nll   24.705  val   25.052
    [pc] epoch 108  nll   24.614  val   25.064
    [pc] restored epoch 91 (selected by nll; val nll 25.037, last 25.062)
[21:14:12]   pc_train_nll: first=32.8270 last=24.5900 (117 epochs)
[21:14:12]   pc_train_objective: first=32.8270 last=24.5900 (117 epochs)
[21:14:12]   pc_selection_loss: first=30.4863 last=25.0619 (117 epochs)
[21:14:12]   pc_val_nll: first=30.4863 last=25.0619 (117 epochs)
[21:14:12]   pc: fit 3.0s · 1,888 params · score sd 4.244 · device cpu · layered · 39,585 win/s
[21:14:12]   pc: validation on 200 windows from explicit subset of held-out units · best epoch 91 of 150 · val nll 25.037
[21:14:12]   shortcut audit: target-channel-only AUROC 0.523 (0.5 = no marginal shortcut)
[21:14:12]   baseline gaussian_fitted: fit 0.00s · 230 params · selection {'shrinkage': 0.0}
[21:14:12]   diagnosis: full (5.0 observed on average), 400 paired windows, 3 method(s)
[21:14:15]   diagnosis: random1:0 (4.0 observed on average), 400 paired windows, 3 method(s)
[21:14:17]   diagnosis: random2:2-3 (3.0 observed on average), 400 paired windows, 3 method(s)
[21:14:20]   diagnosis: bank0:0-1 (3.0 observed on average), 400 paired windows, 3 method(s)
[21:14:22]   diagnosis: single_sensor_0 (1.0 observed on average), 400 paired windows, 3 method(s)
[21:19:20]   diagnosis: witnesses_all (5.0 observed on average), 400 paired windows, 3 method(s)
[21:19:23]   diagnosis: witnesses_none (4.0 observed on average), 400 paired windows, 3 method(s)
[21:19:26]   diagnosis: target_hidden (4.0 observed on average), 400 paired windows, 3 method(s)
[21:19:28]   diagnosis: independent_random (4.0 observed on average), 400 paired windows, 3 method(s)
[21:19:30]   diagnosis: fixed_unseen (4.0 observed on average), 400 paired windows, 3 method(s)
[21:19:32]   diagnosis: informative_value (4.4 observed on average), 400 paired windows, 3 method(s)
[21:19:33]   diagnosis: informative_fault (4.8 observed on average), 400 paired windows, 3 method(s)
[21:19:35]   Diagnosis completed on validation engines only; no confirmatory PASS/FAIL inferred.
[21:19:35] --- stage diagnosis done in 326.2s ---
[21:19:35] === run ok · 326.3s · peak RSS 0.342 GB ===
