==============================================================================
 experiment: diagnosis_fd001_candidate   (config/ts/diagnosis_fd001_candidate.yaml)
 Pilot variance and convergence for the chow_liu leaf6 candidate against the fitted Gaussian.
 output:     logs/ts/ws/diagnosis_fd001_candidate
==============================================================================

1 variant(s) × 5 seed(s) = 5 run(s)

  chow_liu_leaf6                         dataset=cmapss:FD001     stages=diagnosis


>>> [1/5] chow_liu_leaf6 · seed 21 · logs/ts/ws/diagnosis_fd001_candidate/chow_liu_leaf6/seed21
[16:03:33] === run start · seed21 · seed 21 · hash bf51a63be81d ===
[16:03:33] stages ['diagnosis'] · device cuda · dataset cmapss:FD001
[16:03:33] --- stage: diagnosis ---
[16:03:33]   data: FleetPair(cmapss:FD001: train=100 units, test=100 units, C=15, regimes=1, cap=125)  (0.6s)
[16:03:33]   task: {'kind': 'ad', 'n_train': 3559, 'n_val': 1731, 'n_test': 4639, 'd': 300, 'window': 20, 'n_channels': 15, 'anomaly_rate': 0.12200905382633209, 'kind_counts': {'normal': 4073, 'desync': 134, 'spike': 79, 'decouple': 120, 'drift': 98, 'offset': 83, 'organic': 52}, 'train_units': 100, 'val_units': 30, 'test_units': 100, 'n_val_windows': 1731, 'n_regimes': 1, 'seed': 21, 'per_regime_norm': False, 'official_test_fleet': True, 'dataset': 'cmapss:FD001', 'cap': 125.0, 'subset': 'FD001', 'dropped_constant_sensors': 6, 'source': 'NASA C-MAPSS (real)', 'source_name': 'cmapss', 'source_kind': 'fleet'}
[16:03:33]   caveat: Ships no anomaly annotations: detection anomalies are injected.
    [pc] epoch   0  nll  506.510  val  292.830
    fit chow_liu K=8: 42/600 (7%) · 1.38 it/s · elapsed 00:30 · ETA 06:43
    [pc] epoch  75  nll   47.307  val   45.800
    fit chow_liu K=8: 85/600 (14%) · 1.40 it/s · elapsed 01:00 · ETA 06:09
    fit chow_liu K=8: 128/600 (21%) · 1.40 it/s · elapsed 01:31 · ETA 05:37
    [pc] epoch 150  nll   38.204  val   38.839
    fit chow_liu K=8: 171/600 (28%) · 1.40 it/s · elapsed 02:02 · ETA 05:06
    [pc] epoch 225  nll   38.785  val   37.254
    fit chow_liu K=8: 234/600 (39%) · 1.53 it/s · elapsed 02:32 · ETA 03:58
    fit chow_liu K=8: 300/600 (50%) · 1.64 it/s · elapsed 03:02 · ETA 03:02
    [pc] epoch 300  nll   30.018  val   30.496
    fit chow_liu K=8: 350/600 (58%) · 1.65 it/s · elapsed 03:32 · ETA 02:31
    [pc] epoch 375  nll   29.098  val   29.440
    fit chow_liu K=8: 411/600 (68%) · 1.69 it/s · elapsed 04:02 · ETA 01:51
    [pc] epoch 450  nll   27.018  val   26.033
    fit chow_liu K=8: 462/600 (77%) · 1.69 it/s · elapsed 04:32 · ETA 01:21
    [pc] restored epoch 435 (selected by nll; val nll 25.699, last 26.193)
[16:08:35]   pc_train_nll: first=506.5101 last=25.5507 (496 epochs)
[16:08:35]   pc_train_objective: first=506.5101 last=25.5507 (496 epochs)
[16:08:35]   pc_selection_loss: first=292.8302 last=26.1928 (496 epochs)
[16:08:35]   pc_val_nll: first=292.8302 last=26.1928 (496 epochs)
[16:08:35]   pc: fit 301.7s · 195,840 params · score sd 19.537 · device cuda · layered · 5,852 win/s
[16:08:35]   pc: validation on 624 windows from explicit subset of held-out units · best epoch 435 of 600 · val nll 25.699
[16:08:36]   shortcut audit: target-channel-only AUROC 0.546 (0.5 = no marginal shortcut)
[16:08:37]   baseline gaussian_fitted: fit 0.30s · 45,450 params · selection {'shrinkage': 0.01}
[16:08:38]   detection comparators: ['mahalanobis_refit', 'mahalanobis_impute', 'gmm_refit', 'gmm_impute', 'knn_refit', 'knn_impute']
[16:08:38]   diagnosis: full (15.0 observed on average), 1000 paired windows, 2 method(s)
[16:08:42]   diagnosis: random1:1 (14.0 observed on average), 1000 paired windows, 2 method(s)
[16:08:46]   diagnosis: random3:5-8-14 (12.0 observed on average), 1000 paired windows, 2 method(s)
[16:08:51]   diagnosis: random7:3-4-8-10-11-12-14 (8.0 observed on average), 1000 paired windows, 2 method(s)
[16:08:54]   diagnosis: bank0:0-1-2-4-5-7-8 (8.0 observed on average), 1000 paired windows, 2 method(s)
[16:08:57]   diagnosis: bank1:3 (14.0 observed on average), 1000 paired windows, 2 method(s)
[16:09:02]   diagnosis: bank2:6-10 (13.0 observed on average), 1000 paired windows, 2 method(s)
[16:09:08]   diagnosis: single_sensor_0 (1.0 observed on average), 1000 paired windows, 2 method(s)
[16:09:09]   Diagnosis completed on validation engines only; no confirmatory PASS/FAIL inferred.
[16:09:09] --- stage diagnosis done in 336.6s ---
[16:09:09] === run ok · 336.6s · peak RSS 2.302 GB ===

>>> [2/5] chow_liu_leaf6 · seed 22 · logs/ts/ws/diagnosis_fd001_candidate/chow_liu_leaf6/seed22 · mean 5.6 min/run · ETA 22 min for the remaining 4
[16:09:09] === run start · seed22 · seed 22 · hash bf51a63be81d ===
[16:09:09] stages ['diagnosis'] · device cuda · dataset cmapss:FD001
[16:09:09] --- stage: diagnosis ---
[16:09:10]   data: FleetPair(cmapss:FD001: train=100 units, test=100 units, C=15, regimes=1, cap=125)  (0.1s)
[16:09:10]   task: {'kind': 'ad', 'n_train': 3614, 'n_val': 1676, 'n_test': 4639, 'd': 300, 'window': 20, 'n_channels': 15, 'anomaly_rate': 0.14442767202854156, 'kind_counts': {'normal': 3969, 'offset': 117, 'decouple': 122, 'spike': 116, 'drift': 132, 'desync': 131, 'organic': 52}, 'train_units': 100, 'val_units': 30, 'test_units': 100, 'n_val_windows': 1676, 'n_regimes': 1, 'seed': 22, 'per_regime_norm': False, 'official_test_fleet': True, 'dataset': 'cmapss:FD001', 'cap': 125.0, 'subset': 'FD001', 'dropped_constant_sensors': 6, 'source': 'NASA C-MAPSS (real)', 'source_name': 'cmapss', 'source_kind': 'fleet'}
[16:09:10]   caveat: Ships no anomaly annotations: detection anomalies are injected.
    [pc] epoch   0  nll  499.491  val  304.240
    fit chow_liu K=8: 55/600 (9%) · 1.81 it/s · elapsed 00:30 · ETA 05:00
    [pc] epoch  75  nll   50.491  val   59.626
    fit chow_liu K=8: 110/600 (18%) · 1.81 it/s · elapsed 01:00 · ETA 04:30
    [pc] restored epoch 80 (selected by nll; val nll 59.059, last 62.317)
[16:10:49]   pc_train_nll: first=499.4909 last=51.8196 (141 epochs)
[16:10:49]   pc_train_objective: first=499.4909 last=51.8196 (141 epochs)
[16:10:49]   pc_selection_loss: first=304.2398 last=62.3166 (141 epochs)
[16:10:49]   pc_val_nll: first=304.2398 last=62.3166 (141 epochs)
[16:10:49]   pc: fit 99.2s · 195,840 params · score sd 21.644 · device cuda · layered · 5,135 win/s
[16:10:49]   pc: validation on 667 windows from explicit subset of held-out units · best epoch 80 of 600 · val nll 59.059
[16:10:50]   shortcut audit: target-channel-only AUROC 0.539 (0.5 = no marginal shortcut)
[16:10:50]   baseline gaussian_fitted: fit 0.42s · 45,450 params · selection {'shrinkage': 0.01}
[16:10:51]   detection comparators: ['mahalanobis_refit', 'mahalanobis_impute', 'gmm_refit', 'gmm_impute', 'knn_refit', 'knn_impute']
[16:10:51]   diagnosis: full (15.0 observed on average), 656 paired windows, 2 method(s)
[16:10:55]   diagnosis: random1:1 (14.0 observed on average), 656 paired windows, 2 method(s)
[16:10:59]   diagnosis: random3:5-8-14 (12.0 observed on average), 656 paired windows, 2 method(s)
[16:11:04]   diagnosis: random7:3-4-8-10-11-12-14 (8.0 observed on average), 656 paired windows, 2 method(s)
[16:11:06]   diagnosis: bank0:0-1-2-4-5-7-8 (8.0 observed on average), 656 paired windows, 2 method(s)
[16:11:09]   diagnosis: bank1:3 (14.0 observed on average), 656 paired windows, 2 method(s)
[16:11:12]   diagnosis: bank2:6-10 (13.0 observed on average), 656 paired windows, 2 method(s)
[16:11:15]   diagnosis: single_sensor_0 (1.0 observed on average), 656 paired windows, 2 method(s)
[16:11:17]   Diagnosis completed on validation engines only; no confirmatory PASS/FAIL inferred.
[16:11:17] --- stage diagnosis done in 127.3s ---
[16:11:17] === run ok · 127.3s · peak RSS 2.338 GB ===

>>> [3/5] chow_liu_leaf6 · seed 23 · logs/ts/ws/diagnosis_fd001_candidate/chow_liu_leaf6/seed23 · mean 3.9 min/run · ETA 12 min for the remaining 3
[16:11:17] === run start · seed23 · seed 23 · hash bf51a63be81d ===
[16:11:17] stages ['diagnosis'] · device cuda · dataset cmapss:FD001
[16:11:17] --- stage: diagnosis ---
[16:11:17]   data: FleetPair(cmapss:FD001: train=100 units, test=100 units, C=15, regimes=1, cap=125)  (0.1s)
[16:11:17]   task: {'kind': 'ad', 'n_train': 3759, 'n_val': 1531, 'n_test': 4639, 'd': 300, 'window': 20, 'n_channels': 15, 'anomaly_rate': 0.1215779259800911, 'kind_counts': {'normal': 4075, 'spike': 115, 'decouple': 106, 'offset': 91, 'desync': 105, 'drift': 95, 'organic': 52}, 'train_units': 100, 'val_units': 30, 'test_units': 100, 'n_val_windows': 1531, 'n_regimes': 1, 'seed': 23, 'per_regime_norm': False, 'official_test_fleet': True, 'dataset': 'cmapss:FD001', 'cap': 125.0, 'subset': 'FD001', 'dropped_constant_sensors': 6, 'source': 'NASA C-MAPSS (real)', 'source_name': 'cmapss', 'source_kind': 'fleet'}
[16:11:17]   caveat: Ships no anomaly annotations: detection anomalies are injected.
    [pc] epoch   0  nll  493.322  val  262.947
    fit chow_liu K=8: 42/600 (7%) · 1.38 it/s · elapsed 00:30 · ETA 06:42
    [pc] epoch  75  nll   50.181  val   50.670
    fit chow_liu K=8: 96/600 (16%) · 1.59 it/s · elapsed 01:00 · ETA 05:17
    [pc] epoch 150  nll   41.962  val   47.967
    fit chow_liu K=8: 160/600 (27%) · 1.76 it/s · elapsed 01:30 · ETA 04:09
    fit chow_liu K=8: 208/600 (35%) · 1.72 it/s · elapsed 02:01 · ETA 03:48
    [pc] epoch 225  nll   38.023  val   39.566
    fit chow_liu K=8: 258/600 (43%) · 1.71 it/s · elapsed 02:31 · ETA 03:20
    [pc] epoch 300  nll   58.740  val   48.816
    fit chow_liu K=8: 320/600 (53%) · 1.77 it/s · elapsed 03:01 · ETA 02:38
    fit chow_liu K=8: 364/600 (61%) · 1.72 it/s · elapsed 03:31 · ETA 02:17
    [pc] epoch 375  nll   29.567  val   31.529
    fit chow_liu K=8: 424/600 (71%) · 1.75 it/s · elapsed 04:01 · ETA 01:40
    [pc] epoch 450  nll   29.422  val   31.749
    fit chow_liu K=8: 472/600 (79%) · 1.74 it/s · elapsed 04:31 · ETA 01:13
    fit chow_liu K=8: 518/600 (86%) · 1.72 it/s · elapsed 05:01 · ETA 00:47
    [pc] epoch 525  nll   22.781  val   24.457
    fit chow_liu K=8: 573/600 (96%) · 1.73 it/s · elapsed 05:32 · ETA 00:15
    fit chow_liu K=8: done 600/600 in 05:49
    [pc] restored epoch 596 (selected by nll; val nll 20.180, last 21.389)
[16:17:52]   pc_train_nll: first=493.3217 last=18.8921 (600 epochs)
[16:17:52]   pc_train_objective: first=493.3217 last=18.8921 (600 epochs)
[16:17:52]   pc_selection_loss: first=262.9466 last=21.3894 (600 epochs)
[16:17:52]   pc_val_nll: first=262.9466 last=21.3894 (600 epochs)
[16:17:53]   pc: fit 395.4s · 195,840 params · score sd 16.983 · device cuda · layered · 5,704 win/s
[16:17:53]   pc: validation on 465 windows from explicit subset of held-out units · best epoch 596 of 600 · val nll 20.180
[16:17:54]   shortcut audit: target-channel-only AUROC 0.550 (0.5 = no marginal shortcut)
[16:17:54]   baseline gaussian_fitted: fit 0.21s · 45,450 params · selection {'shrinkage': 0.01}
[16:17:55]   detection comparators: ['mahalanobis_refit', 'mahalanobis_impute', 'gmm_refit', 'gmm_impute', 'knn_refit', 'knn_impute']
[16:17:55]   diagnosis: full (15.0 observed on average), 968 paired windows, 2 method(s)
[16:18:02]   diagnosis: random1:1 (14.0 observed on average), 968 paired windows, 2 method(s)
[16:18:11]   diagnosis: random3:5-8-14 (12.0 observed on average), 968 paired windows, 2 method(s)
[16:18:16]   diagnosis: random7:3-4-8-10-11-12-14 (8.0 observed on average), 968 paired windows, 2 method(s)
[16:18:19]   diagnosis: bank0:0-1-2-4-5-7-8 (8.0 observed on average), 968 paired windows, 2 method(s)
[16:18:21]   diagnosis: bank1:3 (14.0 observed on average), 968 paired windows, 2 method(s)
[16:18:26]   diagnosis: bank2:6-10 (13.0 observed on average), 968 paired windows, 2 method(s)
[16:18:32]   diagnosis: single_sensor_0 (1.0 observed on average), 968 paired windows, 2 method(s)
[16:18:33]   Diagnosis completed on validation engines only; no confirmatory PASS/FAIL inferred.
[16:18:33] --- stage diagnosis done in 436.2s ---
[16:18:33] === run ok · 436.2s · peak RSS 2.338 GB ===

>>> [4/5] chow_liu_leaf6 · seed 24 · logs/ts/ws/diagnosis_fd001_candidate/chow_liu_leaf6/seed24 · mean 5.0 min/run · ETA 10 min for the remaining 2
[16:18:33] === run start · seed24 · seed 24 · hash bf51a63be81d ===
[16:18:33] stages ['diagnosis'] · device cuda · dataset cmapss:FD001
[16:18:33] --- stage: diagnosis ---
[16:18:33]   data: FleetPair(cmapss:FD001: train=100 units, test=100 units, C=15, regimes=1, cap=125)  (0.1s)
[16:18:33]   task: {'kind': 'ad', 'n_train': 3663, 'n_val': 1627, 'n_test': 4639, 'd': 300, 'window': 20, 'n_channels': 15, 'anomaly_rate': 0.12933821976184845, 'kind_counts': {'normal': 4039, 'decouple': 113, 'spike': 116, 'offset': 110, 'desync': 89, 'drift': 120, 'organic': 52}, 'train_units': 100, 'val_units': 30, 'test_units': 100, 'n_val_windows': 1627, 'n_regimes': 1, 'seed': 24, 'per_regime_norm': False, 'official_test_fleet': True, 'dataset': 'cmapss:FD001', 'cap': 125.0, 'subset': 'FD001', 'dropped_constant_sensors': 6, 'source': 'NASA C-MAPSS (real)', 'source_name': 'cmapss', 'source_kind': 'fleet'}
[16:18:33]   caveat: Ships no anomaly annotations: detection anomalies are injected.
    [pc] epoch   0  nll  501.511  val  268.665
    fit chow_liu K=8: 40/600 (7%) · 1.33 it/s · elapsed 00:30 · ETA 07:02
    [pc] epoch  75  nll   37.097  val   41.428
    fit chow_liu K=8: 91/600 (15%) · 1.50 it/s · elapsed 01:00 · ETA 05:38
    fit chow_liu K=8: 139/600 (23%) · 1.53 it/s · elapsed 01:31 · ETA 05:02
    [pc] epoch 150  nll   34.460  val   46.290
    fit chow_liu K=8: 196/600 (33%) · 1.61 it/s · elapsed 02:01 · ETA 04:10
    [pc] epoch 225  nll   30.776  val   36.471
    fit chow_liu K=8: 261/600 (44%) · 1.72 it/s · elapsed 02:31 · ETA 03:17
    [pc] epoch 300  nll   31.847  val   40.127
    fit chow_liu K=8: 305/600 (51%) · 1.67 it/s · elapsed 03:02 · ETA 02:56
    fit chow_liu K=8: 341/600 (57%) · 1.61 it/s · elapsed 03:32 · ETA 02:41
    [pc] epoch 375  nll   27.881  val   34.729
    fit chow_liu K=8: 380/600 (63%) · 1.56 it/s · elapsed 04:03 · ETA 02:20
    fit chow_liu K=8: 430/600 (72%) · 1.57 it/s · elapsed 04:33 · ETA 01:48
    [pc] epoch 450  nll   27.866  val   33.701
    fit chow_liu K=8: 487/600 (81%) · 1.61 it/s · elapsed 05:03 · ETA 01:10
    [pc] epoch 525  nll   22.485  val   28.930
    fit chow_liu K=8: 534/600 (89%) · 1.60 it/s · elapsed 05:33 · ETA 00:41
    fit chow_liu K=8: 575/600 (96%) · 1.58 it/s · elapsed 06:03 · ETA 00:15
    fit chow_liu K=8: done 600/600 in 06:18
[16:25:16]   pc_train_nll: first=501.5109 last=20.6622 (600 epochs)
[16:25:16]   pc_train_objective: first=501.5109 last=20.6622 (600 epochs)
[16:25:16]   pc_selection_loss: first=268.6651 last=27.2343 (600 epochs)
[16:25:16]   pc_val_nll: first=268.6651 last=27.2343 (600 epochs)
[16:25:16]   pc: fit 403.1s · 195,840 params · score sd 17.041 · device cuda · layered · 5,452 win/s
[16:25:16]   pc: validation on 587 windows from explicit subset of held-out units · best epoch 599 of 600 · val nll 27.234
[16:25:17]   shortcut audit: target-channel-only AUROC 0.548 (0.5 = no marginal shortcut)
[16:25:18]   baseline gaussian_fitted: fit 0.28s · 45,450 params · selection {'shrinkage': 0.01}
[16:25:18]   detection comparators: ['mahalanobis_refit', 'mahalanobis_impute', 'gmm_refit', 'gmm_impute', 'knn_refit', 'knn_impute']
[16:25:18]   diagnosis: full (15.0 observed on average), 918 paired windows, 2 method(s)
[16:25:24]   diagnosis: random1:1 (14.0 observed on average), 918 paired windows, 2 method(s)
[16:25:29]   diagnosis: random3:5-8-14 (12.0 observed on average), 918 paired windows, 2 method(s)
[16:25:35]   diagnosis: random7:3-4-8-10-11-12-14 (8.0 observed on average), 918 paired windows, 2 method(s)
[16:25:38]   diagnosis: bank0:0-1-2-4-5-7-8 (8.0 observed on average), 918 paired windows, 2 method(s)
[16:25:40]   diagnosis: bank1:3 (14.0 observed on average), 918 paired windows, 2 method(s)
[16:25:45]   diagnosis: bank2:6-10 (13.0 observed on average), 918 paired windows, 2 method(s)
[16:25:48]   diagnosis: single_sensor_0 (1.0 observed on average), 918 paired windows, 2 method(s)
[16:25:49]   Diagnosis completed on validation engines only; no confirmatory PASS/FAIL inferred.
[16:25:49] --- stage diagnosis done in 436.4s ---
[16:25:49] === run ok · 436.4s · peak RSS 2.338 GB ===

>>> [5/5] chow_liu_leaf6 · seed 25 · logs/ts/ws/diagnosis_fd001_candidate/chow_liu_leaf6/seed25 · mean 5.6 min/run · ETA 6 min for the remaining 1
[16:25:49] === run start · seed25 · seed 25 · hash bf51a63be81d ===
[16:25:49] stages ['diagnosis'] · device cuda · dataset cmapss:FD001
[16:25:49] --- stage: diagnosis ---
[16:25:50]   data: FleetPair(cmapss:FD001: train=100 units, test=100 units, C=15, regimes=1, cap=125)  (0.1s)
[16:25:50]   task: {'kind': 'ad', 'n_train': 3721, 'n_val': 1569, 'n_test': 4639, 'd': 300, 'window': 20, 'n_channels': 15, 'anomaly_rate': 0.12955377995967865, 'kind_counts': {'normal': 4038, 'decouple': 102, 'offset': 125, 'desync': 114, 'spike': 111, 'drift': 97, 'organic': 52}, 'train_units': 100, 'val_units': 30, 'test_units': 100, 'n_val_windows': 1569, 'n_regimes': 1, 'seed': 25, 'per_regime_norm': False, 'official_test_fleet': True, 'dataset': 'cmapss:FD001', 'cap': 125.0, 'subset': 'FD001', 'dropped_constant_sensors': 6, 'source': 'NASA C-MAPSS (real)', 'source_name': 'cmapss', 'source_kind': 'fleet'}
[16:25:50]   caveat: Ships no anomaly annotations: detection anomalies are injected.
    [pc] epoch   0  nll  497.582  val  324.321
    fit chow_liu K=8: 61/600 (10%) · 2.02 it/s · elapsed 00:30 · ETA 04:27
    [pc] epoch  75  nll   44.756  val   43.538
    fit chow_liu K=8: 112/600 (19%) · 1.84 it/s · elapsed 01:00 · ETA 04:25
    [pc] epoch 150  nll   36.884  val   37.814
    fit chow_liu K=8: 172/600 (29%) · 1.88 it/s · elapsed 01:31 · ETA 03:47
    [pc] restored epoch 129 (selected by nll; val nll 35.973, last 37.299)
[16:28:01]   pc_train_nll: first=497.5818 last=34.5356 (190 epochs)
[16:28:01]   pc_train_objective: first=497.5818 last=34.5356 (190 epochs)
[16:28:01]   pc_selection_loss: first=324.3211 last=37.2994 (190 epochs)
[16:28:01]   pc_val_nll: first=324.3211 last=37.2994 (190 epochs)
[16:28:01]   pc: fit 131.1s · 195,840 params · score sd 21.408 · device cuda · layered · 5,394 win/s
[16:28:01]   pc: validation on 620 windows from explicit subset of held-out units · best epoch 129 of 600 · val nll 35.973
[16:28:02]   shortcut audit: target-channel-only AUROC 0.559 (0.5 = no marginal shortcut)
[16:28:02]   baseline gaussian_fitted: fit 0.29s · 45,450 params · selection {'shrinkage': 0.01}
[16:28:03]   detection comparators: ['mahalanobis_refit', 'mahalanobis_impute', 'gmm_refit', 'gmm_impute', 'knn_refit', 'knn_impute']
[16:28:03]   diagnosis: full (15.0 observed on average), 894 paired windows, 2 method(s)
[16:28:07]   diagnosis: random1:1 (14.0 observed on average), 894 paired windows, 2 method(s)
[16:28:12]   diagnosis: random3:5-8-14 (12.0 observed on average), 894 paired windows, 2 method(s)
[16:28:17]   diagnosis: random7:3-4-8-10-11-12-14 (8.0 observed on average), 894 paired windows, 2 method(s)
[16:28:19]   diagnosis: bank0:0-1-2-4-5-7-8 (8.0 observed on average), 894 paired windows, 2 method(s)
[16:28:22]   diagnosis: bank1:3 (14.0 observed on average), 894 paired windows, 2 method(s)
[16:28:26]   diagnosis: bank2:6-10 (13.0 observed on average), 894 paired windows, 2 method(s)
[16:28:33]   diagnosis: single_sensor_0 (1.0 observed on average), 894 paired windows, 2 method(s)
[16:28:35]   Diagnosis completed on validation engines only; no confirmatory PASS/FAIL inferred.
[16:28:35] --- stage diagnosis done in 165.2s ---
[16:28:35] === run ok · 165.3s · peak RSS 2.34 GB ===

==============================================================================
 batch finished in 25.0 min — 5 ok, 0 skipped, 0 failed
==============================================================================

=== diagnosis (mean ± sd over seeds) ===

method                                            auroc[decouple]      auroc[desync]       auroc[drift]      auroc[offset]       auroc[spike]              alpha                 ap              auroc  seeds
-------------------------------------------------------------------------------------------------------------------------------------------------------------------------------------------------------------
conditional_max | bank0:0-1-2-4-5-7-8 | circuit      0.5012±0.0103      0.6275±0.0354      0.9610±0.0241      0.9485±0.0192      0.7999±0.0054      0.1000±0.0000      0.8284±0.0166      0.7627±0.0201      5
conditional_max | bank0:0-1-2-4-5-7-8 | gaussian_fitted      0.4849±0.0264      0.6309±0.0239      0.9484±0.0281      0.9337±0.0085      0.7840±0.0210      0.1000±0.0000      0.8051±0.0112      0.7517±0.0102      5
conditional_max | bank1:3 | circuit                 0.4771±0.0232      0.7331±0.0278      1.0000±0.0000      1.0000±0.0000      0.9782±0.0089      0.1000±0.0000      0.8857±0.0126      0.8336±0.0168      5
conditional_max | bank1:3 | gaussian_fitted         0.4916±0.0269      0.7477±0.0226      1.0000±0.0000      1.0000±0.0000      0.9912±0.0042      0.1000±0.0000      0.8921±0.0117      0.8423±0.0174      5
conditional_max | bank2:6-10 | circuit              0.4764±0.0224      0.7067±0.0174      0.9980±0.0032      0.9973±0.0040      0.9425±0.0244      0.1000±0.0000      0.8751±0.0129      0.8197±0.0172      5
conditional_max | bank2:6-10 | gaussian_fitted      0.4752±0.0211      0.6790±0.0301      0.9882±0.0078      0.9878±0.0087      0.9012±0.0288      0.1000±0.0000      0.8450±0.0198      0.8024±0.0184      5
conditional_max | full | circuit                    0.4766±0.0230      0.7334±0.0277      1.0000±0.0000      1.0000±0.0000      0.9834±0.0064      0.1000±0.0000      0.8867±0.0126      0.8347±0.0167      5
conditional_max | full | gaussian_fitted            0.4759±0.0254      0.7182±0.0241      0.9951±0.0034      0.9954±0.0030      0.9429±0.0251      0.1000±0.0000      0.8663±0.0170      0.8217±0.0185      5
conditional_max | random1:1 | circuit               0.4817±0.0190      0.7344±0.0330      1.0000±0.0000      1.0000±0.0000      0.9569±0.0112      0.1000±0.0000      0.8831±0.0132      0.8303±0.0181      5
conditional_max | random1:1 | gaussian_fitted       0.4751±0.0151      0.7164±0.0178      0.9949±0.0033      0.9951±0.0032      0.9259±0.0256      0.1000±0.0000      0.8635±0.0166      0.8174±0.0181      5
conditional_max | random3:5-8-14 | circuit          0.4798±0.0172      0.6887±0.0363      0.9992±0.0016      0.9937±0.0093      0.9277±0.0228      0.1000±0.0000      0.8698±0.0134      0.8131±0.0162      5
conditional_max | random3:5-8-14 | gaussian_fitted      0.4757±0.0263      0.6800±0.0292      0.9876±0.0070      0.9862±0.0116      0.8869±0.0187      0.1000±0.0000      0.8453±0.0163      0.7986±0.0175      5
conditional_max | random7:3-4-8-10-11-12-14 | circuit      0.4828±0.0229      0.6369±0.0313      0.9678±0.0145      0.9470±0.0252      0.8212±0.0313      0.1000±0.0000      0.8326±0.0122      0.7666±0.0145      5
conditional_max | random7:3-4-8-10-11-12-14 | gaussian_fitted      0.4881±0.0332      0.6539±0.0172      0.9663±0.0168      0.9497±0.0197      0.8226±0.0334      0.1000±0.0000      0.8371±0.0127      0.7717±0.0175      5
conditional_max | single_sensor_0 | circuit         0.4887±0.0310      0.4895±0.0271      0.6274±0.0477      0.6139±0.0254      0.5511±0.0253      0.1000±0.0000      0.6032±0.0115      0.5519±0.0057      5
conditional_max | single_sensor_0 | gaussian_fitted      0.4895±0.0392      0.4901±0.0291      0.6294±0.0579      0.6116±0.0281      0.5499±0.0225      0.1000±0.0000      0.6033±0.0091      0.5516±0.0051      5
detector | bank0:0-1-2-4-5-7-8 | gmm_impute         0.5067±0.0239      0.5622±0.0345      0.9056±0.0351      0.8921±0.0208      0.7086±0.0352      0.1000±0.0000      0.7640±0.0171      0.7096±0.0194      5
detector | bank0:0-1-2-4-5-7-8 | gmm_refit          0.4942±0.0296      0.6188±0.0276      0.9068±0.0328      0.8907±0.0174      0.7457±0.0251      0.1000±0.0000      0.7577±0.0214      0.7266±0.0133      5
detector | bank0:0-1-2-4-5-7-8 | knn_impute         0.5044±0.0198      0.5411±0.0252      0.8954±0.0201      0.8760±0.0181      0.6857±0.0243      0.1000±0.0000      0.7193±0.0191      0.6954±0.0143      5
detector | bank0:0-1-2-4-5-7-8 | knn_refit          0.4973±0.0297      0.6026±0.0131      0.9315±0.0262      0.9159±0.0181      0.7460±0.0230      0.1000±0.0000      0.7696±0.0147      0.7341±0.0109      5
detector | bank0:0-1-2-4-5-7-8 | mahalanobis_impute      0.5093±0.0275      0.5648±0.0281      0.9081±0.0337      0.8958±0.0159      0.7170±0.0327      0.1000±0.0000      0.7692±0.0190      0.7138±0.0222      5
detector | bank0:0-1-2-4-5-7-8 | mahalanobis_refit      0.4938±0.0247      0.6495±0.0325      0.9499±0.0283      0.9326±0.0120      0.7746±0.0180      0.1000±0.0000      0.8115±0.0101      0.7551±0.0124      5
detector | bank1:3 | gmm_impute                     0.5289±0.0202      0.7079±0.0305      0.9981±0.0021      0.9988±0.0012      0.9163±0.0235      0.1000±0.0000      0.8736±0.0107      0.8256±0.0164      5
detector | bank1:3 | gmm_refit                      0.5222±0.0242      0.7228±0.0200      0.9980±0.0038      0.9978±0.0040      0.9231±0.0172      0.1000±0.0000      0.8756±0.0101      0.8283±0.0149      5
detector | bank1:3 | knn_impute                     0.4890±0.0332      0.6975±0.0232      0.9997±0.0002      0.9994±0.0009      0.9390±0.0177      0.1000±0.0000      0.8707±0.0122      0.8205±0.0156      5
detector | bank1:3 | knn_refit                      0.4923±0.0374      0.7039±0.0210      0.9999±0.0001      0.9996±0.0007      0.9483±0.0132      0.1000±0.0000      0.8748±0.0116      0.8246±0.0165      5
detector | bank1:3 | mahalanobis_impute             0.5073±0.0204      0.7734±0.0213      1.0000±0.0001      0.9999±0.0001      0.9532±0.0112      0.1000±0.0000      0.8889±0.0109      0.8424±0.0157      5
detector | bank1:3 | mahalanobis_refit              0.5057±0.0203      0.7745±0.0213      1.0000±0.0001      0.9999±0.0002      0.9535±0.0113      0.1000±0.0000      0.8891±0.0109      0.8424±0.0157      5
detector | bank2:6-10 | gmm_impute                  0.5054±0.0159      0.6698±0.0452      0.9786±0.0251      0.9791±0.0200      0.8388±0.0787      0.1000±0.0000      0.8369±0.0270      0.7894±0.0259      5
detector | bank2:6-10 | gmm_refit                   0.4863±0.0203      0.6633±0.0326      0.9704±0.0286      0.9692±0.0296      0.8107±0.0595      0.1000±0.0000      0.8175±0.0343      0.7753±0.0164      5
detector | bank2:6-10 | knn_impute                  0.4907±0.0212      0.6430±0.0244      0.9869±0.0066      0.9834±0.0123      0.8317±0.0300      0.1000±0.0000      0.8231±0.0207      0.7823±0.0189      5
detector | bank2:6-10 | knn_refit                   0.4856±0.0292      0.6575±0.0320      0.9867±0.0056      0.9835±0.0125      0.8316±0.0305      0.1000±0.0000      0.8239±0.0214      0.7844±0.0199      5
detector | bank2:6-10 | mahalanobis_impute          0.4942±0.0111      0.7003±0.0234      0.9949±0.0029      0.9918±0.0081      0.8816±0.0214      0.1000±0.0000      0.8571±0.0118      0.8082±0.0141      5
detector | bank2:6-10 | mahalanobis_refit           0.4888±0.0191      0.7047±0.0249      0.9949±0.0023      0.9917±0.0084      0.8836±0.0248      0.1000±0.0000      0.8568±0.0129      0.8085±0.0154      5
detector | full | gmm_impute                        0.5185±0.0266      0.7106±0.0452      0.9904±0.0182      0.9950±0.0073      0.8932±0.0634      0.1000±0.0000      0.8623±0.0205      0.8175±0.0230      5
detector | full | gmm_refit                         0.5185±0.0266      0.7106±0.0452      0.9904±0.0182      0.9950±0.0073      0.8932±0.0634      0.1000±0.0000      0.8623±0.0205      0.8175±0.0230      5
detector | full | knn_impute                        0.4824±0.0313      0.6671±0.0225      0.9934±0.0038      0.9937±0.0043      0.8656±0.0295      0.1000±0.0000      0.8363±0.0173      0.7958±0.0170      5
detector | full | knn_refit                         0.4824±0.0313      0.6671±0.0225      0.9934±0.0038      0.9937±0.0043      0.8656±0.0295      0.1000±0.0000      0.8363±0.0173      0.7958±0.0170      5
detector | full | mahalanobis_impute                0.4912±0.0151      0.7512±0.0200      0.9995±0.0005      0.9994±0.0005      0.9303±0.0146      0.1000±0.0000      0.8765±0.0109      0.8301±0.0148      5
detector | full | mahalanobis_refit                 0.4912±0.0151      0.7512±0.0200      0.9995±0.0005      0.9994±0.0005      0.9303±0.0146      0.1000±0.0000      0.8765±0.0109      0.8301±0.0148      5
detector | random1:1 | gmm_impute                   0.5057±0.0151      0.7006±0.0440      0.9898±0.0186      0.9931±0.0093      0.8864±0.0617      0.1000±0.0000      0.8581±0.0205      0.8107±0.0216      5
detector | random1:1 | gmm_refit                    0.5031±0.0185      0.7117±0.0336      0.9856±0.0273      0.9913±0.0144      0.8828±0.0626      0.1000±0.0000      0.8563±0.0249      0.8103±0.0202      5
detector | random1:1 | knn_impute                   0.4816±0.0223      0.6492±0.0210      0.9909±0.0055      0.9901±0.0048      0.8521±0.0347      0.1000±0.0000      0.8293±0.0182      0.7878±0.0159      5
detector | random1:1 | knn_refit                    0.4856±0.0278      0.6646±0.0199      0.9923±0.0048      0.9916±0.0042      0.8591±0.0336      0.1000±0.0000      0.8346±0.0174      0.7940±0.0165      5
detector | random1:1 | mahalanobis_impute           0.4958±0.0142      0.7367±0.0165      0.9984±0.0014      0.9987±0.0009      0.9160±0.0141      0.1000±0.0000      0.8721±0.0117      0.8246±0.0156      5
detector | random1:1 | mahalanobis_refit            0.4935±0.0143      0.7490±0.0205      0.9984±0.0014      0.9989±0.0007      0.9190±0.0143      0.1000±0.0000      0.8746±0.0114      0.8273±0.0149      5
detector | random3:5-8-14 | gmm_impute              0.5119±0.0195      0.5831±0.0285      0.9705±0.0283      0.9584±0.0159      0.7793±0.0403      0.1000±0.0000      0.8061±0.0087      0.7546±0.0108      5
detector | random3:5-8-14 | gmm_refit               0.4868±0.0196      0.6556±0.0142      0.9589±0.0195      0.9542±0.0216      0.8151±0.0394      0.1000±0.0000      0.8096±0.0178      0.7692±0.0155      5
detector | random3:5-8-14 | knn_impute              0.4928±0.0154      0.5871±0.0277      0.9726±0.0097      0.9666±0.0211      0.7777±0.0145      0.1000±0.0000      0.7920±0.0198      0.7536±0.0161      5
detector | random3:5-8-14 | knn_refit               0.4783±0.0245      0.6346±0.0255      0.9817±0.0068      0.9785±0.0141      0.8214±0.0259      0.1000±0.0000      0.8151±0.0174      0.7741±0.0147      5
detector | random3:5-8-14 | mahalanobis_impute      0.5082±0.0279      0.5960±0.0347      0.9790±0.0173      0.9678±0.0145      0.7950±0.0317      0.1000±0.0000      0.8161±0.0099      0.7633±0.0157      5
detector | random3:5-8-14 | mahalanobis_refit       0.4894±0.0167      0.7031±0.0194      0.9931±0.0038      0.9915±0.0096      0.8776±0.0191      0.1000±0.0000      0.8570±0.0113      0.8060±0.0137      5
detector | random7:3-4-8-10-11-12-14 | gmm_impute      0.5165±0.0413      0.5286±0.0167      0.9019±0.0240      0.8948±0.0235      0.6778±0.0457      0.1000±0.0000      0.7533±0.0125      0.6981±0.0116      5
detector | random7:3-4-8-10-11-12-14 | gmm_refit      0.5039±0.0190      0.6548±0.0068      0.9605±0.0141      0.9477±0.0118      0.7950±0.0417      0.1000±0.0000      0.8304±0.0113      0.7674±0.0127      5
detector | random7:3-4-8-10-11-12-14 | knn_impute      0.5061±0.0340      0.5426±0.0252      0.9353±0.0162      0.9145±0.0184      0.7225±0.0457      0.1000±0.0000      0.7746±0.0137      0.7183±0.0200      5
detector | random7:3-4-8-10-11-12-14 | knn_refit      0.5013±0.0397      0.6332±0.0259      0.9651±0.0138      0.9446±0.0191      0.8062±0.0385      0.1000±0.0000      0.8286±0.0120      0.7660±0.0146      5
detector | random7:3-4-8-10-11-12-14 | mahalanobis_impute      0.5115±0.0399      0.5467±0.0211      0.9230±0.0280      0.9054±0.0228      0.7030±0.0560      0.1000±0.0000      0.7708±0.0150      0.7121±0.0152      5
detector | random7:3-4-8-10-11-12-14 | mahalanobis_refit      0.5132±0.0188      0.6753±0.0150      0.9611±0.0164      0.9470±0.0137      0.8031±0.0384      0.1000±0.0000      0.8372±0.0110      0.7751±0.0140      5
detector | single_sensor_0 | gmm_impute             0.5015±0.0335      0.4841±0.0213      0.6285±0.0493      0.5994±0.0208      0.5417±0.0402      0.1000±0.0000      0.5927±0.0110      0.5487±0.0053      5
detector | single_sensor_0 | gmm_refit              0.4876±0.0416      0.4882±0.0283      0.6313±0.0573      0.6075±0.0278      0.5476±0.0207      0.1000±0.0000      0.6037±0.0085      0.5501±0.0049      5
detector | single_sensor_0 | knn_impute             0.5033±0.0117      0.4871±0.0233      0.6301±0.0512      0.6062±0.0211      0.5358±0.0282      0.1000±0.0000      0.5948±0.0069      0.5500±0.0042      5
detector | single_sensor_0 | knn_refit              0.4772±0.0448      0.4503±0.0196      0.6331±0.0472      0.6094±0.0235      0.5550±0.0216      0.1000±0.0000      0.5999±0.0126      0.5426±0.0108      5
detector | single_sensor_0 | mahalanobis_impute      0.5049±0.0311      0.4767±0.0168      0.6330±0.0482      0.5977±0.0152      0.5467±0.0353      0.1000±0.0000      0.5954±0.0096      0.5491±0.0063      5
detector | single_sensor_0 | mahalanobis_refit      0.4894±0.0392      0.4901±0.0291      0.6294±0.0578      0.6116±0.0282      0.5499±0.0224      0.1000±0.0000      0.6032±0.0091      0.5516±0.0050      5
independent | bank0:0-1-2-4-5-7-8 | circuit         0.5150±0.0208      0.4967±0.0242      0.9451±0.0311      0.9275±0.0139      0.7828±0.0330      0.1000±0.0000      0.7941±0.0202      0.7287±0.0204      5
independent | bank0:0-1-2-4-5-7-8 | gaussian_fitted      0.4977±0.0188      0.5139±0.0244      0.9033±0.0288      0.8656±0.0141      0.7736±0.0204      0.1000±0.0000      0.7578±0.0106      0.7068±0.0128      5
independent | bank1:3 | circuit                     0.5128±0.0186      0.4973±0.0191      0.9854±0.0121      0.9797±0.0155      0.8808±0.0572      0.1000±0.0000      0.8210±0.0236      0.7666±0.0262      5
independent | bank1:3 | gaussian_fitted             0.5134±0.0191      0.5055±0.0153      0.9914±0.0051      0.9709±0.0095      0.9500±0.0142      0.1000±0.0000      0.8405±0.0156      0.7823±0.0220      5
independent | bank2:6-10 | circuit                  0.5074±0.0200      0.5039±0.0219      0.9816±0.0058      0.9777±0.0080      0.8562±0.0515      0.1000±0.0000      0.8148±0.0231      0.7606±0.0261      5
independent | bank2:6-10 | gaussian_fitted          0.4924±0.0216      0.5198±0.0210      0.9591±0.0195      0.9235±0.0379      0.8734±0.0247      0.1000±0.0000      0.7960±0.0231      0.7499±0.0216      5
independent | full | circuit                        0.5101±0.0196      0.5013±0.0189      0.9916±0.0057      0.9893±0.0101      0.8942±0.0456      0.1000±0.0000      0.8275±0.0222      0.7727±0.0247      5
independent | full | gaussian_fitted                0.4952±0.0159      0.5178±0.0231      0.9804±0.0083      0.9560±0.0179      0.9232±0.0109      0.1000±0.0000      0.8241±0.0160      0.7707±0.0188      5
independent | random1:1 | circuit                   0.5120±0.0208      0.5042±0.0172      0.9894±0.0067      0.9861±0.0135      0.8886±0.0386      0.1000±0.0000      0.8264±0.0217      0.7714±0.0234      5
independent | random1:1 | gaussian_fitted           0.4975±0.0131      0.5191±0.0206      0.9792±0.0093      0.9484±0.0155      0.9142±0.0097      0.1000±0.0000      0.8219±0.0165      0.7679±0.0184      5
independent | random3:5-8-14 | circuit              0.5099±0.0131      0.5029±0.0126      0.9871±0.0090      0.9742±0.0185      0.8587±0.0506      0.1000±0.0000      0.8193±0.0227      0.7617±0.0227      5
independent | random3:5-8-14 | gaussian_fitted      0.4911±0.0141      0.5165±0.0168      0.9613±0.0160      0.9310±0.0224      0.8715±0.0172      0.1000±0.0000      0.8030±0.0131      0.7501±0.0138      5
independent | random7:3-4-8-10-11-12-14 | circuit      0.5136±0.0210      0.5042±0.0161      0.9391±0.0186      0.9114±0.0289      0.7741±0.0575      0.1000±0.0000      0.7850±0.0181      0.7239±0.0191      5
independent | random7:3-4-8-10-11-12-14 | gaussian_fitted      0.5164±0.0241      0.5144±0.0163      0.9454±0.0151      0.9004±0.0295      0.8049±0.0372      0.1000±0.0000      0.7967±0.0142      0.7319±0.0184      5
independent | single_sensor_0 | circuit             0.4887±0.0310      0.4895±0.0271      0.6274±0.0477      0.6139±0.0254      0.5511±0.0253      0.1000±0.0000      0.6032±0.0115      0.5519±0.0057      5
independent | single_sensor_0 | gaussian_fitted      0.4895±0.0392      0.4901±0.0291      0.6294±0.0579      0.6116±0.0281      0.5499±0.0225      0.1000±0.0000      0.6033±0.0091      0.5516±0.0051      5
joint | bank0:0-1-2-4-5-7-8 | circuit               0.5067±0.0211      0.6234±0.0518      0.9571±0.0323      0.9445±0.0138      0.7924±0.0266      0.1000±0.0000      0.8210±0.0183      0.7599±0.0194      5
joint | bank0:0-1-2-4-5-7-8 | gaussian_fitted       0.4938±0.0247      0.6486±0.0315      0.9500±0.0286      0.9328±0.0120      0.7751±0.0177      0.1000±0.0000      0.8113±0.0101      0.7551±0.0123      5
joint | bank1:3 | circuit                           0.5089±0.0239      0.7109±0.0519      0.9984±0.0013      0.9993±0.0009      0.9164±0.0240      0.1000±0.0000      0.8681±0.0119      0.8222±0.0157      5
joint | bank1:3 | gaussian_fitted                   0.5057±0.0209      0.7748±0.0213      1.0000±0.0001      0.9999±0.0001      0.9549±0.0108      0.1000±0.0000      0.8894±0.0110      0.8428±0.0158      5
joint | bank2:6-10 | circuit                        0.5061±0.0292      0.6800±0.0367      0.9952±0.0047      0.9954±0.0043      0.8933±0.0339      0.1000±0.0000      0.8582±0.0150      0.8095±0.0177      5
joint | bank2:6-10 | gaussian_fitted                0.4888±0.0196      0.7041±0.0254      0.9949±0.0023      0.9917±0.0083      0.8836±0.0248      0.1000±0.0000      0.8565±0.0131      0.8084±0.0155      5
joint | full | circuit                              0.5048±0.0237      0.7158±0.0497      0.9995±0.0003      0.9997±0.0004      0.9304±0.0145      0.1000±0.0000      0.8715±0.0118      0.8256±0.0150      5
joint | full | gaussian_fitted                      0.4909±0.0159      0.7502±0.0202      0.9995±0.0006      0.9994±0.0005      0.9310±0.0147      0.1000±0.0000      0.8763±0.0112      0.8300±0.0151      5
joint | random1:1 | circuit                         0.5060±0.0244      0.7154±0.0520      0.9989±0.0006      0.9989±0.0010      0.9218±0.0120      0.1000±0.0000      0.8703±0.0112      0.8236±0.0146      5
joint | random1:1 | gaussian_fitted                 0.4932±0.0146      0.7480±0.0203      0.9984±0.0013      0.9989±0.0007      0.9193±0.0142      0.1000±0.0000      0.8744±0.0116      0.8271±0.0151      5
joint | random3:5-8-14 | circuit                    0.5009±0.0163      0.6754±0.0501      0.9966±0.0044      0.9914±0.0096      0.8837±0.0326      0.1000±0.0000      0.8574±0.0142      0.8045±0.0170      5
joint | random3:5-8-14 | gaussian_fitted            0.4888±0.0173      0.7020±0.0192      0.9932±0.0037      0.9914±0.0098      0.8782±0.0196      0.1000±0.0000      0.8568±0.0115      0.8058±0.0139      5
joint | random7:3-4-8-10-11-12-14 | circuit         0.5115±0.0244      0.6207±0.0353      0.9578±0.0155      0.9379±0.0227      0.7866±0.0550      0.1000±0.0000      0.8192±0.0156      0.7584±0.0181      5
joint | random7:3-4-8-10-11-12-14 | gaussian_fitted      0.5130±0.0192      0.6758±0.0153      0.9612±0.0163      0.9468±0.0139      0.8040±0.0381      0.1000±0.0000      0.8376±0.0111      0.7753±0.0142      5
joint | single_sensor_0 | circuit                   0.4887±0.0310      0.4895±0.0271      0.6274±0.0477      0.6139±0.0254      0.5511±0.0253      0.1000±0.0000      0.6032±0.0115      0.5519±0.0057      5
joint | single_sensor_0 | gaussian_fitted           0.4895±0.0392      0.4901±0.0291      0.6294±0.0579      0.6116±0.0281      0.5499±0.0225      0.1000±0.0000      0.6033±0.0091      0.5516±0.0051      5
marginal_max | bank0:0-1-2-4-5-7-8 | circuit        0.5021±0.0143      0.4915±0.0209      0.9582±0.0272      0.9428±0.0231      0.7973±0.0095      0.1000±0.0000      0.8052±0.0212      0.7338±0.0241      5
marginal_max | bank0:0-1-2-4-5-7-8 | gaussian_fitted      0.4846±0.0179      0.5162±0.0330      0.9022±0.0232      0.8583±0.0278      0.7854±0.0290      0.1000±0.0000      0.7452±0.0154      0.7058±0.0117      5
marginal_max | bank1:3 | circuit                    0.4893±0.0144      0.5039±0.0213      0.9990±0.0017      0.9979±0.0026      0.9711±0.0131      0.1000±0.0000      0.8511±0.0176      0.7885±0.0216      5
marginal_max | bank1:3 | gaussian_fitted            0.4871±0.0198      0.5103±0.0343      0.9990±0.0005      0.9667±0.0077      0.9925±0.0034      0.1000±0.0000      0.8495±0.0172      0.7876±0.0226      5
marginal_max | bank2:6-10 | circuit                 0.4893±0.0144      0.5044±0.0223      0.9959±0.0036      0.9950±0.0033      0.9312±0.0324      0.1000±0.0000      0.8432±0.0185      0.7787±0.0236      5
marginal_max | bank2:6-10 | gaussian_fitted         0.4717±0.0147      0.5193±0.0331      0.9129±0.0422      0.8852±0.0450      0.9002±0.0308      0.1000±0.0000      0.7382±0.0435      0.7346±0.0201      5
marginal_max | full | circuit                       0.4893±0.0144      0.5039±0.0213      0.9993±0.0012      0.9993±0.0010      0.9766±0.0130      0.1000±0.0000      0.8524±0.0177      0.7899±0.0218      5
marginal_max | full | gaussian_fitted               0.4717±0.0147      0.5193±0.0331      0.9474±0.0241      0.9194±0.0292      0.9402±0.0258      0.1000±0.0000      0.7919±0.0242      0.7565±0.0171      5
marginal_max | random1:1 | circuit                  0.4924±0.0147      0.5060±0.0165      0.9991±0.0012      0.9981±0.0023      0.9552±0.0089      0.1000±0.0000      0.8495±0.0168      0.7862±0.0207      5
marginal_max | random1:1 | gaussian_fitted          0.4778±0.0133      0.5188±0.0280      0.9467±0.0241      0.9159±0.0271      0.9254±0.0297      0.1000±0.0000      0.7900±0.0250      0.7539±0.0175      5
marginal_max | random3:5-8-14 | circuit             0.4907±0.0150      0.5061±0.0228      0.9980±0.0024      0.9907±0.0098      0.9227±0.0265      0.1000±0.0000      0.8413±0.0185      0.7772±0.0226      5
marginal_max | random3:5-8-14 | gaussian_fitted      0.4747±0.0100      0.5173±0.0311      0.9369±0.0280      0.9050±0.0364      0.8845±0.0170      0.1000±0.0000      0.7735±0.0221      0.7400±0.0141      5
marginal_max | random7:3-4-8-10-11-12-14 | circuit      0.4939±0.0167      0.5040±0.0251      0.9605±0.0165      0.9334±0.0283      0.8170±0.0275      0.1000±0.0000      0.8073±0.0147      0.7376±0.0174      5
marginal_max | random7:3-4-8-10-11-12-14 | gaussian_fitted      0.4866±0.0240      0.5109±0.0256      0.9621±0.0147      0.9002±0.0321      0.8280±0.0302      0.1000±0.0000      0.8029±0.0160      0.7332±0.0198      5
marginal_max | single_sensor_0 | circuit            0.4887±0.0310      0.4895±0.0271      0.6274±0.0477      0.6139±0.0254      0.5511±0.0253      0.1000±0.0000      0.6032±0.0115      0.5519±0.0057      5
marginal_max | single_sensor_0 | gaussian_fitted      0.4895±0.0392      0.4901±0.0291      0.6294±0.0579      0.6116±0.0281      0.5499±0.0225      0.1000±0.0000      0.6033±0.0091      0.5516±0.0051      5
model                                                           —                  —                  —                  —                  —                  —                  —                  —      5
model gaussian_fitted                                           —                  —                  —                  —                  —                  —                  —                  —      5
query bank0:0-1-2-4-5-7-8 | circuit                             —                  —                  —                  —                  —                  —                  —                  —      5
query bank0:0-1-2-4-5-7-8 | gaussian_fitted                     —                  —                  —                  —                  —                  —                  —                  —      5
query bank1:3 | circuit                                         —                  —                  —                  —                  —                  —                  —                  —      5
query bank1:3 | gaussian_fitted                                 —                  —                  —                  —                  —                  —                  —                  —      5
query bank2:6-10 | circuit                                      —                  —                  —                  —                  —                  —                  —                  —      5
query bank2:6-10 | gaussian_fitted                              —                  —                  —                  —                  —                  —                  —                  —      5
query full | circuit                                            —                  —                  —                  —                  —                  —                  —                  —      5
query full | gaussian_fitted                                    —                  —                  —                  —                  —                  —                  —                  —      5
query random1:1 | circuit                                       —                  —                  —                  —                  —                  —                  —                  —      5
query random1:1 | gaussian_fitted                               —                  —                  —                  —                  —                  —                  —                  —      5
query random3:5-8-14 | circuit                                  —                  —                  —                  —                  —                  —                  —                  —      5
query random3:5-8-14 | gaussian_fitted                          —                  —                  —                  —                  —                  —                  —                  —      5
query random7:3-4-8-10-11-12-14 | circuit                       —                  —                  —                  —                  —                  —                  —                  —      5
query random7:3-4-8-10-11-12-14 | gaussian_fitted                  —                  —                  —                  —                  —                  —                  —                  —      5
query single_sensor_0 | circuit                                 —                  —                  —                  —                  —                  —                  —                  —      5
query single_sensor_0 | gaussian_fitted                         —                  —                  —                  —                  —                  —                  —                  —      5
relational_max | bank0:0-1-2-4-5-7-8 | circuit      0.4900±0.0188      0.7050±0.0494      0.9027±0.0342      0.8715±0.0252      0.5671±0.0272      0.1000±0.0000      0.7682±0.0157      0.7010±0.0163      5
relational_max | bank0:0-1-2-4-5-7-8 | gaussian_fitted      0.4948±0.0249      0.7250±0.0261      0.9577±0.0323      0.9429±0.0111      0.7145±0.0178      0.1000±0.0000      0.8259±0.0153      0.7609±0.0189      5
relational_max | bank1:3 | circuit                  0.4947±0.0293      0.8090±0.0344      0.9792±0.0113      0.9621±0.0187      0.6282±0.0423      0.1000±0.0000      0.8249±0.0140      0.7669±0.0157      5
relational_max | bank1:3 | gaussian_fitted          0.4899±0.0221      0.8514±0.0306      1.0000±0.0000      0.9999±0.0002      0.8558±0.0326      0.1000±0.0000      0.8836±0.0125      0.8339±0.0159      5
relational_max | bank2:6-10 | circuit               0.4994±0.0290      0.7633±0.0144      0.9562±0.0159      0.9497±0.0214      0.6468±0.0257      0.1000±0.0000      0.8155±0.0150      0.7567±0.0167      5
relational_max | bank2:6-10 | gaussian_fitted       0.4956±0.0352      0.8003±0.0170      0.9973±0.0046      0.9965±0.0047      0.7720±0.0194      0.1000±0.0000      0.8605±0.0103      0.8064±0.0132      5
relational_max | full | circuit                     0.4957±0.0292      0.8127±0.0390      0.9865±0.0050      0.9711±0.0223      0.6399±0.0353      0.1000±0.0000      0.8307±0.0146      0.7735±0.0165      5
relational_max | full | gaussian_fitted             0.4854±0.0230      0.8496±0.0307      1.0000±0.0001      0.9999±0.0003      0.8502±0.0300      0.1000±0.0000      0.8810±0.0127      0.8316±0.0167      5
relational_max | random1:1 | circuit                0.4958±0.0265      0.8067±0.0372      0.9806±0.0073      0.9660±0.0220      0.6341±0.0295      0.1000±0.0000      0.8277±0.0138      0.7691±0.0160      5
relational_max | random1:1 | gaussian_fitted        0.4776±0.0181      0.8400±0.0268      1.0000±0.0000      0.9999±0.0003      0.8411±0.0273      0.1000±0.0000      0.8775±0.0138      0.8261±0.0192      5
relational_max | random3:5-8-14 | circuit           0.4972±0.0217      0.7774±0.0475      0.9531±0.0177      0.9434±0.0440      0.5982±0.0402      0.1000±0.0000      0.8083±0.0197      0.7462±0.0234      5
relational_max | random3:5-8-14 | gaussian_fitted      0.5023±0.0354      0.8070±0.0419      0.9994±0.0009      0.9957±0.0057      0.7907±0.0074      0.1000±0.0000      0.8652±0.0116      0.8129±0.0135      5
relational_max | random7:3-4-8-10-11-12-14 | circuit      0.5051±0.0336      0.6978±0.0404      0.8138±0.0485      0.8100±0.0403      0.5529±0.0377      0.1000±0.0000      0.7371±0.0206      0.6719±0.0209      5
relational_max | random7:3-4-8-10-11-12-14 | gaussian_fitted      0.4982±0.0333      0.7317±0.0287      0.9668±0.0158      0.9517±0.0116      0.7145±0.0322      0.1000±0.0000      0.8299±0.0119      0.7671±0.0137      5
relational_max | single_sensor_0 | circuit          0.5000±0.0000      0.5000±0.0000      0.5000±0.0000      0.5000±0.0000      0.5000±0.0000      0.1000±0.0000      0.5000±0.0000      0.5000±0.0000      5
relational_max | single_sensor_0 | gaussian_fitted      0.5000±0.0000      0.5000±0.0000      0.5000±0.0000      0.5000±0.0000      0.5000±0.0000      0.1000±0.0000      0.5000±0.0000      0.5000±0.0000      5
shortcut audit                                                  —                  —                  —                  —                  —                  —                  —                  —      5

wrote logs/ts/ws/diagnosis_fd001_candidate/summary.csv, summary.json, summary.md

