==============================================================================
 experiment: diagnosis_smoke   (config/ts/diagnosis_smoke.yaml)
 Exact circuit diagnosis integration check, including capacity and conditional training.
 output:     logs/ts/ws/diagnosis_smoke
==============================================================================

5 variant(s) × 1 seed(s) = 5 run(s)

  blocked                                dataset=synthetic        stages=diagnosis
  upper_capacity                         dataset=synthetic        stages=diagnosis
  mixture                                dataset=synthetic        stages=diagnosis
  conditional                            dataset=synthetic        stages=diagnosis
  unblocked                              dataset=synthetic        stages=diagnosis


>>> [1/5] blocked · seed 11 · logs/ts/ws/diagnosis_smoke/blocked/seed11
[16:03:30] === run start · seed11 · seed 11 · hash 3cc1211c2e9c ===
[16:03:30] stages ['diagnosis'] · device cuda · dataset synthetic
[16:03:30] --- stage: diagnosis ---
    [pc] epoch   0  nll    8.755  val    8.519
    [pc] epoch   1  nll    8.686  val    8.582
    [pc] epoch   2  nll    8.672  val    8.658
    [pc] restored epoch 0 (selected by nll; val nll 8.519, last 8.658)
[16:03:31]   pc_train_nll: first=8.7553 last=8.6717 (3 epochs)
[16:03:31]   pc_train_objective: first=8.7553 last=8.6717 (3 epochs)
[16:03:31]   pc_selection_loss: first=8.5193 last=8.6582 (3 epochs)
[16:03:31]   pc_val_nll: first=8.5193 last=8.6582 (3 epochs)
[16:03:31]   pc: fit 1.1s · 60 params · score sd 2.854 · device cuda · layered · 174 win/s
[16:03:31]   pc: validation on 20 windows from explicit subset of held-out units · best epoch 0 of 3 · val nll 8.519
[16:03:31]   shortcut audit: target-channel-only AUROC 0.427 (0.5 = no marginal shortcut)
[16:03:31]   diagnosis: full (3.0 observed on average), 40 paired windows, 2 method(s)
[16:03:31]   diagnosis: random1:0 (2.0 observed on average), 40 paired windows, 2 method(s)
[16:03:31]   diagnosis: bank0:0 (2.0 observed on average), 40 paired windows, 2 method(s)
[16:03:31]   diagnosis: single_sensor_0 (1.0 observed on average), 40 paired windows, 2 method(s)
[16:03:31]   Diagnosis completed on validation engines only; no confirmatory PASS/FAIL inferred.
[16:03:31] --- stage diagnosis done in 1.2s ---
[16:03:31] === run ok · 1.6s · peak RSS 1.473 GB ===

>>> [2/5] upper_capacity · seed 11 · logs/ts/ws/diagnosis_smoke/upper_capacity/seed11 · mean 0.0 min/run · ETA 0 min for the remaining 4
[16:03:31] === run start · seed11 · seed 11 · hash ad1d6953c971 ===
[16:03:31] stages ['diagnosis'] · device cuda · dataset synthetic
[16:03:31] --- stage: diagnosis ---
    [pc] epoch   0  nll    8.755  val    8.516
    [pc] epoch   1  nll    8.687  val    8.580
    [pc] epoch   2  nll    8.673  val    8.658
    [pc] restored epoch 0 (selected by nll; val nll 8.516, last 8.658)
[16:03:31]   pc_train_nll: first=8.7551 last=8.6725 (3 epochs)
[16:03:31]   pc_train_objective: first=8.7551 last=8.6725 (3 epochs)
[16:03:31]   pc_selection_loss: first=8.5161 last=8.6582 (3 epochs)
[16:03:31]   pc_val_nll: first=8.5161 last=8.6582 (3 epochs)
[16:03:31]   pc: fit 0.0s · 108 params · score sd 2.856 · device cuda · layered · 8,747 win/s
[16:03:31]   pc: validation on 20 windows from explicit subset of held-out units · best epoch 0 of 3 · val nll 8.516
[16:03:31]   shortcut audit: target-channel-only AUROC 0.427 (0.5 = no marginal shortcut)
[16:03:31]   diagnosis: full (3.0 observed on average), 40 paired windows, 2 method(s)
[16:03:31]   diagnosis: random1:0 (2.0 observed on average), 40 paired windows, 2 method(s)
[16:03:31]   diagnosis: bank0:0 (2.0 observed on average), 40 paired windows, 2 method(s)
[16:03:31]   diagnosis: single_sensor_0 (1.0 observed on average), 40 paired windows, 2 method(s)
[16:03:31]   Diagnosis completed on validation engines only; no confirmatory PASS/FAIL inferred.
[16:03:31] --- stage diagnosis done in 0.1s ---
[16:03:31] === run ok · 0.2s · peak RSS 1.474 GB ===

>>> [3/5] mixture · seed 11 · logs/ts/ws/diagnosis_smoke/mixture/seed11 · mean 0.0 min/run · ETA 0 min for the remaining 3
[16:03:31] === run start · seed11 · seed 11 · hash a45835247101 ===
[16:03:31] stages ['diagnosis'] · device cuda · dataset synthetic
[16:03:31] --- stage: diagnosis ---
    [pc] epoch   0  nll    8.753  val    8.529
    [pc] epoch   1  nll    8.685  val    8.591
    [pc] epoch   2  nll    8.672  val    8.666
    [pc] restored epoch 0 (selected by nll; val nll 8.529, last 8.666)
[16:03:31]   pc_train_nll: first=8.7526 last=8.6722 (3 epochs)
[16:03:31]   pc_train_objective: first=8.7526 last=8.6722 (3 epochs)
[16:03:31]   pc_selection_loss: first=8.5288 last=8.6656 (3 epochs)
[16:03:31]   pc_val_nll: first=8.5288 last=8.6656 (3 epochs)
[16:03:31]   pc: fit 0.0s · 63 params · score sd 2.857 · device cuda · layered · 6,934 win/s
[16:03:31]   pc: validation on 20 windows from explicit subset of held-out units · best epoch 0 of 3 · val nll 8.529
[16:03:31]   shortcut audit: target-channel-only AUROC 0.427 (0.5 = no marginal shortcut)
[16:03:31]   diagnosis: full (3.0 observed on average), 40 paired windows, 2 method(s)
[16:03:31]   diagnosis: random1:0 (2.0 observed on average), 40 paired windows, 2 method(s)
[16:03:31]   diagnosis: bank0:0 (2.0 observed on average), 40 paired windows, 2 method(s)
[16:03:31]   diagnosis: single_sensor_0 (1.0 observed on average), 40 paired windows, 2 method(s)
[16:03:31]   Diagnosis completed on validation engines only; no confirmatory PASS/FAIL inferred.
[16:03:31] --- stage diagnosis done in 0.1s ---
[16:03:31] === run ok · 0.1s · peak RSS 1.474 GB ===

>>> [4/5] conditional · seed 11 · logs/ts/ws/diagnosis_smoke/conditional/seed11 · mean 0.0 min/run · ETA 0 min for the remaining 2
[16:03:31] === run start · seed11 · seed 11 · hash 7d53bcd5c0fb ===
[16:03:31] stages ['diagnosis'] · device cuda · dataset synthetic
[16:03:31] --- stage: diagnosis ---
    [pc] epoch   0  nll    8.755  val    8.517
    [pc] epoch   1  nll    8.687  val    8.581
    [pc] epoch   2  nll    8.671  val    8.654
    [pc] restored epoch 0 (selected by objective; val nll 8.517, last 8.654)
[16:03:31]   pc_train_nll: first=8.7553 last=8.6709 (3 epochs)
[16:03:31]   pc_train_objective: first=10.6332 last=10.3664 (3 epochs)
[16:03:31]   pc_selection_loss: first=10.2205 last=10.3844 (3 epochs)
[16:03:31]   pc_val_nll: first=8.5171 last=8.6537 (3 epochs)
[16:03:31]   pc: fit 0.1s · 60 params · score sd 2.845 · device cuda · layered · 3,776 win/s
[16:03:31]   pc: validation on 20 windows from explicit subset of held-out units · best epoch 0 of 3 · val nll 8.517
[16:03:31]   shortcut audit: target-channel-only AUROC 0.427 (0.5 = no marginal shortcut)
[16:03:31]   diagnosis: full (3.0 observed on average), 40 paired windows, 2 method(s)
[16:03:31]   diagnosis: random1:0 (2.0 observed on average), 40 paired windows, 2 method(s)
[16:03:32]   diagnosis: bank0:0 (2.0 observed on average), 40 paired windows, 2 method(s)
[16:03:32]   diagnosis: single_sensor_0 (1.0 observed on average), 40 paired windows, 2 method(s)
[16:03:32]   Diagnosis completed on validation engines only; no confirmatory PASS/FAIL inferred.
[16:03:32] --- stage diagnosis done in 0.2s ---
[16:03:32] === run ok · 0.2s · peak RSS 1.474 GB ===

>>> [5/5] unblocked · seed 11 · logs/ts/ws/diagnosis_smoke/unblocked/seed11 · mean 0.0 min/run · ETA 0 min for the remaining 1
[16:03:32] === run start · seed11 · seed 11 · hash db1b9b6fa34a ===
[16:03:32] stages ['diagnosis'] · device cuda · dataset synthetic
[16:03:32] --- stage: diagnosis ---
    [pc] epoch   0  nll    8.772  val    8.492
    [pc] epoch   1  nll    8.698  val    8.544
    [pc] epoch   2  nll    8.674  val    8.620
    [pc] restored epoch 0 (selected by nll; val nll 8.492, last 8.620)
[16:03:32]   pc_train_nll: first=8.7722 last=8.6740 (3 epochs)
[16:03:32]   pc_train_objective: first=8.7722 last=8.6740 (3 epochs)
[16:03:32]   pc_selection_loss: first=8.4920 last=8.6200 (3 epochs)
[16:03:32]   pc_val_nll: first=8.4920 last=8.6200 (3 epochs)
[16:03:32]   pc: fit 0.0s · 60 params · score sd 2.865 · device cuda · layered · 9,158 win/s
[16:03:32]   pc: validation on 20 windows from explicit subset of held-out units · best epoch 0 of 3 · val nll 8.492
[16:03:32]   shortcut audit: target-channel-only AUROC 0.427 (0.5 = no marginal shortcut)
[16:03:32]   diagnosis: full (3.0 observed on average), 40 paired windows, 2 method(s)
[16:03:32]   diagnosis: random1:0 (2.0 observed on average), 40 paired windows, 2 method(s)
[16:03:32]   diagnosis: bank0:0 (2.0 observed on average), 40 paired windows, 2 method(s)
[16:03:32]   diagnosis: single_sensor_0 (1.0 observed on average), 40 paired windows, 2 method(s)
[16:03:32]   Diagnosis completed on validation engines only; no confirmatory PASS/FAIL inferred.
[16:03:32] --- stage diagnosis done in 0.1s ---
[16:03:32] === run ok · 0.1s · peak RSS 1.474 GB ===

==============================================================================
 batch finished in 0.0 min — 5 ok, 0 skipped, 0 failed
==============================================================================

=== diagnosis (mean ± sd over seeds) ===

method                                         variant                  auroc[independent_block]              alpha                 ap              auroc         batch_size         best_epoch      calibration_n     checkpoint_nll  seeds
--------------------------------------------------------------------------------------------------------------------------------------------------------------------------------------------------------------------------------------------
conditional_max | bank0:0 | circuit            unblocked                     0.5000±0.0000      0.1000±0.0000      0.5000±0.0000      0.5000±0.0000                  —                  —     20.0000±0.0000                  —      1
conditional_max | bank0:0 | circuit            mixture                       0.5000±0.0000      0.1000±0.0000      0.5000±0.0000      0.5000±0.0000                  —                  —     20.0000±0.0000                  —      1
conditional_max | bank0:0 | circuit            blocked                       0.5000±0.0000      0.1000±0.0000      0.5000±0.0000      0.5000±0.0000                  —                  —     20.0000±0.0000                  —      1
conditional_max | bank0:0 | circuit            upper_capacity                0.5000±0.0000      0.1000±0.0000      0.5000±0.0000      0.5000±0.0000                  —                  —     20.0000±0.0000                  —      1
conditional_max | bank0:0 | circuit            conditional                   0.5000±0.0000      0.1000±0.0000      0.5000±0.0000      0.5000±0.0000                  —                  —     20.0000±0.0000                  —      1
conditional_max | bank0:0 | known_law_oracle   unblocked                     0.5000±0.0000      0.1000±0.0000      0.5000±0.0000      0.5000±0.0000                  —                  —     20.0000±0.0000                  —      1
conditional_max | bank0:0 | known_law_oracle   mixture                       0.5000±0.0000      0.1000±0.0000      0.5000±0.0000      0.5000±0.0000                  —                  —     20.0000±0.0000                  —      1
conditional_max | bank0:0 | known_law_oracle   blocked                       0.5000±0.0000      0.1000±0.0000      0.5000±0.0000      0.5000±0.0000                  —                  —     20.0000±0.0000                  —      1
conditional_max | bank0:0 | known_law_oracle   upper_capacity                0.5000±0.0000      0.1000±0.0000      0.5000±0.0000      0.5000±0.0000                  —                  —     20.0000±0.0000                  —      1
conditional_max | bank0:0 | known_law_oracle   conditional                   0.5000±0.0000      0.1000±0.0000      0.5000±0.0000      0.5000±0.0000                  —                  —     20.0000±0.0000                  —      1
conditional_max | full | circuit               unblocked                     0.5038±0.0000      0.1000±0.0000      0.5270±0.0000      0.5038±0.0000                  —                  —     20.0000±0.0000                  —      1
conditional_max | full | circuit               mixture                       0.4900±0.0000      0.1000±0.0000      0.5025±0.0000      0.4900±0.0000                  —                  —     20.0000±0.0000                  —      1
conditional_max | full | circuit               blocked                       0.4938±0.0000      0.1000±0.0000      0.5229±0.0000      0.4938±0.0000                  —                  —     20.0000±0.0000                  —      1
conditional_max | full | circuit               upper_capacity                0.4888±0.0000      0.1000±0.0000      0.4954±0.0000      0.4888±0.0000                  —                  —     20.0000±0.0000                  —      1
conditional_max | full | circuit               conditional                   0.4925±0.0000      0.1000±0.0000      0.5249±0.0000      0.4925±0.0000                  —                  —     20.0000±0.0000                  —      1
conditional_max | full | known_law_oracle      unblocked                     0.7100±0.0000      0.1000±0.0000      0.7760±0.0000      0.7100±0.0000                  —                  —     20.0000±0.0000                  —      1
conditional_max | full | known_law_oracle      mixture                       0.7100±0.0000      0.1000±0.0000      0.7760±0.0000      0.7100±0.0000                  —                  —     20.0000±0.0000                  —      1
conditional_max | full | known_law_oracle      blocked                       0.7100±0.0000      0.1000±0.0000      0.7760±0.0000      0.7100±0.0000                  —                  —     20.0000±0.0000                  —      1
conditional_max | full | known_law_oracle      upper_capacity                0.7100±0.0000      0.1000±0.0000      0.7760±0.0000      0.7100±0.0000                  —                  —     20.0000±0.0000                  —      1
conditional_max | full | known_law_oracle      conditional                   0.7100±0.0000      0.1000±0.0000      0.7760±0.0000      0.7100±0.0000                  —                  —     20.0000±0.0000                  —      1
conditional_max | random1:0 | circuit          unblocked                     0.5000±0.0000      0.1000±0.0000      0.5000±0.0000      0.5000±0.0000                  —                  —     20.0000±0.0000                  —      1
conditional_max | random1:0 | circuit          mixture                       0.5000±0.0000      0.1000±0.0000      0.5000±0.0000      0.5000±0.0000                  —                  —     20.0000±0.0000                  —      1
conditional_max | random1:0 | circuit          blocked                       0.5000±0.0000      0.1000±0.0000      0.5000±0.0000      0.5000±0.0000                  —                  —     20.0000±0.0000                  —      1
conditional_max | random1:0 | circuit          upper_capacity                0.5000±0.0000      0.1000±0.0000      0.5000±0.0000      0.5000±0.0000                  —                  —     20.0000±0.0000                  —      1
conditional_max | random1:0 | circuit          conditional                   0.5000±0.0000      0.1000±0.0000      0.5000±0.0000      0.5000±0.0000                  —                  —     20.0000±0.0000                  —      1
conditional_max | random1:0 | known_law_oracle unblocked                     0.5000±0.0000      0.1000±0.0000      0.5000±0.0000      0.5000±0.0000                  —                  —     20.0000±0.0000                  —      1
conditional_max | random1:0 | known_law_oracle mixture                       0.5000±0.0000      0.1000±0.0000      0.5000±0.0000      0.5000±0.0000                  —                  —     20.0000±0.0000                  —      1
conditional_max | random1:0 | known_law_oracle blocked                       0.5000±0.0000      0.1000±0.0000      0.5000±0.0000      0.5000±0.0000                  —                  —     20.0000±0.0000                  —      1
conditional_max | random1:0 | known_law_oracle upper_capacity                0.5000±0.0000      0.1000±0.0000      0.5000±0.0000      0.5000±0.0000                  —                  —     20.0000±0.0000                  —      1
conditional_max | random1:0 | known_law_oracle conditional                   0.5000±0.0000      0.1000±0.0000      0.5000±0.0000      0.5000±0.0000                  —                  —     20.0000±0.0000                  —      1
conditional_max | single_sensor_0 | circuit    unblocked                     0.4325±0.0000      0.1000±0.0000      0.4469±0.0000      0.4325±0.0000                  —                  —     20.0000±0.0000                  —      1
conditional_max | single_sensor_0 | circuit    mixture                       0.4350±0.0000      0.1000±0.0000      0.4490±0.0000      0.4350±0.0000                  —                  —     20.0000±0.0000                  —      1
conditional_max | single_sensor_0 | circuit    blocked                       0.4325±0.0000      0.1000±0.0000      0.4482±0.0000      0.4325±0.0000                  —                  —     20.0000±0.0000                  —      1
conditional_max | single_sensor_0 | circuit    upper_capacity                0.4325±0.0000      0.1000±0.0000      0.4482±0.0000      0.4325±0.0000                  —                  —     20.0000±0.0000                  —      1
conditional_max | single_sensor_0 | circuit    conditional                   0.4325±0.0000      0.1000±0.0000      0.4482±0.0000      0.4325±0.0000                  —                  —     20.0000±0.0000                  —      1
conditional_max | single_sensor_0 | known_law_oracle unblocked                     0.3925±0.0000      0.1000±0.0000      0.4280±0.0000      0.3925±0.0000                  —                  —     20.0000±0.0000                  —      1
conditional_max | single_sensor_0 | known_law_oracle mixture                       0.3925±0.0000      0.1000±0.0000      0.4280±0.0000      0.3925±0.0000                  —                  —     20.0000±0.0000                  —      1
conditional_max | single_sensor_0 | known_law_oracle blocked                       0.3925±0.0000      0.1000±0.0000      0.4280±0.0000      0.3925±0.0000                  —                  —     20.0000±0.0000                  —      1
conditional_max | single_sensor_0 | known_law_oracle upper_capacity                0.3925±0.0000      0.1000±0.0000      0.4280±0.0000      0.3925±0.0000                  —                  —     20.0000±0.0000                  —      1
conditional_max | single_sensor_0 | known_law_oracle conditional                   0.3925±0.0000      0.1000±0.0000      0.4280±0.0000      0.3925±0.0000                  —                  —     20.0000±0.0000                  —      1
independent | bank0:0 | circuit                unblocked                     0.5000±0.0000      0.1000±0.0000      0.5000±0.0000      0.5000±0.0000                  —                  —     20.0000±0.0000                  —      1
independent | bank0:0 | circuit                mixture                       0.5000±0.0000      0.1000±0.0000      0.5000±0.0000      0.5000±0.0000                  —                  —     20.0000±0.0000                  —      1
independent | bank0:0 | circuit                blocked                       0.5000±0.0000      0.1000±0.0000      0.5000±0.0000      0.5000±0.0000                  —                  —     20.0000±0.0000                  —      1
independent | bank0:0 | circuit                upper_capacity                0.5000±0.0000      0.1000±0.0000      0.5000±0.0000      0.5000±0.0000                  —                  —     20.0000±0.0000                  —      1
independent | bank0:0 | circuit                conditional                   0.5000±0.0000      0.1000±0.0000      0.5000±0.0000      0.5000±0.0000                  —                  —     20.0000±0.0000                  —      1
independent | bank0:0 | known_law_oracle       unblocked                     0.5000±0.0000      0.1000±0.0000      0.5000±0.0000      0.5000±0.0000                  —                  —     20.0000±0.0000                  —      1
independent | bank0:0 | known_law_oracle       mixture                       0.5000±0.0000      0.1000±0.0000      0.5000±0.0000      0.5000±0.0000                  —                  —     20.0000±0.0000                  —      1
independent | bank0:0 | known_law_oracle       blocked                       0.5000±0.0000      0.1000±0.0000      0.5000±0.0000      0.5000±0.0000                  —                  —     20.0000±0.0000                  —      1
independent | bank0:0 | known_law_oracle       upper_capacity                0.5000±0.0000      0.1000±0.0000      0.5000±0.0000      0.5000±0.0000                  —                  —     20.0000±0.0000                  —      1
independent | bank0:0 | known_law_oracle       conditional                   0.5000±0.0000      0.1000±0.0000      0.5000±0.0000      0.5000±0.0000                  —                  —     20.0000±0.0000                  —      1
independent | full | circuit                   unblocked                     0.5025±0.0000      0.1000±0.0000      0.4906±0.0000      0.5025±0.0000                  —                  —     20.0000±0.0000                  —      1
independent | full | circuit                   mixture                       0.4975±0.0000      0.1000±0.0000      0.4862±0.0000      0.4975±0.0000                  —                  —     20.0000±0.0000                  —      1
independent | full | circuit                   blocked                       0.5000±0.0000      0.1000±0.0000      0.4870±0.0000      0.5000±0.0000                  —                  —     20.0000±0.0000                  —      1
independent | full | circuit                   upper_capacity                0.5025±0.0000      0.1000±0.0000      0.4880±0.0000      0.5025±0.0000                  —                  —     20.0000±0.0000                  —      1
independent | full | circuit                   conditional                   0.5050±0.0000      0.1000±0.0000      0.4891±0.0000      0.5050±0.0000                  —                  —     20.0000±0.0000                  —      1
independent | full | known_law_oracle          unblocked                     0.4400±0.0000      0.1000±0.0000      0.4595±0.0000      0.4400±0.0000                  —                  —     20.0000±0.0000                  —      1
independent | full | known_law_oracle          mixture                       0.4400±0.0000      0.1000±0.0000      0.4595±0.0000      0.4400±0.0000                  —                  —     20.0000±0.0000                  —      1
independent | full | known_law_oracle          blocked                       0.4400±0.0000      0.1000±0.0000      0.4595±0.0000      0.4400±0.0000                  —                  —     20.0000±0.0000                  —      1
independent | full | known_law_oracle          upper_capacity                0.4400±0.0000      0.1000±0.0000      0.4595±0.0000      0.4400±0.0000                  —                  —     20.0000±0.0000                  —      1
independent | full | known_law_oracle          conditional                   0.4400±0.0000      0.1000±0.0000      0.4595±0.0000      0.4400±0.0000                  —                  —     20.0000±0.0000                  —      1
independent | random1:0 | circuit              unblocked                     0.5000±0.0000      0.1000±0.0000      0.5000±0.0000      0.5000±0.0000                  —                  —     20.0000±0.0000                  —      1
independent | random1:0 | circuit              mixture                       0.5000±0.0000      0.1000±0.0000      0.5000±0.0000      0.5000±0.0000                  —                  —     20.0000±0.0000                  —      1
independent | random1:0 | circuit              blocked                       0.5000±0.0000      0.1000±0.0000      0.5000±0.0000      0.5000±0.0000                  —                  —     20.0000±0.0000                  —      1
independent | random1:0 | circuit              upper_capacity                0.5000±0.0000      0.1000±0.0000      0.5000±0.0000      0.5000±0.0000                  —                  —     20.0000±0.0000                  —      1
independent | random1:0 | circuit              conditional                   0.5000±0.0000      0.1000±0.0000      0.5000±0.0000      0.5000±0.0000                  —                  —     20.0000±0.0000                  —      1
independent | random1:0 | known_law_oracle     unblocked                     0.5000±0.0000      0.1000±0.0000      0.5000±0.0000      0.5000±0.0000                  —                  —     20.0000±0.0000                  —      1
independent | random1:0 | known_law_oracle     mixture                       0.5000±0.0000      0.1000±0.0000      0.5000±0.0000      0.5000±0.0000                  —                  —     20.0000±0.0000                  —      1
independent | random1:0 | known_law_oracle     blocked                       0.5000±0.0000      0.1000±0.0000      0.5000±0.0000      0.5000±0.0000                  —                  —     20.0000±0.0000                  —      1
independent | random1:0 | known_law_oracle     upper_capacity                0.5000±0.0000      0.1000±0.0000      0.5000±0.0000      0.5000±0.0000                  —                  —     20.0000±0.0000                  —      1
independent | random1:0 | known_law_oracle     conditional                   0.5000±0.0000      0.1000±0.0000      0.5000±0.0000      0.5000±0.0000                  —                  —     20.0000±0.0000                  —      1
independent | single_sensor_0 | circuit        unblocked                     0.4325±0.0000      0.1000±0.0000      0.4469±0.0000      0.4325±0.0000                  —                  —     20.0000±0.0000                  —      1
independent | single_sensor_0 | circuit        mixture                       0.4350±0.0000      0.1000±0.0000      0.4490±0.0000      0.4350±0.0000                  —                  —     20.0000±0.0000                  —      1
independent | single_sensor_0 | circuit        blocked                       0.4325±0.0000      0.1000±0.0000      0.4482±0.0000      0.4325±0.0000                  —                  —     20.0000±0.0000                  —      1
independent | single_sensor_0 | circuit        upper_capacity                0.4325±0.0000      0.1000±0.0000      0.4482±0.0000      0.4325±0.0000                  —                  —     20.0000±0.0000                  —      1
independent | single_sensor_0 | circuit        conditional                   0.4325±0.0000      0.1000±0.0000      0.4482±0.0000      0.4325±0.0000                  —                  —     20.0000±0.0000                  —      1
independent | single_sensor_0 | known_law_oracle unblocked                     0.3925±0.0000      0.1000±0.0000      0.4280±0.0000      0.3925±0.0000                  —                  —     20.0000±0.0000                  —      1
independent | single_sensor_0 | known_law_oracle mixture                       0.3925±0.0000      0.1000±0.0000      0.4280±0.0000      0.3925±0.0000                  —                  —     20.0000±0.0000                  —      1
independent | single_sensor_0 | known_law_oracle blocked                       0.3925±0.0000      0.1000±0.0000      0.4280±0.0000      0.3925±0.0000                  —                  —     20.0000±0.0000                  —      1
independent | single_sensor_0 | known_law_oracle upper_capacity                0.3925±0.0000      0.1000±0.0000      0.4280±0.0000      0.3925±0.0000                  —                  —     20.0000±0.0000                  —      1
independent | single_sensor_0 | known_law_oracle conditional                   0.3925±0.0000      0.1000±0.0000      0.4280±0.0000      0.3925±0.0000                  —                  —     20.0000±0.0000                  —      1
joint | bank0:0 | circuit                      unblocked                     0.5000±0.0000      0.1000±0.0000      0.5000±0.0000      0.5000±0.0000                  —                  —     20.0000±0.0000                  —      1
joint | bank0:0 | circuit                      mixture                       0.5000±0.0000      0.1000±0.0000      0.5000±0.0000      0.5000±0.0000                  —                  —     20.0000±0.0000                  —      1
joint | bank0:0 | circuit                      blocked                       0.5000±0.0000      0.1000±0.0000      0.5000±0.0000      0.5000±0.0000                  —                  —     20.0000±0.0000                  —      1
joint | bank0:0 | circuit                      upper_capacity                0.5000±0.0000      0.1000±0.0000      0.5000±0.0000      0.5000±0.0000                  —                  —     20.0000±0.0000                  —      1
joint | bank0:0 | circuit                      conditional                   0.5000±0.0000      0.1000±0.0000      0.5000±0.0000      0.5000±0.0000                  —                  —     20.0000±0.0000                  —      1
joint | bank0:0 | known_law_oracle             unblocked                     0.5000±0.0000      0.1000±0.0000      0.5000±0.0000      0.5000±0.0000                  —                  —     20.0000±0.0000                  —      1
joint | bank0:0 | known_law_oracle             mixture                       0.5000±0.0000      0.1000±0.0000      0.5000±0.0000      0.5000±0.0000                  —                  —     20.0000±0.0000                  —      1
joint | bank0:0 | known_law_oracle             blocked                       0.5000±0.0000      0.1000±0.0000      0.5000±0.0000      0.5000±0.0000                  —                  —     20.0000±0.0000                  —      1
joint | bank0:0 | known_law_oracle             upper_capacity                0.5000±0.0000      0.1000±0.0000      0.5000±0.0000      0.5000±0.0000                  —                  —     20.0000±0.0000                  —      1
joint | bank0:0 | known_law_oracle             conditional                   0.5000±0.0000      0.1000±0.0000      0.5000±0.0000      0.5000±0.0000                  —                  —     20.0000±0.0000                  —      1
joint | full | circuit                         unblocked                     0.5025±0.0000      0.1000±0.0000      0.4906±0.0000      0.5025±0.0000                  —                  —     20.0000±0.0000                  —      1
joint | full | circuit                         mixture                       0.4975±0.0000      0.1000±0.0000      0.4862±0.0000      0.4975±0.0000                  —                  —     20.0000±0.0000                  —      1
joint | full | circuit                         blocked                       0.5000±0.0000      0.1000±0.0000      0.4870±0.0000      0.5000±0.0000                  —                  —     20.0000±0.0000                  —      1
joint | full | circuit                         upper_capacity                0.5025±0.0000      0.1000±0.0000      0.4880±0.0000      0.5025±0.0000                  —                  —     20.0000±0.0000                  —      1
joint | full | circuit                         conditional                   0.5050±0.0000      0.1000±0.0000      0.4891±0.0000      0.5050±0.0000                  —                  —     20.0000±0.0000                  —      1
joint | full | known_law_oracle                unblocked                     0.6875±0.0000      0.1000±0.0000      0.7488±0.0000      0.6875±0.0000                  —                  —     20.0000±0.0000                  —      1
joint | full | known_law_oracle                mixture                       0.6875±0.0000      0.1000±0.0000      0.7488±0.0000      0.6875±0.0000                  —                  —     20.0000±0.0000                  —      1
joint | full | known_law_oracle                blocked                       0.6875±0.0000      0.1000±0.0000      0.7488±0.0000      0.6875±0.0000                  —                  —     20.0000±0.0000                  —      1
joint | full | known_law_oracle                upper_capacity                0.6875±0.0000      0.1000±0.0000      0.7488±0.0000      0.6875±0.0000                  —                  —     20.0000±0.0000                  —      1
joint | full | known_law_oracle                conditional                   0.6875±0.0000      0.1000±0.0000      0.7488±0.0000      0.6875±0.0000                  —                  —     20.0000±0.0000                  —      1
joint | random1:0 | circuit                    unblocked                     0.5000±0.0000      0.1000±0.0000      0.5000±0.0000      0.5000±0.0000                  —                  —     20.0000±0.0000                  —      1
joint | random1:0 | circuit                    mixture                       0.5000±0.0000      0.1000±0.0000      0.5000±0.0000      0.5000±0.0000                  —                  —     20.0000±0.0000                  —      1
joint | random1:0 | circuit                    blocked                       0.5000±0.0000      0.1000±0.0000      0.5000±0.0000      0.5000±0.0000                  —                  —     20.0000±0.0000                  —      1
joint | random1:0 | circuit                    upper_capacity                0.5000±0.0000      0.1000±0.0000      0.5000±0.0000      0.5000±0.0000                  —                  —     20.0000±0.0000                  —      1
joint | random1:0 | circuit                    conditional                   0.5000±0.0000      0.1000±0.0000      0.5000±0.0000      0.5000±0.0000                  —                  —     20.0000±0.0000                  —      1
joint | random1:0 | known_law_oracle           unblocked                     0.5000±0.0000      0.1000±0.0000      0.5000±0.0000      0.5000±0.0000                  —                  —     20.0000±0.0000                  —      1
joint | random1:0 | known_law_oracle           mixture                       0.5000±0.0000      0.1000±0.0000      0.5000±0.0000      0.5000±0.0000                  —                  —     20.0000±0.0000                  —      1
joint | random1:0 | known_law_oracle           blocked                       0.5000±0.0000      0.1000±0.0000      0.5000±0.0000      0.5000±0.0000                  —                  —     20.0000±0.0000                  —      1
joint | random1:0 | known_law_oracle           upper_capacity                0.5000±0.0000      0.1000±0.0000      0.5000±0.0000      0.5000±0.0000                  —                  —     20.0000±0.0000                  —      1
joint | random1:0 | known_law_oracle           conditional                   0.5000±0.0000      0.1000±0.0000      0.5000±0.0000      0.5000±0.0000                  —                  —     20.0000±0.0000                  —      1
joint | single_sensor_0 | circuit              unblocked                     0.4325±0.0000      0.1000±0.0000      0.4469±0.0000      0.4325±0.0000                  —                  —     20.0000±0.0000                  —      1
joint | single_sensor_0 | circuit              mixture                       0.4350±0.0000      0.1000±0.0000      0.4490±0.0000      0.4350±0.0000                  —                  —     20.0000±0.0000                  —      1
joint | single_sensor_0 | circuit              blocked                       0.4325±0.0000      0.1000±0.0000      0.4482±0.0000      0.4325±0.0000                  —                  —     20.0000±0.0000                  —      1
joint | single_sensor_0 | circuit              upper_capacity                0.4325±0.0000      0.1000±0.0000      0.4482±0.0000      0.4325±0.0000                  —                  —     20.0000±0.0000                  —      1
joint | single_sensor_0 | circuit              conditional                   0.4325±0.0000      0.1000±0.0000      0.4482±0.0000      0.4325±0.0000                  —                  —     20.0000±0.0000                  —      1
joint | single_sensor_0 | known_law_oracle     unblocked                     0.3925±0.0000      0.1000±0.0000      0.4280±0.0000      0.3925±0.0000                  —                  —     20.0000±0.0000                  —      1
joint | single_sensor_0 | known_law_oracle     mixture                       0.3925±0.0000      0.1000±0.0000      0.4280±0.0000      0.3925±0.0000                  —                  —     20.0000±0.0000                  —      1
joint | single_sensor_0 | known_law_oracle     blocked                       0.3925±0.0000      0.1000±0.0000      0.4280±0.0000      0.3925±0.0000                  —                  —     20.0000±0.0000                  —      1
joint | single_sensor_0 | known_law_oracle     upper_capacity                0.3925±0.0000      0.1000±0.0000      0.4280±0.0000      0.3925±0.0000                  —                  —     20.0000±0.0000                  —      1
joint | single_sensor_0 | known_law_oracle     conditional                   0.3925±0.0000      0.1000±0.0000      0.4280±0.0000      0.3925±0.0000                  —                  —     20.0000±0.0000                  —      1
known-law error bank0:0 | circuit              unblocked                                 —                  —                  —                  —                  —                  —                  —                  —      1
known-law error bank0:0 | circuit              mixture                                   —                  —                  —                  —                  —                  —                  —                  —      1
known-law error bank0:0 | circuit              blocked                                   —                  —                  —                  —                  —                  —                  —                  —      1
known-law error bank0:0 | circuit              upper_capacity                            —                  —                  —                  —                  —                  —                  —                  —      1
known-law error bank0:0 | circuit              conditional                               —                  —                  —                  —                  —                  —                  —                  —      1
known-law error bank0:0 | known_law_oracle     unblocked                                 —                  —                  —                  —                  —                  —                  —                  —      1
known-law error bank0:0 | known_law_oracle     mixture                                   —                  —                  —                  —                  —                  —                  —                  —      1
known-law error bank0:0 | known_law_oracle     blocked                                   —                  —                  —                  —                  —                  —                  —                  —      1
known-law error bank0:0 | known_law_oracle     upper_capacity                            —                  —                  —                  —                  —                  —                  —                  —      1
known-law error bank0:0 | known_law_oracle     conditional                               —                  —                  —                  —                  —                  —                  —                  —      1
known-law error full | circuit                 unblocked                                 —                  —                  —                  —                  —                  —                  —                  —      1
known-law error full | circuit                 mixture                                   —                  —                  —                  —                  —                  —                  —                  —      1
known-law error full | circuit                 blocked                                   —                  —                  —                  —                  —                  —                  —                  —      1
known-law error full | circuit                 upper_capacity                            —                  —                  —                  —                  —                  —                  —                  —      1
known-law error full | circuit                 conditional                               —                  —                  —                  —                  —                  —                  —                  —      1
known-law error full | known_law_oracle        unblocked                                 —                  —                  —                  —                  —                  —                  —                  —      1
known-law error full | known_law_oracle        mixture                                   —                  —                  —                  —                  —                  —                  —                  —      1
known-law error full | known_law_oracle        blocked                                   —                  —                  —                  —                  —                  —                  —                  —      1
known-law error full | known_law_oracle        upper_capacity                            —                  —                  —                  —                  —                  —                  —                  —      1
known-law error full | known_law_oracle        conditional                               —                  —                  —                  —                  —                  —                  —                  —      1
known-law error random1:0 | circuit            unblocked                                 —                  —                  —                  —                  —                  —                  —                  —      1
known-law error random1:0 | circuit            mixture                                   —                  —                  —                  —                  —                  —                  —                  —      1
known-law error random1:0 | circuit            blocked                                   —                  —                  —                  —                  —                  —                  —                  —      1
known-law error random1:0 | circuit            upper_capacity                            —                  —                  —                  —                  —                  —                  —                  —      1
known-law error random1:0 | circuit            conditional                               —                  —                  —                  —                  —                  —                  —                  —      1
known-law error random1:0 | known_law_oracle   unblocked                                 —                  —                  —                  —                  —                  —                  —                  —      1
known-law error random1:0 | known_law_oracle   mixture                                   —                  —                  —                  —                  —                  —                  —                  —      1
known-law error random1:0 | known_law_oracle   blocked                                   —                  —                  —                  —                  —                  —                  —                  —      1
known-law error random1:0 | known_law_oracle   upper_capacity                            —                  —                  —                  —                  —                  —                  —                  —      1
known-law error random1:0 | known_law_oracle   conditional                               —                  —                  —                  —                  —                  —                  —                  —      1
known-law error single_sensor_0 | circuit      unblocked                                 —                  —                  —                  —                  —                  —                  —                  —      1
known-law error single_sensor_0 | circuit      mixture                                   —                  —                  —                  —                  —                  —                  —                  —      1
known-law error single_sensor_0 | circuit      blocked                                   —                  —                  —                  —                  —                  —                  —                  —      1
known-law error single_sensor_0 | circuit      upper_capacity                            —                  —                  —                  —                  —                  —                  —                  —      1
known-law error single_sensor_0 | circuit      conditional                               —                  —                  —                  —                  —                  —                  —                  —      1
known-law error single_sensor_0 | known_law_oracle unblocked                                 —                  —                  —                  —                  —                  —                  —                  —      1
known-law error single_sensor_0 | known_law_oracle mixture                                   —                  —                  —                  —                  —                  —                  —                  —      1
known-law error single_sensor_0 | known_law_oracle blocked                                   —                  —                  —                  —                  —                  —                  —                  —      1
known-law error single_sensor_0 | known_law_oracle upper_capacity                            —                  —                  —                  —                  —                  —                  —                  —      1
known-law error single_sensor_0 | known_law_oracle conditional                               —                  —                  —                  —                  —                  —                  —                  —      1
marginal_max | bank0:0 | circuit               unblocked                     0.5000±0.0000      0.1000±0.0000      0.5000±0.0000      0.5000±0.0000                  —                  —     20.0000±0.0000                  —      1
marginal_max | bank0:0 | circuit               mixture                       0.5000±0.0000      0.1000±0.0000      0.5000±0.0000      0.5000±0.0000                  —                  —     20.0000±0.0000                  —      1
marginal_max | bank0:0 | circuit               blocked                       0.5000±0.0000      0.1000±0.0000      0.5000±0.0000      0.5000±0.0000                  —                  —     20.0000±0.0000                  —      1
marginal_max | bank0:0 | circuit               upper_capacity                0.5000±0.0000      0.1000±0.0000      0.5000±0.0000      0.5000±0.0000                  —                  —     20.0000±0.0000                  —      1
marginal_max | bank0:0 | circuit               conditional                   0.5000±0.0000      0.1000±0.0000      0.5000±0.0000      0.5000±0.0000                  —                  —     20.0000±0.0000                  —      1
marginal_max | bank0:0 | known_law_oracle      unblocked                     0.5000±0.0000      0.1000±0.0000      0.5000±0.0000      0.5000±0.0000                  —                  —     20.0000±0.0000                  —      1
marginal_max | bank0:0 | known_law_oracle      mixture                       0.5000±0.0000      0.1000±0.0000      0.5000±0.0000      0.5000±0.0000                  —                  —     20.0000±0.0000                  —      1
marginal_max | bank0:0 | known_law_oracle      blocked                       0.5000±0.0000      0.1000±0.0000      0.5000±0.0000      0.5000±0.0000                  —                  —     20.0000±0.0000                  —      1
marginal_max | bank0:0 | known_law_oracle      upper_capacity                0.5000±0.0000      0.1000±0.0000      0.5000±0.0000      0.5000±0.0000                  —                  —     20.0000±0.0000                  —      1
marginal_max | bank0:0 | known_law_oracle      conditional                   0.5000±0.0000      0.1000±0.0000      0.5000±0.0000      0.5000±0.0000                  —                  —     20.0000±0.0000                  —      1
marginal_max | full | circuit                  unblocked                     0.5012±0.0000      0.1000±0.0000      0.4942±0.0000      0.5012±0.0000                  —                  —     20.0000±0.0000                  —      1
marginal_max | full | circuit                  mixture                       0.4888±0.0000      0.1000±0.0000      0.4912±0.0000      0.4888±0.0000                  —                  —     20.0000±0.0000                  —      1
marginal_max | full | circuit                  blocked                       0.4913±0.0000      0.1000±0.0000      0.4920±0.0000      0.4913±0.0000                  —                  —     20.0000±0.0000                  —      1
marginal_max | full | circuit                  upper_capacity                0.4913±0.0000      0.1000±0.0000      0.4920±0.0000      0.4913±0.0000                  —                  —     20.0000±0.0000                  —      1
marginal_max | full | circuit                  conditional                   0.4913±0.0000      0.1000±0.0000      0.4920±0.0000      0.4913±0.0000                  —                  —     20.0000±0.0000                  —      1
marginal_max | full | known_law_oracle         unblocked                     0.4425±0.0000      0.1000±0.0000      0.4680±0.0000      0.4425±0.0000                  —                  —     20.0000±0.0000                  —      1
marginal_max | full | known_law_oracle         mixture                       0.4425±0.0000      0.1000±0.0000      0.4680±0.0000      0.4425±0.0000                  —                  —     20.0000±0.0000                  —      1
marginal_max | full | known_law_oracle         blocked                       0.4425±0.0000      0.1000±0.0000      0.4680±0.0000      0.4425±0.0000                  —                  —     20.0000±0.0000                  —      1
marginal_max | full | known_law_oracle         upper_capacity                0.4425±0.0000      0.1000±0.0000      0.4680±0.0000      0.4425±0.0000                  —                  —     20.0000±0.0000                  —      1
marginal_max | full | known_law_oracle         conditional                   0.4425±0.0000      0.1000±0.0000      0.4680±0.0000      0.4425±0.0000                  —                  —     20.0000±0.0000                  —      1
marginal_max | random1:0 | circuit             unblocked                     0.5000±0.0000      0.1000±0.0000      0.5000±0.0000      0.5000±0.0000                  —                  —     20.0000±0.0000                  —      1
marginal_max | random1:0 | circuit             mixture                       0.5000±0.0000      0.1000±0.0000      0.5000±0.0000      0.5000±0.0000                  —                  —     20.0000±0.0000                  —      1
marginal_max | random1:0 | circuit             blocked                       0.5000±0.0000      0.1000±0.0000      0.5000±0.0000      0.5000±0.0000                  —                  —     20.0000±0.0000                  —      1
marginal_max | random1:0 | circuit             upper_capacity                0.5000±0.0000      0.1000±0.0000      0.5000±0.0000      0.5000±0.0000                  —                  —     20.0000±0.0000                  —      1
marginal_max | random1:0 | circuit             conditional                   0.5000±0.0000      0.1000±0.0000      0.5000±0.0000      0.5000±0.0000                  —                  —     20.0000±0.0000                  —      1
marginal_max | random1:0 | known_law_oracle    unblocked                     0.5000±0.0000      0.1000±0.0000      0.5000±0.0000      0.5000±0.0000                  —                  —     20.0000±0.0000                  —      1
marginal_max | random1:0 | known_law_oracle    mixture                       0.5000±0.0000      0.1000±0.0000      0.5000±0.0000      0.5000±0.0000                  —                  —     20.0000±0.0000                  —      1
marginal_max | random1:0 | known_law_oracle    blocked                       0.5000±0.0000      0.1000±0.0000      0.5000±0.0000      0.5000±0.0000                  —                  —     20.0000±0.0000                  —      1
marginal_max | random1:0 | known_law_oracle    upper_capacity                0.5000±0.0000      0.1000±0.0000      0.5000±0.0000      0.5000±0.0000                  —                  —     20.0000±0.0000                  —      1
marginal_max | random1:0 | known_law_oracle    conditional                   0.5000±0.0000      0.1000±0.0000      0.5000±0.0000      0.5000±0.0000                  —                  —     20.0000±0.0000                  —      1
marginal_max | single_sensor_0 | circuit       unblocked                     0.4325±0.0000      0.1000±0.0000      0.4469±0.0000      0.4325±0.0000                  —                  —     20.0000±0.0000                  —      1
marginal_max | single_sensor_0 | circuit       mixture                       0.4350±0.0000      0.1000±0.0000      0.4490±0.0000      0.4350±0.0000                  —                  —     20.0000±0.0000                  —      1
marginal_max | single_sensor_0 | circuit       blocked                       0.4325±0.0000      0.1000±0.0000      0.4482±0.0000      0.4325±0.0000                  —                  —     20.0000±0.0000                  —      1
marginal_max | single_sensor_0 | circuit       upper_capacity                0.4325±0.0000      0.1000±0.0000      0.4482±0.0000      0.4325±0.0000                  —                  —     20.0000±0.0000                  —      1
marginal_max | single_sensor_0 | circuit       conditional                   0.4325±0.0000      0.1000±0.0000      0.4482±0.0000      0.4325±0.0000                  —                  —     20.0000±0.0000                  —      1
marginal_max | single_sensor_0 | known_law_oracle unblocked                     0.3925±0.0000      0.1000±0.0000      0.4280±0.0000      0.3925±0.0000                  —                  —     20.0000±0.0000                  —      1
marginal_max | single_sensor_0 | known_law_oracle mixture                       0.3925±0.0000      0.1000±0.0000      0.4280±0.0000      0.3925±0.0000                  —                  —     20.0000±0.0000                  —      1
marginal_max | single_sensor_0 | known_law_oracle blocked                       0.3925±0.0000      0.1000±0.0000      0.4280±0.0000      0.3925±0.0000                  —                  —     20.0000±0.0000                  —      1
marginal_max | single_sensor_0 | known_law_oracle upper_capacity                0.3925±0.0000      0.1000±0.0000      0.4280±0.0000      0.3925±0.0000                  —                  —     20.0000±0.0000                  —      1
marginal_max | single_sensor_0 | known_law_oracle conditional                   0.3925±0.0000      0.1000±0.0000      0.4280±0.0000      0.3925±0.0000                  —                  —     20.0000±0.0000                  —      1
model                                          unblocked                                 —                  —                  —                  —     32.0000±0.0000      0.0000±0.0000                  —      8.4920±0.0000      1
model                                          mixture                                   —                  —                  —                  —     32.0000±0.0000      0.0000±0.0000                  —      8.5288±0.0000      1
model                                          blocked                                   —                  —                  —                  —     32.0000±0.0000      0.0000±0.0000                  —      8.5193±0.0000      1
model                                          upper_capacity                            —                  —                  —                  —     32.0000±0.0000      0.0000±0.0000                  —      8.5161±0.0000      1
model                                          conditional                               —                  —                  —                  —     32.0000±0.0000      0.0000±0.0000                  —      8.5171±0.0000      1
query bank0:0 | circuit                        unblocked                                 —                  —                  —                  —                  —                  —                  —                  —      1
query bank0:0 | circuit                        mixture                                   —                  —                  —                  —                  —                  —                  —                  —      1
query bank0:0 | circuit                        blocked                                   —                  —                  —                  —                  —                  —                  —                  —      1
query bank0:0 | circuit                        upper_capacity                            —                  —                  —                  —                  —                  —                  —                  —      1
query bank0:0 | circuit                        conditional                               —                  —                  —                  —                  —                  —                  —                  —      1
query bank0:0 | known_law_oracle               unblocked                                 —                  —                  —                  —                  —                  —                  —                  —      1
query bank0:0 | known_law_oracle               mixture                                   —                  —                  —                  —                  —                  —                  —                  —      1
query bank0:0 | known_law_oracle               blocked                                   —                  —                  —                  —                  —                  —                  —                  —      1
query bank0:0 | known_law_oracle               upper_capacity                            —                  —                  —                  —                  —                  —                  —                  —      1
query bank0:0 | known_law_oracle               conditional                               —                  —                  —                  —                  —                  —                  —                  —      1
query full | circuit                           unblocked                                 —                  —                  —                  —                  —                  —                  —                  —      1
query full | circuit                           mixture                                   —                  —                  —                  —                  —                  —                  —                  —      1
query full | circuit                           blocked                                   —                  —                  —                  —                  —                  —                  —                  —      1
query full | circuit                           upper_capacity                            —                  —                  —                  —                  —                  —                  —                  —      1
query full | circuit                           conditional                               —                  —                  —                  —                  —                  —                  —                  —      1
query full | known_law_oracle                  unblocked                                 —                  —                  —                  —                  —                  —                  —                  —      1
query full | known_law_oracle                  mixture                                   —                  —                  —                  —                  —                  —                  —                  —      1
query full | known_law_oracle                  blocked                                   —                  —                  —                  —                  —                  —                  —                  —      1
query full | known_law_oracle                  upper_capacity                            —                  —                  —                  —                  —                  —                  —                  —      1
query full | known_law_oracle                  conditional                               —                  —                  —                  —                  —                  —                  —                  —      1
query random1:0 | circuit                      unblocked                                 —                  —                  —                  —                  —                  —                  —                  —      1
query random1:0 | circuit                      mixture                                   —                  —                  —                  —                  —                  —                  —                  —      1
query random1:0 | circuit                      blocked                                   —                  —                  —                  —                  —                  —                  —                  —      1
query random1:0 | circuit                      upper_capacity                            —                  —                  —                  —                  —                  —                  —                  —      1
query random1:0 | circuit                      conditional                               —                  —                  —                  —                  —                  —                  —                  —      1
query random1:0 | known_law_oracle             unblocked                                 —                  —                  —                  —                  —                  —                  —                  —      1
query random1:0 | known_law_oracle             mixture                                   —                  —                  —                  —                  —                  —                  —                  —      1
query random1:0 | known_law_oracle             blocked                                   —                  —                  —                  —                  —                  —                  —                  —      1
query random1:0 | known_law_oracle             upper_capacity                            —                  —                  —                  —                  —                  —                  —                  —      1
query random1:0 | known_law_oracle             conditional                               —                  —                  —                  —                  —                  —                  —                  —      1
query single_sensor_0 | circuit                unblocked                                 —                  —                  —                  —                  —                  —                  —                  —      1
query single_sensor_0 | circuit                mixture                                   —                  —                  —                  —                  —                  —                  —                  —      1
query single_sensor_0 | circuit                blocked                                   —                  —                  —                  —                  —                  —                  —                  —      1
query single_sensor_0 | circuit                upper_capacity                            —                  —                  —                  —                  —                  —                  —                  —      1
query single_sensor_0 | circuit                conditional                               —                  —                  —                  —                  —                  —                  —                  —      1
query single_sensor_0 | known_law_oracle       unblocked                                 —                  —                  —                  —                  —                  —                  —                  —      1
query single_sensor_0 | known_law_oracle       mixture                                   —                  —                  —                  —                  —                  —                  —                  —      1
query single_sensor_0 | known_law_oracle       blocked                                   —                  —                  —                  —                  —                  —                  —                  —      1
query single_sensor_0 | known_law_oracle       upper_capacity                            —                  —                  —                  —                  —                  —                  —                  —      1
query single_sensor_0 | known_law_oracle       conditional                               —                  —                  —                  —                  —                  —                  —                  —      1
relational_max | bank0:0 | circuit             unblocked                     0.5000±0.0000      0.1000±0.0000      0.5000±0.0000      0.5000±0.0000                  —                  —     20.0000±0.0000                  —      1
relational_max | bank0:0 | circuit             mixture                       0.5000±0.0000      0.1000±0.0000      0.5000±0.0000      0.5000±0.0000                  —                  —     20.0000±0.0000                  —      1
relational_max | bank0:0 | circuit             blocked                       0.5000±0.0000      0.1000±0.0000      0.5000±0.0000      0.5000±0.0000                  —                  —     20.0000±0.0000                  —      1
relational_max | bank0:0 | circuit             upper_capacity                0.5000±0.0000      0.1000±0.0000      0.5000±0.0000      0.5000±0.0000                  —                  —     20.0000±0.0000                  —      1
relational_max | bank0:0 | circuit             conditional                   0.5000±0.0000      0.1000±0.0000      0.5000±0.0000      0.5000±0.0000                  —                  —     20.0000±0.0000                  —      1
relational_max | bank0:0 | known_law_oracle    unblocked                     0.5000±0.0000      0.1000±0.0000      0.5000±0.0000      0.5000±0.0000                  —                  —     20.0000±0.0000                  —      1
relational_max | bank0:0 | known_law_oracle    mixture                       0.5000±0.0000      0.1000±0.0000      0.5000±0.0000      0.5000±0.0000                  —                  —     20.0000±0.0000                  —      1
relational_max | bank0:0 | known_law_oracle    blocked                       0.5000±0.0000      0.1000±0.0000      0.5000±0.0000      0.5000±0.0000                  —                  —     20.0000±0.0000                  —      1
relational_max | bank0:0 | known_law_oracle    upper_capacity                0.5000±0.0000      0.1000±0.0000      0.5000±0.0000      0.5000±0.0000                  —                  —     20.0000±0.0000                  —      1
relational_max | bank0:0 | known_law_oracle    conditional                   0.5000±0.0000      0.1000±0.0000      0.5000±0.0000      0.5000±0.0000                  —                  —     20.0000±0.0000                  —      1
relational_max | full | circuit                unblocked                     0.6225±0.0000      0.1000±0.0000      0.7069±0.0000      0.6225±0.0000                  —                  —     20.0000±0.0000                  —      1
relational_max | full | circuit                mixture                       0.5225±0.0000      0.1000±0.0000      0.5630±0.0000      0.5225±0.0000                  —                  —     20.0000±0.0000                  —      1
relational_max | full | circuit                blocked                       0.4138±0.0000      0.1000±0.0000      0.4562±0.0000      0.4138±0.0000                  —                  —     20.0000±0.0000                  —      1
relational_max | full | circuit                upper_capacity                0.2913±0.0000      0.1000±0.0000      0.3988±0.0000      0.2913±0.0000                  —                  —     20.0000±0.0000                  —      1
relational_max | full | circuit                conditional                   0.4650±0.0000      0.1000±0.0000      0.4970±0.0000      0.4650±0.0000                  —                  —     20.0000±0.0000                  —      1
relational_max | full | known_law_oracle       unblocked                     0.7975±0.0000      0.1000±0.0000      0.8554±0.0000      0.7975±0.0000                  —                  —     20.0000±0.0000                  —      1
relational_max | full | known_law_oracle       mixture                       0.7975±0.0000      0.1000±0.0000      0.8554±0.0000      0.7975±0.0000                  —                  —     20.0000±0.0000                  —      1
relational_max | full | known_law_oracle       blocked                       0.7975±0.0000      0.1000±0.0000      0.8554±0.0000      0.7975±0.0000                  —                  —     20.0000±0.0000                  —      1
relational_max | full | known_law_oracle       upper_capacity                0.7975±0.0000      0.1000±0.0000      0.8554±0.0000      0.7975±0.0000                  —                  —     20.0000±0.0000                  —      1
relational_max | full | known_law_oracle       conditional                   0.7975±0.0000      0.1000±0.0000      0.8554±0.0000      0.7975±0.0000                  —                  —     20.0000±0.0000                  —      1
relational_max | random1:0 | circuit           unblocked                     0.5000±0.0000      0.1000±0.0000      0.5000±0.0000      0.5000±0.0000                  —                  —     20.0000±0.0000                  —      1
relational_max | random1:0 | circuit           mixture                       0.5000±0.0000      0.1000±0.0000      0.5000±0.0000      0.5000±0.0000                  —                  —     20.0000±0.0000                  —      1
relational_max | random1:0 | circuit           blocked                       0.5000±0.0000      0.1000±0.0000      0.5000±0.0000      0.5000±0.0000                  —                  —     20.0000±0.0000                  —      1
relational_max | random1:0 | circuit           upper_capacity                0.5000±0.0000      0.1000±0.0000      0.5000±0.0000      0.5000±0.0000                  —                  —     20.0000±0.0000                  —      1
relational_max | random1:0 | circuit           conditional                   0.5000±0.0000      0.1000±0.0000      0.5000±0.0000      0.5000±0.0000                  —                  —     20.0000±0.0000                  —      1
relational_max | random1:0 | known_law_oracle  unblocked                     0.5000±0.0000      0.1000±0.0000      0.5000±0.0000      0.5000±0.0000                  —                  —     20.0000±0.0000                  —      1
relational_max | random1:0 | known_law_oracle  mixture                       0.5000±0.0000      0.1000±0.0000      0.5000±0.0000      0.5000±0.0000                  —                  —     20.0000±0.0000                  —      1
relational_max | random1:0 | known_law_oracle  blocked                       0.5000±0.0000      0.1000±0.0000      0.5000±0.0000      0.5000±0.0000                  —                  —     20.0000±0.0000                  —      1
relational_max | random1:0 | known_law_oracle  upper_capacity                0.5000±0.0000      0.1000±0.0000      0.5000±0.0000      0.5000±0.0000                  —                  —     20.0000±0.0000                  —      1
relational_max | random1:0 | known_law_oracle  conditional                   0.5000±0.0000      0.1000±0.0000      0.5000±0.0000      0.5000±0.0000                  —                  —     20.0000±0.0000                  —      1
relational_max | single_sensor_0 | circuit     unblocked                     0.5000±0.0000      0.1000±0.0000      0.5000±0.0000      0.5000±0.0000                  —                  —     20.0000±0.0000                  —      1
relational_max | single_sensor_0 | circuit     mixture                       0.5000±0.0000      0.1000±0.0000      0.5000±0.0000      0.5000±0.0000                  —                  —     20.0000±0.0000                  —      1
relational_max | single_sensor_0 | circuit     blocked                       0.5000±0.0000      0.1000±0.0000      0.5000±0.0000      0.5000±0.0000                  —                  —     20.0000±0.0000                  —      1
relational_max | single_sensor_0 | circuit     upper_capacity                0.5000±0.0000      0.1000±0.0000      0.5000±0.0000      0.5000±0.0000                  —                  —     20.0000±0.0000                  —      1
relational_max | single_sensor_0 | circuit     conditional                   0.5000±0.0000      0.1000±0.0000      0.5000±0.0000      0.5000±0.0000                  —                  —     20.0000±0.0000                  —      1
relational_max | single_sensor_0 | known_law_oracle unblocked                     0.5000±0.0000      0.1000±0.0000      0.5000±0.0000      0.5000±0.0000                  —                  —     20.0000±0.0000                  —      1
relational_max | single_sensor_0 | known_law_oracle mixture                       0.5000±0.0000      0.1000±0.0000      0.5000±0.0000      0.5000±0.0000                  —                  —     20.0000±0.0000                  —      1
relational_max | single_sensor_0 | known_law_oracle blocked                       0.5000±0.0000      0.1000±0.0000      0.5000±0.0000      0.5000±0.0000                  —                  —     20.0000±0.0000                  —      1
relational_max | single_sensor_0 | known_law_oracle upper_capacity                0.5000±0.0000      0.1000±0.0000      0.5000±0.0000      0.5000±0.0000                  —                  —     20.0000±0.0000                  —      1
relational_max | single_sensor_0 | known_law_oracle conditional                   0.5000±0.0000      0.1000±0.0000      0.5000±0.0000      0.5000±0.0000                  —                  —     20.0000±0.0000                  —      1
shortcut audit                                 unblocked                                 —                  —                  —                  —                  —                  —                  —                  —      1
shortcut audit                                 mixture                                   —                  —                  —                  —                  —                  —                  —                  —      1
shortcut audit                                 blocked                                   —                  —                  —                  —                  —                  —                  —                  —      1
shortcut audit                                 upper_capacity                            —                  —                  —                  —                  —                  —                  —                  —      1
shortcut audit                                 conditional                               —                  —                  —                  —                  —                  —                  —                  —      1

wrote logs/ts/ws/diagnosis_smoke/summary.csv, summary.json, summary.md

