[16:03:47] === run start · seed21 · seed 21 · hash e84370a44607 ===
[16:03:47] stages ['diagnosis'] · device cuda · dataset cmapss:FD001
[16:03:47] --- stage: diagnosis ---
[16:03:47]   data: FleetPair(cmapss:FD001: train=100 units, test=100 units, C=15, regimes=1, cap=125)  (0.1s)
[16:03:47]   task: {'kind': 'ad', 'n_train': 3559, 'n_val': 1731, 'n_test': 4639, 'd': 300, 'window': 20, 'n_channels': 15, 'anomaly_rate': 0.12200905382633209, 'kind_counts': {'normal': 4073, 'desync': 134, 'spike': 79, 'decouple': 120, 'drift': 98, 'offset': 83, 'organic': 52}, 'train_units': 100, 'val_units': 30, 'test_units': 100, 'n_val_windows': 1731, 'n_regimes': 1, 'seed': 21, 'per_regime_norm': False, 'official_test_fleet': True, 'dataset': 'cmapss:FD001', 'cap': 125.0, 'subset': 'FD001', 'dropped_constant_sensors': 6, 'source': 'NASA C-MAPSS (real)', 'source_name': 'cmapss', 'source_kind': 'fleet'}
[16:03:47]   caveat: Ships no anomaly annotations: detection anomalies are injected.
    [pc] epoch   0  nll  506.510  val  301.850
    [pc] epoch  75  nll   47.307  val   46.209
    fit chow_liu K=8: 125/600 (21%) · 4.16 it/s · elapsed 00:30 · ETA 01:54
    [pc] epoch 150  nll   38.204  val   38.964
    [pc] epoch 225  nll   38.785  val   37.344
    fit chow_liu K=8: 250/600 (42%) · 4.16 it/s · elapsed 01:00 · ETA 01:24
    [pc] epoch 300  nll   30.018  val   30.853
    fit chow_liu K=8: 375/600 (62%) · 4.16 it/s · elapsed 01:30 · ETA 00:54
    [pc] epoch 375  nll   29.098  val   29.750
    [pc] epoch 450  nll   27.018  val   26.106
    fit chow_liu K=8: 500/600 (83%) · 4.16 it/s · elapsed 02:00 · ETA 00:24
    [pc] epoch 525  nll   23.677  val   24.805
    fit chow_liu K=8: done 600/600 in 02:24
    [pc] restored epoch 572 (selected by nll; val nll 23.332, last 23.710)
    [pc] epoch   0  nll  508.120  val  302.853
    [pc] epoch  75  nll   49.134  val   47.285
    [pc] restart 1 abandoned at epoch 99 (42.708 vs 23.332 best so far)
    [pc] restored epoch 91 (selected by nll; val nll 42.708, last 45.007)
    [pc] epoch   0  nll  506.201  val  300.710
    [pc] epoch  75  nll   47.892  val   48.550
    [pc] restart 2 abandoned at epoch 99 (44.673 vs 23.332 best so far)
    [pc] restored epoch 83 (selected by nll; val nll 44.673, last 48.647)
    [pc] epoch   0  nll  509.106  val  300.194
    [pc] epoch  75  nll   47.472  val   46.726
    [pc] restart 3 abandoned at epoch 99 (43.486 vs 23.332 best so far)
    [pc] restored epoch 98 (selected by nll; val nll 43.486, last 43.920)
    [pc] restart 0 of 4 selected by nll (checkpoint losses: 23.332 42.708 44.673 43.486)
[16:07:33]   pc_train_nll: first=506.5101 last=22.4898 (600 epochs)
[16:07:33]   pc_train_objective: first=506.5101 last=22.4898 (600 epochs)
[16:07:33]   pc_selection_loss: first=301.8500 last=23.7104 (600 epochs)
[16:07:33]   pc_val_nll: first=301.8500 last=23.7104 (600 epochs)
[16:07:33]   pc: fit 226.0s · 195,840 params · score sd 19.148 · device cuda · layered · 9,448 win/s
[16:07:33]   pc: restart 0 (init seed 21) checkpoint 23.332 at epoch 572 of 600 run
[16:07:33]   pc: restart 1 (init seed 7940) checkpoint 42.708 at epoch 91 of 100 run · abandoned
[16:07:33]   pc: restart 2 (init seed 15859) checkpoint 44.673 at epoch 83 of 100 run · abandoned
[16:07:33]   pc: restart 3 (init seed 23778) checkpoint 43.486 at epoch 98 of 100 run · abandoned
[16:07:33]   pc: selected restart 0 of 4
[16:07:33]   pc: validation on 535 windows from explicit subset of held-out units · best epoch 572 of 600 · val nll 23.332
[16:07:34]   shortcut audit: target-channel-only AUROC 0.547 (0.5 = no marginal shortcut)
[16:07:34]   baseline gaussian_fitted: fit 0.19s · 45,450 params · selection {'shrinkage': 0.01}
[16:07:35]   detection comparators: ['mahalanobis_refit', 'mahalanobis_impute', 'gmm_refit', 'gmm_impute', 'knn_refit', 'knn_impute']
[16:07:35]   diagnosis: full (15.0 observed on average), 680 paired windows, 2 method(s)
[16:07:40]   diagnosis: random1:1 (14.0 observed on average), 680 paired windows, 2 method(s)
[16:07:44]   diagnosis: random3:5-8-14 (12.0 observed on average), 680 paired windows, 2 method(s)
[16:07:50]   diagnosis: random7:3-4-8-10-11-12-14 (8.0 observed on average), 680 paired windows, 2 method(s)
[16:07:53]   diagnosis: bank0:0-1-2-4-5-7-8 (8.0 observed on average), 680 paired windows, 2 method(s)
[16:07:57]   diagnosis: bank1:3 (14.0 observed on average), 680 paired windows, 2 method(s)
[16:08:02]   diagnosis: bank2:6-10 (13.0 observed on average), 680 paired windows, 2 method(s)
[16:08:07]   diagnosis: single_sensor_0 (1.0 observed on average), 680 paired windows, 2 method(s)
[16:08:08]   Diagnosis completed on validation engines only; no confirmatory PASS/FAIL inferred.
[16:08:09] --- stage diagnosis done in 261.7s ---
[16:08:09] === run ok · 261.7s · peak RSS 2.515 GB ===
