[17:10:09] === run start · seed4 · seed 4 · hash bd51ab870014 ===
[17:10:09] stages ['ad'] · device cuda · dataset synthetic
[17:10:09] --- stage: ad ---
[17:10:09]   data: FleetPair(synthetic: train=60 units, C=14, regimes=3, cap=130)  (0.1s)
[17:10:09]   task: {'kind': 'ad', 'n_train': 1885, 'n_test': 1614, 'd': 112, 'window': 8, 'n_channels': 14, 'anomaly_rate': 0.21933086216449738, 'kind_counts': {'normal': 1260, 'decouple': 42, 'spike': 43, 'desync': 38, 'offset': 32, 'drift': 28, 'organic': 171}, 'train_units': 36, 'test_units': 24, 'n_regimes': 3, 'seed': 4, 'dataset': 'synthetic', 'cap': 130.0, 'source': 'synthetic simulator', 'units': 60}
    [pc] epoch   0  nll  166.000
    [pc] epoch   5  nll   48.424
    [pc] epoch  10  nll   32.792
    [pc] epoch  15  nll   30.564
    [pc] epoch  20  nll   29.866
    [pc] epoch  25  nll   29.667
    [pc] epoch  30  nll   29.468
    [pc] epoch  35  nll   29.447
[17:12:18]   pc_train_nll: first=165.9997 last=29.3936 (40 epochs)
[17:12:18]   pc: fit 129.5s · 2,964 params · score sd 17.675 · device cuda
[17:12:34]   typed decomposition (mean worst-channel surprise):
[17:12:34]        normal  n= 1260  marginal    11.76  conditional    12.58  structural     3.76
[17:12:34]      decouple  n=   42  marginal    13.00  conditional    50.39  structural    40.40
[17:12:34]        desync  n=   38  marginal    11.50  conditional   124.22  structural   121.03
[17:12:34]         drift  n=   28  marginal    62.31  conditional   113.38  structural    68.62
[17:12:34]        offset  n=   32  marginal    54.79  conditional   161.67  structural   125.20
[17:12:34]       organic  n=  171  marginal    80.54  conditional   100.18  structural    56.51
[17:12:34]         spike  n=   43  marginal    52.53  conditional   115.29  structural    68.00
[17:12:35] --- stage ad done in 146.0s ---
[17:12:35] === run ok · 146.0s · peak RSS 1.499 GB ===
