[12:17:24] === run start · seed1 · seed 1 · hash 89804b0f0ed6 ===
[12:17:24] stages ['calibration'] · device cuda · dataset cmapss:FD001
[12:17:24] --- stage: calibration ---
[12:17:24]   data: FleetPair(cmapss:FD001: train=100 units, test=100 units, C=15, regimes=3, cap=125)  (0.1s)
[12:17:24]   task: {'kind': 'rul', 'n_train': 8295, 'n_test': 5625, 'd': 300, 'window': 20, 'n_channels': 15, 'n_bins': 25, 'cap': 125.0, 'censored_frac': 0.2788426876068115, 'train_units': 100, 'test_units': 100, 'censored_units': 38, 'n_regimes': 3, 'seed': 1, 'per_regime_norm': True, 'test_windows': 'all', 'official_test_fleet': True, 'dataset': 'cmapss:FD001', 'subset': 'FD001', 'dropped_constant_sensors': 6, 'source': 'NASA C-MAPSS (real)'}
[12:17:24]   conformal split: 5748 fit windows / 1879 calibration windows (100 units total)
    [surv] epoch   0  censored-NLL 26757.325
    [surv] epoch   7  censored-NLL  209.576
    [surv] epoch  14  censored-NLL  198.255
[12:37:45] === run start · seed1 · seed 1 · hash 89804b0f0ed6 ===
[12:37:45] stages ['calibration'] · device cuda · dataset cmapss:FD001
[12:37:45] --- stage: calibration ---
[12:37:45]   data: FleetPair(cmapss:FD001: train=100 units, test=100 units, C=15, regimes=3, cap=125)  (0.6s)
[12:37:45]   task: {'kind': 'rul', 'n_train': 8295, 'n_test': 5625, 'd': 300, 'window': 20, 'n_channels': 15, 'n_bins': 25, 'cap': 125.0, 'censored_frac': 0.2788426876068115, 'train_units': 100, 'test_units': 100, 'censored_units': 38, 'n_regimes': 3, 'seed': 1, 'per_regime_norm': True, 'test_windows': 'all', 'official_test_fleet': True, 'dataset': 'cmapss:FD001', 'subset': 'FD001', 'dropped_constant_sensors': 6, 'source': 'NASA C-MAPSS (real)'}
[12:37:45]   conformal split: 5748 fit windows / 1879 calibration windows (100 units total)
    [surv] epoch   0  censored-NLL 26766.685
    [surv] epoch   7  censored-NLL  202.036
    [surv] epoch  14  censored-NLL  198.558
    [surv] epoch  21  censored-NLL  199.256
    [surv] epoch  28  censored-NLL  195.960
    [surv] epoch  35  censored-NLL  195.074
    [surv] epoch  42  censored-NLL  194.692
    [surv] epoch  49  censored-NLL  194.187
    [surv] epoch  56  censored-NLL  194.178
[13:13:18]   surv_conformal_nll: first=26766.6851 last=193.9788 (60 epochs)
[13:13:18]   surv_conformal: fit 2132.4s · 43,356 params
[13:15:08]   conformal[cqr]: PICP 0.951 (nominal 0.90), MPIW 55.4 (raw PICP 0.372, MPIW 50.4)
[13:16:12]   conformal[pit]: PICP 0.390 (nominal 0.90), MPIW 57.0 (raw PICP 0.372, MPIW 50.4)
[13:16:13] --- stage calibration done in 2308.4s ---
[13:16:13] === run ok · 2308.5s · peak RSS 2.028 GB ===
