[16:00:27] === run start · seed2 · seed 2 · hash 4f8c7906d8d8 ===
[16:00:27] stages ['ad'] · device cuda · dataset cmapss:FD001
[16:00:27] --- stage: ad ---
[16:00:27]   data: FleetPair(cmapss:FD001: train=100 units, test=100 units, C=15, regimes=3, cap=125)  (0.1s)
[16:00:27]   task: {'kind': 'ad', 'n_train': 5290, 'n_test': 4608, 'd': 300, 'window': 20, 'n_channels': 15, 'anomaly_rate': 0.1265190988779068, 'kind_counts': {'normal': 4025, 'offset': 105, 'drift': 102, 'spike': 111, 'decouple': 94, 'desync': 125, 'organic': 46}, 'train_units': 100, 'test_units': 100, 'n_regimes': 3, 'seed': 2, 'per_regime_norm': True, 'official_test_fleet': True, 'dataset': 'cmapss:FD001', 'cap': 125.0, 'subset': 'FD001', 'dropped_constant_sensors': 6, 'source': 'NASA C-MAPSS (real)'}
    [pc] epoch   0  nll 12339.396
    [pc] epoch   6  nll  181.566
    [pc] epoch  12  nll  144.779
    [pc] epoch  18  nll  131.536
    [pc] epoch  24  nll  119.245
    [pc] epoch  30  nll  114.245
    [pc] epoch  36  nll  114.854
    [pc] epoch  42  nll  106.781
    [pc] epoch  48  nll   97.317
[16:00:45]   pc_train_nll: first=12339.3960 last=94.7899 (50 epochs)
[16:00:45]   pc: fit 17.3s · 157,440 params · score sd 17.632 · device cuda · layered · 15,265 win/s
[16:00:48]   typed decomposition (mean worst-channel surprise):
[16:00:48]        normal  n= 4025  marginal    23.34  conditional    22.60  structural     0.77
[16:00:48]      decouple  n=   94  marginal    23.02  conditional    22.28  structural     0.66
[16:00:48]        desync  n=  125  marginal    23.10  conditional    23.55  structural     4.06
[16:00:48]         drift  n=  102  marginal   393.60  conditional   395.50  structural     6.17
[16:00:48]        offset  n=  105  marginal   305.59  conditional   307.21  structural     6.68
[16:00:48]       organic  n=   46  marginal   115.70  conditional   115.06  structural     1.78
[16:00:48]         spike  n=  111  marginal    63.54  conditional    63.12  structural     1.02
[16:00:48] --- stage ad done in 20.6s ---
[16:00:48] === run ok · 20.6s · peak RSS 1.735 GB ===
[15:12:39] === run start · seed2 · seed 2 · hash 08140c9fdd25 ===
[15:12:39] stages ['ad'] · device cuda · dataset cmapss:FD001
[15:12:39] --- stage: ad ---
[15:12:39]   data: FleetPair(cmapss:FD001: train=100 units, test=100 units, C=15, regimes=1, cap=125)  (0.1s)
[15:12:39]   task: {'kind': 'ad', 'n_train': 5290, 'n_test': 4608, 'd': 300, 'window': 20, 'n_channels': 15, 'anomaly_rate': 0.1265190988779068, 'kind_counts': {'normal': 4025, 'offset': 105, 'drift': 102, 'spike': 111, 'decouple': 94, 'desync': 125, 'organic': 46}, 'train_units': 100, 'test_units': 100, 'n_regimes': 1, 'seed': 2, 'per_regime_norm': False, 'official_test_fleet': True, 'dataset': 'cmapss:FD001', 'cap': 125.0, 'subset': 'FD001', 'dropped_constant_sensors': 6, 'source': 'NASA C-MAPSS (real)', 'source_name': 'cmapss', 'source_kind': 'fleet'}
[15:12:39]   caveat: Ships no anomaly annotations: detection anomalies are injected.
    [pc] epoch   0  nll 31919.212
    [pc] epoch   6  nll  110.571
    [pc] epoch  12  nll   79.287
    [pc] epoch  18  nll   64.341
    [pc] epoch  24  nll   50.371
    [pc] epoch  30  nll   39.072
    [pc] epoch  36  nll   37.397
    [pc] epoch  42  nll   49.689
    fit channel K=8: 48/50 (96%) · 1.58 it/s · elapsed 00:30 · ETA 00:01
    [pc] epoch  48  nll   59.094
    fit channel K=8: done 50/50 in 00:31
[15:13:17]   pc_train_nll: first=31919.2120 last=79.9265 (50 epochs)
[15:13:17]   pc: fit 37.6s · 157,440 params · score sd 18.183 · device cuda · layered · 7,040 win/s
[15:13:24]   typed decomposition (mean worst-channel surprise):
[15:13:24]        normal  n= 4025  marginal    23.27  conditional    22.54  structural     0.92
[15:13:24]      decouple  n=   94  marginal    22.92  conditional    22.16  structural     0.98
[15:13:24]        desync  n=  125  marginal    23.21  conditional    23.56  structural     3.83
[15:13:24]         drift  n=  102  marginal 150058.52  conditional 150060.41  structural     5.59
[15:13:24]        offset  n=  105  marginal 92560.35  conditional 92562.57  structural     6.56
[15:13:24]       organic  n=   46  marginal   116.05  conditional   115.21  structural     3.19
[15:13:24]         spike  n=  111  marginal 12006.58  conditional 12006.18  structural     1.10
[15:13:24] --- stage ad done in 44.9s ---
[15:13:24] === run ok · 44.9s · peak RSS 1.733 GB ===
[18:55:14] === run start · seed2 · seed 2 · hash f81c56e7a3e9 ===
[18:55:14] stages ['ad'] · device cpu · dataset cmapss:FD001
[18:55:14] --- stage: ad ---
[18:55:14]   data: FleetPair(cmapss:FD001: train=100 units, test=100 units, C=15, regimes=1, cap=125)  (0.1s)
[18:55:14]   task: {'kind': 'ad', 'n_train': 5290, 'n_test': 4608, 'd': 300, 'window': 20, 'n_channels': 15, 'anomaly_rate': 0.1265190988779068, 'kind_counts': {'normal': 4025, 'offset': 105, 'drift': 102, 'spike': 111, 'decouple': 94, 'desync': 125, 'organic': 46}, 'train_units': 100, 'test_units': 100, 'n_regimes': 1, 'seed': 2, 'per_regime_norm': False, 'official_test_fleet': True, 'dataset': 'cmapss:FD001', 'cap': 125.0, 'subset': 'FD001', 'dropped_constant_sensors': 6, 'source': 'NASA C-MAPSS (real)', 'source_name': 'cmapss', 'source_kind': 'fleet'}
[18:55:14]   caveat: Ships no anomaly annotations: detection anomalies are injected.
    [pc] epoch   0  nll 31726.032
    [pc] epoch   6  nll  108.851
    fit channel K=8: 7/50 (14%) · 0.22 it/s · elapsed 00:31 · ETA 03:11
    [pc] epoch  12  nll   80.971
    fit channel K=8: 14/50 (28%) · 0.22 it/s · elapsed 01:02 · ETA 02:40
    [pc] epoch  18  nll   62.324
    fit channel K=8: 21/50 (42%) · 0.22 it/s · elapsed 01:34 · ETA 02:10
    [pc] epoch  24  nll   58.609
    fit channel K=8: 28/50 (56%) · 0.22 it/s · elapsed 02:06 · ETA 01:39
    [pc] epoch  30  nll   45.877
    fit channel K=8: 35/50 (70%) · 0.22 it/s · elapsed 02:38 · ETA 01:07
    [pc] epoch  36  nll   45.375
    fit channel K=8: 42/50 (84%) · 0.22 it/s · elapsed 03:10 · ETA 00:36
    [pc] epoch  42  nll   41.905
    [pc] epoch  48  nll   45.520
    fit channel K=8: 49/50 (98%) · 0.22 it/s · elapsed 03:42 · ETA 00:04
    fit channel K=8: done 50/50 in 03:46
[18:59:03]   pc_train_nll: first=31726.0318 last=42.0995 (50 epochs)
[18:59:04]   pc: fit 228.7s · 157,440 params · score sd 17.253 · device cpu · layered · 1,157 win/s
    typed decomposition (per channel): 6/15 (40%) · 0.17 it/s · elapsed 00:34 · ETA 00:51
    typed decomposition (per channel): 12/15 (80%) · 0.17 it/s · elapsed 01:09 · ETA 00:17
    typed decomposition (per channel): done 15/15 in 01:27
[19:00:34]   typed decomposition (mean worst-channel surprise):
[19:00:34]        normal  n= 4025  marginal    23.27  conditional    22.57  structural     0.93
[19:00:34]      decouple  n=   94  marginal    22.94  conditional    22.16  structural     0.73
[19:00:34]        desync  n=  125  marginal    23.17  conditional    23.44  structural     3.85
[19:00:34]         drift  n=  102  marginal 146777.86  conditional 146780.08  structural     5.45
[19:00:34]        offset  n=  105  marginal 90858.70  conditional 90861.18  structural     6.34
[19:00:34]       organic  n=   46  marginal   115.10  conditional   114.41  structural     2.79
[19:00:34]         spike  n=  111  marginal 11933.40  conditional 11933.05  structural     1.02
[19:00:34] --- stage ad done in 319.9s ---
[19:00:34] === run ok · 319.9s · peak RSS 1.591 GB ===
