[16:44:46] === run start · seed13 · seed 13 · hash 368c0c50bcb7 ===
[16:44:46] stages ['diagnosis'] · device cuda · dataset cmapss:FD001
[16:44:46] --- stage: diagnosis ---
[16:44:46]   data: FleetPair(cmapss:FD001: train=100 units, test=100 units, C=15, regimes=1, cap=125)  (0.1s)
[16:44:46]   task: {'kind': 'ad', 'n_train': 3882, 'n_val': 1408, 'n_test': 4639, 'd': 300, 'window': 20, 'n_channels': 15, 'anomaly_rate': 0.12976934015750885, 'kind_counts': {'normal': 4037, 'offset': 120, 'drift': 97, 'desync': 107, 'spike': 129, 'decouple': 97, 'organic': 52}, 'train_units': 100, 'val_units': 30, 'test_units': 100, 'n_val_windows': 1408, 'n_regimes': 1, 'seed': 13, 'per_regime_norm': False, 'official_test_fleet': True, 'dataset': 'cmapss:FD001', 'cap': 125.0, 'subset': 'FD001', 'dropped_constant_sensors': 6, 'source': 'NASA C-MAPSS (real)', 'source_name': 'cmapss', 'source_kind': 'fleet'}
[16:44:46]   caveat: Ships no anomaly annotations: detection anomalies are injected.
    [pc] epoch   0  nll  357.070  val  291.285
    [pc] epoch  22  nll  105.280  val  106.452
    [pc] epoch  44  nll   84.363  val   86.429
    [pc] epoch  66  nll   77.241  val   79.898
    [pc] epoch  88  nll   72.509  val   75.548
    [pc] epoch 110  nll   60.202  val   63.280
    fit random K=8: 131/180 (73%) · 4.36 it/s · elapsed 00:30 · ETA 00:11
    [pc] epoch 132  nll   55.059  val   60.146
    [pc] epoch 154  nll   51.782  val   56.780
    [pc] epoch 176  nll   49.799  val   55.543
    fit random K=8: done 180/180 in 00:41
[16:45:30]   pc_train_nll: first=357.0703 last=49.4946 (180 epochs)
[16:45:30]   pc_train_objective: first=357.0703 last=49.4946 (180 epochs)
[16:45:30]   pc_selection_loss: first=291.2855 last=55.3713 (180 epochs)
[16:45:30]   pc_val_nll: first=291.2855 last=55.3713 (180 epochs)
[16:45:30]   pc: fit 43.5s · 174,240 params · score sd 25.187 · device cuda · layered · 16,075 win/s
[16:45:30]   pc: validation on 496 windows from explicit subset of held-out units · best epoch 179 of 180 · val nll 55.371
[16:45:31]   shortcut audit: target-channel-only AUROC 0.569 (0.5 = no marginal shortcut)
[16:45:31]   diagnosis: full (15.0 observed on average), 844 paired windows, 1 method(s)
[16:45:32]   diagnosis: random1:1 (14.0 observed on average), 844 paired windows, 1 method(s)
[16:45:33]   diagnosis: random3:5-8-14 (12.0 observed on average), 844 paired windows, 1 method(s)
[16:45:34]   diagnosis: random7:3-4-8-10-11-12-14 (8.0 observed on average), 844 paired windows, 1 method(s)
[16:45:35]   diagnosis: bank0:0-1-2-4-5-7-8 (8.0 observed on average), 844 paired windows, 1 method(s)
[16:45:35]   diagnosis: bank1:3 (14.0 observed on average), 844 paired windows, 1 method(s)
[16:45:37]   diagnosis: bank2:6-10 (13.0 observed on average), 844 paired windows, 1 method(s)
[16:45:37]   diagnosis: single_sensor_0 (1.0 observed on average), 844 paired windows, 1 method(s)
[16:45:38]   Diagnosis completed on validation engines only; no confirmatory PASS/FAIL inferred.
[16:45:38] --- stage diagnosis done in 51.8s ---
[16:45:38] === run ok · 51.9s · peak RSS 1.879 GB ===
